[5.801s] Invoking command in '/home/adela/TFM_AdelaJimenez/workspace/ros_ur_driver/src/build_platform': PYTHONPATH=/home/adela/TFM_AdelaJimenez/build/build_platform/prefix_override:/home/adela/TFM_AdelaJimenez/install/build_platform/lib/python3.10/site-packages:${PYTHONPATH} /usr/bin/python3 -W ignore:setup.py install is deprecated setup.py egg_info --egg-base ../../../../build/build_platform build --build-base /home/adela/TFM_AdelaJimenez/build/build_platform/build install --record /home/adela/TFM_AdelaJimenez/build/build_platform/install.log --single-version-externally-managed install_data
[8.728s] running egg_info
[8.751s] writing ../../../../build/build_platform/build_platform.egg-info/PKG-INFO
[8.757s] writing dependency_links to ../../../../build/build_platform/build_platform.egg-info/dependency_links.txt
[8.757s] writing entry points to ../../../../build/build_platform/build_platform.egg-info/entry_points.txt
[8.760s] writing requirements to ../../../../build/build_platform/build_platform.egg-info/requires.txt
[8.764s] writing top-level names to ../../../../build/build_platform/build_platform.egg-info/top_level.txt
[8.790s] reading manifest file '../../../../build/build_platform/build_platform.egg-info/SOURCES.txt'
[8.799s] writing manifest file '../../../../build/build_platform/build_platform.egg-info/SOURCES.txt'
[8.799s] running build
[8.800s] running build_py
[8.801s] running install
[8.806s] running install_lib
[8.822s] running install_data
[8.822s] running install_egg_info
[8.841s] removing '/home/adela/TFM_AdelaJimenez/install/build_platform/lib/python3.10/site-packages/build_platform-0.0.0-py3.10.egg-info' (and everything under it)
[8.841s] Copying ../../../../build/build_platform/build_platform.egg-info to /home/adela/TFM_AdelaJimenez/install/build_platform/lib/python3.10/site-packages/build_platform-0.0.0-py3.10.egg-info
[8.863s] running install_scripts
[9.045s] Installing arduino_communicator_v2 script to /home/adela/TFM_AdelaJimenez/install/build_platform/lib/build_platform
[9.059s] Installing messages script to /home/adela/TFM_AdelaJimenez/install/build_platform/lib/build_platform
[9.060s] Installing serial_reader_v2 script to /home/adela/TFM_AdelaJimenez/install/build_platform/lib/build_platform
[9.060s] writing list of installed files to '/home/adela/TFM_AdelaJimenez/build/build_platform/install.log'
[9.213s] Invoked command in '/home/adela/TFM_AdelaJimenez/workspace/ros_ur_driver/src/build_platform' returned '0': PYTHONPATH=/home/adela/TFM_AdelaJimenez/build/build_platform/prefix_override:/home/adela/TFM_AdelaJimenez/install/build_platform/lib/python3.10/site-packages:${PYTHONPATH} /usr/bin/python3 -W ignore:setup.py install is deprecated setup.py egg_info --egg-base ../../../../build/build_platform build --build-base /home/adela/TFM_AdelaJimenez/build/build_platform/build install --record /home/adela/TFM_AdelaJimenez/build/build_platform/install.log --single-version-externally-managed install_data
