running egg_info
creating ../../../../build/conversion_datos/conversion_datos.egg-info
writing ../../../../build/conversion_datos/conversion_datos.egg-info/PKG-INFO
writing dependency_links to ../../../../build/conversion_datos/conversion_datos.egg-info/dependency_links.txt
writing entry points to ../../../../build/conversion_datos/conversion_datos.egg-info/entry_points.txt
writing requirements to ../../../../build/conversion_datos/conversion_datos.egg-info/requires.txt
writing top-level names to ../../../../build/conversion_datos/conversion_datos.egg-info/top_level.txt
writing manifest file '../../../../build/conversion_datos/conversion_datos.egg-info/SOURCES.txt'
reading manifest file '../../../../build/conversion_datos/conversion_datos.egg-info/SOURCES.txt'
writing manifest file '../../../../build/conversion_datos/conversion_datos.egg-info/SOURCES.txt'
running build
running install
running install_data
creating /home/adela/TFM_AdelaJimenez/install/conversion_datos/share/ament_index
creating /home/adela/TFM_AdelaJimenez/install/conversion_datos/share/ament_index/resource_index
creating /home/adela/TFM_AdelaJimenez/install/conversion_datos/share/ament_index/resource_index/packages
copying resource/conversion_datos -> /home/adela/TFM_AdelaJimenez/install/conversion_datos/share/ament_index/resource_index/packages
copying package.xml -> /home/adela/TFM_AdelaJimenez/install/conversion_datos/share/conversion_datos
running install_egg_info
Copying ../../../../build/conversion_datos/conversion_datos.egg-info to /home/adela/TFM_AdelaJimenez/install/conversion_datos/lib/python3.10/site-packages/conversion_datos-0.0.0-py3.10.egg-info
running install_scripts
Installing convertir_en_articulares script to /home/adela/TFM_AdelaJimenez/install/conversion_datos/lib/conversion_datos
Installing convertir_en_gcode script to /home/adela/TFM_AdelaJimenez/install/conversion_datos/lib/conversion_datos
writing list of installed files to '/home/adela/TFM_AdelaJimenez/build/conversion_datos/install.log'
