[4.962s] Invoking command in '/home/adela/TFM_AdelaJimenez/workspace/ros_ur_driver/src/conversion_datos': PYTHONPATH=/home/adela/TFM_AdelaJimenez/build/conversion_datos/prefix_override:/home/adela/TFM_AdelaJimenez/install/conversion_datos/lib/python3.10/site-packages:${PYTHONPATH} /usr/bin/python3 -W ignore:setup.py install is deprecated setup.py egg_info --egg-base ../../../../build/conversion_datos build --build-base /home/adela/TFM_AdelaJimenez/build/conversion_datos/build install --record /home/adela/TFM_AdelaJimenez/build/conversion_datos/install.log --single-version-externally-managed install_data
[6.484s] running egg_info
[6.484s] creating ../../../../build/conversion_datos/conversion_datos.egg-info
[6.484s] writing ../../../../build/conversion_datos/conversion_datos.egg-info/PKG-INFO
[6.484s] writing dependency_links to ../../../../build/conversion_datos/conversion_datos.egg-info/dependency_links.txt
[6.485s] writing entry points to ../../../../build/conversion_datos/conversion_datos.egg-info/entry_points.txt
[6.485s] writing requirements to ../../../../build/conversion_datos/conversion_datos.egg-info/requires.txt
[6.485s] writing top-level names to ../../../../build/conversion_datos/conversion_datos.egg-info/top_level.txt
[6.485s] writing manifest file '../../../../build/conversion_datos/conversion_datos.egg-info/SOURCES.txt'
[6.485s] reading manifest file '../../../../build/conversion_datos/conversion_datos.egg-info/SOURCES.txt'
[6.496s] writing manifest file '../../../../build/conversion_datos/conversion_datos.egg-info/SOURCES.txt'
[6.496s] running build
[6.496s] running install
[6.496s] running install_data
[6.503s] creating /home/adela/TFM_AdelaJimenez/install/conversion_datos/share/ament_index
[6.503s] creating /home/adela/TFM_AdelaJimenez/install/conversion_datos/share/ament_index/resource_index
[6.504s] creating /home/adela/TFM_AdelaJimenez/install/conversion_datos/share/ament_index/resource_index/packages
[6.504s] copying resource/conversion_datos -> /home/adela/TFM_AdelaJimenez/install/conversion_datos/share/ament_index/resource_index/packages
[6.504s] copying package.xml -> /home/adela/TFM_AdelaJimenez/install/conversion_datos/share/conversion_datos
[6.504s] running install_egg_info
[6.514s] Copying ../../../../build/conversion_datos/conversion_datos.egg-info to /home/adela/TFM_AdelaJimenez/install/conversion_datos/lib/python3.10/site-packages/conversion_datos-0.0.0-py3.10.egg-info
[6.514s] running install_scripts
[6.602s] Installing convertir_en_articulares script to /home/adela/TFM_AdelaJimenez/install/conversion_datos/lib/conversion_datos
[6.603s] Installing convertir_en_gcode script to /home/adela/TFM_AdelaJimenez/install/conversion_datos/lib/conversion_datos
[6.603s] writing list of installed files to '/home/adela/TFM_AdelaJimenez/build/conversion_datos/install.log'
[6.791s] Invoked command in '/home/adela/TFM_AdelaJimenez/workspace/ros_ur_driver/src/conversion_datos' returned '0': PYTHONPATH=/home/adela/TFM_AdelaJimenez/build/conversion_datos/prefix_override:/home/adela/TFM_AdelaJimenez/install/conversion_datos/lib/python3.10/site-packages:${PYTHONPATH} /usr/bin/python3 -W ignore:setup.py install is deprecated setup.py egg_info --egg-base ../../../../build/conversion_datos build --build-base /home/adela/TFM_AdelaJimenez/build/conversion_datos/build install --record /home/adela/TFM_AdelaJimenez/build/conversion_datos/install.log --single-version-externally-managed install_data
