[6.411s] Invoking command in '/home/adela/TFM_AdelaJimenez/workspace/ros_ur_driver/src/build_platform': PYTHONPATH=/home/adela/TFM_AdelaJimenez/build/build_platform/prefix_override:/home/adela/TFM_AdelaJimenez/install/build_platform/lib/python3.10/site-packages:${PYTHONPATH} /usr/bin/python3 -W ignore:setup.py install is deprecated setup.py egg_info --egg-base ../../../../build/build_platform build --build-base /home/adela/TFM_AdelaJimenez/build/build_platform/build install --record /home/adela/TFM_AdelaJimenez/build/build_platform/install.log --single-version-externally-managed install_data
[9.229s] running egg_info
[9.242s] writing ../../../../build/build_platform/build_platform.egg-info/PKG-INFO
[9.251s] writing dependency_links to ../../../../build/build_platform/build_platform.egg-info/dependency_links.txt
[9.259s] writing entry points to ../../../../build/build_platform/build_platform.egg-info/entry_points.txt
[9.263s] writing requirements to ../../../../build/build_platform/build_platform.egg-info/requires.txt
[9.269s] writing top-level names to ../../../../build/build_platform/build_platform.egg-info/top_level.txt
[9.286s] reading manifest file '../../../../build/build_platform/build_platform.egg-info/SOURCES.txt'
[9.297s] writing manifest file '../../../../build/build_platform/build_platform.egg-info/SOURCES.txt'
[9.302s] running build
[9.302s] running build_py
[9.320s] running install
[9.320s] running install_lib
[9.336s] running install_data
[9.337s] running install_egg_info
[9.358s] removing '/home/adela/TFM_AdelaJimenez/install/build_platform/lib/python3.10/site-packages/build_platform-0.0.0-py3.10.egg-info' (and everything under it)
[9.359s] Copying ../../../../build/build_platform/build_platform.egg-info to /home/adela/TFM_AdelaJimenez/install/build_platform/lib/python3.10/site-packages/build_platform-0.0.0-py3.10.egg-info
[9.400s] running install_scripts
[9.516s] Installing arduino_communicator_v2 script to /home/adela/TFM_AdelaJimenez/install/build_platform/lib/build_platform
[9.516s] Installing messages script to /home/adela/TFM_AdelaJimenez/install/build_platform/lib/build_platform
[9.516s] Installing serial_reader_v2 script to /home/adela/TFM_AdelaJimenez/install/build_platform/lib/build_platform
[9.516s] writing list of installed files to '/home/adela/TFM_AdelaJimenez/build/build_platform/install.log'
[9.653s] Invoked command in '/home/adela/TFM_AdelaJimenez/workspace/ros_ur_driver/src/build_platform' returned '0': PYTHONPATH=/home/adela/TFM_AdelaJimenez/build/build_platform/prefix_override:/home/adela/TFM_AdelaJimenez/install/build_platform/lib/python3.10/site-packages:${PYTHONPATH} /usr/bin/python3 -W ignore:setup.py install is deprecated setup.py egg_info --egg-base ../../../../build/build_platform build --build-base /home/adela/TFM_AdelaJimenez/build/build_platform/build install --record /home/adela/TFM_AdelaJimenez/build/build_platform/install.log --single-version-externally-managed install_data
