[0.136s] Invoking command in '/home/adela/TFM_AdelaJimenez/build/ur_bringup': AMENT_PREFIX_PATH=/home/adela/TFM_AdelaJimenez/install/ur_controllers:/home/adela/TFM_AdelaJimenez/install/ur_description:/home/adela/TFM_AdelaJimenez/install/ur_dashboard_msgs:${AMENT_PREFIX_PATH} CMAKE_PREFIX_PATH=/home/adela/TFM_AdelaJimenez/install/ur_controllers:/home/adela/TFM_AdelaJimenez/install/ur_description:/home/adela/TFM_AdelaJimenez/install/ur_dashboard_msgs:/home/adela/TFM_MiguelLerinAlonso/workspace/ros_ur_driver/install/ur:/home/adela/TFM_MiguelLerinAlonso/workspace/ros_ur_driver/install/ur_calibration:/home/adela/TFM_MiguelLerinAlonso/workspace/ros_ur_driver/install/ur_robot_driver:/home/adela/TFM_MiguelLerinAlonso/workspace/ros_ur_driver/install/ur_moveit_config:/home/adela/TFM_MiguelLerinAlonso/workspace/ros_ur_driver/install/ur_bringup:/home/adela/TFM_MiguelLerinAlonso/workspace/ros_ur_driver/install/ur_description:/home/adela/TFM_MiguelLerinAlonso/workspace/ros_ur_driver/install/ur_controllers:/home/adela/TFM_MiguelLerinAlonso/workspace/ros_ur_driver/install/ur_dashboard_msgs:/home/adela/workspace/ros_ur_driver/install/ur:/home/adela/workspace/ros_ur_driver/install/ur_calibration:/home/adela/workspace/ros_ur_driver/install/ur_robot_driver:/home/adela/workspace/ros_ur_driver/install/ur_moveit_config:/home/adela/workspace/ros_ur_driver/install/ur_bringup:/home/adela/workspace/ros_ur_driver/install/ur_description:/home/adela/workspace/ros_ur_driver/install/ur_controllers:/home/adela/workspace/ros_ur_driver/install/ur_dashboard_msgs:/home/adela/TFM_AdelaJimenez/workspace/ros_ur_driver/install/trayectories:/home/adela/TFM_AdelaJimenez/workspace/ros_ur_driver/install/conversion_datos:/home/adela/TFM_MiguelLerinAlonso/workspace/ros_ur_driver/install/trayectories:/home/adela/TFM_MiguelLerinAlonso/workspace/ros_ur_driver/install/rutine_launcher:/home/adela/TFM_MiguelLerinAlonso/workspace/ros_ur_driver/install/data_logger:/home/adela/TFM_MiguelLerinAlonso/workspace/ros_ur_driver/install/build_platform:/opt/ros/humble LD_LIBRARY_PATH=/home/adela/TFM_AdelaJimenez/install/ur_controllers/lib:/home/adela/TFM_AdelaJimenez/install/ur_dashboard_msgs/lib:${LD_LIBRARY_PATH} PYTHONPATH=/home/adela/TFM_AdelaJimenez/install/ur_dashboard_msgs/local/lib/python3.10/dist-packages:${PYTHONPATH} /usr/bin/cmake --build /home/adela/TFM_AdelaJimenez/build/ur_bringup -- -j2 -l2
[0.295s] Invoked command in '/home/adela/TFM_AdelaJimenez/build/ur_bringup' returned '0': AMENT_PREFIX_PATH=/home/adela/TFM_AdelaJimenez/install/ur_controllers:/home/adela/TFM_AdelaJimenez/install/ur_description:/home/adela/TFM_AdelaJimenez/install/ur_dashboard_msgs:${AMENT_PREFIX_PATH} CMAKE_PREFIX_PATH=/home/adela/TFM_AdelaJimenez/install/ur_controllers:/home/adela/TFM_AdelaJimenez/install/ur_description:/home/adela/TFM_AdelaJimenez/install/ur_dashboard_msgs:/home/adela/TFM_MiguelLerinAlonso/workspace/ros_ur_driver/install/ur:/home/adela/TFM_MiguelLerinAlonso/workspace/ros_ur_driver/install/ur_calibration:/home/adela/TFM_MiguelLerinAlonso/workspace/ros_ur_driver/install/ur_robot_driver:/home/adela/TFM_MiguelLerinAlonso/workspace/ros_ur_driver/install/ur_moveit_config:/home/adela/TFM_MiguelLerinAlonso/workspace/ros_ur_driver/install/ur_bringup:/home/adela/TFM_MiguelLerinAlonso/workspace/ros_ur_driver/install/ur_description:/home/adela/TFM_MiguelLerinAlonso/workspace/ros_ur_driver/install/ur_controllers:/home/adela/TFM_MiguelLerinAlonso/workspace/ros_ur_driver/install/ur_dashboard_msgs:/home/adela/workspace/ros_ur_driver/install/ur:/home/adela/workspace/ros_ur_driver/install/ur_calibration:/home/adela/workspace/ros_ur_driver/install/ur_robot_driver:/home/adela/workspace/ros_ur_driver/install/ur_moveit_config:/home/adela/workspace/ros_ur_driver/install/ur_bringup:/home/adela/workspace/ros_ur_driver/install/ur_description:/home/adela/workspace/ros_ur_driver/install/ur_controllers:/home/adela/workspace/ros_ur_driver/install/ur_dashboard_msgs:/home/adela/TFM_AdelaJimenez/workspace/ros_ur_driver/install/trayectories:/home/adela/TFM_AdelaJimenez/workspace/ros_ur_driver/install/conversion_datos:/home/adela/TFM_MiguelLerinAlonso/workspace/ros_ur_driver/install/trayectories:/home/adela/TFM_MiguelLerinAlonso/workspace/ros_ur_driver/install/rutine_launcher:/home/adela/TFM_MiguelLerinAlonso/workspace/ros_ur_driver/install/data_logger:/home/adela/TFM_MiguelLerinAlonso/workspace/ros_ur_driver/install/build_platform:/opt/ros/humble LD_LIBRARY_PATH=/home/adela/TFM_AdelaJimenez/install/ur_controllers/lib:/home/adela/TFM_AdelaJimenez/install/ur_dashboard_msgs/lib:${LD_LIBRARY_PATH} PYTHONPATH=/home/adela/TFM_AdelaJimenez/install/ur_dashboard_msgs/local/lib/python3.10/dist-packages:${PYTHONPATH} /usr/bin/cmake --build /home/adela/TFM_AdelaJimenez/build/ur_bringup -- -j2 -l2
[0.506s] Invoking command in '/home/adela/TFM_AdelaJimenez/build/ur_bringup': AMENT_PREFIX_PATH=/home/adela/TFM_AdelaJimenez/install/ur_controllers:/home/adela/TFM_AdelaJimenez/install/ur_description:/home/adela/TFM_AdelaJimenez/install/ur_dashboard_msgs:${AMENT_PREFIX_PATH} CMAKE_PREFIX_PATH=/home/adela/TFM_AdelaJimenez/install/ur_controllers:/home/adela/TFM_AdelaJimenez/install/ur_description:/home/adela/TFM_AdelaJimenez/install/ur_dashboard_msgs:/home/adela/TFM_MiguelLerinAlonso/workspace/ros_ur_driver/install/ur:/home/adela/TFM_MiguelLerinAlonso/workspace/ros_ur_driver/install/ur_calibration:/home/adela/TFM_MiguelLerinAlonso/workspace/ros_ur_driver/install/ur_robot_driver:/home/adela/TFM_MiguelLerinAlonso/workspace/ros_ur_driver/install/ur_moveit_config:/home/adela/TFM_MiguelLerinAlonso/workspace/ros_ur_driver/install/ur_bringup:/home/adela/TFM_MiguelLerinAlonso/workspace/ros_ur_driver/install/ur_description:/home/adela/TFM_MiguelLerinAlonso/workspace/ros_ur_driver/install/ur_controllers:/home/adela/TFM_MiguelLerinAlonso/workspace/ros_ur_driver/install/ur_dashboard_msgs:/home/adela/workspace/ros_ur_driver/install/ur:/home/adela/workspace/ros_ur_driver/install/ur_calibration:/home/adela/workspace/ros_ur_driver/install/ur_robot_driver:/home/adela/workspace/ros_ur_driver/install/ur_moveit_config:/home/adela/workspace/ros_ur_driver/install/ur_bringup:/home/adela/workspace/ros_ur_driver/install/ur_description:/home/adela/workspace/ros_ur_driver/install/ur_controllers:/home/adela/workspace/ros_ur_driver/install/ur_dashboard_msgs:/home/adela/TFM_AdelaJimenez/workspace/ros_ur_driver/install/trayectories:/home/adela/TFM_AdelaJimenez/workspace/ros_ur_driver/install/conversion_datos:/home/adela/TFM_MiguelLerinAlonso/workspace/ros_ur_driver/install/trayectories:/home/adela/TFM_MiguelLerinAlonso/workspace/ros_ur_driver/install/rutine_launcher:/home/adela/TFM_MiguelLerinAlonso/workspace/ros_ur_driver/install/data_logger:/home/adela/TFM_MiguelLerinAlonso/workspace/ros_ur_driver/install/build_platform:/opt/ros/humble LD_LIBRARY_PATH=/home/adela/TFM_AdelaJimenez/install/ur_controllers/lib:/home/adela/TFM_AdelaJimenez/install/ur_dashboard_msgs/lib:${LD_LIBRARY_PATH} PYTHONPATH=/home/adela/TFM_AdelaJimenez/install/ur_dashboard_msgs/local/lib/python3.10/dist-packages:${PYTHONPATH} /usr/bin/cmake --install /home/adela/TFM_AdelaJimenez/build/ur_bringup
[0.556s] -- Install configuration: ""
[0.556s] -- Up-to-date: /home/adela/TFM_AdelaJimenez/install/ur_bringup/share/ur_bringup/config
[0.557s] -- Up-to-date: /home/adela/TFM_AdelaJimenez/install/ur_bringup/share/ur_bringup/config/ur3e_update_rate.yaml
[0.558s] -- Up-to-date: /home/adela/TFM_AdelaJimenez/install/ur_bringup/share/ur_bringup/config/ur10e_update_rate.yaml
[0.558s] -- Up-to-date: /home/adela/TFM_AdelaJimenez/install/ur_bringup/share/ur_bringup/config/points.csv
[0.558s] -- Up-to-date: /home/adela/TFM_AdelaJimenez/install/ur_bringup/share/ur_bringup/config/ur3_update_rate.yaml
[0.559s] -- Up-to-date: /home/adela/TFM_AdelaJimenez/install/ur_bringup/share/ur_bringup/config/test_velocity_goal_publishers_config.yaml
[0.559s] -- Up-to-date: /home/adela/TFM_AdelaJimenez/install/ur_bringup/share/ur_bringup/config/ur16e_update_rate.yaml
[0.559s] -- Up-to-date: /home/adela/TFM_AdelaJimenez/install/ur_bringup/share/ur_bringup/config/ur_controllers.yaml
[0.559s] -- Up-to-date: /home/adela/TFM_AdelaJimenez/install/ur_bringup/share/ur_bringup/config/test_goal_publishers_config.yaml
[0.559s] -- Up-to-date: /home/adela/TFM_AdelaJimenez/install/ur_bringup/share/ur_bringup/config/ur5_update_rate.yaml
[0.559s] -- Up-to-date: /home/adela/TFM_AdelaJimenez/install/ur_bringup/share/ur_bringup/config/points_hel.csv
[0.560s] -- Up-to-date: /home/adela/TFM_AdelaJimenez/install/ur_bringup/share/ur_bringup/config/ur5e_update_rate.yaml
[0.560s] -- Up-to-date: /home/adela/TFM_AdelaJimenez/install/ur_bringup/share/ur_bringup/config/ur10_update_rate.yaml
[0.560s] -- Up-to-date: /home/adela/TFM_AdelaJimenez/install/ur_bringup/share/ur_bringup/launch
[0.561s] -- Up-to-date: /home/adela/TFM_AdelaJimenez/install/ur_bringup/share/ur_bringup/launch/moveJ_program.py
[0.561s] -- Up-to-date: /home/adela/TFM_AdelaJimenez/install/ur_bringup/share/ur_bringup/launch/adela.py
[0.564s] -- Up-to-date: /home/adela/TFM_AdelaJimenez/install/ur_bringup/share/ur_bringup/launch/test_joint_trajectory_controller.launch.py
[0.564s] -- Up-to-date: /home/adela/TFM_AdelaJimenez/install/ur_bringup/share/ur_bringup/launch/genera_trayectoria_circular.py
[0.564s] -- Up-to-date: /home/adela/TFM_AdelaJimenez/install/ur_bringup/share/ur_bringup/launch/ur10.launch.py
[0.564s] -- Up-to-date: /home/adela/TFM_AdelaJimenez/install/ur_bringup/share/ur_bringup/launch/ur16e.launch.py
[0.564s] -- Up-to-date: /home/adela/TFM_AdelaJimenez/install/ur_bringup/share/ur_bringup/launch/ur_control.launch.py
[0.564s] -- Up-to-date: /home/adela/TFM_AdelaJimenez/install/ur_bringup/share/ur_bringup/launch/trayectoria_suave.py
[0.564s] -- Up-to-date: /home/adela/TFM_AdelaJimenez/install/ur_bringup/share/ur_bringup/launch/test_forward_velocity_controller.launch.py
[0.564s] -- Up-to-date: /home/adela/TFM_AdelaJimenez/install/ur_bringup/share/ur_bringup/launch/lanzar_robot.launch.py
[0.564s] -- Up-to-date: /home/adela/TFM_AdelaJimenez/install/ur_bringup/share/ur_bringup/launch/ur_dashboard_client.launch.py
[0.565s] -- Up-to-date: /home/adela/TFM_AdelaJimenez/install/ur_bringup/share/ur_bringup/launch/salsa_secreta.py
[0.565s] -- Up-to-date: /home/adela/TFM_AdelaJimenez/install/ur_bringup/share/ur_bringup/launch/ur3e.launch.py
[0.565s] -- Up-to-date: /home/adela/TFM_AdelaJimenez/install/ur_bringup/share/ur_bringup/launch/ur10e.launch.py
[0.565s] -- Up-to-date: /home/adela/TFM_AdelaJimenez/install/ur_bringup/share/ur_bringup/launch/ur5.launch.py
[0.565s] -- Up-to-date: /home/adela/TFM_AdelaJimenez/install/ur_bringup/share/ur_bringup/launch/ur3.launch.py
[0.575s] -- Up-to-date: /home/adela/TFM_AdelaJimenez/install/ur_bringup/share/ur_bringup/launch/moveL_program.py
[0.575s] -- Up-to-date: /home/adela/TFM_AdelaJimenez/install/ur_bringup/share/ur_bringup/launch/lanzar_simulacion.launch.py
[0.575s] -- Up-to-date: /home/adela/TFM_AdelaJimenez/install/ur_bringup/share/ur_bringup/launch/ur5e.launch.py
[0.576s] -- Up-to-date: /home/adela/TFM_AdelaJimenez/install/ur_bringup/share/ur_bringup/launch/cartesian_path_node.py
[0.576s] -- Up-to-date: /home/adela/TFM_AdelaJimenez/install/ur_bringup/share/ur_bringup/launch/test_scaled_joint_trajectory_controller.launch.py
[0.576s] -- Up-to-date: /home/adela/TFM_AdelaJimenez/install/ur_bringup/lib/ur_bringup/start_ursim.sh
[0.576s] -- Up-to-date: /home/adela/TFM_AdelaJimenez/install/ur_bringup/share/ament_index/resource_index/package_run_dependencies/ur_bringup
[0.576s] -- Up-to-date: /home/adela/TFM_AdelaJimenez/install/ur_bringup/share/ament_index/resource_index/parent_prefix_path/ur_bringup
[0.576s] -- Up-to-date: /home/adela/TFM_AdelaJimenez/install/ur_bringup/share/ur_bringup/environment/ament_prefix_path.sh
[0.576s] -- Up-to-date: /home/adela/TFM_AdelaJimenez/install/ur_bringup/share/ur_bringup/environment/ament_prefix_path.dsv
[0.576s] -- Up-to-date: /home/adela/TFM_AdelaJimenez/install/ur_bringup/share/ur_bringup/environment/path.sh
[0.576s] -- Up-to-date: /home/adela/TFM_AdelaJimenez/install/ur_bringup/share/ur_bringup/environment/path.dsv
[0.576s] -- Up-to-date: /home/adela/TFM_AdelaJimenez/install/ur_bringup/share/ur_bringup/local_setup.bash
[0.576s] -- Up-to-date: /home/adela/TFM_AdelaJimenez/install/ur_bringup/share/ur_bringup/local_setup.sh
[0.577s] -- Up-to-date: /home/adela/TFM_AdelaJimenez/install/ur_bringup/share/ur_bringup/local_setup.zsh
[0.577s] -- Up-to-date: /home/adela/TFM_AdelaJimenez/install/ur_bringup/share/ur_bringup/local_setup.dsv
[0.577s] -- Installing: /home/adela/TFM_AdelaJimenez/install/ur_bringup/share/ur_bringup/package.dsv
[0.581s] -- Up-to-date: /home/adela/TFM_AdelaJimenez/install/ur_bringup/share/ament_index/resource_index/packages/ur_bringup
[0.581s] -- Up-to-date: /home/adela/TFM_AdelaJimenez/install/ur_bringup/share/ur_bringup/cmake/ur_bringupConfig.cmake
[0.581s] -- Up-to-date: /home/adela/TFM_AdelaJimenez/install/ur_bringup/share/ur_bringup/cmake/ur_bringupConfig-version.cmake
[0.581s] -- Up-to-date: /home/adela/TFM_AdelaJimenez/install/ur_bringup/share/ur_bringup/package.xml
[0.605s] Invoked command in '/home/adela/TFM_AdelaJimenez/build/ur_bringup' returned '0': AMENT_PREFIX_PATH=/home/adela/TFM_AdelaJimenez/install/ur_controllers:/home/adela/TFM_AdelaJimenez/install/ur_description:/home/adela/TFM_AdelaJimenez/install/ur_dashboard_msgs:${AMENT_PREFIX_PATH} CMAKE_PREFIX_PATH=/home/adela/TFM_AdelaJimenez/install/ur_controllers:/home/adela/TFM_AdelaJimenez/install/ur_description:/home/adela/TFM_AdelaJimenez/install/ur_dashboard_msgs:/home/adela/TFM_MiguelLerinAlonso/workspace/ros_ur_driver/install/ur:/home/adela/TFM_MiguelLerinAlonso/workspace/ros_ur_driver/install/ur_calibration:/home/adela/TFM_MiguelLerinAlonso/workspace/ros_ur_driver/install/ur_robot_driver:/home/adela/TFM_MiguelLerinAlonso/workspace/ros_ur_driver/install/ur_moveit_config:/home/adela/TFM_MiguelLerinAlonso/workspace/ros_ur_driver/install/ur_bringup:/home/adela/TFM_MiguelLerinAlonso/workspace/ros_ur_driver/install/ur_description:/home/adela/TFM_MiguelLerinAlonso/workspace/ros_ur_driver/install/ur_controllers:/home/adela/TFM_MiguelLerinAlonso/workspace/ros_ur_driver/install/ur_dashboard_msgs:/home/adela/workspace/ros_ur_driver/install/ur:/home/adela/workspace/ros_ur_driver/install/ur_calibration:/home/adela/workspace/ros_ur_driver/install/ur_robot_driver:/home/adela/workspace/ros_ur_driver/install/ur_moveit_config:/home/adela/workspace/ros_ur_driver/install/ur_bringup:/home/adela/workspace/ros_ur_driver/install/ur_description:/home/adela/workspace/ros_ur_driver/install/ur_controllers:/home/adela/workspace/ros_ur_driver/install/ur_dashboard_msgs:/home/adela/TFM_AdelaJimenez/workspace/ros_ur_driver/install/trayectories:/home/adela/TFM_AdelaJimenez/workspace/ros_ur_driver/install/conversion_datos:/home/adela/TFM_MiguelLerinAlonso/workspace/ros_ur_driver/install/trayectories:/home/adela/TFM_MiguelLerinAlonso/workspace/ros_ur_driver/install/rutine_launcher:/home/adela/TFM_MiguelLerinAlonso/workspace/ros_ur_driver/install/data_logger:/home/adela/TFM_MiguelLerinAlonso/workspace/ros_ur_driver/install/build_platform:/opt/ros/humble LD_LIBRARY_PATH=/home/adela/TFM_AdelaJimenez/install/ur_controllers/lib:/home/adela/TFM_AdelaJimenez/install/ur_dashboard_msgs/lib:${LD_LIBRARY_PATH} PYTHONPATH=/home/adela/TFM_AdelaJimenez/install/ur_dashboard_msgs/local/lib/python3.10/dist-packages:${PYTHONPATH} /usr/bin/cmake --install /home/adela/TFM_AdelaJimenez/build/ur_bringup
