/home/adela/TFM_AdelaJimenez/install/build_platform/lib/python3.10/site-packages/build_platform/messages.py
/home/adela/TFM_AdelaJimenez/install/build_platform/lib/python3.10/site-packages/build_platform/serial_reader_v2.py
/home/adela/TFM_AdelaJimenez/install/build_platform/lib/python3.10/site-packages/build_platform/serial_reader.py
/home/adela/TFM_AdelaJimenez/install/build_platform/lib/python3.10/site-packages/build_platform/arduino_communicator.py
/home/adela/TFM_AdelaJimenez/install/build_platform/lib/python3.10/site-packages/build_platform/arduino_communicator_v2.py
/home/adela/TFM_AdelaJimenez/install/build_platform/lib/python3.10/site-packages/build_platform/__init__.py
/home/adela/TFM_AdelaJimenez/install/build_platform/lib/python3.10/site-packages/build_platform/__pycache__/messages.cpython-310.pyc
/home/adela/TFM_AdelaJimenez/install/build_platform/lib/python3.10/site-packages/build_platform/__pycache__/serial_reader_v2.cpython-310.pyc
/home/adela/TFM_AdelaJimenez/install/build_platform/lib/python3.10/site-packages/build_platform/__pycache__/serial_reader.cpython-310.pyc
/home/adela/TFM_AdelaJimenez/install/build_platform/lib/python3.10/site-packages/build_platform/__pycache__/arduino_communicator.cpython-310.pyc
/home/adela/TFM_AdelaJimenez/install/build_platform/lib/python3.10/site-packages/build_platform/__pycache__/arduino_communicator_v2.cpython-310.pyc
/home/adela/TFM_AdelaJimenez/install/build_platform/lib/python3.10/site-packages/build_platform/__pycache__/__init__.cpython-310.pyc
/home/adela/TFM_AdelaJimenez/install/build_platform/share/ament_index/resource_index/packages/build_platform
/home/adela/TFM_AdelaJimenez/install/build_platform/share/build_platform/package.xml
/home/adela/TFM_AdelaJimenez/install/build_platform/lib/python3.10/site-packages/build_platform-0.0.0-py3.10.egg-info/entry_points.txt
/home/adela/TFM_AdelaJimenez/install/build_platform/lib/python3.10/site-packages/build_platform-0.0.0-py3.10.egg-info/requires.txt
/home/adela/TFM_AdelaJimenez/install/build_platform/lib/python3.10/site-packages/build_platform-0.0.0-py3.10.egg-info/dependency_links.txt
/home/adela/TFM_AdelaJimenez/install/build_platform/lib/python3.10/site-packages/build_platform-0.0.0-py3.10.egg-info/PKG-INFO
/home/adela/TFM_AdelaJimenez/install/build_platform/lib/python3.10/site-packages/build_platform-0.0.0-py3.10.egg-info/top_level.txt
/home/adela/TFM_AdelaJimenez/install/build_platform/lib/python3.10/site-packages/build_platform-0.0.0-py3.10.egg-info/zip-safe
/home/adela/TFM_AdelaJimenez/install/build_platform/lib/python3.10/site-packages/build_platform-0.0.0-py3.10.egg-info/SOURCES.txt
/home/adela/TFM_AdelaJimenez/install/build_platform/lib/build_platform/arduino_communicator_v2
/home/adela/TFM_AdelaJimenez/install/build_platform/lib/build_platform/messages
/home/adela/TFM_AdelaJimenez/install/build_platform/lib/build_platform/serial_reader_v2
