[7.240s] Invoking command in '/home/adela/TFM_AdelaJimenez/workspace/ros_ur_driver/src/data_logger': PYTHONPATH=/home/adela/TFM_AdelaJimenez/build/data_logger/prefix_override:/home/adela/TFM_AdelaJimenez/install/data_logger/lib/python3.10/site-packages:${PYTHONPATH} /usr/bin/python3 -W ignore:setup.py install is deprecated setup.py egg_info --egg-base ../../../../build/data_logger build --build-base /home/adela/TFM_AdelaJimenez/build/data_logger/build install --record /home/adela/TFM_AdelaJimenez/build/data_logger/install.log --single-version-externally-managed install_data
[9.478s] running egg_info
[9.484s] writing ../../../../build/data_logger/data_logger.egg-info/PKG-INFO
[9.484s] writing dependency_links to ../../../../build/data_logger/data_logger.egg-info/dependency_links.txt
[9.484s] writing entry points to ../../../../build/data_logger/data_logger.egg-info/entry_points.txt
[9.484s] writing requirements to ../../../../build/data_logger/data_logger.egg-info/requires.txt
[9.490s] writing top-level names to ../../../../build/data_logger/data_logger.egg-info/top_level.txt
[9.507s] reading manifest file '../../../../build/data_logger/data_logger.egg-info/SOURCES.txt'
[9.507s] writing manifest file '../../../../build/data_logger/data_logger.egg-info/SOURCES.txt'
[9.507s] running build
[9.507s] running build_py
[9.513s] running install
[9.516s] running install_lib
[9.531s] running install_data
[9.532s] running install_egg_info
[9.562s] removing '/home/adela/TFM_AdelaJimenez/install/data_logger/lib/python3.10/site-packages/data_logger-0.0.0-py3.10.egg-info' (and everything under it)
[9.597s] Copying ../../../../build/data_logger/data_logger.egg-info to /home/adela/TFM_AdelaJimenez/install/data_logger/lib/python3.10/site-packages/data_logger-0.0.0-py3.10.egg-info
[9.597s] running install_scripts
[9.867s] Installing analog_reader script to /home/adela/TFM_AdelaJimenez/install/data_logger/lib/data_logger
[9.867s] Installing data_emitter script to /home/adela/TFM_AdelaJimenez/install/data_logger/lib/data_logger
[9.873s] Installing data_reader script to /home/adela/TFM_AdelaJimenez/install/data_logger/lib/data_logger
[9.873s] Installing digital_reader script to /home/adela/TFM_AdelaJimenez/install/data_logger/lib/data_logger
[9.874s] Installing joint_reader script to /home/adela/TFM_AdelaJimenez/install/data_logger/lib/data_logger
[9.874s] Installing multi_logger script to /home/adela/TFM_AdelaJimenez/install/data_logger/lib/data_logger
[9.874s] Installing super_logger script to /home/adela/TFM_AdelaJimenez/install/data_logger/lib/data_logger
[9.880s] writing list of installed files to '/home/adela/TFM_AdelaJimenez/build/data_logger/install.log'
[10.268s] Invoked command in '/home/adela/TFM_AdelaJimenez/workspace/ros_ur_driver/src/data_logger' returned '0': PYTHONPATH=/home/adela/TFM_AdelaJimenez/build/data_logger/prefix_override:/home/adela/TFM_AdelaJimenez/install/data_logger/lib/python3.10/site-packages:${PYTHONPATH} /usr/bin/python3 -W ignore:setup.py install is deprecated setup.py egg_info --egg-base ../../../../build/data_logger build --build-base /home/adela/TFM_AdelaJimenez/build/data_logger/build install --record /home/adela/TFM_AdelaJimenez/build/data_logger/install.log --single-version-externally-managed install_data
