[7.911s] Invoking command in '/home/adela/TFM_AdelaJimenez/workspace/ros_ur_driver/src/trayectories': PYTHONPATH=/home/adela/TFM_AdelaJimenez/build/trayectories/prefix_override:/home/adela/TFM_AdelaJimenez/install/trayectories/lib/python3.10/site-packages:${PYTHONPATH} /usr/bin/python3 -W ignore:setup.py install is deprecated setup.py egg_info --egg-base ../../../../build/trayectories build --build-base /home/adela/TFM_AdelaJimenez/build/trayectories/build install --record /home/adela/TFM_AdelaJimenez/build/trayectories/install.log --single-version-externally-managed install_data
[10.736s] running egg_info
[10.743s] writing ../../../../build/trayectories/trayectories.egg-info/PKG-INFO
[10.750s] writing dependency_links to ../../../../build/trayectories/trayectories.egg-info/dependency_links.txt
[10.759s] writing entry points to ../../../../build/trayectories/trayectories.egg-info/entry_points.txt
[10.764s] writing requirements to ../../../../build/trayectories/trayectories.egg-info/requires.txt
[10.764s] writing top-level names to ../../../../build/trayectories/trayectories.egg-info/top_level.txt
[10.796s] reading manifest file '../../../../build/trayectories/trayectories.egg-info/SOURCES.txt'
[10.807s] writing manifest file '../../../../build/trayectories/trayectories.egg-info/SOURCES.txt'
[10.811s] running build
[10.811s] running build_py
[10.818s] running install
[10.828s] running install_lib
[10.832s] running install_data
[10.833s] running install_egg_info
[10.853s] removing '/home/adela/TFM_AdelaJimenez/install/trayectories/lib/python3.10/site-packages/trayectories-0.0.0-py3.10.egg-info' (and everything under it)
[10.854s] Copying ../../../../build/trayectories/trayectories.egg-info to /home/adela/TFM_AdelaJimenez/install/trayectories/lib/python3.10/site-packages/trayectories-0.0.0-py3.10.egg-info
[10.857s] running install_scripts
[11.056s] Installing move_joints script to /home/adela/TFM_AdelaJimenez/install/trayectories/lib/trayectories
[11.061s] Installing move_l script to /home/adela/TFM_AdelaJimenez/install/trayectories/lib/trayectories
[11.061s] Installing move_l_gcode script to /home/adela/TFM_AdelaJimenez/install/trayectories/lib/trayectories
[11.065s] Installing move_l_nodes script to /home/adela/TFM_AdelaJimenez/install/trayectories/lib/trayectories
[11.080s] Installing move_l_original script to /home/adela/TFM_AdelaJimenez/install/trayectories/lib/trayectories
[11.080s] writing list of installed files to '/home/adela/TFM_AdelaJimenez/build/trayectories/install.log'
[11.271s] Invoked command in '/home/adela/TFM_AdelaJimenez/workspace/ros_ur_driver/src/trayectories' returned '0': PYTHONPATH=/home/adela/TFM_AdelaJimenez/build/trayectories/prefix_override:/home/adela/TFM_AdelaJimenez/install/trayectories/lib/python3.10/site-packages:${PYTHONPATH} /usr/bin/python3 -W ignore:setup.py install is deprecated setup.py egg_info --egg-base ../../../../build/trayectories build --build-base /home/adela/TFM_AdelaJimenez/build/trayectories/build install --record /home/adela/TFM_AdelaJimenez/build/trayectories/install.log --single-version-externally-managed install_data
