[3.671s] Invoking command in '/home/adela/TFM_AdelaJimenez/workspace/ros_ur_driver/src/conversion_datos': PYTHONPATH=/home/adela/TFM_AdelaJimenez/build/conversion_datos/prefix_override:/home/adela/TFM_AdelaJimenez/install/conversion_datos/lib/python3.10/site-packages:${PYTHONPATH} /usr/bin/python3 -W ignore:setup.py install is deprecated setup.py egg_info --egg-base ../../../../build/conversion_datos build --build-base /home/adela/TFM_AdelaJimenez/build/conversion_datos/build install --record /home/adela/TFM_AdelaJimenez/build/conversion_datos/install.log --single-version-externally-managed install_data
[5.442s] running egg_info
[5.454s] writing ../../../../build/conversion_datos/conversion_datos.egg-info/PKG-INFO
[5.455s] writing dependency_links to ../../../../build/conversion_datos/conversion_datos.egg-info/dependency_links.txt
[5.457s] writing entry points to ../../../../build/conversion_datos/conversion_datos.egg-info/entry_points.txt
[5.457s] writing requirements to ../../../../build/conversion_datos/conversion_datos.egg-info/requires.txt
[5.457s] writing top-level names to ../../../../build/conversion_datos/conversion_datos.egg-info/top_level.txt
[5.463s] reading manifest file '../../../../build/conversion_datos/conversion_datos.egg-info/SOURCES.txt'
[5.471s] writing manifest file '../../../../build/conversion_datos/conversion_datos.egg-info/SOURCES.txt'
[5.472s] running build
[5.472s] running install
[5.473s] running install_data
[5.480s] running install_egg_info
[5.508s] removing '/home/adela/TFM_AdelaJimenez/install/conversion_datos/lib/python3.10/site-packages/conversion_datos-0.0.0-py3.10.egg-info' (and everything under it)
[5.509s] Copying ../../../../build/conversion_datos/conversion_datos.egg-info to /home/adela/TFM_AdelaJimenez/install/conversion_datos/lib/python3.10/site-packages/conversion_datos-0.0.0-py3.10.egg-info
[5.514s] running install_scripts
[5.625s] Installing convertir_en_articulares script to /home/adela/TFM_AdelaJimenez/install/conversion_datos/lib/conversion_datos
[5.625s] Installing convertir_en_gcode script to /home/adela/TFM_AdelaJimenez/install/conversion_datos/lib/conversion_datos
[5.628s] writing list of installed files to '/home/adela/TFM_AdelaJimenez/build/conversion_datos/install.log'
[5.763s] Invoked command in '/home/adela/TFM_AdelaJimenez/workspace/ros_ur_driver/src/conversion_datos' returned '0': PYTHONPATH=/home/adela/TFM_AdelaJimenez/build/conversion_datos/prefix_override:/home/adela/TFM_AdelaJimenez/install/conversion_datos/lib/python3.10/site-packages:${PYTHONPATH} /usr/bin/python3 -W ignore:setup.py install is deprecated setup.py egg_info --egg-base ../../../../build/conversion_datos build --build-base /home/adela/TFM_AdelaJimenez/build/conversion_datos/build install --record /home/adela/TFM_AdelaJimenez/build/conversion_datos/install.log --single-version-externally-managed install_data
