[11.018s] Invoking command in '/home/adela/TFM_AdelaJimenez/workspace/ros_ur_driver/src/build_platform': PYTHONPATH=/home/adela/TFM_AdelaJimenez/build/build_platform/prefix_override:/home/adela/TFM_AdelaJimenez/install/build_platform/lib/python3.10/site-packages:${PYTHONPATH} /usr/bin/python3 -W ignore:setup.py install is deprecated setup.py egg_info --egg-base ../../../../build/build_platform build --build-base /home/adela/TFM_AdelaJimenez/build/build_platform/build install --record /home/adela/TFM_AdelaJimenez/build/build_platform/install.log --single-version-externally-managed install_data
[16.046s] running egg_info
[16.076s] writing ../../../../build/build_platform/build_platform.egg-info/PKG-INFO
[16.080s] writing dependency_links to ../../../../build/build_platform/build_platform.egg-info/dependency_links.txt
[16.082s] writing entry points to ../../../../build/build_platform/build_platform.egg-info/entry_points.txt
[16.090s] writing requirements to ../../../../build/build_platform/build_platform.egg-info/requires.txt
[16.101s] writing top-level names to ../../../../build/build_platform/build_platform.egg-info/top_level.txt
[16.116s] reading manifest file '../../../../build/build_platform/build_platform.egg-info/SOURCES.txt'
[16.145s] writing manifest file '../../../../build/build_platform/build_platform.egg-info/SOURCES.txt'
[16.145s] running build
[16.145s] running build_py
[16.153s] running install
[16.153s] running install_lib
[16.175s] running install_data
[16.175s] running install_egg_info
[16.211s] removing '/home/adela/TFM_AdelaJimenez/install/build_platform/lib/python3.10/site-packages/build_platform-0.0.0-py3.10.egg-info' (and everything under it)
[16.220s] Copying ../../../../build/build_platform/build_platform.egg-info to /home/adela/TFM_AdelaJimenez/install/build_platform/lib/python3.10/site-packages/build_platform-0.0.0-py3.10.egg-info
[16.252s] running install_scripts
[16.553s] Installing arduino_communicator_v2 script to /home/adela/TFM_AdelaJimenez/install/build_platform/lib/build_platform
[16.554s] Installing messages script to /home/adela/TFM_AdelaJimenez/install/build_platform/lib/build_platform
[16.555s] Installing serial_reader_v2 script to /home/adela/TFM_AdelaJimenez/install/build_platform/lib/build_platform
[16.580s] writing list of installed files to '/home/adela/TFM_AdelaJimenez/build/build_platform/install.log'
[17.053s] Invoked command in '/home/adela/TFM_AdelaJimenez/workspace/ros_ur_driver/src/build_platform' returned '0': PYTHONPATH=/home/adela/TFM_AdelaJimenez/build/build_platform/prefix_override:/home/adela/TFM_AdelaJimenez/install/build_platform/lib/python3.10/site-packages:${PYTHONPATH} /usr/bin/python3 -W ignore:setup.py install is deprecated setup.py egg_info --egg-base ../../../../build/build_platform build --build-base /home/adela/TFM_AdelaJimenez/build/build_platform/build install --record /home/adela/TFM_AdelaJimenez/build/build_platform/install.log --single-version-externally-managed install_data
