[7.140s] Invoking command in '/home/adela/TFM_AdelaJimenez/workspace/ros_ur_driver/src/data_logger': PYTHONPATH=/home/adela/TFM_AdelaJimenez/build/data_logger/prefix_override:/home/adela/TFM_AdelaJimenez/install/data_logger/lib/python3.10/site-packages:${PYTHONPATH} /usr/bin/python3 -W ignore:setup.py install is deprecated setup.py egg_info --egg-base ../../../../build/data_logger build --build-base /home/adela/TFM_AdelaJimenez/build/data_logger/build install --record /home/adela/TFM_AdelaJimenez/build/data_logger/install.log --single-version-externally-managed install_data
[9.141s] running egg_info
[9.155s] writing ../../../../build/data_logger/data_logger.egg-info/PKG-INFO
[9.167s] writing dependency_links to ../../../../build/data_logger/data_logger.egg-info/dependency_links.txt
[9.168s] writing entry points to ../../../../build/data_logger/data_logger.egg-info/entry_points.txt
[9.168s] writing requirements to ../../../../build/data_logger/data_logger.egg-info/requires.txt
[9.170s] writing top-level names to ../../../../build/data_logger/data_logger.egg-info/top_level.txt
[9.185s] reading manifest file '../../../../build/data_logger/data_logger.egg-info/SOURCES.txt'
[9.225s] writing manifest file '../../../../build/data_logger/data_logger.egg-info/SOURCES.txt'
[9.225s] running build
[9.225s] running build_py
[9.226s] copying data_logger/super_logger.py -> /home/adela/TFM_AdelaJimenez/build/data_logger/build/lib/data_logger
[9.236s] running install
[9.236s] running install_lib
[9.237s] copying /home/adela/TFM_AdelaJimenez/build/data_logger/build/lib/data_logger/super_logger.py -> /home/adela/TFM_AdelaJimenez/install/data_logger/lib/python3.10/site-packages/data_logger
[9.244s] byte-compiling /home/adela/TFM_AdelaJimenez/install/data_logger/lib/python3.10/site-packages/data_logger/super_logger.py to super_logger.cpython-310.pyc
[9.250s] running install_data
[9.251s] running install_egg_info
[9.269s] removing '/home/adela/TFM_AdelaJimenez/install/data_logger/lib/python3.10/site-packages/data_logger-0.0.0-py3.10.egg-info' (and everything under it)
[9.271s] Copying ../../../../build/data_logger/data_logger.egg-info to /home/adela/TFM_AdelaJimenez/install/data_logger/lib/python3.10/site-packages/data_logger-0.0.0-py3.10.egg-info
[9.280s] running install_scripts
[9.516s] Installing analog_reader script to /home/adela/TFM_AdelaJimenez/install/data_logger/lib/data_logger
[9.519s] Installing data_emitter script to /home/adela/TFM_AdelaJimenez/install/data_logger/lib/data_logger
[9.519s] Installing data_reader script to /home/adela/TFM_AdelaJimenez/install/data_logger/lib/data_logger
[9.521s] Installing digital_reader script to /home/adela/TFM_AdelaJimenez/install/data_logger/lib/data_logger
[9.528s] Installing joint_reader script to /home/adela/TFM_AdelaJimenez/install/data_logger/lib/data_logger
[9.528s] Installing multi_logger script to /home/adela/TFM_AdelaJimenez/install/data_logger/lib/data_logger
[9.528s] Installing super_logger script to /home/adela/TFM_AdelaJimenez/install/data_logger/lib/data_logger
[9.532s] writing list of installed files to '/home/adela/TFM_AdelaJimenez/build/data_logger/install.log'
[9.866s] Invoked command in '/home/adela/TFM_AdelaJimenez/workspace/ros_ur_driver/src/data_logger' returned '0': PYTHONPATH=/home/adela/TFM_AdelaJimenez/build/data_logger/prefix_override:/home/adela/TFM_AdelaJimenez/install/data_logger/lib/python3.10/site-packages:${PYTHONPATH} /usr/bin/python3 -W ignore:setup.py install is deprecated setup.py egg_info --egg-base ../../../../build/data_logger build --build-base /home/adela/TFM_AdelaJimenez/build/data_logger/build install --record /home/adela/TFM_AdelaJimenez/build/data_logger/install.log --single-version-externally-managed install_data
