[5.743s] Invoking command in '/home/adela/TFM_AdelaJimenez/workspace/ros_ur_driver/src/build_platform': PYTHONPATH=/home/adela/TFM_AdelaJimenez/build/build_platform/prefix_override:/home/adela/TFM_AdelaJimenez/install/build_platform/lib/python3.10/site-packages:${PYTHONPATH} /usr/bin/python3 -W ignore:setup.py install is deprecated setup.py egg_info --egg-base ../../../../build/build_platform build --build-base /home/adela/TFM_AdelaJimenez/build/build_platform/build install --record /home/adela/TFM_AdelaJimenez/build/build_platform/install.log --single-version-externally-managed install_data
[9.982s] running egg_info
[10.001s] writing ../../../../build/build_platform/build_platform.egg-info/PKG-INFO
[10.006s] writing dependency_links to ../../../../build/build_platform/build_platform.egg-info/dependency_links.txt
[10.006s] writing entry points to ../../../../build/build_platform/build_platform.egg-info/entry_points.txt
[10.016s] writing requirements to ../../../../build/build_platform/build_platform.egg-info/requires.txt
[10.016s] writing top-level names to ../../../../build/build_platform/build_platform.egg-info/top_level.txt
[10.031s] reading manifest file '../../../../build/build_platform/build_platform.egg-info/SOURCES.txt'
[10.057s] writing manifest file '../../../../build/build_platform/build_platform.egg-info/SOURCES.txt'
[10.057s] running build
[10.057s] running build_py
[10.057s] running install
[10.084s] running install_lib
[10.104s] running install_data
[10.105s] running install_egg_info
[10.156s] removing '/home/adela/TFM_AdelaJimenez/install/build_platform/lib/python3.10/site-packages/build_platform-0.0.0-py3.10.egg-info' (and everything under it)
[10.162s] Copying ../../../../build/build_platform/build_platform.egg-info to /home/adela/TFM_AdelaJimenez/install/build_platform/lib/python3.10/site-packages/build_platform-0.0.0-py3.10.egg-info
[10.166s] running install_scripts
[10.466s] Installing arduino_communicator_v2 script to /home/adela/TFM_AdelaJimenez/install/build_platform/lib/build_platform
[10.466s] Installing messages script to /home/adela/TFM_AdelaJimenez/install/build_platform/lib/build_platform
[10.467s] Installing serial_reader_v2 script to /home/adela/TFM_AdelaJimenez/install/build_platform/lib/build_platform
[10.467s] writing list of installed files to '/home/adela/TFM_AdelaJimenez/build/build_platform/install.log'
[10.858s] Invoked command in '/home/adela/TFM_AdelaJimenez/workspace/ros_ur_driver/src/build_platform' returned '0': PYTHONPATH=/home/adela/TFM_AdelaJimenez/build/build_platform/prefix_override:/home/adela/TFM_AdelaJimenez/install/build_platform/lib/python3.10/site-packages:${PYTHONPATH} /usr/bin/python3 -W ignore:setup.py install is deprecated setup.py egg_info --egg-base ../../../../build/build_platform build --build-base /home/adela/TFM_AdelaJimenez/build/build_platform/build install --record /home/adela/TFM_AdelaJimenez/build/build_platform/install.log --single-version-externally-managed install_data
