[7.802s] Invoking command in '/home/adela/TFM_AdelaJimenez/workspace/ros_ur_driver/src/trayectories': PYTHONPATH=/home/adela/TFM_AdelaJimenez/build/trayectories/prefix_override:/home/adela/TFM_AdelaJimenez/install/trayectories/lib/python3.10/site-packages:${PYTHONPATH} /usr/bin/python3 -W ignore:setup.py install is deprecated setup.py egg_info --egg-base ../../../../build/trayectories build --build-base /home/adela/TFM_AdelaJimenez/build/trayectories/build install --record /home/adela/TFM_AdelaJimenez/build/trayectories/install.log --single-version-externally-managed install_data
[11.005s] running egg_info
[11.020s] writing ../../../../build/trayectories/trayectories.egg-info/PKG-INFO
[11.020s] writing dependency_links to ../../../../build/trayectories/trayectories.egg-info/dependency_links.txt
[11.024s] writing entry points to ../../../../build/trayectories/trayectories.egg-info/entry_points.txt
[11.026s] writing requirements to ../../../../build/trayectories/trayectories.egg-info/requires.txt
[11.026s] writing top-level names to ../../../../build/trayectories/trayectories.egg-info/top_level.txt
[11.039s] reading manifest file '../../../../build/trayectories/trayectories.egg-info/SOURCES.txt'
[11.046s] writing manifest file '../../../../build/trayectories/trayectories.egg-info/SOURCES.txt'
[11.046s] running build
[11.046s] running build_py
[11.054s] copying trayectories/move_l_nodes.py -> /home/adela/TFM_AdelaJimenez/build/trayectories/build/lib/trayectories
[11.073s] running install
[11.073s] running install_lib
[11.073s] copying /home/adela/TFM_AdelaJimenez/build/trayectories/build/lib/trayectories/move_l_nodes.py -> /home/adela/TFM_AdelaJimenez/install/trayectories/lib/python3.10/site-packages/trayectories
[11.073s] byte-compiling /home/adela/TFM_AdelaJimenez/install/trayectories/lib/python3.10/site-packages/trayectories/move_l_nodes.py to move_l_nodes.cpython-310.pyc
[11.124s] running install_data
[11.128s] running install_egg_info
[11.172s] removing '/home/adela/TFM_AdelaJimenez/install/trayectories/lib/python3.10/site-packages/trayectories-0.0.0-py3.10.egg-info' (and everything under it)
[11.182s] Copying ../../../../build/trayectories/trayectories.egg-info to /home/adela/TFM_AdelaJimenez/install/trayectories/lib/python3.10/site-packages/trayectories-0.0.0-py3.10.egg-info
[11.187s] running install_scripts
[11.460s] Installing move_joints script to /home/adela/TFM_AdelaJimenez/install/trayectories/lib/trayectories
[11.463s] Installing move_l script to /home/adela/TFM_AdelaJimenez/install/trayectories/lib/trayectories
[11.463s] Installing move_l_gcode script to /home/adela/TFM_AdelaJimenez/install/trayectories/lib/trayectories
[11.464s] Installing move_l_nodes script to /home/adela/TFM_AdelaJimenez/install/trayectories/lib/trayectories
[11.470s] Installing move_l_original script to /home/adela/TFM_AdelaJimenez/install/trayectories/lib/trayectories
[11.471s] writing list of installed files to '/home/adela/TFM_AdelaJimenez/build/trayectories/install.log'
[11.722s] Invoked command in '/home/adela/TFM_AdelaJimenez/workspace/ros_ur_driver/src/trayectories' returned '0': PYTHONPATH=/home/adela/TFM_AdelaJimenez/build/trayectories/prefix_override:/home/adela/TFM_AdelaJimenez/install/trayectories/lib/python3.10/site-packages:${PYTHONPATH} /usr/bin/python3 -W ignore:setup.py install is deprecated setup.py egg_info --egg-base ../../../../build/trayectories build --build-base /home/adela/TFM_AdelaJimenez/build/trayectories/build install --record /home/adela/TFM_AdelaJimenez/build/trayectories/install.log --single-version-externally-managed install_data
