[6.324s] Invoking command in '/home/adela/TFM_AdelaJimenez/workspace/ros_ur_driver/src/data_logger': PYTHONPATH=/home/adela/TFM_AdelaJimenez/build/data_logger/prefix_override:/home/adela/TFM_AdelaJimenez/install/data_logger/lib/python3.10/site-packages:${PYTHONPATH} /usr/bin/python3 -W ignore:setup.py install is deprecated setup.py egg_info --egg-base ../../../../build/data_logger build --build-base /home/adela/TFM_AdelaJimenez/build/data_logger/build install --record /home/adela/TFM_AdelaJimenez/build/data_logger/install.log --single-version-externally-managed install_data
[8.766s] running egg_info
[8.796s] writing ../../../../build/data_logger/data_logger.egg-info/PKG-INFO
[8.796s] writing dependency_links to ../../../../build/data_logger/data_logger.egg-info/dependency_links.txt
[8.797s] writing entry points to ../../../../build/data_logger/data_logger.egg-info/entry_points.txt
[8.808s] writing requirements to ../../../../build/data_logger/data_logger.egg-info/requires.txt
[8.808s] writing top-level names to ../../../../build/data_logger/data_logger.egg-info/top_level.txt
[8.834s] reading manifest file '../../../../build/data_logger/data_logger.egg-info/SOURCES.txt'
[8.854s] writing manifest file '../../../../build/data_logger/data_logger.egg-info/SOURCES.txt'
[8.862s] running build
[8.862s] running build_py
[8.867s] running install
[8.871s] running install_lib
[8.896s] running install_data
[8.903s] running install_egg_info
[8.952s] removing '/home/adela/TFM_AdelaJimenez/install/data_logger/lib/python3.10/site-packages/data_logger-0.0.0-py3.10.egg-info' (and everything under it)
[8.953s] Copying ../../../../build/data_logger/data_logger.egg-info to /home/adela/TFM_AdelaJimenez/install/data_logger/lib/python3.10/site-packages/data_logger-0.0.0-py3.10.egg-info
[8.970s] running install_scripts
[9.351s] Installing analog_reader script to /home/adela/TFM_AdelaJimenez/install/data_logger/lib/data_logger
[9.351s] Installing data_emitter script to /home/adela/TFM_AdelaJimenez/install/data_logger/lib/data_logger
[9.351s] Installing data_reader script to /home/adela/TFM_AdelaJimenez/install/data_logger/lib/data_logger
[9.351s] Installing digital_reader script to /home/adela/TFM_AdelaJimenez/install/data_logger/lib/data_logger
[9.351s] Installing joint_reader script to /home/adela/TFM_AdelaJimenez/install/data_logger/lib/data_logger
[9.351s] Installing multi_logger script to /home/adela/TFM_AdelaJimenez/install/data_logger/lib/data_logger
[9.351s] Installing super_logger script to /home/adela/TFM_AdelaJimenez/install/data_logger/lib/data_logger
[9.352s] writing list of installed files to '/home/adela/TFM_AdelaJimenez/build/data_logger/install.log'
[9.635s] Invoked command in '/home/adela/TFM_AdelaJimenez/workspace/ros_ur_driver/src/data_logger' returned '0': PYTHONPATH=/home/adela/TFM_AdelaJimenez/build/data_logger/prefix_override:/home/adela/TFM_AdelaJimenez/install/data_logger/lib/python3.10/site-packages:${PYTHONPATH} /usr/bin/python3 -W ignore:setup.py install is deprecated setup.py egg_info --egg-base ../../../../build/data_logger build --build-base /home/adela/TFM_AdelaJimenez/build/data_logger/build install --record /home/adela/TFM_AdelaJimenez/build/data_logger/install.log --single-version-externally-managed install_data
