[4.107s] Invoking command in '/home/adela/TFM_AdelaJimenez/workspace/ros_ur_driver/src/data_logger': PYTHONPATH=/home/adela/TFM_AdelaJimenez/build/data_logger/prefix_override:/home/adela/TFM_AdelaJimenez/install/data_logger/lib/python3.10/site-packages:${PYTHONPATH} /usr/bin/python3 -W ignore:setup.py install is deprecated setup.py egg_info --egg-base ../../../../build/data_logger build --build-base /home/adela/TFM_AdelaJimenez/build/data_logger/build install --record /home/adela/TFM_AdelaJimenez/build/data_logger/install.log --single-version-externally-managed install_data
[6.863s] running egg_info
[6.876s] writing ../../../../build/data_logger/data_logger.egg-info/PKG-INFO
[6.876s] writing dependency_links to ../../../../build/data_logger/data_logger.egg-info/dependency_links.txt
[6.876s] writing entry points to ../../../../build/data_logger/data_logger.egg-info/entry_points.txt
[6.877s] writing requirements to ../../../../build/data_logger/data_logger.egg-info/requires.txt
[6.877s] writing top-level names to ../../../../build/data_logger/data_logger.egg-info/top_level.txt
[6.898s] reading manifest file '../../../../build/data_logger/data_logger.egg-info/SOURCES.txt'
[6.898s] writing manifest file '../../../../build/data_logger/data_logger.egg-info/SOURCES.txt'
[6.900s] running build
[6.900s] running build_py
[6.909s] running install
[6.912s] running install_lib
[6.928s] running install_data
[6.929s] running install_egg_info
[6.949s] removing '/home/adela/TFM_AdelaJimenez/install/data_logger/lib/python3.10/site-packages/data_logger-0.0.0-py3.10.egg-info' (and everything under it)
[6.950s] Copying ../../../../build/data_logger/data_logger.egg-info to /home/adela/TFM_AdelaJimenez/install/data_logger/lib/python3.10/site-packages/data_logger-0.0.0-py3.10.egg-info
[6.958s] running install_scripts
[7.108s] Installing analog_reader script to /home/adela/TFM_AdelaJimenez/install/data_logger/lib/data_logger
[7.112s] Installing data_emitter script to /home/adela/TFM_AdelaJimenez/install/data_logger/lib/data_logger
[7.115s] Installing data_reader script to /home/adela/TFM_AdelaJimenez/install/data_logger/lib/data_logger
[7.116s] Installing digital_reader script to /home/adela/TFM_AdelaJimenez/install/data_logger/lib/data_logger
[7.122s] Installing joint_reader script to /home/adela/TFM_AdelaJimenez/install/data_logger/lib/data_logger
[7.123s] Installing multi_logger script to /home/adela/TFM_AdelaJimenez/install/data_logger/lib/data_logger
[7.123s] Installing super_logger script to /home/adela/TFM_AdelaJimenez/install/data_logger/lib/data_logger
[7.123s] writing list of installed files to '/home/adela/TFM_AdelaJimenez/build/data_logger/install.log'
[8.485s] Invoked command in '/home/adela/TFM_AdelaJimenez/workspace/ros_ur_driver/src/data_logger' returned '0': PYTHONPATH=/home/adela/TFM_AdelaJimenez/build/data_logger/prefix_override:/home/adela/TFM_AdelaJimenez/install/data_logger/lib/python3.10/site-packages:${PYTHONPATH} /usr/bin/python3 -W ignore:setup.py install is deprecated setup.py egg_info --egg-base ../../../../build/data_logger build --build-base /home/adela/TFM_AdelaJimenez/build/data_logger/build install --record /home/adela/TFM_AdelaJimenez/build/data_logger/install.log --single-version-externally-managed install_data
