[0.288s] Invoking command in '/home/adela/TFM_AdelaJimenez/build/ur_robot_driver': AMENT_PREFIX_PATH=/home/adela/TFM_AdelaJimenez/install/ur_controllers:/home/adela/TFM_AdelaJimenez/install/ur_description:/home/adela/TFM_AdelaJimenez/install/ur_dashboard_msgs:${AMENT_PREFIX_PATH} CMAKE_PREFIX_PATH=/home/adela/TFM_AdelaJimenez/install/ur_controllers:/home/adela/TFM_AdelaJimenez/install/ur_description:/home/adela/TFM_AdelaJimenez/install/ur_dashboard_msgs:/home/adela/TFM_AdelaJimenez/workspace/ros_ur_driver/install/ur:/home/adela/TFM_AdelaJimenez/workspace/ros_ur_driver/install/ur_calibration:/home/adela/TFM_AdelaJimenez/workspace/ros_ur_driver/install/ur_robot_driver:/home/adela/TFM_AdelaJimenez/workspace/ros_ur_driver/install/ur_moveit_config:/home/adela/TFM_AdelaJimenez/workspace/ros_ur_driver/install/ur_bringup:/home/adela/TFM_AdelaJimenez/workspace/ros_ur_driver/install/ur_description:/home/adela/TFM_AdelaJimenez/workspace/ros_ur_driver/install/ur_controllers:/home/adela/TFM_AdelaJimenez/workspace/ros_ur_driver/install/ur_dashboard_msgs:/home/adela/TFM_MiguelLerinAlonso/workspace/ros_ur_driver/install/ur:/home/adela/TFM_MiguelLerinAlonso/workspace/ros_ur_driver/install/ur_calibration:/home/adela/TFM_MiguelLerinAlonso/workspace/ros_ur_driver/install/ur_robot_driver:/home/adela/TFM_MiguelLerinAlonso/workspace/ros_ur_driver/install/ur_moveit_config:/home/adela/TFM_MiguelLerinAlonso/workspace/ros_ur_driver/install/ur_bringup:/home/adela/TFM_MiguelLerinAlonso/workspace/ros_ur_driver/install/ur_description:/home/adela/TFM_MiguelLerinAlonso/workspace/ros_ur_driver/install/ur_controllers:/home/adela/TFM_MiguelLerinAlonso/workspace/ros_ur_driver/install/ur_dashboard_msgs:/home/adela/workspace/ros_ur_driver/install/ur:/home/adela/workspace/ros_ur_driver/install/ur_calibration:/home/adela/workspace/ros_ur_driver/install/ur_robot_driver:/home/adela/workspace/ros_ur_driver/install/ur_moveit_config:/home/adela/workspace/ros_ur_driver/install/ur_bringup:/home/adela/workspace/ros_ur_driver/install/ur_description:/home/adela/workspace/ros_ur_driver/install/ur_controllers:/home/adela/workspace/ros_ur_driver/install/ur_dashboard_msgs:/home/adela/TFM_AdelaJimenez/workspace/ros_ur_driver/install/trayectories:/home/adela/TFM_AdelaJimenez/workspace/ros_ur_driver/install/rutine_launcher:/home/adela/TFM_AdelaJimenez/workspace/ros_ur_driver/install/data_logger:/home/adela/TFM_AdelaJimenez/workspace/ros_ur_driver/install/build_platform:/home/adela/TFM_MiguelLerinAlonso/workspace/ros_ur_driver/install/trayectories:/home/adela/TFM_MiguelLerinAlonso/workspace/ros_ur_driver/install/rutine_launcher:/home/adela/TFM_MiguelLerinAlonso/workspace/ros_ur_driver/install/data_logger:/home/adela/TFM_MiguelLerinAlonso/workspace/ros_ur_driver/install/build_platform:/opt/ros/humble LD_LIBRARY_PATH=/home/adela/TFM_AdelaJimenez/install/ur_controllers/lib:/home/adela/TFM_AdelaJimenez/install/ur_dashboard_msgs/lib:${LD_LIBRARY_PATH} PYTHONPATH=/home/adela/TFM_AdelaJimenez/install/ur_dashboard_msgs/local/lib/python3.10/dist-packages:${PYTHONPATH} /usr/bin/cmake --build /home/adela/TFM_AdelaJimenez/build/ur_robot_driver -- -j2 -l2
[1.061s] [ 26%] Built target ur_robot_driver_plugin
[1.545s] [ 53%] Built target dashboard_client
[1.887s] [ 66%] Built target ur_ros2_control_node
[2.296s] [ 86%] Built target controller_stopper_node
[2.471s] [100%] Built target urscript_interface
[2.743s] [100%] Built target ament_cmake_python_copy_ur_robot_driver
[6.680s] running egg_info
[6.699s] writing ur_robot_driver.egg-info/PKG-INFO
[6.706s] writing dependency_links to ur_robot_driver.egg-info/dependency_links.txt
[6.709s] writing top-level names to ur_robot_driver.egg-info/top_level.txt
[6.755s] reading manifest file 'ur_robot_driver.egg-info/SOURCES.txt'
[6.766s] writing manifest file 'ur_robot_driver.egg-info/SOURCES.txt'
[7.233s] [100%] Built target ament_cmake_python_build_ur_robot_driver_egg
[7.466s] Invoked command in '/home/adela/TFM_AdelaJimenez/build/ur_robot_driver' returned '0': AMENT_PREFIX_PATH=/home/adela/TFM_AdelaJimenez/install/ur_controllers:/home/adela/TFM_AdelaJimenez/install/ur_description:/home/adela/TFM_AdelaJimenez/install/ur_dashboard_msgs:${AMENT_PREFIX_PATH} CMAKE_PREFIX_PATH=/home/adela/TFM_AdelaJimenez/install/ur_controllers:/home/adela/TFM_AdelaJimenez/install/ur_description:/home/adela/TFM_AdelaJimenez/install/ur_dashboard_msgs:/home/adela/TFM_AdelaJimenez/workspace/ros_ur_driver/install/ur:/home/adela/TFM_AdelaJimenez/workspace/ros_ur_driver/install/ur_calibration:/home/adela/TFM_AdelaJimenez/workspace/ros_ur_driver/install/ur_robot_driver:/home/adela/TFM_AdelaJimenez/workspace/ros_ur_driver/install/ur_moveit_config:/home/adela/TFM_AdelaJimenez/workspace/ros_ur_driver/install/ur_bringup:/home/adela/TFM_AdelaJimenez/workspace/ros_ur_driver/install/ur_description:/home/adela/TFM_AdelaJimenez/workspace/ros_ur_driver/install/ur_controllers:/home/adela/TFM_AdelaJimenez/workspace/ros_ur_driver/install/ur_dashboard_msgs:/home/adela/TFM_MiguelLerinAlonso/workspace/ros_ur_driver/install/ur:/home/adela/TFM_MiguelLerinAlonso/workspace/ros_ur_driver/install/ur_calibration:/home/adela/TFM_MiguelLerinAlonso/workspace/ros_ur_driver/install/ur_robot_driver:/home/adela/TFM_MiguelLerinAlonso/workspace/ros_ur_driver/install/ur_moveit_config:/home/adela/TFM_MiguelLerinAlonso/workspace/ros_ur_driver/install/ur_bringup:/home/adela/TFM_MiguelLerinAlonso/workspace/ros_ur_driver/install/ur_description:/home/adela/TFM_MiguelLerinAlonso/workspace/ros_ur_driver/install/ur_controllers:/home/adela/TFM_MiguelLerinAlonso/workspace/ros_ur_driver/install/ur_dashboard_msgs:/home/adela/workspace/ros_ur_driver/install/ur:/home/adela/workspace/ros_ur_driver/install/ur_calibration:/home/adela/workspace/ros_ur_driver/install/ur_robot_driver:/home/adela/workspace/ros_ur_driver/install/ur_moveit_config:/home/adela/workspace/ros_ur_driver/install/ur_bringup:/home/adela/workspace/ros_ur_driver/install/ur_description:/home/adela/workspace/ros_ur_driver/install/ur_controllers:/home/adela/workspace/ros_ur_driver/install/ur_dashboard_msgs:/home/adela/TFM_AdelaJimenez/workspace/ros_ur_driver/install/trayectories:/home/adela/TFM_AdelaJimenez/workspace/ros_ur_driver/install/rutine_launcher:/home/adela/TFM_AdelaJimenez/workspace/ros_ur_driver/install/data_logger:/home/adela/TFM_AdelaJimenez/workspace/ros_ur_driver/install/build_platform:/home/adela/TFM_MiguelLerinAlonso/workspace/ros_ur_driver/install/trayectories:/home/adela/TFM_MiguelLerinAlonso/workspace/ros_ur_driver/install/rutine_launcher:/home/adela/TFM_MiguelLerinAlonso/workspace/ros_ur_driver/install/data_logger:/home/adela/TFM_MiguelLerinAlonso/workspace/ros_ur_driver/install/build_platform:/opt/ros/humble LD_LIBRARY_PATH=/home/adela/TFM_AdelaJimenez/install/ur_controllers/lib:/home/adela/TFM_AdelaJimenez/install/ur_dashboard_msgs/lib:${LD_LIBRARY_PATH} PYTHONPATH=/home/adela/TFM_AdelaJimenez/install/ur_dashboard_msgs/local/lib/python3.10/dist-packages:${PYTHONPATH} /usr/bin/cmake --build /home/adela/TFM_AdelaJimenez/build/ur_robot_driver -- -j2 -l2
[8.322s] Invoking command in '/home/adela/TFM_AdelaJimenez/build/ur_robot_driver': AMENT_PREFIX_PATH=/home/adela/TFM_AdelaJimenez/install/ur_controllers:/home/adela/TFM_AdelaJimenez/install/ur_description:/home/adela/TFM_AdelaJimenez/install/ur_dashboard_msgs:${AMENT_PREFIX_PATH} CMAKE_PREFIX_PATH=/home/adela/TFM_AdelaJimenez/install/ur_controllers:/home/adela/TFM_AdelaJimenez/install/ur_description:/home/adela/TFM_AdelaJimenez/install/ur_dashboard_msgs:/home/adela/TFM_AdelaJimenez/workspace/ros_ur_driver/install/ur:/home/adela/TFM_AdelaJimenez/workspace/ros_ur_driver/install/ur_calibration:/home/adela/TFM_AdelaJimenez/workspace/ros_ur_driver/install/ur_robot_driver:/home/adela/TFM_AdelaJimenez/workspace/ros_ur_driver/install/ur_moveit_config:/home/adela/TFM_AdelaJimenez/workspace/ros_ur_driver/install/ur_bringup:/home/adela/TFM_AdelaJimenez/workspace/ros_ur_driver/install/ur_description:/home/adela/TFM_AdelaJimenez/workspace/ros_ur_driver/install/ur_controllers:/home/adela/TFM_AdelaJimenez/workspace/ros_ur_driver/install/ur_dashboard_msgs:/home/adela/TFM_MiguelLerinAlonso/workspace/ros_ur_driver/install/ur:/home/adela/TFM_MiguelLerinAlonso/workspace/ros_ur_driver/install/ur_calibration:/home/adela/TFM_MiguelLerinAlonso/workspace/ros_ur_driver/install/ur_robot_driver:/home/adela/TFM_MiguelLerinAlonso/workspace/ros_ur_driver/install/ur_moveit_config:/home/adela/TFM_MiguelLerinAlonso/workspace/ros_ur_driver/install/ur_bringup:/home/adela/TFM_MiguelLerinAlonso/workspace/ros_ur_driver/install/ur_description:/home/adela/TFM_MiguelLerinAlonso/workspace/ros_ur_driver/install/ur_controllers:/home/adela/TFM_MiguelLerinAlonso/workspace/ros_ur_driver/install/ur_dashboard_msgs:/home/adela/workspace/ros_ur_driver/install/ur:/home/adela/workspace/ros_ur_driver/install/ur_calibration:/home/adela/workspace/ros_ur_driver/install/ur_robot_driver:/home/adela/workspace/ros_ur_driver/install/ur_moveit_config:/home/adela/workspace/ros_ur_driver/install/ur_bringup:/home/adela/workspace/ros_ur_driver/install/ur_description:/home/adela/workspace/ros_ur_driver/install/ur_controllers:/home/adela/workspace/ros_ur_driver/install/ur_dashboard_msgs:/home/adela/TFM_AdelaJimenez/workspace/ros_ur_driver/install/trayectories:/home/adela/TFM_AdelaJimenez/workspace/ros_ur_driver/install/rutine_launcher:/home/adela/TFM_AdelaJimenez/workspace/ros_ur_driver/install/data_logger:/home/adela/TFM_AdelaJimenez/workspace/ros_ur_driver/install/build_platform:/home/adela/TFM_MiguelLerinAlonso/workspace/ros_ur_driver/install/trayectories:/home/adela/TFM_MiguelLerinAlonso/workspace/ros_ur_driver/install/rutine_launcher:/home/adela/TFM_MiguelLerinAlonso/workspace/ros_ur_driver/install/data_logger:/home/adela/TFM_MiguelLerinAlonso/workspace/ros_ur_driver/install/build_platform:/opt/ros/humble LD_LIBRARY_PATH=/home/adela/TFM_AdelaJimenez/install/ur_controllers/lib:/home/adela/TFM_AdelaJimenez/install/ur_dashboard_msgs/lib:${LD_LIBRARY_PATH} PYTHONPATH=/home/adela/TFM_AdelaJimenez/install/ur_dashboard_msgs/local/lib/python3.10/dist-packages:${PYTHONPATH} /usr/bin/cmake --install /home/adela/TFM_AdelaJimenez/build/ur_robot_driver
[8.421s] -- Install configuration: "RelWithDebInfo"
[8.421s] -- Up-to-date: /home/adela/TFM_AdelaJimenez/install/ur_robot_driver/share/ur_robot_driver/hardware_interface_plugin.xml
[8.424s] -- Up-to-date: /home/adela/TFM_AdelaJimenez/install/ur_robot_driver/lib/ur_robot_driver/dashboard_client
[8.424s] -- Up-to-date: /home/adela/TFM_AdelaJimenez/install/ur_robot_driver/lib/ur_robot_driver/ur_ros2_control_node
[8.430s] -- Up-to-date: /home/adela/TFM_AdelaJimenez/install/ur_robot_driver/lib/ur_robot_driver/controller_stopper_node
[8.430s] -- Up-to-date: /home/adela/TFM_AdelaJimenez/install/ur_robot_driver/lib/ur_robot_driver/urscript_interface
[8.430s] -- Up-to-date: /home/adela/TFM_AdelaJimenez/install/ur_robot_driver/lib/libur_robot_driver_plugin.so
[8.430s] -- Up-to-date: /home/adela/TFM_AdelaJimenez/install/ur_robot_driver/include
[8.430s] -- Up-to-date: /home/adela/TFM_AdelaJimenez/install/ur_robot_driver/include/ur_robot_driver
[8.430s] -- Up-to-date: /home/adela/TFM_AdelaJimenez/install/ur_robot_driver/include/ur_robot_driver/hardware_interface.hpp
[8.441s] -- Up-to-date: /home/adela/TFM_AdelaJimenez/install/ur_robot_driver/include/ur_robot_driver/urcl_log_handler.hpp
[8.441s] -- Up-to-date: /home/adela/TFM_AdelaJimenez/install/ur_robot_driver/include/ur_robot_driver/controller_stopper.hpp
[8.441s] -- Up-to-date: /home/adela/TFM_AdelaJimenez/install/ur_robot_driver/include/ur_robot_driver/dashboard_client_ros.hpp
[8.441s] -- Up-to-date: /home/adela/TFM_AdelaJimenez/install/ur_robot_driver/share/ur_robot_driver/environment/library_path.sh
[8.441s] -- Up-to-date: /home/adela/TFM_AdelaJimenez/install/ur_robot_driver/share/ur_robot_driver/environment/library_path.dsv
[8.442s] -- Up-to-date: /home/adela/TFM_AdelaJimenez/install/ur_robot_driver/share/ur_robot_driver/resources
[8.442s] -- Up-to-date: /home/adela/TFM_AdelaJimenez/install/ur_robot_driver/share/ur_robot_driver/resources/rtde_output_recipe.txt
[8.444s] -- Up-to-date: /home/adela/TFM_AdelaJimenez/install/ur_robot_driver/share/ur_robot_driver/resources/ros_control.urscript
[8.444s] -- Up-to-date: /home/adela/TFM_AdelaJimenez/install/ur_robot_driver/share/ur_robot_driver/resources/rs485-1.0.urcap
[8.444s] -- Up-to-date: /home/adela/TFM_AdelaJimenez/install/ur_robot_driver/share/ur_robot_driver/resources/rtde_input_recipe.txt
[8.453s] -- Up-to-date: /home/adela/TFM_AdelaJimenez/install/ur_robot_driver/share/ur_robot_driver/resources/externalcontrol-1.0.5.urcap
[8.454s] -- Up-to-date: /home/adela/TFM_AdelaJimenez/install/ur_robot_driver/include
[8.457s] -- Up-to-date: /home/adela/TFM_AdelaJimenez/install/ur_robot_driver/include/ur_robot_driver
[8.457s] -- Up-to-date: /home/adela/TFM_AdelaJimenez/install/ur_robot_driver/include/ur_robot_driver/hardware_interface.hpp
[8.458s] -- Up-to-date: /home/adela/TFM_AdelaJimenez/install/ur_robot_driver/include/ur_robot_driver/urcl_log_handler.hpp
[8.458s] -- Up-to-date: /home/adela/TFM_AdelaJimenez/install/ur_robot_driver/include/ur_robot_driver/controller_stopper.hpp
[8.463s] -- Up-to-date: /home/adela/TFM_AdelaJimenez/install/ur_robot_driver/include/ur_robot_driver/dashboard_client_ros.hpp
[8.471s] -- Up-to-date: /home/adela/TFM_AdelaJimenez/install/ur_robot_driver/share/ur_robot_driver/environment/pythonpath.sh
[8.471s] -- Up-to-date: /home/adela/TFM_AdelaJimenez/install/ur_robot_driver/share/ur_robot_driver/environment/pythonpath.dsv
[8.474s] -- Up-to-date: /home/adela/TFM_AdelaJimenez/install/ur_robot_driver/local/lib/python3.10/dist-packages/ur_robot_driver-2.2.10-py3.10.egg-info
[8.474s] -- Installing: /home/adela/TFM_AdelaJimenez/install/ur_robot_driver/local/lib/python3.10/dist-packages/ur_robot_driver-2.2.10-py3.10.egg-info/dependency_links.txt
[8.474s] -- Installing: /home/adela/TFM_AdelaJimenez/install/ur_robot_driver/local/lib/python3.10/dist-packages/ur_robot_driver-2.2.10-py3.10.egg-info/PKG-INFO
[8.474s] -- Installing: /home/adela/TFM_AdelaJimenez/install/ur_robot_driver/local/lib/python3.10/dist-packages/ur_robot_driver-2.2.10-py3.10.egg-info/top_level.txt
[8.474s] -- Installing: /home/adela/TFM_AdelaJimenez/install/ur_robot_driver/local/lib/python3.10/dist-packages/ur_robot_driver-2.2.10-py3.10.egg-info/SOURCES.txt
[8.474s] -- Up-to-date: /home/adela/TFM_AdelaJimenez/install/ur_robot_driver/local/lib/python3.10/dist-packages/ur_robot_driver
[8.474s] -- Up-to-date: /home/adela/TFM_AdelaJimenez/install/ur_robot_driver/local/lib/python3.10/dist-packages/ur_robot_driver/__init__.py
[9.170s] Listing '/home/adela/TFM_AdelaJimenez/install/ur_robot_driver/local/lib/python3.10/dist-packages/ur_robot_driver'...
[9.274s] -- Up-to-date: /home/adela/TFM_AdelaJimenez/install/ur_robot_driver/lib/ur_robot_driver/tool_communication.py
[9.274s] -- Up-to-date: /home/adela/TFM_AdelaJimenez/install/ur_robot_driver/bin/wait_dashboard_server.sh
[9.274s] -- Up-to-date: /home/adela/TFM_AdelaJimenez/install/ur_robot_driver/lib/ur_robot_driver/start_ursim.sh
[9.274s] -- Up-to-date: /home/adela/TFM_AdelaJimenez/install/ur_robot_driver/share/ur_robot_driver/config
[9.275s] -- Up-to-date: /home/adela/TFM_AdelaJimenez/install/ur_robot_driver/share/ur_robot_driver/config/ur20_update_rate.yaml
[9.275s] -- Up-to-date: /home/adela/TFM_AdelaJimenez/install/ur_robot_driver/share/ur_robot_driver/config/ur3e_update_rate.yaml
[9.275s] -- Up-to-date: /home/adela/TFM_AdelaJimenez/install/ur_robot_driver/share/ur_robot_driver/config/ur10e_update_rate.yaml
[9.275s] -- Up-to-date: /home/adela/TFM_AdelaJimenez/install/ur_robot_driver/share/ur_robot_driver/config/ur3_update_rate.yaml
[9.275s] -- Up-to-date: /home/adela/TFM_AdelaJimenez/install/ur_robot_driver/share/ur_robot_driver/config/test_velocity_goal_publishers_config.yaml
[9.275s] -- Up-to-date: /home/adela/TFM_AdelaJimenez/install/ur_robot_driver/share/ur_robot_driver/config/ur16e_update_rate.yaml
[9.275s] -- Up-to-date: /home/adela/TFM_AdelaJimenez/install/ur_robot_driver/share/ur_robot_driver/config/ur_controllers.yaml
[9.275s] -- Up-to-date: /home/adela/TFM_AdelaJimenez/install/ur_robot_driver/share/ur_robot_driver/config/test_goal_publishers_config.yaml
[9.275s] -- Up-to-date: /home/adela/TFM_AdelaJimenez/install/ur_robot_driver/share/ur_robot_driver/config/ur5_update_rate.yaml
[9.275s] -- Up-to-date: /home/adela/TFM_AdelaJimenez/install/ur_robot_driver/share/ur_robot_driver/config/ur5e_update_rate.yaml
[9.276s] -- Up-to-date: /home/adela/TFM_AdelaJimenez/install/ur_robot_driver/share/ur_robot_driver/config/ur10_update_rate.yaml
[9.276s] -- Up-to-date: /home/adela/TFM_AdelaJimenez/install/ur_robot_driver/share/ur_robot_driver/launch
[9.276s] -- Up-to-date: /home/adela/TFM_AdelaJimenez/install/ur_robot_driver/share/ur_robot_driver/launch/test_joint_trajectory_controller.launch.py
[9.276s] -- Up-to-date: /home/adela/TFM_AdelaJimenez/install/ur_robot_driver/share/ur_robot_driver/launch/ur20.launch.py
[9.276s] -- Up-to-date: /home/adela/TFM_AdelaJimenez/install/ur_robot_driver/share/ur_robot_driver/launch/ur10.launch.py
[9.276s] -- Up-to-date: /home/adela/TFM_AdelaJimenez/install/ur_robot_driver/share/ur_robot_driver/launch/ur16e.launch.py
[9.295s] -- Up-to-date: /home/adela/TFM_AdelaJimenez/install/ur_robot_driver/share/ur_robot_driver/launch/ur_control.launch.py
[9.314s] -- Up-to-date: /home/adela/TFM_AdelaJimenez/install/ur_robot_driver/share/ur_robot_driver/launch/test_forward_velocity_controller.launch.py
[9.315s] -- Up-to-date: /home/adela/TFM_AdelaJimenez/install/ur_robot_driver/share/ur_robot_driver/launch/ur_dashboard_client.launch.py
[9.315s] -- Up-to-date: /home/adela/TFM_AdelaJimenez/install/ur_robot_driver/share/ur_robot_driver/launch/ur3e.launch.py
[9.333s] -- Up-to-date: /home/adela/TFM_AdelaJimenez/install/ur_robot_driver/share/ur_robot_driver/launch/ur10e.launch.py
[9.333s] -- Up-to-date: /home/adela/TFM_AdelaJimenez/install/ur_robot_driver/share/ur_robot_driver/launch/ur5.launch.py
[9.333s] -- Up-to-date: /home/adela/TFM_AdelaJimenez/install/ur_robot_driver/share/ur_robot_driver/launch/ur3.launch.py
[9.333s] -- Up-to-date: /home/adela/TFM_AdelaJimenez/install/ur_robot_driver/share/ur_robot_driver/launch/ur5e.launch.py
[9.333s] -- Up-to-date: /home/adela/TFM_AdelaJimenez/install/ur_robot_driver/share/ur_robot_driver/launch/test_scaled_joint_trajectory_controller.launch.py
[9.333s] -- Up-to-date: /home/adela/TFM_AdelaJimenez/install/ur_robot_driver/share/ament_index/resource_index/package_run_dependencies/ur_robot_driver
[9.333s] -- Up-to-date: /home/adela/TFM_AdelaJimenez/install/ur_robot_driver/share/ament_index/resource_index/parent_prefix_path/ur_robot_driver
[9.334s] -- Up-to-date: /home/adela/TFM_AdelaJimenez/install/ur_robot_driver/share/ur_robot_driver/environment/ament_prefix_path.sh
[9.334s] -- Up-to-date: /home/adela/TFM_AdelaJimenez/install/ur_robot_driver/share/ur_robot_driver/environment/ament_prefix_path.dsv
[9.334s] -- Up-to-date: /home/adela/TFM_AdelaJimenez/install/ur_robot_driver/share/ur_robot_driver/environment/path.sh
[9.334s] -- Up-to-date: /home/adela/TFM_AdelaJimenez/install/ur_robot_driver/share/ur_robot_driver/environment/path.dsv
[9.334s] -- Up-to-date: /home/adela/TFM_AdelaJimenez/install/ur_robot_driver/share/ur_robot_driver/local_setup.bash
[9.334s] -- Up-to-date: /home/adela/TFM_AdelaJimenez/install/ur_robot_driver/share/ur_robot_driver/local_setup.sh
[9.334s] -- Up-to-date: /home/adela/TFM_AdelaJimenez/install/ur_robot_driver/share/ur_robot_driver/local_setup.zsh
[9.334s] -- Up-to-date: /home/adela/TFM_AdelaJimenez/install/ur_robot_driver/share/ur_robot_driver/local_setup.dsv
[9.334s] -- Installing: /home/adela/TFM_AdelaJimenez/install/ur_robot_driver/share/ur_robot_driver/package.dsv
[9.334s] -- Up-to-date: /home/adela/TFM_AdelaJimenez/install/ur_robot_driver/share/ament_index/resource_index/packages/ur_robot_driver
[9.335s] -- Up-to-date: /home/adela/TFM_AdelaJimenez/install/ur_robot_driver/share/ament_index/resource_index/hardware_interface__pluginlib__plugin/ur_robot_driver
[9.335s] -- Up-to-date: /home/adela/TFM_AdelaJimenez/install/ur_robot_driver/share/ur_robot_driver/cmake/ament_cmake_export_include_directories-extras.cmake
[9.335s] -- Up-to-date: /home/adela/TFM_AdelaJimenez/install/ur_robot_driver/share/ur_robot_driver/cmake/ament_cmake_export_libraries-extras.cmake
[9.335s] -- Up-to-date: /home/adela/TFM_AdelaJimenez/install/ur_robot_driver/share/ur_robot_driver/cmake/ament_cmake_export_dependencies-extras.cmake
[9.335s] -- Up-to-date: /home/adela/TFM_AdelaJimenez/install/ur_robot_driver/share/ur_robot_driver/cmake/ur_robot_driverConfig.cmake
[9.335s] -- Up-to-date: /home/adela/TFM_AdelaJimenez/install/ur_robot_driver/share/ur_robot_driver/cmake/ur_robot_driverConfig-version.cmake
[9.335s] -- Up-to-date: /home/adela/TFM_AdelaJimenez/install/ur_robot_driver/share/ur_robot_driver/package.xml
[9.382s] Invoked command in '/home/adela/TFM_AdelaJimenez/build/ur_robot_driver' returned '0': AMENT_PREFIX_PATH=/home/adela/TFM_AdelaJimenez/install/ur_controllers:/home/adela/TFM_AdelaJimenez/install/ur_description:/home/adela/TFM_AdelaJimenez/install/ur_dashboard_msgs:${AMENT_PREFIX_PATH} CMAKE_PREFIX_PATH=/home/adela/TFM_AdelaJimenez/install/ur_controllers:/home/adela/TFM_AdelaJimenez/install/ur_description:/home/adela/TFM_AdelaJimenez/install/ur_dashboard_msgs:/home/adela/TFM_AdelaJimenez/workspace/ros_ur_driver/install/ur:/home/adela/TFM_AdelaJimenez/workspace/ros_ur_driver/install/ur_calibration:/home/adela/TFM_AdelaJimenez/workspace/ros_ur_driver/install/ur_robot_driver:/home/adela/TFM_AdelaJimenez/workspace/ros_ur_driver/install/ur_moveit_config:/home/adela/TFM_AdelaJimenez/workspace/ros_ur_driver/install/ur_bringup:/home/adela/TFM_AdelaJimenez/workspace/ros_ur_driver/install/ur_description:/home/adela/TFM_AdelaJimenez/workspace/ros_ur_driver/install/ur_controllers:/home/adela/TFM_AdelaJimenez/workspace/ros_ur_driver/install/ur_dashboard_msgs:/home/adela/TFM_MiguelLerinAlonso/workspace/ros_ur_driver/install/ur:/home/adela/TFM_MiguelLerinAlonso/workspace/ros_ur_driver/install/ur_calibration:/home/adela/TFM_MiguelLerinAlonso/workspace/ros_ur_driver/install/ur_robot_driver:/home/adela/TFM_MiguelLerinAlonso/workspace/ros_ur_driver/install/ur_moveit_config:/home/adela/TFM_MiguelLerinAlonso/workspace/ros_ur_driver/install/ur_bringup:/home/adela/TFM_MiguelLerinAlonso/workspace/ros_ur_driver/install/ur_description:/home/adela/TFM_MiguelLerinAlonso/workspace/ros_ur_driver/install/ur_controllers:/home/adela/TFM_MiguelLerinAlonso/workspace/ros_ur_driver/install/ur_dashboard_msgs:/home/adela/workspace/ros_ur_driver/install/ur:/home/adela/workspace/ros_ur_driver/install/ur_calibration:/home/adela/workspace/ros_ur_driver/install/ur_robot_driver:/home/adela/workspace/ros_ur_driver/install/ur_moveit_config:/home/adela/workspace/ros_ur_driver/install/ur_bringup:/home/adela/workspace/ros_ur_driver/install/ur_description:/home/adela/workspace/ros_ur_driver/install/ur_controllers:/home/adela/workspace/ros_ur_driver/install/ur_dashboard_msgs:/home/adela/TFM_AdelaJimenez/workspace/ros_ur_driver/install/trayectories:/home/adela/TFM_AdelaJimenez/workspace/ros_ur_driver/install/rutine_launcher:/home/adela/TFM_AdelaJimenez/workspace/ros_ur_driver/install/data_logger:/home/adela/TFM_AdelaJimenez/workspace/ros_ur_driver/install/build_platform:/home/adela/TFM_MiguelLerinAlonso/workspace/ros_ur_driver/install/trayectories:/home/adela/TFM_MiguelLerinAlonso/workspace/ros_ur_driver/install/rutine_launcher:/home/adela/TFM_MiguelLerinAlonso/workspace/ros_ur_driver/install/data_logger:/home/adela/TFM_MiguelLerinAlonso/workspace/ros_ur_driver/install/build_platform:/opt/ros/humble LD_LIBRARY_PATH=/home/adela/TFM_AdelaJimenez/install/ur_controllers/lib:/home/adela/TFM_AdelaJimenez/install/ur_dashboard_msgs/lib:${LD_LIBRARY_PATH} PYTHONPATH=/home/adela/TFM_AdelaJimenez/install/ur_dashboard_msgs/local/lib/python3.10/dist-packages:${PYTHONPATH} /usr/bin/cmake --install /home/adela/TFM_AdelaJimenez/build/ur_robot_driver
