[0.057s] Invoking command in '/home/adela/TFM_AdelaJimenez/build/ur_dashboard_msgs': CMAKE_PREFIX_PATH=${CMAKE_PREFIX_PATH}:/home/adela/TFM_AdelaJimenez/workspace/ros_ur_driver/install/trayectories:/home/adela/TFM_AdelaJimenez/workspace/ros_ur_driver/install/conversion_datos:/home/adela/TFM_MiguelLerinAlonso/workspace/ros_ur_driver/install/trayectories:/home/adela/TFM_MiguelLerinAlonso/workspace/ros_ur_driver/install/rutine_launcher:/home/adela/TFM_MiguelLerinAlonso/workspace/ros_ur_driver/install/data_logger:/home/adela/TFM_MiguelLerinAlonso/workspace/ros_ur_driver/install/build_platform:/opt/ros/humble /usr/bin/cmake --build /home/adela/TFM_AdelaJimenez/build/ur_dashboard_msgs -- -j2 -l2
[0.468s] [  0%] Built target ur_dashboard_msgs__cpp
[0.679s] [ 12%] Built target ur_dashboard_msgs__rosidl_generator_c
[0.914s] [ 12%] Built target ament_cmake_python_copy_ur_dashboard_msgs
[1.258s] [ 24%] Built target ur_dashboard_msgs__rosidl_typesupport_cpp
[1.465s] [ 36%] Built target ur_dashboard_msgs__rosidl_typesupport_fastrtps_c
[1.648s] [ 48%] Built target ur_dashboard_msgs__rosidl_typesupport_introspection_c
[1.765s] [ 60%] Built target ur_dashboard_msgs__rosidl_typesupport_c
[2.116s] [ 72%] Built target ur_dashboard_msgs__rosidl_typesupport_fastrtps_cpp
[2.402s] [ 84%] Built target ur_dashboard_msgs__rosidl_typesupport_introspection_cpp
[4.209s] running egg_info
[4.219s] writing ur_dashboard_msgs.egg-info/PKG-INFO
[4.239s] writing dependency_links to ur_dashboard_msgs.egg-info/dependency_links.txt
[4.239s] writing top-level names to ur_dashboard_msgs.egg-info/top_level.txt
[4.268s] reading manifest file 'ur_dashboard_msgs.egg-info/SOURCES.txt'
[4.272s] writing manifest file 'ur_dashboard_msgs.egg-info/SOURCES.txt'
[4.457s] [ 84%] Built target ament_cmake_python_build_ur_dashboard_msgs_egg
[4.620s] [ 84%] Built target ur_dashboard_msgs
[4.711s] [ 85%] Built target ur_dashboard_msgs__py
[4.961s] [ 96%] Built target ur_dashboard_msgs__rosidl_generator_py
[5.158s] [ 97%] Built target ur_dashboard_msgs__rosidl_typesupport_fastrtps_c__pyext
[5.289s] [ 99%] Built target ur_dashboard_msgs__rosidl_typesupport_introspection_c__pyext
[5.539s] [100%] Built target ur_dashboard_msgs__rosidl_typesupport_c__pyext
[5.659s] Invoked command in '/home/adela/TFM_AdelaJimenez/build/ur_dashboard_msgs' returned '0': CMAKE_PREFIX_PATH=${CMAKE_PREFIX_PATH}:/home/adela/TFM_AdelaJimenez/workspace/ros_ur_driver/install/trayectories:/home/adela/TFM_AdelaJimenez/workspace/ros_ur_driver/install/conversion_datos:/home/adela/TFM_MiguelLerinAlonso/workspace/ros_ur_driver/install/trayectories:/home/adela/TFM_MiguelLerinAlonso/workspace/ros_ur_driver/install/rutine_launcher:/home/adela/TFM_MiguelLerinAlonso/workspace/ros_ur_driver/install/data_logger:/home/adela/TFM_MiguelLerinAlonso/workspace/ros_ur_driver/install/build_platform:/opt/ros/humble /usr/bin/cmake --build /home/adela/TFM_AdelaJimenez/build/ur_dashboard_msgs -- -j2 -l2
[8.313s] Invoking command in '/home/adela/TFM_AdelaJimenez/build/ur_dashboard_msgs': CMAKE_PREFIX_PATH=${CMAKE_PREFIX_PATH}:/home/adela/TFM_AdelaJimenez/workspace/ros_ur_driver/install/trayectories:/home/adela/TFM_AdelaJimenez/workspace/ros_ur_driver/install/conversion_datos:/home/adela/TFM_MiguelLerinAlonso/workspace/ros_ur_driver/install/trayectories:/home/adela/TFM_MiguelLerinAlonso/workspace/ros_ur_driver/install/rutine_launcher:/home/adela/TFM_MiguelLerinAlonso/workspace/ros_ur_driver/install/data_logger:/home/adela/TFM_MiguelLerinAlonso/workspace/ros_ur_driver/install/build_platform:/opt/ros/humble /usr/bin/cmake --install /home/adela/TFM_AdelaJimenez/build/ur_dashboard_msgs
[8.368s] -- Install configuration: ""
[8.368s] -- Up-to-date: /home/adela/TFM_AdelaJimenez/install/ur_dashboard_msgs/share/ament_index/resource_index/rosidl_interfaces/ur_dashboard_msgs
[8.369s] -- Up-to-date: /home/adela/TFM_AdelaJimenez/install/ur_dashboard_msgs/include/ur_dashboard_msgs/ur_dashboard_msgs
[8.375s] -- Up-to-date: /home/adela/TFM_AdelaJimenez/install/ur_dashboard_msgs/include/ur_dashboard_msgs/ur_dashboard_msgs/action
[8.375s] -- Up-to-date: /home/adela/TFM_AdelaJimenez/install/ur_dashboard_msgs/include/ur_dashboard_msgs/ur_dashboard_msgs/action/detail
[8.376s] -- Up-to-date: /home/adela/TFM_AdelaJimenez/install/ur_dashboard_msgs/include/ur_dashboard_msgs/ur_dashboard_msgs/action/detail/set_mode__functions.h
[8.376s] -- Up-to-date: /home/adela/TFM_AdelaJimenez/install/ur_dashboard_msgs/include/ur_dashboard_msgs/ur_dashboard_msgs/action/detail/set_mode__type_support.h
[8.376s] -- Up-to-date: /home/adela/TFM_AdelaJimenez/install/ur_dashboard_msgs/include/ur_dashboard_msgs/ur_dashboard_msgs/action/detail/set_mode__functions.c
[8.388s] -- Up-to-date: /home/adela/TFM_AdelaJimenez/install/ur_dashboard_msgs/include/ur_dashboard_msgs/ur_dashboard_msgs/action/detail/set_mode__struct.h
[8.388s] -- Up-to-date: /home/adela/TFM_AdelaJimenez/install/ur_dashboard_msgs/include/ur_dashboard_msgs/ur_dashboard_msgs/action/set_mode.h
[8.388s] -- Up-to-date: /home/adela/TFM_AdelaJimenez/install/ur_dashboard_msgs/include/ur_dashboard_msgs/ur_dashboard_msgs/msg
[8.388s] -- Up-to-date: /home/adela/TFM_AdelaJimenez/install/ur_dashboard_msgs/include/ur_dashboard_msgs/ur_dashboard_msgs/msg/robot_mode.h
[8.388s] -- Up-to-date: /home/adela/TFM_AdelaJimenez/install/ur_dashboard_msgs/include/ur_dashboard_msgs/ur_dashboard_msgs/msg/program_state.h
[8.388s] -- Up-to-date: /home/adela/TFM_AdelaJimenez/install/ur_dashboard_msgs/include/ur_dashboard_msgs/ur_dashboard_msgs/msg/safety_mode.h
[8.388s] -- Up-to-date: /home/adela/TFM_AdelaJimenez/install/ur_dashboard_msgs/include/ur_dashboard_msgs/ur_dashboard_msgs/msg/detail
[8.388s] -- Up-to-date: /home/adela/TFM_AdelaJimenez/install/ur_dashboard_msgs/include/ur_dashboard_msgs/ur_dashboard_msgs/msg/detail/program_state__type_support.h
[8.389s] -- Up-to-date: /home/adela/TFM_AdelaJimenez/install/ur_dashboard_msgs/include/ur_dashboard_msgs/ur_dashboard_msgs/msg/detail/program_state__functions.h
[8.389s] -- Up-to-date: /home/adela/TFM_AdelaJimenez/install/ur_dashboard_msgs/include/ur_dashboard_msgs/ur_dashboard_msgs/msg/detail/program_state__functions.c
[8.389s] -- Up-to-date: /home/adela/TFM_AdelaJimenez/install/ur_dashboard_msgs/include/ur_dashboard_msgs/ur_dashboard_msgs/msg/detail/robot_mode__type_support.h
[8.389s] -- Up-to-date: /home/adela/TFM_AdelaJimenez/install/ur_dashboard_msgs/include/ur_dashboard_msgs/ur_dashboard_msgs/msg/detail/safety_mode__functions.h
[8.396s] -- Up-to-date: /home/adela/TFM_AdelaJimenez/install/ur_dashboard_msgs/include/ur_dashboard_msgs/ur_dashboard_msgs/msg/detail/safety_mode__struct.h
[8.396s] -- Up-to-date: /home/adela/TFM_AdelaJimenez/install/ur_dashboard_msgs/include/ur_dashboard_msgs/ur_dashboard_msgs/msg/detail/robot_mode__functions.h
[8.396s] -- Up-to-date: /home/adela/TFM_AdelaJimenez/install/ur_dashboard_msgs/include/ur_dashboard_msgs/ur_dashboard_msgs/msg/detail/program_state__struct.h
[8.396s] -- Up-to-date: /home/adela/TFM_AdelaJimenez/install/ur_dashboard_msgs/include/ur_dashboard_msgs/ur_dashboard_msgs/msg/detail/robot_mode__struct.h
[8.396s] -- Up-to-date: /home/adela/TFM_AdelaJimenez/install/ur_dashboard_msgs/include/ur_dashboard_msgs/ur_dashboard_msgs/msg/detail/safety_mode__type_support.h
[8.397s] -- Up-to-date: /home/adela/TFM_AdelaJimenez/install/ur_dashboard_msgs/include/ur_dashboard_msgs/ur_dashboard_msgs/msg/detail/safety_mode__functions.c
[8.397s] -- Up-to-date: /home/adela/TFM_AdelaJimenez/install/ur_dashboard_msgs/include/ur_dashboard_msgs/ur_dashboard_msgs/msg/detail/robot_mode__functions.c
[8.399s] -- Up-to-date: /home/adela/TFM_AdelaJimenez/install/ur_dashboard_msgs/include/ur_dashboard_msgs/ur_dashboard_msgs/msg/rosidl_generator_c__visibility_control.h
[8.401s] -- Up-to-date: /home/adela/TFM_AdelaJimenez/install/ur_dashboard_msgs/include/ur_dashboard_msgs/ur_dashboard_msgs/srv
[8.401s] -- Up-to-date: /home/adela/TFM_AdelaJimenez/install/ur_dashboard_msgs/include/ur_dashboard_msgs/ur_dashboard_msgs/srv/get_loaded_program.h
[8.401s] -- Up-to-date: /home/adela/TFM_AdelaJimenez/install/ur_dashboard_msgs/include/ur_dashboard_msgs/ur_dashboard_msgs/srv/is_program_running.h
[8.401s] -- Up-to-date: /home/adela/TFM_AdelaJimenez/install/ur_dashboard_msgs/include/ur_dashboard_msgs/ur_dashboard_msgs/srv/add_to_log.h
[8.402s] -- Up-to-date: /home/adela/TFM_AdelaJimenez/install/ur_dashboard_msgs/include/ur_dashboard_msgs/ur_dashboard_msgs/srv/is_program_saved.h
[8.402s] -- Up-to-date: /home/adela/TFM_AdelaJimenez/install/ur_dashboard_msgs/include/ur_dashboard_msgs/ur_dashboard_msgs/srv/get_program_state.h
[8.405s] -- Up-to-date: /home/adela/TFM_AdelaJimenez/install/ur_dashboard_msgs/include/ur_dashboard_msgs/ur_dashboard_msgs/srv/get_robot_mode.h
[8.409s] -- Up-to-date: /home/adela/TFM_AdelaJimenez/install/ur_dashboard_msgs/include/ur_dashboard_msgs/ur_dashboard_msgs/srv/raw_request.h
[8.409s] -- Up-to-date: /home/adela/TFM_AdelaJimenez/install/ur_dashboard_msgs/include/ur_dashboard_msgs/ur_dashboard_msgs/srv/load.h
[8.409s] -- Up-to-date: /home/adela/TFM_AdelaJimenez/install/ur_dashboard_msgs/include/ur_dashboard_msgs/ur_dashboard_msgs/srv/detail
[8.409s] -- Up-to-date: /home/adela/TFM_AdelaJimenez/install/ur_dashboard_msgs/include/ur_dashboard_msgs/ur_dashboard_msgs/srv/detail/raw_request__struct.h
[8.409s] -- Up-to-date: /home/adela/TFM_AdelaJimenez/install/ur_dashboard_msgs/include/ur_dashboard_msgs/ur_dashboard_msgs/srv/detail/add_to_log__struct.h
[8.409s] -- Up-to-date: /home/adela/TFM_AdelaJimenez/install/ur_dashboard_msgs/include/ur_dashboard_msgs/ur_dashboard_msgs/srv/detail/is_program_saved__functions.c
[8.409s] -- Up-to-date: /home/adela/TFM_AdelaJimenez/install/ur_dashboard_msgs/include/ur_dashboard_msgs/ur_dashboard_msgs/srv/detail/get_robot_mode__functions.c
[8.409s] -- Up-to-date: /home/adela/TFM_AdelaJimenez/install/ur_dashboard_msgs/include/ur_dashboard_msgs/ur_dashboard_msgs/srv/detail/get_program_state__type_support.h
[8.409s] -- Up-to-date: /home/adela/TFM_AdelaJimenez/install/ur_dashboard_msgs/include/ur_dashboard_msgs/ur_dashboard_msgs/srv/detail/add_to_log__functions.c
[8.414s] -- Up-to-date: /home/adela/TFM_AdelaJimenez/install/ur_dashboard_msgs/include/ur_dashboard_msgs/ur_dashboard_msgs/srv/detail/add_to_log__type_support.h
[8.414s] -- Up-to-date: /home/adela/TFM_AdelaJimenez/install/ur_dashboard_msgs/include/ur_dashboard_msgs/ur_dashboard_msgs/srv/detail/popup__functions.h
[8.414s] -- Up-to-date: /home/adela/TFM_AdelaJimenez/install/ur_dashboard_msgs/include/ur_dashboard_msgs/ur_dashboard_msgs/srv/detail/get_safety_mode__type_support.h
[8.414s] -- Up-to-date: /home/adela/TFM_AdelaJimenez/install/ur_dashboard_msgs/include/ur_dashboard_msgs/ur_dashboard_msgs/srv/detail/get_robot_mode__type_support.h
[8.414s] -- Up-to-date: /home/adela/TFM_AdelaJimenez/install/ur_dashboard_msgs/include/ur_dashboard_msgs/ur_dashboard_msgs/srv/detail/load__type_support.h
[8.414s] -- Up-to-date: /home/adela/TFM_AdelaJimenez/install/ur_dashboard_msgs/include/ur_dashboard_msgs/ur_dashboard_msgs/srv/detail/is_program_running__type_support.h
[8.414s] -- Up-to-date: /home/adela/TFM_AdelaJimenez/install/ur_dashboard_msgs/include/ur_dashboard_msgs/ur_dashboard_msgs/srv/detail/get_program_state__struct.h
[8.414s] -- Up-to-date: /home/adela/TFM_AdelaJimenez/install/ur_dashboard_msgs/include/ur_dashboard_msgs/ur_dashboard_msgs/srv/detail/get_loaded_program__struct.h
[8.415s] -- Up-to-date: /home/adela/TFM_AdelaJimenez/install/ur_dashboard_msgs/include/ur_dashboard_msgs/ur_dashboard_msgs/srv/detail/load__functions.c
[8.415s] -- Up-to-date: /home/adela/TFM_AdelaJimenez/install/ur_dashboard_msgs/include/ur_dashboard_msgs/ur_dashboard_msgs/srv/detail/add_to_log__functions.h
[8.415s] -- Up-to-date: /home/adela/TFM_AdelaJimenez/install/ur_dashboard_msgs/include/ur_dashboard_msgs/ur_dashboard_msgs/srv/detail/load__struct.h
[8.415s] -- Up-to-date: /home/adela/TFM_AdelaJimenez/install/ur_dashboard_msgs/include/ur_dashboard_msgs/ur_dashboard_msgs/srv/detail/is_program_running__struct.h
[8.415s] -- Up-to-date: /home/adela/TFM_AdelaJimenez/install/ur_dashboard_msgs/include/ur_dashboard_msgs/ur_dashboard_msgs/srv/detail/popup__struct.h
[8.415s] -- Up-to-date: /home/adela/TFM_AdelaJimenez/install/ur_dashboard_msgs/include/ur_dashboard_msgs/ur_dashboard_msgs/srv/detail/is_program_running__functions.c
[8.415s] -- Up-to-date: /home/adela/TFM_AdelaJimenez/install/ur_dashboard_msgs/include/ur_dashboard_msgs/ur_dashboard_msgs/srv/detail/get_robot_mode__functions.h
[8.415s] -- Up-to-date: /home/adela/TFM_AdelaJimenez/install/ur_dashboard_msgs/include/ur_dashboard_msgs/ur_dashboard_msgs/srv/detail/get_safety_mode__struct.h
[8.428s] -- Up-to-date: /home/adela/TFM_AdelaJimenez/install/ur_dashboard_msgs/include/ur_dashboard_msgs/ur_dashboard_msgs/srv/detail/get_loaded_program__type_support.h
[8.428s] -- Up-to-date: /home/adela/TFM_AdelaJimenez/install/ur_dashboard_msgs/include/ur_dashboard_msgs/ur_dashboard_msgs/srv/detail/get_robot_mode__struct.h
[8.428s] -- Up-to-date: /home/adela/TFM_AdelaJimenez/install/ur_dashboard_msgs/include/ur_dashboard_msgs/ur_dashboard_msgs/srv/detail/get_safety_mode__functions.c
[8.428s] -- Up-to-date: /home/adela/TFM_AdelaJimenez/install/ur_dashboard_msgs/include/ur_dashboard_msgs/ur_dashboard_msgs/srv/detail/get_loaded_program__functions.h
[8.428s] -- Up-to-date: /home/adela/TFM_AdelaJimenez/install/ur_dashboard_msgs/include/ur_dashboard_msgs/ur_dashboard_msgs/srv/detail/get_safety_mode__functions.h
[8.428s] -- Up-to-date: /home/adela/TFM_AdelaJimenez/install/ur_dashboard_msgs/include/ur_dashboard_msgs/ur_dashboard_msgs/srv/detail/raw_request__functions.c
[8.428s] -- Up-to-date: /home/adela/TFM_AdelaJimenez/install/ur_dashboard_msgs/include/ur_dashboard_msgs/ur_dashboard_msgs/srv/detail/get_program_state__functions.c
[8.428s] -- Up-to-date: /home/adela/TFM_AdelaJimenez/install/ur_dashboard_msgs/include/ur_dashboard_msgs/ur_dashboard_msgs/srv/detail/load__functions.h
[8.428s] -- Up-to-date: /home/adela/TFM_AdelaJimenez/install/ur_dashboard_msgs/include/ur_dashboard_msgs/ur_dashboard_msgs/srv/detail/popup__functions.c
[8.429s] -- Up-to-date: /home/adela/TFM_AdelaJimenez/install/ur_dashboard_msgs/include/ur_dashboard_msgs/ur_dashboard_msgs/srv/detail/is_program_running__functions.h
[8.429s] -- Up-to-date: /home/adela/TFM_AdelaJimenez/install/ur_dashboard_msgs/include/ur_dashboard_msgs/ur_dashboard_msgs/srv/detail/get_program_state__functions.h
[8.429s] -- Up-to-date: /home/adela/TFM_AdelaJimenez/install/ur_dashboard_msgs/include/ur_dashboard_msgs/ur_dashboard_msgs/srv/detail/is_program_saved__struct.h
[8.429s] -- Up-to-date: /home/adela/TFM_AdelaJimenez/install/ur_dashboard_msgs/include/ur_dashboard_msgs/ur_dashboard_msgs/srv/detail/get_loaded_program__functions.c
[8.429s] -- Up-to-date: /home/adela/TFM_AdelaJimenez/install/ur_dashboard_msgs/include/ur_dashboard_msgs/ur_dashboard_msgs/srv/detail/popup__type_support.h
[8.429s] -- Up-to-date: /home/adela/TFM_AdelaJimenez/install/ur_dashboard_msgs/include/ur_dashboard_msgs/ur_dashboard_msgs/srv/detail/is_program_saved__functions.h
[8.440s] -- Up-to-date: /home/adela/TFM_AdelaJimenez/install/ur_dashboard_msgs/include/ur_dashboard_msgs/ur_dashboard_msgs/srv/detail/raw_request__functions.h
[8.441s] -- Up-to-date: /home/adela/TFM_AdelaJimenez/install/ur_dashboard_msgs/include/ur_dashboard_msgs/ur_dashboard_msgs/srv/detail/raw_request__type_support.h
[8.441s] -- Up-to-date: /home/adela/TFM_AdelaJimenez/install/ur_dashboard_msgs/include/ur_dashboard_msgs/ur_dashboard_msgs/srv/detail/is_program_saved__type_support.h
[8.443s] -- Up-to-date: /home/adela/TFM_AdelaJimenez/install/ur_dashboard_msgs/include/ur_dashboard_msgs/ur_dashboard_msgs/srv/get_safety_mode.h
[8.443s] -- Up-to-date: /home/adela/TFM_AdelaJimenez/install/ur_dashboard_msgs/include/ur_dashboard_msgs/ur_dashboard_msgs/srv/popup.h
[8.443s] -- Up-to-date: /home/adela/TFM_AdelaJimenez/install/ur_dashboard_msgs/share/ur_dashboard_msgs/environment/library_path.sh
[8.443s] -- Up-to-date: /home/adela/TFM_AdelaJimenez/install/ur_dashboard_msgs/share/ur_dashboard_msgs/environment/library_path.dsv
[8.445s] -- Up-to-date: /home/adela/TFM_AdelaJimenez/install/ur_dashboard_msgs/lib/libur_dashboard_msgs__rosidl_generator_c.so
[8.448s] -- Up-to-date: /home/adela/TFM_AdelaJimenez/install/ur_dashboard_msgs/include/ur_dashboard_msgs/ur_dashboard_msgs
[8.448s] -- Up-to-date: /home/adela/TFM_AdelaJimenez/install/ur_dashboard_msgs/include/ur_dashboard_msgs/ur_dashboard_msgs/action
[8.448s] -- Up-to-date: /home/adela/TFM_AdelaJimenez/install/ur_dashboard_msgs/include/ur_dashboard_msgs/ur_dashboard_msgs/action/detail
[8.448s] -- Up-to-date: /home/adela/TFM_AdelaJimenez/install/ur_dashboard_msgs/include/ur_dashboard_msgs/ur_dashboard_msgs/action/detail/set_mode__rosidl_typesupport_fastrtps_c.h
[8.461s] -- Up-to-date: /home/adela/TFM_AdelaJimenez/install/ur_dashboard_msgs/include/ur_dashboard_msgs/ur_dashboard_msgs/msg
[8.461s] -- Up-to-date: /home/adela/TFM_AdelaJimenez/install/ur_dashboard_msgs/include/ur_dashboard_msgs/ur_dashboard_msgs/msg/detail
[8.461s] -- Up-to-date: /home/adela/TFM_AdelaJimenez/install/ur_dashboard_msgs/include/ur_dashboard_msgs/ur_dashboard_msgs/msg/detail/safety_mode__rosidl_typesupport_fastrtps_c.h
[8.461s] -- Up-to-date: /home/adela/TFM_AdelaJimenez/install/ur_dashboard_msgs/include/ur_dashboard_msgs/ur_dashboard_msgs/msg/detail/program_state__rosidl_typesupport_fastrtps_c.h
[8.461s] -- Up-to-date: /home/adela/TFM_AdelaJimenez/install/ur_dashboard_msgs/include/ur_dashboard_msgs/ur_dashboard_msgs/msg/detail/robot_mode__rosidl_typesupport_fastrtps_c.h
[8.462s] -- Up-to-date: /home/adela/TFM_AdelaJimenez/install/ur_dashboard_msgs/include/ur_dashboard_msgs/ur_dashboard_msgs/msg/rosidl_typesupport_fastrtps_c__visibility_control.h
[8.462s] -- Up-to-date: /home/adela/TFM_AdelaJimenez/install/ur_dashboard_msgs/include/ur_dashboard_msgs/ur_dashboard_msgs/srv
[8.462s] -- Up-to-date: /home/adela/TFM_AdelaJimenez/install/ur_dashboard_msgs/include/ur_dashboard_msgs/ur_dashboard_msgs/srv/detail
[8.462s] -- Up-to-date: /home/adela/TFM_AdelaJimenez/install/ur_dashboard_msgs/include/ur_dashboard_msgs/ur_dashboard_msgs/srv/detail/is_program_saved__rosidl_typesupport_fastrtps_c.h
[8.462s] -- Up-to-date: /home/adela/TFM_AdelaJimenez/install/ur_dashboard_msgs/include/ur_dashboard_msgs/ur_dashboard_msgs/srv/detail/popup__rosidl_typesupport_fastrtps_c.h
[8.462s] -- Up-to-date: /home/adela/TFM_AdelaJimenez/install/ur_dashboard_msgs/include/ur_dashboard_msgs/ur_dashboard_msgs/srv/detail/raw_request__rosidl_typesupport_fastrtps_c.h
[8.462s] -- Up-to-date: /home/adela/TFM_AdelaJimenez/install/ur_dashboard_msgs/include/ur_dashboard_msgs/ur_dashboard_msgs/srv/detail/get_robot_mode__rosidl_typesupport_fastrtps_c.h
[8.462s] -- Up-to-date: /home/adela/TFM_AdelaJimenez/install/ur_dashboard_msgs/include/ur_dashboard_msgs/ur_dashboard_msgs/srv/detail/add_to_log__rosidl_typesupport_fastrtps_c.h
[8.476s] -- Up-to-date: /home/adela/TFM_AdelaJimenez/install/ur_dashboard_msgs/include/ur_dashboard_msgs/ur_dashboard_msgs/srv/detail/get_program_state__rosidl_typesupport_fastrtps_c.h
[8.476s] -- Up-to-date: /home/adela/TFM_AdelaJimenez/install/ur_dashboard_msgs/include/ur_dashboard_msgs/ur_dashboard_msgs/srv/detail/is_program_running__rosidl_typesupport_fastrtps_c.h
[8.477s] -- Up-to-date: /home/adela/TFM_AdelaJimenez/install/ur_dashboard_msgs/include/ur_dashboard_msgs/ur_dashboard_msgs/srv/detail/get_safety_mode__rosidl_typesupport_fastrtps_c.h
[8.477s] -- Up-to-date: /home/adela/TFM_AdelaJimenez/install/ur_dashboard_msgs/include/ur_dashboard_msgs/ur_dashboard_msgs/srv/detail/get_loaded_program__rosidl_typesupport_fastrtps_c.h
[8.477s] -- Up-to-date: /home/adela/TFM_AdelaJimenez/install/ur_dashboard_msgs/include/ur_dashboard_msgs/ur_dashboard_msgs/srv/detail/load__rosidl_typesupport_fastrtps_c.h
[8.477s] -- Up-to-date: /home/adela/TFM_AdelaJimenez/install/ur_dashboard_msgs/lib/libur_dashboard_msgs__rosidl_typesupport_fastrtps_c.so
[8.477s] -- Up-to-date: /home/adela/TFM_AdelaJimenez/install/ur_dashboard_msgs/include/ur_dashboard_msgs/ur_dashboard_msgs
[8.477s] -- Up-to-date: /home/adela/TFM_AdelaJimenez/install/ur_dashboard_msgs/include/ur_dashboard_msgs/ur_dashboard_msgs/action
[8.477s] -- Up-to-date: /home/adela/TFM_AdelaJimenez/install/ur_dashboard_msgs/include/ur_dashboard_msgs/ur_dashboard_msgs/action/detail
[8.477s] -- Up-to-date: /home/adela/TFM_AdelaJimenez/install/ur_dashboard_msgs/include/ur_dashboard_msgs/ur_dashboard_msgs/action/detail/set_mode__rosidl_typesupport_introspection_c.h
[8.477s] -- Up-to-date: /home/adela/TFM_AdelaJimenez/install/ur_dashboard_msgs/include/ur_dashboard_msgs/ur_dashboard_msgs/action/detail/set_mode__type_support.c
[8.478s] -- Up-to-date: /home/adela/TFM_AdelaJimenez/install/ur_dashboard_msgs/include/ur_dashboard_msgs/ur_dashboard_msgs/msg
[8.478s] -- Up-to-date: /home/adela/TFM_AdelaJimenez/install/ur_dashboard_msgs/include/ur_dashboard_msgs/ur_dashboard_msgs/msg/rosidl_typesupport_introspection_c__visibility_control.h
[8.478s] -- Up-to-date: /home/adela/TFM_AdelaJimenez/install/ur_dashboard_msgs/include/ur_dashboard_msgs/ur_dashboard_msgs/msg/detail
[8.478s] -- Up-to-date: /home/adela/TFM_AdelaJimenez/install/ur_dashboard_msgs/include/ur_dashboard_msgs/ur_dashboard_msgs/msg/detail/robot_mode__rosidl_typesupport_introspection_c.h
[8.478s] -- Up-to-date: /home/adela/TFM_AdelaJimenez/install/ur_dashboard_msgs/include/ur_dashboard_msgs/ur_dashboard_msgs/msg/detail/program_state__rosidl_typesupport_introspection_c.h
[8.490s] -- Up-to-date: /home/adela/TFM_AdelaJimenez/install/ur_dashboard_msgs/include/ur_dashboard_msgs/ur_dashboard_msgs/msg/detail/safety_mode__rosidl_typesupport_introspection_c.h
[8.490s] -- Up-to-date: /home/adela/TFM_AdelaJimenez/install/ur_dashboard_msgs/include/ur_dashboard_msgs/ur_dashboard_msgs/msg/detail/program_state__type_support.c
[8.490s] -- Up-to-date: /home/adela/TFM_AdelaJimenez/install/ur_dashboard_msgs/include/ur_dashboard_msgs/ur_dashboard_msgs/msg/detail/safety_mode__type_support.c
[8.490s] -- Up-to-date: /home/adela/TFM_AdelaJimenez/install/ur_dashboard_msgs/include/ur_dashboard_msgs/ur_dashboard_msgs/msg/detail/robot_mode__type_support.c
[8.490s] -- Up-to-date: /home/adela/TFM_AdelaJimenez/install/ur_dashboard_msgs/include/ur_dashboard_msgs/ur_dashboard_msgs/srv
[8.493s] -- Up-to-date: /home/adela/TFM_AdelaJimenez/install/ur_dashboard_msgs/include/ur_dashboard_msgs/ur_dashboard_msgs/srv/detail
[8.493s] -- Up-to-date: /home/adela/TFM_AdelaJimenez/install/ur_dashboard_msgs/include/ur_dashboard_msgs/ur_dashboard_msgs/srv/detail/get_program_state__rosidl_typesupport_introspection_c.h
[8.493s] -- Up-to-date: /home/adela/TFM_AdelaJimenez/install/ur_dashboard_msgs/include/ur_dashboard_msgs/ur_dashboard_msgs/srv/detail/get_robot_mode__rosidl_typesupport_introspection_c.h
[8.493s] -- Up-to-date: /home/adela/TFM_AdelaJimenez/install/ur_dashboard_msgs/include/ur_dashboard_msgs/ur_dashboard_msgs/srv/detail/load__rosidl_typesupport_introspection_c.h
[8.493s] -- Up-to-date: /home/adela/TFM_AdelaJimenez/install/ur_dashboard_msgs/include/ur_dashboard_msgs/ur_dashboard_msgs/srv/detail/is_program_running__type_support.c
[8.497s] -- Up-to-date: /home/adela/TFM_AdelaJimenez/install/ur_dashboard_msgs/include/ur_dashboard_msgs/ur_dashboard_msgs/srv/detail/get_robot_mode__type_support.c
[8.497s] -- Up-to-date: /home/adela/TFM_AdelaJimenez/install/ur_dashboard_msgs/include/ur_dashboard_msgs/ur_dashboard_msgs/srv/detail/get_loaded_program__type_support.c
[8.497s] -- Up-to-date: /home/adela/TFM_AdelaJimenez/install/ur_dashboard_msgs/include/ur_dashboard_msgs/ur_dashboard_msgs/srv/detail/popup__type_support.c
[8.497s] -- Up-to-date: /home/adela/TFM_AdelaJimenez/install/ur_dashboard_msgs/include/ur_dashboard_msgs/ur_dashboard_msgs/srv/detail/add_to_log__rosidl_typesupport_introspection_c.h
[8.497s] -- Up-to-date: /home/adela/TFM_AdelaJimenez/install/ur_dashboard_msgs/include/ur_dashboard_msgs/ur_dashboard_msgs/srv/detail/add_to_log__type_support.c
[8.497s] -- Up-to-date: /home/adela/TFM_AdelaJimenez/install/ur_dashboard_msgs/include/ur_dashboard_msgs/ur_dashboard_msgs/srv/detail/get_program_state__type_support.c
[8.497s] -- Up-to-date: /home/adela/TFM_AdelaJimenez/install/ur_dashboard_msgs/include/ur_dashboard_msgs/ur_dashboard_msgs/srv/detail/is_program_running__rosidl_typesupport_introspection_c.h
[8.497s] -- Up-to-date: /home/adela/TFM_AdelaJimenez/install/ur_dashboard_msgs/include/ur_dashboard_msgs/ur_dashboard_msgs/srv/detail/is_program_saved__rosidl_typesupport_introspection_c.h
[8.497s] -- Up-to-date: /home/adela/TFM_AdelaJimenez/install/ur_dashboard_msgs/include/ur_dashboard_msgs/ur_dashboard_msgs/srv/detail/is_program_saved__type_support.c
[8.509s] -- Up-to-date: /home/adela/TFM_AdelaJimenez/install/ur_dashboard_msgs/include/ur_dashboard_msgs/ur_dashboard_msgs/srv/detail/get_safety_mode__rosidl_typesupport_introspection_c.h
[8.510s] -- Up-to-date: /home/adela/TFM_AdelaJimenez/install/ur_dashboard_msgs/include/ur_dashboard_msgs/ur_dashboard_msgs/srv/detail/raw_request__rosidl_typesupport_introspection_c.h
[8.510s] -- Up-to-date: /home/adela/TFM_AdelaJimenez/install/ur_dashboard_msgs/include/ur_dashboard_msgs/ur_dashboard_msgs/srv/detail/load__type_support.c
[8.512s] -- Up-to-date: /home/adela/TFM_AdelaJimenez/install/ur_dashboard_msgs/include/ur_dashboard_msgs/ur_dashboard_msgs/srv/detail/get_loaded_program__rosidl_typesupport_introspection_c.h
[8.512s] -- Up-to-date: /home/adela/TFM_AdelaJimenez/install/ur_dashboard_msgs/include/ur_dashboard_msgs/ur_dashboard_msgs/srv/detail/raw_request__type_support.c
[8.516s] -- Up-to-date: /home/adela/TFM_AdelaJimenez/install/ur_dashboard_msgs/include/ur_dashboard_msgs/ur_dashboard_msgs/srv/detail/popup__rosidl_typesupport_introspection_c.h
[8.516s] -- Up-to-date: /home/adela/TFM_AdelaJimenez/install/ur_dashboard_msgs/include/ur_dashboard_msgs/ur_dashboard_msgs/srv/detail/get_safety_mode__type_support.c
[8.516s] -- Up-to-date: /home/adela/TFM_AdelaJimenez/install/ur_dashboard_msgs/lib/libur_dashboard_msgs__rosidl_typesupport_introspection_c.so
[8.516s] -- Up-to-date: /home/adela/TFM_AdelaJimenez/install/ur_dashboard_msgs/lib/libur_dashboard_msgs__rosidl_typesupport_c.so
[8.526s] -- Up-to-date: /home/adela/TFM_AdelaJimenez/install/ur_dashboard_msgs/include/ur_dashboard_msgs/ur_dashboard_msgs
[8.527s] -- Up-to-date: /home/adela/TFM_AdelaJimenez/install/ur_dashboard_msgs/include/ur_dashboard_msgs/ur_dashboard_msgs/action
[8.527s] -- Up-to-date: /home/adela/TFM_AdelaJimenez/install/ur_dashboard_msgs/include/ur_dashboard_msgs/ur_dashboard_msgs/action/set_mode.hpp
[8.527s] -- Up-to-date: /home/adela/TFM_AdelaJimenez/install/ur_dashboard_msgs/include/ur_dashboard_msgs/ur_dashboard_msgs/action/detail
[8.527s] -- Up-to-date: /home/adela/TFM_AdelaJimenez/install/ur_dashboard_msgs/include/ur_dashboard_msgs/ur_dashboard_msgs/action/detail/set_mode__traits.hpp
[8.527s] -- Up-to-date: /home/adela/TFM_AdelaJimenez/install/ur_dashboard_msgs/include/ur_dashboard_msgs/ur_dashboard_msgs/action/detail/set_mode__struct.hpp
[8.527s] -- Up-to-date: /home/adela/TFM_AdelaJimenez/install/ur_dashboard_msgs/include/ur_dashboard_msgs/ur_dashboard_msgs/action/detail/set_mode__builder.hpp
[8.527s] -- Up-to-date: /home/adela/TFM_AdelaJimenez/install/ur_dashboard_msgs/include/ur_dashboard_msgs/ur_dashboard_msgs/msg
[8.527s] -- Up-to-date: /home/adela/TFM_AdelaJimenez/install/ur_dashboard_msgs/include/ur_dashboard_msgs/ur_dashboard_msgs/msg/program_state.hpp
[8.527s] -- Up-to-date: /home/adela/TFM_AdelaJimenez/install/ur_dashboard_msgs/include/ur_dashboard_msgs/ur_dashboard_msgs/msg/robot_mode.hpp
[8.527s] -- Up-to-date: /home/adela/TFM_AdelaJimenez/install/ur_dashboard_msgs/include/ur_dashboard_msgs/ur_dashboard_msgs/msg/detail
[8.528s] -- Up-to-date: /home/adela/TFM_AdelaJimenez/install/ur_dashboard_msgs/include/ur_dashboard_msgs/ur_dashboard_msgs/msg/detail/robot_mode__struct.hpp
[8.528s] -- Up-to-date: /home/adela/TFM_AdelaJimenez/install/ur_dashboard_msgs/include/ur_dashboard_msgs/ur_dashboard_msgs/msg/detail/safety_mode__builder.hpp
[8.528s] -- Up-to-date: /home/adela/TFM_AdelaJimenez/install/ur_dashboard_msgs/include/ur_dashboard_msgs/ur_dashboard_msgs/msg/detail/program_state__traits.hpp
[8.528s] -- Up-to-date: /home/adela/TFM_AdelaJimenez/install/ur_dashboard_msgs/include/ur_dashboard_msgs/ur_dashboard_msgs/msg/detail/robot_mode__builder.hpp
[8.528s] -- Up-to-date: /home/adela/TFM_AdelaJimenez/install/ur_dashboard_msgs/include/ur_dashboard_msgs/ur_dashboard_msgs/msg/detail/program_state__struct.hpp
[8.528s] -- Up-to-date: /home/adela/TFM_AdelaJimenez/install/ur_dashboard_msgs/include/ur_dashboard_msgs/ur_dashboard_msgs/msg/detail/program_state__builder.hpp
[8.528s] -- Up-to-date: /home/adela/TFM_AdelaJimenez/install/ur_dashboard_msgs/include/ur_dashboard_msgs/ur_dashboard_msgs/msg/detail/robot_mode__traits.hpp
[8.528s] -- Up-to-date: /home/adela/TFM_AdelaJimenez/install/ur_dashboard_msgs/include/ur_dashboard_msgs/ur_dashboard_msgs/msg/detail/safety_mode__traits.hpp
[8.528s] -- Up-to-date: /home/adela/TFM_AdelaJimenez/install/ur_dashboard_msgs/include/ur_dashboard_msgs/ur_dashboard_msgs/msg/detail/safety_mode__struct.hpp
[8.539s] -- Up-to-date: /home/adela/TFM_AdelaJimenez/install/ur_dashboard_msgs/include/ur_dashboard_msgs/ur_dashboard_msgs/msg/safety_mode.hpp
[8.540s] -- Up-to-date: /home/adela/TFM_AdelaJimenez/install/ur_dashboard_msgs/include/ur_dashboard_msgs/ur_dashboard_msgs/srv
[8.540s] -- Up-to-date: /home/adela/TFM_AdelaJimenez/install/ur_dashboard_msgs/include/ur_dashboard_msgs/ur_dashboard_msgs/srv/add_to_log.hpp
[8.540s] -- Up-to-date: /home/adela/TFM_AdelaJimenez/install/ur_dashboard_msgs/include/ur_dashboard_msgs/ur_dashboard_msgs/srv/get_loaded_program.hpp
[8.540s] -- Up-to-date: /home/adela/TFM_AdelaJimenez/install/ur_dashboard_msgs/include/ur_dashboard_msgs/ur_dashboard_msgs/srv/popup.hpp
[8.540s] -- Up-to-date: /home/adela/TFM_AdelaJimenez/install/ur_dashboard_msgs/include/ur_dashboard_msgs/ur_dashboard_msgs/srv/load.hpp
[8.540s] -- Up-to-date: /home/adela/TFM_AdelaJimenez/install/ur_dashboard_msgs/include/ur_dashboard_msgs/ur_dashboard_msgs/srv/is_program_running.hpp
[8.540s] -- Up-to-date: /home/adela/TFM_AdelaJimenez/install/ur_dashboard_msgs/include/ur_dashboard_msgs/ur_dashboard_msgs/srv/raw_request.hpp
[8.540s] -- Up-to-date: /home/adela/TFM_AdelaJimenez/install/ur_dashboard_msgs/include/ur_dashboard_msgs/ur_dashboard_msgs/srv/detail
[8.540s] -- Up-to-date: /home/adela/TFM_AdelaJimenez/install/ur_dashboard_msgs/include/ur_dashboard_msgs/ur_dashboard_msgs/srv/detail/raw_request__traits.hpp
[8.541s] -- Up-to-date: /home/adela/TFM_AdelaJimenez/install/ur_dashboard_msgs/include/ur_dashboard_msgs/ur_dashboard_msgs/srv/detail/is_program_saved__struct.hpp
[8.541s] -- Up-to-date: /home/adela/TFM_AdelaJimenez/install/ur_dashboard_msgs/include/ur_dashboard_msgs/ur_dashboard_msgs/srv/detail/get_robot_mode__struct.hpp
[8.547s] -- Up-to-date: /home/adela/TFM_AdelaJimenez/install/ur_dashboard_msgs/include/ur_dashboard_msgs/ur_dashboard_msgs/srv/detail/get_safety_mode__builder.hpp
[8.547s] -- Up-to-date: /home/adela/TFM_AdelaJimenez/install/ur_dashboard_msgs/include/ur_dashboard_msgs/ur_dashboard_msgs/srv/detail/get_robot_mode__traits.hpp
[8.547s] -- Up-to-date: /home/adela/TFM_AdelaJimenez/install/ur_dashboard_msgs/include/ur_dashboard_msgs/ur_dashboard_msgs/srv/detail/get_robot_mode__builder.hpp
[8.547s] -- Up-to-date: /home/adela/TFM_AdelaJimenez/install/ur_dashboard_msgs/include/ur_dashboard_msgs/ur_dashboard_msgs/srv/detail/get_program_state__struct.hpp
[8.548s] -- Up-to-date: /home/adela/TFM_AdelaJimenez/install/ur_dashboard_msgs/include/ur_dashboard_msgs/ur_dashboard_msgs/srv/detail/popup__traits.hpp
[8.549s] -- Up-to-date: /home/adela/TFM_AdelaJimenez/install/ur_dashboard_msgs/include/ur_dashboard_msgs/ur_dashboard_msgs/srv/detail/is_program_running__struct.hpp
[8.549s] -- Up-to-date: /home/adela/TFM_AdelaJimenez/install/ur_dashboard_msgs/include/ur_dashboard_msgs/ur_dashboard_msgs/srv/detail/get_safety_mode__traits.hpp
[8.549s] -- Up-to-date: /home/adela/TFM_AdelaJimenez/install/ur_dashboard_msgs/include/ur_dashboard_msgs/ur_dashboard_msgs/srv/detail/add_to_log__builder.hpp
[8.550s] -- Up-to-date: /home/adela/TFM_AdelaJimenez/install/ur_dashboard_msgs/include/ur_dashboard_msgs/ur_dashboard_msgs/srv/detail/get_loaded_program__struct.hpp
[8.557s] -- Up-to-date: /home/adela/TFM_AdelaJimenez/install/ur_dashboard_msgs/include/ur_dashboard_msgs/ur_dashboard_msgs/srv/detail/load__builder.hpp
[8.557s] -- Up-to-date: /home/adela/TFM_AdelaJimenez/install/ur_dashboard_msgs/include/ur_dashboard_msgs/ur_dashboard_msgs/srv/detail/add_to_log__traits.hpp
[8.557s] -- Up-to-date: /home/adela/TFM_AdelaJimenez/install/ur_dashboard_msgs/include/ur_dashboard_msgs/ur_dashboard_msgs/srv/detail/get_program_state__builder.hpp
[8.559s] -- Up-to-date: /home/adela/TFM_AdelaJimenez/install/ur_dashboard_msgs/include/ur_dashboard_msgs/ur_dashboard_msgs/srv/detail/add_to_log__struct.hpp
[8.559s] -- Up-to-date: /home/adela/TFM_AdelaJimenez/install/ur_dashboard_msgs/include/ur_dashboard_msgs/ur_dashboard_msgs/srv/detail/is_program_saved__traits.hpp
[8.559s] -- Up-to-date: /home/adela/TFM_AdelaJimenez/install/ur_dashboard_msgs/include/ur_dashboard_msgs/ur_dashboard_msgs/srv/detail/is_program_saved__builder.hpp
[8.559s] -- Up-to-date: /home/adela/TFM_AdelaJimenez/install/ur_dashboard_msgs/include/ur_dashboard_msgs/ur_dashboard_msgs/srv/detail/get_program_state__traits.hpp
[8.559s] -- Up-to-date: /home/adela/TFM_AdelaJimenez/install/ur_dashboard_msgs/include/ur_dashboard_msgs/ur_dashboard_msgs/srv/detail/is_program_running__builder.hpp
[8.559s] -- Up-to-date: /home/adela/TFM_AdelaJimenez/install/ur_dashboard_msgs/include/ur_dashboard_msgs/ur_dashboard_msgs/srv/detail/is_program_running__traits.hpp
[8.559s] -- Up-to-date: /home/adela/TFM_AdelaJimenez/install/ur_dashboard_msgs/include/ur_dashboard_msgs/ur_dashboard_msgs/srv/detail/load__struct.hpp
[8.559s] -- Up-to-date: /home/adela/TFM_AdelaJimenez/install/ur_dashboard_msgs/include/ur_dashboard_msgs/ur_dashboard_msgs/srv/detail/get_safety_mode__struct.hpp
[8.559s] -- Up-to-date: /home/adela/TFM_AdelaJimenez/install/ur_dashboard_msgs/include/ur_dashboard_msgs/ur_dashboard_msgs/srv/detail/load__traits.hpp
[8.566s] -- Up-to-date: /home/adela/TFM_AdelaJimenez/install/ur_dashboard_msgs/include/ur_dashboard_msgs/ur_dashboard_msgs/srv/detail/get_loaded_program__traits.hpp
[8.567s] -- Up-to-date: /home/adela/TFM_AdelaJimenez/install/ur_dashboard_msgs/include/ur_dashboard_msgs/ur_dashboard_msgs/srv/detail/raw_request__struct.hpp
[8.567s] -- Up-to-date: /home/adela/TFM_AdelaJimenez/install/ur_dashboard_msgs/include/ur_dashboard_msgs/ur_dashboard_msgs/srv/detail/raw_request__builder.hpp
[8.567s] -- Up-to-date: /home/adela/TFM_AdelaJimenez/install/ur_dashboard_msgs/include/ur_dashboard_msgs/ur_dashboard_msgs/srv/detail/popup__struct.hpp
[8.568s] -- Up-to-date: /home/adela/TFM_AdelaJimenez/install/ur_dashboard_msgs/include/ur_dashboard_msgs/ur_dashboard_msgs/srv/detail/get_loaded_program__builder.hpp
[8.569s] -- Up-to-date: /home/adela/TFM_AdelaJimenez/install/ur_dashboard_msgs/include/ur_dashboard_msgs/ur_dashboard_msgs/srv/detail/popup__builder.hpp
[8.570s] -- Up-to-date: /home/adela/TFM_AdelaJimenez/install/ur_dashboard_msgs/include/ur_dashboard_msgs/ur_dashboard_msgs/srv/is_program_saved.hpp
[8.570s] -- Up-to-date: /home/adela/TFM_AdelaJimenez/install/ur_dashboard_msgs/include/ur_dashboard_msgs/ur_dashboard_msgs/srv/get_safety_mode.hpp
[8.580s] -- Up-to-date: /home/adela/TFM_AdelaJimenez/install/ur_dashboard_msgs/include/ur_dashboard_msgs/ur_dashboard_msgs/srv/get_program_state.hpp
[8.580s] -- Up-to-date: /home/adela/TFM_AdelaJimenez/install/ur_dashboard_msgs/include/ur_dashboard_msgs/ur_dashboard_msgs/srv/get_robot_mode.hpp
[8.580s] -- Up-to-date: /home/adela/TFM_AdelaJimenez/install/ur_dashboard_msgs/include/ur_dashboard_msgs/ur_dashboard_msgs
[8.580s] -- Up-to-date: /home/adela/TFM_AdelaJimenez/install/ur_dashboard_msgs/include/ur_dashboard_msgs/ur_dashboard_msgs/action
[8.580s] -- Up-to-date: /home/adela/TFM_AdelaJimenez/install/ur_dashboard_msgs/include/ur_dashboard_msgs/ur_dashboard_msgs/action/detail
[8.581s] -- Up-to-date: /home/adela/TFM_AdelaJimenez/install/ur_dashboard_msgs/include/ur_dashboard_msgs/ur_dashboard_msgs/action/detail/dds_fastrtps
[8.581s] -- Up-to-date: /home/adela/TFM_AdelaJimenez/install/ur_dashboard_msgs/include/ur_dashboard_msgs/ur_dashboard_msgs/action/detail/set_mode__rosidl_typesupport_fastrtps_cpp.hpp
[8.581s] -- Up-to-date: /home/adela/TFM_AdelaJimenez/install/ur_dashboard_msgs/include/ur_dashboard_msgs/ur_dashboard_msgs/msg
[8.581s] -- Up-to-date: /home/adela/TFM_AdelaJimenez/install/ur_dashboard_msgs/include/ur_dashboard_msgs/ur_dashboard_msgs/msg/rosidl_typesupport_fastrtps_cpp__visibility_control.h
[8.581s] -- Up-to-date: /home/adela/TFM_AdelaJimenez/install/ur_dashboard_msgs/include/ur_dashboard_msgs/ur_dashboard_msgs/msg/detail
[8.581s] -- Up-to-date: /home/adela/TFM_AdelaJimenez/install/ur_dashboard_msgs/include/ur_dashboard_msgs/ur_dashboard_msgs/msg/detail/dds_fastrtps
[8.581s] -- Up-to-date: /home/adela/TFM_AdelaJimenez/install/ur_dashboard_msgs/include/ur_dashboard_msgs/ur_dashboard_msgs/msg/detail/safety_mode__rosidl_typesupport_fastrtps_cpp.hpp
[8.581s] -- Up-to-date: /home/adela/TFM_AdelaJimenez/install/ur_dashboard_msgs/include/ur_dashboard_msgs/ur_dashboard_msgs/msg/detail/robot_mode__rosidl_typesupport_fastrtps_cpp.hpp
[8.581s] -- Up-to-date: /home/adela/TFM_AdelaJimenez/install/ur_dashboard_msgs/include/ur_dashboard_msgs/ur_dashboard_msgs/msg/detail/program_state__rosidl_typesupport_fastrtps_cpp.hpp
[8.581s] -- Up-to-date: /home/adela/TFM_AdelaJimenez/install/ur_dashboard_msgs/include/ur_dashboard_msgs/ur_dashboard_msgs/srv
[8.581s] -- Up-to-date: /home/adela/TFM_AdelaJimenez/install/ur_dashboard_msgs/include/ur_dashboard_msgs/ur_dashboard_msgs/srv/detail
[8.581s] -- Up-to-date: /home/adela/TFM_AdelaJimenez/install/ur_dashboard_msgs/include/ur_dashboard_msgs/ur_dashboard_msgs/srv/detail/load__rosidl_typesupport_fastrtps_cpp.hpp
[8.590s] -- Up-to-date: /home/adela/TFM_AdelaJimenez/install/ur_dashboard_msgs/include/ur_dashboard_msgs/ur_dashboard_msgs/srv/detail/dds_fastrtps
[8.591s] -- Up-to-date: /home/adela/TFM_AdelaJimenez/install/ur_dashboard_msgs/include/ur_dashboard_msgs/ur_dashboard_msgs/srv/detail/get_loaded_program__rosidl_typesupport_fastrtps_cpp.hpp
[8.592s] -- Up-to-date: /home/adela/TFM_AdelaJimenez/install/ur_dashboard_msgs/include/ur_dashboard_msgs/ur_dashboard_msgs/srv/detail/is_program_saved__rosidl_typesupport_fastrtps_cpp.hpp
[8.592s] -- Up-to-date: /home/adela/TFM_AdelaJimenez/install/ur_dashboard_msgs/include/ur_dashboard_msgs/ur_dashboard_msgs/srv/detail/get_safety_mode__rosidl_typesupport_fastrtps_cpp.hpp
[8.592s] -- Up-to-date: /home/adela/TFM_AdelaJimenez/install/ur_dashboard_msgs/include/ur_dashboard_msgs/ur_dashboard_msgs/srv/detail/raw_request__rosidl_typesupport_fastrtps_cpp.hpp
[8.593s] -- Up-to-date: /home/adela/TFM_AdelaJimenez/install/ur_dashboard_msgs/include/ur_dashboard_msgs/ur_dashboard_msgs/srv/detail/get_robot_mode__rosidl_typesupport_fastrtps_cpp.hpp
[8.596s] -- Up-to-date: /home/adela/TFM_AdelaJimenez/install/ur_dashboard_msgs/include/ur_dashboard_msgs/ur_dashboard_msgs/srv/detail/popup__rosidl_typesupport_fastrtps_cpp.hpp
[8.596s] -- Up-to-date: /home/adela/TFM_AdelaJimenez/install/ur_dashboard_msgs/include/ur_dashboard_msgs/ur_dashboard_msgs/srv/detail/is_program_running__rosidl_typesupport_fastrtps_cpp.hpp
[8.596s] -- Up-to-date: /home/adela/TFM_AdelaJimenez/install/ur_dashboard_msgs/include/ur_dashboard_msgs/ur_dashboard_msgs/srv/detail/add_to_log__rosidl_typesupport_fastrtps_cpp.hpp
[8.596s] -- Up-to-date: /home/adela/TFM_AdelaJimenez/install/ur_dashboard_msgs/include/ur_dashboard_msgs/ur_dashboard_msgs/srv/detail/get_program_state__rosidl_typesupport_fastrtps_cpp.hpp
[8.604s] -- Up-to-date: /home/adela/TFM_AdelaJimenez/install/ur_dashboard_msgs/lib/libur_dashboard_msgs__rosidl_typesupport_fastrtps_cpp.so
[8.604s] -- Up-to-date: /home/adela/TFM_AdelaJimenez/install/ur_dashboard_msgs/include/ur_dashboard_msgs/ur_dashboard_msgs
[8.604s] -- Up-to-date: /home/adela/TFM_AdelaJimenez/install/ur_dashboard_msgs/include/ur_dashboard_msgs/ur_dashboard_msgs/action
[8.604s] -- Up-to-date: /home/adela/TFM_AdelaJimenez/install/ur_dashboard_msgs/include/ur_dashboard_msgs/ur_dashboard_msgs/action/detail
[8.604s] -- Up-to-date: /home/adela/TFM_AdelaJimenez/install/ur_dashboard_msgs/include/ur_dashboard_msgs/ur_dashboard_msgs/action/detail/set_mode__rosidl_typesupport_introspection_cpp.hpp
[8.604s] -- Up-to-date: /home/adela/TFM_AdelaJimenez/install/ur_dashboard_msgs/include/ur_dashboard_msgs/ur_dashboard_msgs/action/detail/set_mode__type_support.cpp
[8.607s] -- Up-to-date: /home/adela/TFM_AdelaJimenez/install/ur_dashboard_msgs/include/ur_dashboard_msgs/ur_dashboard_msgs/msg
[8.608s] -- Up-to-date: /home/adela/TFM_AdelaJimenez/install/ur_dashboard_msgs/include/ur_dashboard_msgs/ur_dashboard_msgs/msg/detail
[8.608s] -- Up-to-date: /home/adela/TFM_AdelaJimenez/install/ur_dashboard_msgs/include/ur_dashboard_msgs/ur_dashboard_msgs/msg/detail/safety_mode__type_support.cpp
[8.608s] -- Up-to-date: /home/adela/TFM_AdelaJimenez/install/ur_dashboard_msgs/include/ur_dashboard_msgs/ur_dashboard_msgs/msg/detail/robot_mode__type_support.cpp
[8.618s] -- Up-to-date: /home/adela/TFM_AdelaJimenez/install/ur_dashboard_msgs/include/ur_dashboard_msgs/ur_dashboard_msgs/msg/detail/safety_mode__rosidl_typesupport_introspection_cpp.hpp
[8.618s] -- Up-to-date: /home/adela/TFM_AdelaJimenez/install/ur_dashboard_msgs/include/ur_dashboard_msgs/ur_dashboard_msgs/msg/detail/robot_mode__rosidl_typesupport_introspection_cpp.hpp
[8.618s] -- Up-to-date: /home/adela/TFM_AdelaJimenez/install/ur_dashboard_msgs/include/ur_dashboard_msgs/ur_dashboard_msgs/msg/detail/program_state__rosidl_typesupport_introspection_cpp.hpp
[8.618s] -- Up-to-date: /home/adela/TFM_AdelaJimenez/install/ur_dashboard_msgs/include/ur_dashboard_msgs/ur_dashboard_msgs/msg/detail/program_state__type_support.cpp
[8.618s] -- Up-to-date: /home/adela/TFM_AdelaJimenez/install/ur_dashboard_msgs/include/ur_dashboard_msgs/ur_dashboard_msgs/srv
[8.618s] -- Up-to-date: /home/adela/TFM_AdelaJimenez/install/ur_dashboard_msgs/include/ur_dashboard_msgs/ur_dashboard_msgs/srv/detail
[8.619s] -- Up-to-date: /home/adela/TFM_AdelaJimenez/install/ur_dashboard_msgs/include/ur_dashboard_msgs/ur_dashboard_msgs/srv/detail/get_loaded_program__rosidl_typesupport_introspection_cpp.hpp
[8.619s] -- Up-to-date: /home/adela/TFM_AdelaJimenez/install/ur_dashboard_msgs/include/ur_dashboard_msgs/ur_dashboard_msgs/srv/detail/load__type_support.cpp
[8.619s] -- Up-to-date: /home/adela/TFM_AdelaJimenez/install/ur_dashboard_msgs/include/ur_dashboard_msgs/ur_dashboard_msgs/srv/detail/get_program_state__rosidl_typesupport_introspection_cpp.hpp
[8.619s] -- Up-to-date: /home/adela/TFM_AdelaJimenez/install/ur_dashboard_msgs/include/ur_dashboard_msgs/ur_dashboard_msgs/srv/detail/raw_request__rosidl_typesupport_introspection_cpp.hpp
[8.619s] -- Up-to-date: /home/adela/TFM_AdelaJimenez/install/ur_dashboard_msgs/include/ur_dashboard_msgs/ur_dashboard_msgs/srv/detail/load__rosidl_typesupport_introspection_cpp.hpp
[8.619s] -- Up-to-date: /home/adela/TFM_AdelaJimenez/install/ur_dashboard_msgs/include/ur_dashboard_msgs/ur_dashboard_msgs/srv/detail/popup__rosidl_typesupport_introspection_cpp.hpp
[8.619s] -- Up-to-date: /home/adela/TFM_AdelaJimenez/install/ur_dashboard_msgs/include/ur_dashboard_msgs/ur_dashboard_msgs/srv/detail/is_program_saved__type_support.cpp
[8.619s] -- Up-to-date: /home/adela/TFM_AdelaJimenez/install/ur_dashboard_msgs/include/ur_dashboard_msgs/ur_dashboard_msgs/srv/detail/add_to_log__type_support.cpp
[8.619s] -- Up-to-date: /home/adela/TFM_AdelaJimenez/install/ur_dashboard_msgs/include/ur_dashboard_msgs/ur_dashboard_msgs/srv/detail/get_loaded_program__type_support.cpp
[8.619s] -- Up-to-date: /home/adela/TFM_AdelaJimenez/install/ur_dashboard_msgs/include/ur_dashboard_msgs/ur_dashboard_msgs/srv/detail/is_program_saved__rosidl_typesupport_introspection_cpp.hpp
[8.619s] -- Up-to-date: /home/adela/TFM_AdelaJimenez/install/ur_dashboard_msgs/include/ur_dashboard_msgs/ur_dashboard_msgs/srv/detail/raw_request__type_support.cpp
[8.633s] -- Up-to-date: /home/adela/TFM_AdelaJimenez/install/ur_dashboard_msgs/include/ur_dashboard_msgs/ur_dashboard_msgs/srv/detail/get_program_state__type_support.cpp
[8.633s] -- Up-to-date: /home/adela/TFM_AdelaJimenez/install/ur_dashboard_msgs/include/ur_dashboard_msgs/ur_dashboard_msgs/srv/detail/is_program_running__type_support.cpp
[8.633s] -- Up-to-date: /home/adela/TFM_AdelaJimenez/install/ur_dashboard_msgs/include/ur_dashboard_msgs/ur_dashboard_msgs/srv/detail/popup__type_support.cpp
[8.633s] -- Up-to-date: /home/adela/TFM_AdelaJimenez/install/ur_dashboard_msgs/include/ur_dashboard_msgs/ur_dashboard_msgs/srv/detail/get_robot_mode__type_support.cpp
[8.633s] -- Up-to-date: /home/adela/TFM_AdelaJimenez/install/ur_dashboard_msgs/include/ur_dashboard_msgs/ur_dashboard_msgs/srv/detail/add_to_log__rosidl_typesupport_introspection_cpp.hpp
[8.634s] -- Up-to-date: /home/adela/TFM_AdelaJimenez/install/ur_dashboard_msgs/include/ur_dashboard_msgs/ur_dashboard_msgs/srv/detail/is_program_running__rosidl_typesupport_introspection_cpp.hpp
[8.634s] -- Up-to-date: /home/adela/TFM_AdelaJimenez/install/ur_dashboard_msgs/include/ur_dashboard_msgs/ur_dashboard_msgs/srv/detail/get_safety_mode__type_support.cpp
[8.634s] -- Up-to-date: /home/adela/TFM_AdelaJimenez/install/ur_dashboard_msgs/include/ur_dashboard_msgs/ur_dashboard_msgs/srv/detail/get_robot_mode__rosidl_typesupport_introspection_cpp.hpp
[8.634s] -- Up-to-date: /home/adela/TFM_AdelaJimenez/install/ur_dashboard_msgs/include/ur_dashboard_msgs/ur_dashboard_msgs/srv/detail/get_safety_mode__rosidl_typesupport_introspection_cpp.hpp
[8.634s] -- Up-to-date: /home/adela/TFM_AdelaJimenez/install/ur_dashboard_msgs/lib/libur_dashboard_msgs__rosidl_typesupport_introspection_cpp.so
[8.634s] -- Up-to-date: /home/adela/TFM_AdelaJimenez/install/ur_dashboard_msgs/lib/libur_dashboard_msgs__rosidl_typesupport_cpp.so
[8.645s] -- Up-to-date: /home/adela/TFM_AdelaJimenez/install/ur_dashboard_msgs/share/ur_dashboard_msgs/environment/pythonpath.sh
[8.646s] -- Up-to-date: /home/adela/TFM_AdelaJimenez/install/ur_dashboard_msgs/share/ur_dashboard_msgs/environment/pythonpath.dsv
[8.646s] -- Up-to-date: /home/adela/TFM_AdelaJimenez/install/ur_dashboard_msgs/local/lib/python3.10/dist-packages/ur_dashboard_msgs-2.2.10-py3.10.egg-info
[8.646s] -- Installing: /home/adela/TFM_AdelaJimenez/install/ur_dashboard_msgs/local/lib/python3.10/dist-packages/ur_dashboard_msgs-2.2.10-py3.10.egg-info/dependency_links.txt
[8.646s] -- Installing: /home/adela/TFM_AdelaJimenez/install/ur_dashboard_msgs/local/lib/python3.10/dist-packages/ur_dashboard_msgs-2.2.10-py3.10.egg-info/PKG-INFO
[8.646s] -- Installing: /home/adela/TFM_AdelaJimenez/install/ur_dashboard_msgs/local/lib/python3.10/dist-packages/ur_dashboard_msgs-2.2.10-py3.10.egg-info/top_level.txt
[8.646s] -- Installing: /home/adela/TFM_AdelaJimenez/install/ur_dashboard_msgs/local/lib/python3.10/dist-packages/ur_dashboard_msgs-2.2.10-py3.10.egg-info/SOURCES.txt
[8.646s] -- Up-to-date: /home/adela/TFM_AdelaJimenez/install/ur_dashboard_msgs/local/lib/python3.10/dist-packages/ur_dashboard_msgs
[8.646s] -- Up-to-date: /home/adela/TFM_AdelaJimenez/install/ur_dashboard_msgs/local/lib/python3.10/dist-packages/ur_dashboard_msgs/_ur_dashboard_msgs_s.ep.rosidl_typesupport_fastrtps_c.c
[8.646s] -- Up-to-date: /home/adela/TFM_AdelaJimenez/install/ur_dashboard_msgs/local/lib/python3.10/dist-packages/ur_dashboard_msgs/action
[8.647s] -- Up-to-date: /home/adela/TFM_AdelaJimenez/install/ur_dashboard_msgs/local/lib/python3.10/dist-packages/ur_dashboard_msgs/action/_set_mode.py
[8.647s] -- Up-to-date: /home/adela/TFM_AdelaJimenez/install/ur_dashboard_msgs/local/lib/python3.10/dist-packages/ur_dashboard_msgs/action/__init__.py
[8.647s] -- Up-to-date: /home/adela/TFM_AdelaJimenez/install/ur_dashboard_msgs/local/lib/python3.10/dist-packages/ur_dashboard_msgs/action/_set_mode_s.c
[8.656s] -- Up-to-date: /home/adela/TFM_AdelaJimenez/install/ur_dashboard_msgs/local/lib/python3.10/dist-packages/ur_dashboard_msgs/msg
[8.656s] -- Up-to-date: /home/adela/TFM_AdelaJimenez/install/ur_dashboard_msgs/local/lib/python3.10/dist-packages/ur_dashboard_msgs/msg/_safety_mode.py
[8.656s] -- Up-to-date: /home/adela/TFM_AdelaJimenez/install/ur_dashboard_msgs/local/lib/python3.10/dist-packages/ur_dashboard_msgs/msg/_program_state_s.c
[8.656s] -- Up-to-date: /home/adela/TFM_AdelaJimenez/install/ur_dashboard_msgs/local/lib/python3.10/dist-packages/ur_dashboard_msgs/msg/__init__.py
[8.660s] -- Up-to-date: /home/adela/TFM_AdelaJimenez/install/ur_dashboard_msgs/local/lib/python3.10/dist-packages/ur_dashboard_msgs/msg/_safety_mode_s.c
[8.660s] -- Up-to-date: /home/adela/TFM_AdelaJimenez/install/ur_dashboard_msgs/local/lib/python3.10/dist-packages/ur_dashboard_msgs/msg/_program_state.py
[8.660s] -- Up-to-date: /home/adela/TFM_AdelaJimenez/install/ur_dashboard_msgs/local/lib/python3.10/dist-packages/ur_dashboard_msgs/msg/_robot_mode_s.c
[8.660s] -- Up-to-date: /home/adela/TFM_AdelaJimenez/install/ur_dashboard_msgs/local/lib/python3.10/dist-packages/ur_dashboard_msgs/msg/_robot_mode.py
[8.660s] -- Up-to-date: /home/adela/TFM_AdelaJimenez/install/ur_dashboard_msgs/local/lib/python3.10/dist-packages/ur_dashboard_msgs/ur_dashboard_msgs_s__rosidl_typesupport_fastrtps_c.cpython-310-x86_64-linux-gnu.so
[8.660s] -- Up-to-date: /home/adela/TFM_AdelaJimenez/install/ur_dashboard_msgs/local/lib/python3.10/dist-packages/ur_dashboard_msgs/_ur_dashboard_msgs_s.ep.rosidl_typesupport_introspection_c.c
[8.660s] -- Up-to-date: /home/adela/TFM_AdelaJimenez/install/ur_dashboard_msgs/local/lib/python3.10/dist-packages/ur_dashboard_msgs/_ur_dashboard_msgs_s.ep.rosidl_typesupport_c.c
[8.660s] -- Up-to-date: /home/adela/TFM_AdelaJimenez/install/ur_dashboard_msgs/local/lib/python3.10/dist-packages/ur_dashboard_msgs/__init__.py
[8.660s] -- Up-to-date: /home/adela/TFM_AdelaJimenez/install/ur_dashboard_msgs/local/lib/python3.10/dist-packages/ur_dashboard_msgs/libur_dashboard_msgs__rosidl_generator_py.so
[8.673s] -- Up-to-date: /home/adela/TFM_AdelaJimenez/install/ur_dashboard_msgs/local/lib/python3.10/dist-packages/ur_dashboard_msgs/srv
[8.674s] -- Up-to-date: /home/adela/TFM_AdelaJimenez/install/ur_dashboard_msgs/local/lib/python3.10/dist-packages/ur_dashboard_msgs/srv/_load_s.c
[8.674s] -- Up-to-date: /home/adela/TFM_AdelaJimenez/install/ur_dashboard_msgs/local/lib/python3.10/dist-packages/ur_dashboard_msgs/srv/_get_program_state.py
[8.674s] -- Up-to-date: /home/adela/TFM_AdelaJimenez/install/ur_dashboard_msgs/local/lib/python3.10/dist-packages/ur_dashboard_msgs/srv/_is_program_saved.py
[8.674s] -- Up-to-date: /home/adela/TFM_AdelaJimenez/install/ur_dashboard_msgs/local/lib/python3.10/dist-packages/ur_dashboard_msgs/srv/_add_to_log_s.c
[8.676s] -- Up-to-date: /home/adela/TFM_AdelaJimenez/install/ur_dashboard_msgs/local/lib/python3.10/dist-packages/ur_dashboard_msgs/srv/_popup.py
[8.676s] -- Up-to-date: /home/adela/TFM_AdelaJimenez/install/ur_dashboard_msgs/local/lib/python3.10/dist-packages/ur_dashboard_msgs/srv/_popup_s.c
[8.676s] -- Up-to-date: /home/adela/TFM_AdelaJimenez/install/ur_dashboard_msgs/local/lib/python3.10/dist-packages/ur_dashboard_msgs/srv/_get_robot_mode.py
[8.676s] -- Up-to-date: /home/adela/TFM_AdelaJimenez/install/ur_dashboard_msgs/local/lib/python3.10/dist-packages/ur_dashboard_msgs/srv/_is_program_running_s.c
[8.676s] -- Up-to-date: /home/adela/TFM_AdelaJimenez/install/ur_dashboard_msgs/local/lib/python3.10/dist-packages/ur_dashboard_msgs/srv/_get_robot_mode_s.c
[8.680s] -- Up-to-date: /home/adela/TFM_AdelaJimenez/install/ur_dashboard_msgs/local/lib/python3.10/dist-packages/ur_dashboard_msgs/srv/_get_loaded_program_s.c
[8.680s] -- Up-to-date: /home/adela/TFM_AdelaJimenez/install/ur_dashboard_msgs/local/lib/python3.10/dist-packages/ur_dashboard_msgs/srv/_is_program_saved_s.c
[8.680s] -- Up-to-date: /home/adela/TFM_AdelaJimenez/install/ur_dashboard_msgs/local/lib/python3.10/dist-packages/ur_dashboard_msgs/srv/_is_program_running.py
[8.684s] -- Up-to-date: /home/adela/TFM_AdelaJimenez/install/ur_dashboard_msgs/local/lib/python3.10/dist-packages/ur_dashboard_msgs/srv/_get_loaded_program.py
[8.684s] -- Up-to-date: /home/adela/TFM_AdelaJimenez/install/ur_dashboard_msgs/local/lib/python3.10/dist-packages/ur_dashboard_msgs/srv/_raw_request.py
[8.684s] -- Up-to-date: /home/adela/TFM_AdelaJimenez/install/ur_dashboard_msgs/local/lib/python3.10/dist-packages/ur_dashboard_msgs/srv/_get_program_state_s.c
[8.684s] -- Up-to-date: /home/adela/TFM_AdelaJimenez/install/ur_dashboard_msgs/local/lib/python3.10/dist-packages/ur_dashboard_msgs/srv/__init__.py
[8.684s] -- Up-to-date: /home/adela/TFM_AdelaJimenez/install/ur_dashboard_msgs/local/lib/python3.10/dist-packages/ur_dashboard_msgs/srv/_get_safety_mode.py
[8.685s] -- Up-to-date: /home/adela/TFM_AdelaJimenez/install/ur_dashboard_msgs/local/lib/python3.10/dist-packages/ur_dashboard_msgs/srv/_get_safety_mode_s.c
[8.685s] -- Up-to-date: /home/adela/TFM_AdelaJimenez/install/ur_dashboard_msgs/local/lib/python3.10/dist-packages/ur_dashboard_msgs/srv/_raw_request_s.c
[8.685s] -- Up-to-date: /home/adela/TFM_AdelaJimenez/install/ur_dashboard_msgs/local/lib/python3.10/dist-packages/ur_dashboard_msgs/srv/_load.py
[8.686s] -- Up-to-date: /home/adela/TFM_AdelaJimenez/install/ur_dashboard_msgs/local/lib/python3.10/dist-packages/ur_dashboard_msgs/srv/_add_to_log.py
[8.686s] -- Up-to-date: /home/adela/TFM_AdelaJimenez/install/ur_dashboard_msgs/local/lib/python3.10/dist-packages/ur_dashboard_msgs/ur_dashboard_msgs_s__rosidl_typesupport_c.cpython-310-x86_64-linux-gnu.so
[8.686s] -- Up-to-date: /home/adela/TFM_AdelaJimenez/install/ur_dashboard_msgs/local/lib/python3.10/dist-packages/ur_dashboard_msgs/ur_dashboard_msgs_s__rosidl_typesupport_introspection_c.cpython-310-x86_64-linux-gnu.so
[8.911s] Listing '/home/adela/TFM_AdelaJimenez/install/ur_dashboard_msgs/local/lib/python3.10/dist-packages/ur_dashboard_msgs'...
[8.911s] Listing '/home/adela/TFM_AdelaJimenez/install/ur_dashboard_msgs/local/lib/python3.10/dist-packages/ur_dashboard_msgs/action'...
[8.911s] Listing '/home/adela/TFM_AdelaJimenez/install/ur_dashboard_msgs/local/lib/python3.10/dist-packages/ur_dashboard_msgs/msg'...
[8.911s] Listing '/home/adela/TFM_AdelaJimenez/install/ur_dashboard_msgs/local/lib/python3.10/dist-packages/ur_dashboard_msgs/srv'...
[8.938s] -- Up-to-date: /home/adela/TFM_AdelaJimenez/install/ur_dashboard_msgs/local/lib/python3.10/dist-packages/ur_dashboard_msgs/ur_dashboard_msgs_s__rosidl_typesupport_fastrtps_c.cpython-310-x86_64-linux-gnu.so
[8.938s] -- Up-to-date: /home/adela/TFM_AdelaJimenez/install/ur_dashboard_msgs/local/lib/python3.10/dist-packages/ur_dashboard_msgs/ur_dashboard_msgs_s__rosidl_typesupport_introspection_c.cpython-310-x86_64-linux-gnu.so
[8.938s] -- Up-to-date: /home/adela/TFM_AdelaJimenez/install/ur_dashboard_msgs/local/lib/python3.10/dist-packages/ur_dashboard_msgs/ur_dashboard_msgs_s__rosidl_typesupport_c.cpython-310-x86_64-linux-gnu.so
[8.940s] -- Up-to-date: /home/adela/TFM_AdelaJimenez/install/ur_dashboard_msgs/lib/libur_dashboard_msgs__rosidl_generator_py.so
[8.940s] -- Up-to-date: /home/adela/TFM_AdelaJimenez/install/ur_dashboard_msgs/share/ur_dashboard_msgs/msg/ProgramState.idl
[8.941s] -- Up-to-date: /home/adela/TFM_AdelaJimenez/install/ur_dashboard_msgs/share/ur_dashboard_msgs/msg/RobotMode.idl
[8.941s] -- Up-to-date: /home/adela/TFM_AdelaJimenez/install/ur_dashboard_msgs/share/ur_dashboard_msgs/msg/SafetyMode.idl
[8.942s] -- Up-to-date: /home/adela/TFM_AdelaJimenez/install/ur_dashboard_msgs/share/ur_dashboard_msgs/srv/AddToLog.idl
[8.956s] -- Up-to-date: /home/adela/TFM_AdelaJimenez/install/ur_dashboard_msgs/share/ur_dashboard_msgs/srv/GetLoadedProgram.idl
[8.956s] -- Up-to-date: /home/adela/TFM_AdelaJimenez/install/ur_dashboard_msgs/share/ur_dashboard_msgs/srv/GetProgramState.idl
[8.956s] -- Up-to-date: /home/adela/TFM_AdelaJimenez/install/ur_dashboard_msgs/share/ur_dashboard_msgs/srv/GetRobotMode.idl
[8.956s] -- Up-to-date: /home/adela/TFM_AdelaJimenez/install/ur_dashboard_msgs/share/ur_dashboard_msgs/srv/GetSafetyMode.idl
[8.957s] -- Up-to-date: /home/adela/TFM_AdelaJimenez/install/ur_dashboard_msgs/share/ur_dashboard_msgs/srv/IsProgramRunning.idl
[8.976s] -- Up-to-date: /home/adela/TFM_AdelaJimenez/install/ur_dashboard_msgs/share/ur_dashboard_msgs/srv/IsProgramSaved.idl
[8.977s] -- Up-to-date: /home/adela/TFM_AdelaJimenez/install/ur_dashboard_msgs/share/ur_dashboard_msgs/srv/Load.idl
[8.977s] -- Up-to-date: /home/adela/TFM_AdelaJimenez/install/ur_dashboard_msgs/share/ur_dashboard_msgs/srv/Popup.idl
[8.977s] -- Up-to-date: /home/adela/TFM_AdelaJimenez/install/ur_dashboard_msgs/share/ur_dashboard_msgs/srv/RawRequest.idl
[8.977s] -- Up-to-date: /home/adela/TFM_AdelaJimenez/install/ur_dashboard_msgs/share/ur_dashboard_msgs/action/SetMode.idl
[8.977s] -- Up-to-date: /home/adela/TFM_AdelaJimenez/install/ur_dashboard_msgs/share/ur_dashboard_msgs/msg/ProgramState.msg
[8.977s] -- Up-to-date: /home/adela/TFM_AdelaJimenez/install/ur_dashboard_msgs/share/ur_dashboard_msgs/msg/RobotMode.msg
[8.977s] -- Up-to-date: /home/adela/TFM_AdelaJimenez/install/ur_dashboard_msgs/share/ur_dashboard_msgs/msg/SafetyMode.msg
[8.977s] -- Up-to-date: /home/adela/TFM_AdelaJimenez/install/ur_dashboard_msgs/share/ur_dashboard_msgs/srv/AddToLog.srv
[8.977s] -- Up-to-date: /home/adela/TFM_AdelaJimenez/install/ur_dashboard_msgs/share/ur_dashboard_msgs/srv/AddToLog_Request.msg
[8.978s] -- Up-to-date: /home/adela/TFM_AdelaJimenez/install/ur_dashboard_msgs/share/ur_dashboard_msgs/srv/AddToLog_Response.msg
[8.978s] -- Up-to-date: /home/adela/TFM_AdelaJimenez/install/ur_dashboard_msgs/share/ur_dashboard_msgs/srv/GetLoadedProgram.srv
[8.978s] -- Up-to-date: /home/adela/TFM_AdelaJimenez/install/ur_dashboard_msgs/share/ur_dashboard_msgs/srv/GetLoadedProgram_Request.msg
[8.978s] -- Up-to-date: /home/adela/TFM_AdelaJimenez/install/ur_dashboard_msgs/share/ur_dashboard_msgs/srv/GetLoadedProgram_Response.msg
[8.978s] -- Up-to-date: /home/adela/TFM_AdelaJimenez/install/ur_dashboard_msgs/share/ur_dashboard_msgs/srv/GetProgramState.srv
[8.978s] -- Up-to-date: /home/adela/TFM_AdelaJimenez/install/ur_dashboard_msgs/share/ur_dashboard_msgs/srv/GetProgramState_Request.msg
[8.978s] -- Up-to-date: /home/adela/TFM_AdelaJimenez/install/ur_dashboard_msgs/share/ur_dashboard_msgs/srv/GetProgramState_Response.msg
[8.978s] -- Up-to-date: /home/adela/TFM_AdelaJimenez/install/ur_dashboard_msgs/share/ur_dashboard_msgs/srv/GetRobotMode.srv
[8.978s] -- Up-to-date: /home/adela/TFM_AdelaJimenez/install/ur_dashboard_msgs/share/ur_dashboard_msgs/srv/GetRobotMode_Request.msg
[8.978s] -- Up-to-date: /home/adela/TFM_AdelaJimenez/install/ur_dashboard_msgs/share/ur_dashboard_msgs/srv/GetRobotMode_Response.msg
[8.978s] -- Up-to-date: /home/adela/TFM_AdelaJimenez/install/ur_dashboard_msgs/share/ur_dashboard_msgs/srv/GetSafetyMode.srv
[8.978s] -- Up-to-date: /home/adela/TFM_AdelaJimenez/install/ur_dashboard_msgs/share/ur_dashboard_msgs/srv/GetSafetyMode_Request.msg
[8.979s] -- Up-to-date: /home/adela/TFM_AdelaJimenez/install/ur_dashboard_msgs/share/ur_dashboard_msgs/srv/GetSafetyMode_Response.msg
[8.979s] -- Up-to-date: /home/adela/TFM_AdelaJimenez/install/ur_dashboard_msgs/share/ur_dashboard_msgs/srv/IsProgramRunning.srv
[8.979s] -- Up-to-date: /home/adela/TFM_AdelaJimenez/install/ur_dashboard_msgs/share/ur_dashboard_msgs/srv/IsProgramRunning_Request.msg
[8.979s] -- Up-to-date: /home/adela/TFM_AdelaJimenez/install/ur_dashboard_msgs/share/ur_dashboard_msgs/srv/IsProgramRunning_Response.msg
[8.979s] -- Up-to-date: /home/adela/TFM_AdelaJimenez/install/ur_dashboard_msgs/share/ur_dashboard_msgs/srv/IsProgramSaved.srv
[8.979s] -- Up-to-date: /home/adela/TFM_AdelaJimenez/install/ur_dashboard_msgs/share/ur_dashboard_msgs/srv/IsProgramSaved_Request.msg
[8.981s] -- Up-to-date: /home/adela/TFM_AdelaJimenez/install/ur_dashboard_msgs/share/ur_dashboard_msgs/srv/IsProgramSaved_Response.msg
[8.981s] -- Up-to-date: /home/adela/TFM_AdelaJimenez/install/ur_dashboard_msgs/share/ur_dashboard_msgs/srv/Load.srv
[8.981s] -- Up-to-date: /home/adela/TFM_AdelaJimenez/install/ur_dashboard_msgs/share/ur_dashboard_msgs/srv/Load_Request.msg
[8.981s] -- Up-to-date: /home/adela/TFM_AdelaJimenez/install/ur_dashboard_msgs/share/ur_dashboard_msgs/srv/Load_Response.msg
[8.981s] -- Up-to-date: /home/adela/TFM_AdelaJimenez/install/ur_dashboard_msgs/share/ur_dashboard_msgs/srv/Popup.srv
[8.982s] -- Up-to-date: /home/adela/TFM_AdelaJimenez/install/ur_dashboard_msgs/share/ur_dashboard_msgs/srv/Popup_Request.msg
[8.982s] -- Up-to-date: /home/adela/TFM_AdelaJimenez/install/ur_dashboard_msgs/share/ur_dashboard_msgs/srv/Popup_Response.msg
[8.982s] -- Up-to-date: /home/adela/TFM_AdelaJimenez/install/ur_dashboard_msgs/share/ur_dashboard_msgs/srv/RawRequest.srv
[8.982s] -- Up-to-date: /home/adela/TFM_AdelaJimenez/install/ur_dashboard_msgs/share/ur_dashboard_msgs/srv/RawRequest_Request.msg
[8.992s] -- Up-to-date: /home/adela/TFM_AdelaJimenez/install/ur_dashboard_msgs/share/ur_dashboard_msgs/srv/RawRequest_Response.msg
[8.992s] -- Up-to-date: /home/adela/TFM_AdelaJimenez/install/ur_dashboard_msgs/share/ur_dashboard_msgs/action/SetMode.action
[8.992s] -- Up-to-date: /home/adela/TFM_AdelaJimenez/install/ur_dashboard_msgs/share/ament_index/resource_index/package_run_dependencies/ur_dashboard_msgs
[8.993s] -- Up-to-date: /home/adela/TFM_AdelaJimenez/install/ur_dashboard_msgs/share/ament_index/resource_index/parent_prefix_path/ur_dashboard_msgs
[8.993s] -- Up-to-date: /home/adela/TFM_AdelaJimenez/install/ur_dashboard_msgs/share/ur_dashboard_msgs/environment/ament_prefix_path.sh
[8.993s] -- Up-to-date: /home/adela/TFM_AdelaJimenez/install/ur_dashboard_msgs/share/ur_dashboard_msgs/environment/ament_prefix_path.dsv
[8.993s] -- Up-to-date: /home/adela/TFM_AdelaJimenez/install/ur_dashboard_msgs/share/ur_dashboard_msgs/environment/path.sh
[8.993s] -- Up-to-date: /home/adela/TFM_AdelaJimenez/install/ur_dashboard_msgs/share/ur_dashboard_msgs/environment/path.dsv
[8.993s] -- Up-to-date: /home/adela/TFM_AdelaJimenez/install/ur_dashboard_msgs/share/ur_dashboard_msgs/local_setup.bash
[8.993s] -- Up-to-date: /home/adela/TFM_AdelaJimenez/install/ur_dashboard_msgs/share/ur_dashboard_msgs/local_setup.sh
[8.993s] -- Up-to-date: /home/adela/TFM_AdelaJimenez/install/ur_dashboard_msgs/share/ur_dashboard_msgs/local_setup.zsh
[8.993s] -- Up-to-date: /home/adela/TFM_AdelaJimenez/install/ur_dashboard_msgs/share/ur_dashboard_msgs/local_setup.dsv
[8.993s] -- Installing: /home/adela/TFM_AdelaJimenez/install/ur_dashboard_msgs/share/ur_dashboard_msgs/package.dsv
[9.007s] -- Up-to-date: /home/adela/TFM_AdelaJimenez/install/ur_dashboard_msgs/share/ament_index/resource_index/packages/ur_dashboard_msgs
[9.016s] -- Up-to-date: /home/adela/TFM_AdelaJimenez/install/ur_dashboard_msgs/share/ur_dashboard_msgs/cmake/export_ur_dashboard_msgs__rosidl_generator_cExport.cmake
[9.016s] -- Up-to-date: /home/adela/TFM_AdelaJimenez/install/ur_dashboard_msgs/share/ur_dashboard_msgs/cmake/export_ur_dashboard_msgs__rosidl_generator_cExport-noconfig.cmake
[9.020s] -- Up-to-date: /home/adela/TFM_AdelaJimenez/install/ur_dashboard_msgs/share/ur_dashboard_msgs/cmake/export_ur_dashboard_msgs__rosidl_typesupport_fastrtps_cExport.cmake
[9.020s] -- Up-to-date: /home/adela/TFM_AdelaJimenez/install/ur_dashboard_msgs/share/ur_dashboard_msgs/cmake/export_ur_dashboard_msgs__rosidl_typesupport_fastrtps_cExport-noconfig.cmake
[9.033s] -- Up-to-date: /home/adela/TFM_AdelaJimenez/install/ur_dashboard_msgs/share/ur_dashboard_msgs/cmake/ur_dashboard_msgs__rosidl_typesupport_introspection_cExport.cmake
[9.033s] -- Up-to-date: /home/adela/TFM_AdelaJimenez/install/ur_dashboard_msgs/share/ur_dashboard_msgs/cmake/ur_dashboard_msgs__rosidl_typesupport_introspection_cExport-noconfig.cmake
[9.039s] -- Up-to-date: /home/adela/TFM_AdelaJimenez/install/ur_dashboard_msgs/share/ur_dashboard_msgs/cmake/ur_dashboard_msgs__rosidl_typesupport_cExport.cmake
[9.058s] -- Up-to-date: /home/adela/TFM_AdelaJimenez/install/ur_dashboard_msgs/share/ur_dashboard_msgs/cmake/ur_dashboard_msgs__rosidl_typesupport_cExport-noconfig.cmake
[9.058s] -- Up-to-date: /home/adela/TFM_AdelaJimenez/install/ur_dashboard_msgs/share/ur_dashboard_msgs/cmake/export_ur_dashboard_msgs__rosidl_generator_cppExport.cmake
[9.058s] -- Up-to-date: /home/adela/TFM_AdelaJimenez/install/ur_dashboard_msgs/share/ur_dashboard_msgs/cmake/export_ur_dashboard_msgs__rosidl_typesupport_fastrtps_cppExport.cmake
[9.059s] -- Up-to-date: /home/adela/TFM_AdelaJimenez/install/ur_dashboard_msgs/share/ur_dashboard_msgs/cmake/export_ur_dashboard_msgs__rosidl_typesupport_fastrtps_cppExport-noconfig.cmake
[9.059s] -- Up-to-date: /home/adela/TFM_AdelaJimenez/install/ur_dashboard_msgs/share/ur_dashboard_msgs/cmake/ur_dashboard_msgs__rosidl_typesupport_introspection_cppExport.cmake
[9.059s] -- Up-to-date: /home/adela/TFM_AdelaJimenez/install/ur_dashboard_msgs/share/ur_dashboard_msgs/cmake/ur_dashboard_msgs__rosidl_typesupport_introspection_cppExport-noconfig.cmake
[9.061s] -- Up-to-date: /home/adela/TFM_AdelaJimenez/install/ur_dashboard_msgs/share/ur_dashboard_msgs/cmake/ur_dashboard_msgs__rosidl_typesupport_cppExport.cmake
[9.062s] -- Up-to-date: /home/adela/TFM_AdelaJimenez/install/ur_dashboard_msgs/share/ur_dashboard_msgs/cmake/ur_dashboard_msgs__rosidl_typesupport_cppExport-noconfig.cmake
[9.062s] -- Up-to-date: /home/adela/TFM_AdelaJimenez/install/ur_dashboard_msgs/share/ur_dashboard_msgs/cmake/export_ur_dashboard_msgs__rosidl_generator_pyExport.cmake
[9.062s] -- Up-to-date: /home/adela/TFM_AdelaJimenez/install/ur_dashboard_msgs/share/ur_dashboard_msgs/cmake/export_ur_dashboard_msgs__rosidl_generator_pyExport-noconfig.cmake
[9.062s] -- Up-to-date: /home/adela/TFM_AdelaJimenez/install/ur_dashboard_msgs/share/ur_dashboard_msgs/cmake/rosidl_cmake-extras.cmake
[9.062s] -- Up-to-date: /home/adela/TFM_AdelaJimenez/install/ur_dashboard_msgs/share/ur_dashboard_msgs/cmake/ament_cmake_export_dependencies-extras.cmake
[9.062s] -- Up-to-date: /home/adela/TFM_AdelaJimenez/install/ur_dashboard_msgs/share/ur_dashboard_msgs/cmake/ament_cmake_export_include_directories-extras.cmake
[9.064s] -- Up-to-date: /home/adela/TFM_AdelaJimenez/install/ur_dashboard_msgs/share/ur_dashboard_msgs/cmake/ament_cmake_export_libraries-extras.cmake
[9.064s] -- Up-to-date: /home/adela/TFM_AdelaJimenez/install/ur_dashboard_msgs/share/ur_dashboard_msgs/cmake/ament_cmake_export_targets-extras.cmake
[9.064s] -- Up-to-date: /home/adela/TFM_AdelaJimenez/install/ur_dashboard_msgs/share/ur_dashboard_msgs/cmake/rosidl_cmake_export_typesupport_targets-extras.cmake
[9.064s] -- Up-to-date: /home/adela/TFM_AdelaJimenez/install/ur_dashboard_msgs/share/ur_dashboard_msgs/cmake/rosidl_cmake_export_typesupport_libraries-extras.cmake
[9.064s] -- Up-to-date: /home/adela/TFM_AdelaJimenez/install/ur_dashboard_msgs/share/ur_dashboard_msgs/cmake/ur_dashboard_msgsConfig.cmake
[9.064s] -- Up-to-date: /home/adela/TFM_AdelaJimenez/install/ur_dashboard_msgs/share/ur_dashboard_msgs/cmake/ur_dashboard_msgsConfig-version.cmake
[9.064s] -- Up-to-date: /home/adela/TFM_AdelaJimenez/install/ur_dashboard_msgs/share/ur_dashboard_msgs/package.xml
[9.103s] Invoked command in '/home/adela/TFM_AdelaJimenez/build/ur_dashboard_msgs' returned '0': CMAKE_PREFIX_PATH=${CMAKE_PREFIX_PATH}:/home/adela/TFM_AdelaJimenez/workspace/ros_ur_driver/install/trayectories:/home/adela/TFM_AdelaJimenez/workspace/ros_ur_driver/install/conversion_datos:/home/adela/TFM_MiguelLerinAlonso/workspace/ros_ur_driver/install/trayectories:/home/adela/TFM_MiguelLerinAlonso/workspace/ros_ur_driver/install/rutine_launcher:/home/adela/TFM_MiguelLerinAlonso/workspace/ros_ur_driver/install/data_logger:/home/adela/TFM_MiguelLerinAlonso/workspace/ros_ur_driver/install/build_platform:/opt/ros/humble /usr/bin/cmake --install /home/adela/TFM_AdelaJimenez/build/ur_dashboard_msgs
