[2.966s] Invoking command in '/home/adela/TFM_AdelaJimenez/workspace/ros_ur_driver/src/build_platform': PYTHONPATH=/home/adela/TFM_AdelaJimenez/build/build_platform/prefix_override:/home/adela/TFM_AdelaJimenez/install/build_platform/lib/python3.10/site-packages:${PYTHONPATH} /usr/bin/python3 -W ignore:setup.py install is deprecated setup.py egg_info --egg-base ../../../../build/build_platform build --build-base /home/adela/TFM_AdelaJimenez/build/build_platform/build install --record /home/adela/TFM_AdelaJimenez/build/build_platform/install.log --single-version-externally-managed install_data
[5.044s] running egg_info
[5.052s] writing ../../../../build/build_platform/build_platform.egg-info/PKG-INFO
[5.054s] writing dependency_links to ../../../../build/build_platform/build_platform.egg-info/dependency_links.txt
[5.055s] writing entry points to ../../../../build/build_platform/build_platform.egg-info/entry_points.txt
[5.062s] writing requirements to ../../../../build/build_platform/build_platform.egg-info/requires.txt
[5.070s] writing top-level names to ../../../../build/build_platform/build_platform.egg-info/top_level.txt
[5.082s] reading manifest file '../../../../build/build_platform/build_platform.egg-info/SOURCES.txt'
[5.087s] writing manifest file '../../../../build/build_platform/build_platform.egg-info/SOURCES.txt'
[5.089s] running build
[5.090s] running build_py
[5.090s] running install
[5.097s] running install_lib
[5.113s] running install_data
[5.113s] running install_egg_info
[5.128s] removing '/home/adela/TFM_AdelaJimenez/install/build_platform/lib/python3.10/site-packages/build_platform-0.0.0-py3.10.egg-info' (and everything under it)
[5.129s] Copying ../../../../build/build_platform/build_platform.egg-info to /home/adela/TFM_AdelaJimenez/install/build_platform/lib/python3.10/site-packages/build_platform-0.0.0-py3.10.egg-info
[5.148s] running install_scripts
[5.250s] Installing arduino_communicator_v2 script to /home/adela/TFM_AdelaJimenez/install/build_platform/lib/build_platform
[5.254s] Installing messages script to /home/adela/TFM_AdelaJimenez/install/build_platform/lib/build_platform
[5.254s] Installing serial_reader_v2 script to /home/adela/TFM_AdelaJimenez/install/build_platform/lib/build_platform
[5.254s] writing list of installed files to '/home/adela/TFM_AdelaJimenez/build/build_platform/install.log'
[5.462s] Invoked command in '/home/adela/TFM_AdelaJimenez/workspace/ros_ur_driver/src/build_platform' returned '0': PYTHONPATH=/home/adela/TFM_AdelaJimenez/build/build_platform/prefix_override:/home/adela/TFM_AdelaJimenez/install/build_platform/lib/python3.10/site-packages:${PYTHONPATH} /usr/bin/python3 -W ignore:setup.py install is deprecated setup.py egg_info --egg-base ../../../../build/build_platform build --build-base /home/adela/TFM_AdelaJimenez/build/build_platform/build install --record /home/adela/TFM_AdelaJimenez/build/build_platform/install.log --single-version-externally-managed install_data
