[8.060s] Invoking command in '/home/adela/TFM_AdelaJimenez/workspace/ros_ur_driver/src/data_logger': PYTHONPATH=/home/adela/TFM_AdelaJimenez/build/data_logger/prefix_override:/home/adela/TFM_AdelaJimenez/install/data_logger/lib/python3.10/site-packages:${PYTHONPATH} /usr/bin/python3 -W ignore:setup.py install is deprecated setup.py egg_info --egg-base ../../../../build/data_logger build --build-base /home/adela/TFM_AdelaJimenez/build/data_logger/build install --record /home/adela/TFM_AdelaJimenez/build/data_logger/install.log --single-version-externally-managed install_data
[11.473s] running egg_info
[11.482s] writing ../../../../build/data_logger/data_logger.egg-info/PKG-INFO
[11.483s] writing dependency_links to ../../../../build/data_logger/data_logger.egg-info/dependency_links.txt
[11.483s] writing entry points to ../../../../build/data_logger/data_logger.egg-info/entry_points.txt
[11.496s] writing requirements to ../../../../build/data_logger/data_logger.egg-info/requires.txt
[11.497s] writing top-level names to ../../../../build/data_logger/data_logger.egg-info/top_level.txt
[11.525s] reading manifest file '../../../../build/data_logger/data_logger.egg-info/SOURCES.txt'
[11.538s] writing manifest file '../../../../build/data_logger/data_logger.egg-info/SOURCES.txt'
[11.539s] running build
[11.539s] running build_py
[11.559s] running install
[11.559s] running install_lib
[11.583s] running install_data
[11.584s] running install_egg_info
[11.604s] removing '/home/adela/TFM_AdelaJimenez/install/data_logger/lib/python3.10/site-packages/data_logger-0.0.0-py3.10.egg-info' (and everything under it)
[11.604s] Copying ../../../../build/data_logger/data_logger.egg-info to /home/adela/TFM_AdelaJimenez/install/data_logger/lib/python3.10/site-packages/data_logger-0.0.0-py3.10.egg-info
[11.604s] running install_scripts
[11.760s] Installing analog_reader script to /home/adela/TFM_AdelaJimenez/install/data_logger/lib/data_logger
[11.760s] Installing data_emitter script to /home/adela/TFM_AdelaJimenez/install/data_logger/lib/data_logger
[11.760s] Installing data_reader script to /home/adela/TFM_AdelaJimenez/install/data_logger/lib/data_logger
[11.760s] Installing digital_reader script to /home/adela/TFM_AdelaJimenez/install/data_logger/lib/data_logger
[11.764s] Installing joint_reader script to /home/adela/TFM_AdelaJimenez/install/data_logger/lib/data_logger
[11.765s] Installing multi_logger script to /home/adela/TFM_AdelaJimenez/install/data_logger/lib/data_logger
[11.765s] Installing super_logger script to /home/adela/TFM_AdelaJimenez/install/data_logger/lib/data_logger
[11.770s] writing list of installed files to '/home/adela/TFM_AdelaJimenez/build/data_logger/install.log'
[12.292s] Invoked command in '/home/adela/TFM_AdelaJimenez/workspace/ros_ur_driver/src/data_logger' returned '0': PYTHONPATH=/home/adela/TFM_AdelaJimenez/build/data_logger/prefix_override:/home/adela/TFM_AdelaJimenez/install/data_logger/lib/python3.10/site-packages:${PYTHONPATH} /usr/bin/python3 -W ignore:setup.py install is deprecated setup.py egg_info --egg-base ../../../../build/data_logger build --build-base /home/adela/TFM_AdelaJimenez/build/data_logger/build install --record /home/adela/TFM_AdelaJimenez/build/data_logger/install.log --single-version-externally-managed install_data
