/home/adela/TFM_AdelaJimenez/install/trayectories/lib/python3.10/site-packages/trayectories/move_l_original.py
/home/adela/TFM_AdelaJimenez/install/trayectories/lib/python3.10/site-packages/trayectories/parseo_gcode.py
/home/adela/TFM_AdelaJimenez/install/trayectories/lib/python3.10/site-packages/trayectories/move_l.py
/home/adela/TFM_AdelaJimenez/install/trayectories/lib/python3.10/site-packages/trayectories/move_joints.py
/home/adela/TFM_AdelaJimenez/install/trayectories/lib/python3.10/site-packages/trayectories/move_l_gcode.py
/home/adela/TFM_AdelaJimenez/install/trayectories/lib/python3.10/site-packages/trayectories/__init__.py
/home/adela/TFM_AdelaJimenez/install/trayectories/lib/python3.10/site-packages/trayectories/move_l_nodes.py
/home/adela/TFM_AdelaJimenez/install/trayectories/lib/python3.10/site-packages/trayectories/__pycache__/move_l_original.cpython-310.pyc
/home/adela/TFM_AdelaJimenez/install/trayectories/lib/python3.10/site-packages/trayectories/__pycache__/parseo_gcode.cpython-310.pyc
/home/adela/TFM_AdelaJimenez/install/trayectories/lib/python3.10/site-packages/trayectories/__pycache__/move_l.cpython-310.pyc
/home/adela/TFM_AdelaJimenez/install/trayectories/lib/python3.10/site-packages/trayectories/__pycache__/move_joints.cpython-310.pyc
/home/adela/TFM_AdelaJimenez/install/trayectories/lib/python3.10/site-packages/trayectories/__pycache__/move_l_gcode.cpython-310.pyc
/home/adela/TFM_AdelaJimenez/install/trayectories/lib/python3.10/site-packages/trayectories/__pycache__/__init__.cpython-310.pyc
/home/adela/TFM_AdelaJimenez/install/trayectories/lib/python3.10/site-packages/trayectories/__pycache__/move_l_nodes.cpython-310.pyc
/home/adela/TFM_AdelaJimenez/install/trayectories/share/ament_index/resource_index/packages/trayectories
/home/adela/TFM_AdelaJimenez/install/trayectories/share/trayectories/package.xml
/home/adela/TFM_AdelaJimenez/install/trayectories/lib/python3.10/site-packages/trayectories-0.0.0-py3.10.egg-info/entry_points.txt
/home/adela/TFM_AdelaJimenez/install/trayectories/lib/python3.10/site-packages/trayectories-0.0.0-py3.10.egg-info/requires.txt
/home/adela/TFM_AdelaJimenez/install/trayectories/lib/python3.10/site-packages/trayectories-0.0.0-py3.10.egg-info/dependency_links.txt
/home/adela/TFM_AdelaJimenez/install/trayectories/lib/python3.10/site-packages/trayectories-0.0.0-py3.10.egg-info/PKG-INFO
/home/adela/TFM_AdelaJimenez/install/trayectories/lib/python3.10/site-packages/trayectories-0.0.0-py3.10.egg-info/top_level.txt
/home/adela/TFM_AdelaJimenez/install/trayectories/lib/python3.10/site-packages/trayectories-0.0.0-py3.10.egg-info/zip-safe
/home/adela/TFM_AdelaJimenez/install/trayectories/lib/python3.10/site-packages/trayectories-0.0.0-py3.10.egg-info/SOURCES.txt
/home/adela/TFM_AdelaJimenez/install/trayectories/lib/trayectories/move_joints
/home/adela/TFM_AdelaJimenez/install/trayectories/lib/trayectories/move_l
/home/adela/TFM_AdelaJimenez/install/trayectories/lib/trayectories/move_l_gcode
/home/adela/TFM_AdelaJimenez/install/trayectories/lib/trayectories/move_l_nodes
/home/adela/TFM_AdelaJimenez/install/trayectories/lib/trayectories/move_l_original
