[0.098s] Invoking command in '/home/adela/TFM_AdelaJimenez/build/ur_dashboard_msgs': CMAKE_PREFIX_PATH=${CMAKE_PREFIX_PATH}:/home/adela/TFM_AdelaJimenez/workspace/ros_ur_driver/install/trayectories:/home/adela/TFM_AdelaJimenez/workspace/ros_ur_driver/install/rutine_launcher:/home/adela/TFM_AdelaJimenez/workspace/ros_ur_driver/install/data_logger:/home/adela/TFM_AdelaJimenez/workspace/ros_ur_driver/install/build_platform:/home/adela/TFM_MiguelLerinAlonso/workspace/ros_ur_driver/install/trayectories:/home/adela/TFM_MiguelLerinAlonso/workspace/ros_ur_driver/install/rutine_launcher:/home/adela/TFM_MiguelLerinAlonso/workspace/ros_ur_driver/install/data_logger:/home/adela/TFM_MiguelLerinAlonso/workspace/ros_ur_driver/install/build_platform:/opt/ros/humble /usr/bin/cmake --build /home/adela/TFM_AdelaJimenez/build/ur_dashboard_msgs -- -j2 -l2
[0.230s] [  0%] Built target ur_dashboard_msgs__cpp
[0.288s] [ 12%] Built target ur_dashboard_msgs__rosidl_generator_c
[0.440s] [ 12%] Built target ament_cmake_python_copy_ur_dashboard_msgs
[0.625s] [ 24%] Built target ur_dashboard_msgs__rosidl_typesupport_cpp
[0.787s] [ 36%] Built target ur_dashboard_msgs__rosidl_typesupport_fastrtps_c
[0.885s] [ 48%] Built target ur_dashboard_msgs__rosidl_typesupport_introspection_c
[0.998s] [ 60%] Built target ur_dashboard_msgs__rosidl_typesupport_c
[1.117s] [ 72%] Built target ur_dashboard_msgs__rosidl_typesupport_fastrtps_cpp
[1.278s] [ 84%] Built target ur_dashboard_msgs__rosidl_typesupport_introspection_cpp
[2.612s] running egg_info
[2.616s] writing ur_dashboard_msgs.egg-info/PKG-INFO
[2.616s] writing dependency_links to ur_dashboard_msgs.egg-info/dependency_links.txt
[2.616s] writing top-level names to ur_dashboard_msgs.egg-info/top_level.txt
[2.622s] reading manifest file 'ur_dashboard_msgs.egg-info/SOURCES.txt'
[2.642s] writing manifest file 'ur_dashboard_msgs.egg-info/SOURCES.txt'
[2.731s] [ 84%] Built target ament_cmake_python_build_ur_dashboard_msgs_egg
[2.818s] [ 84%] Built target ur_dashboard_msgs
[2.923s] [ 85%] Built target ur_dashboard_msgs__py
[3.015s] [ 96%] Built target ur_dashboard_msgs__rosidl_generator_py
[3.123s] [ 97%] Built target ur_dashboard_msgs__rosidl_typesupport_fastrtps_c__pyext
[3.233s] [ 99%] Built target ur_dashboard_msgs__rosidl_typesupport_introspection_c__pyext
[3.344s] [100%] Built target ur_dashboard_msgs__rosidl_typesupport_c__pyext
[3.432s] Invoked command in '/home/adela/TFM_AdelaJimenez/build/ur_dashboard_msgs' returned '0': CMAKE_PREFIX_PATH=${CMAKE_PREFIX_PATH}:/home/adela/TFM_AdelaJimenez/workspace/ros_ur_driver/install/trayectories:/home/adela/TFM_AdelaJimenez/workspace/ros_ur_driver/install/rutine_launcher:/home/adela/TFM_AdelaJimenez/workspace/ros_ur_driver/install/data_logger:/home/adela/TFM_AdelaJimenez/workspace/ros_ur_driver/install/build_platform:/home/adela/TFM_MiguelLerinAlonso/workspace/ros_ur_driver/install/trayectories:/home/adela/TFM_MiguelLerinAlonso/workspace/ros_ur_driver/install/rutine_launcher:/home/adela/TFM_MiguelLerinAlonso/workspace/ros_ur_driver/install/data_logger:/home/adela/TFM_MiguelLerinAlonso/workspace/ros_ur_driver/install/build_platform:/opt/ros/humble /usr/bin/cmake --build /home/adela/TFM_AdelaJimenez/build/ur_dashboard_msgs -- -j2 -l2
[7.109s] Invoking command in '/home/adela/TFM_AdelaJimenez/build/ur_dashboard_msgs': CMAKE_PREFIX_PATH=${CMAKE_PREFIX_PATH}:/home/adela/TFM_AdelaJimenez/workspace/ros_ur_driver/install/trayectories:/home/adela/TFM_AdelaJimenez/workspace/ros_ur_driver/install/rutine_launcher:/home/adela/TFM_AdelaJimenez/workspace/ros_ur_driver/install/data_logger:/home/adela/TFM_AdelaJimenez/workspace/ros_ur_driver/install/build_platform:/home/adela/TFM_MiguelLerinAlonso/workspace/ros_ur_driver/install/trayectories:/home/adela/TFM_MiguelLerinAlonso/workspace/ros_ur_driver/install/rutine_launcher:/home/adela/TFM_MiguelLerinAlonso/workspace/ros_ur_driver/install/data_logger:/home/adela/TFM_MiguelLerinAlonso/workspace/ros_ur_driver/install/build_platform:/opt/ros/humble /usr/bin/cmake --install /home/adela/TFM_AdelaJimenez/build/ur_dashboard_msgs
[7.210s] -- Install configuration: ""
[7.210s] -- Up-to-date: /home/adela/TFM_AdelaJimenez/install/ur_dashboard_msgs/share/ament_index/resource_index/rosidl_interfaces/ur_dashboard_msgs
[7.210s] -- Up-to-date: /home/adela/TFM_AdelaJimenez/install/ur_dashboard_msgs/include/ur_dashboard_msgs/ur_dashboard_msgs
[7.210s] -- Up-to-date: /home/adela/TFM_AdelaJimenez/install/ur_dashboard_msgs/include/ur_dashboard_msgs/ur_dashboard_msgs/action
[7.211s] -- Up-to-date: /home/adela/TFM_AdelaJimenez/install/ur_dashboard_msgs/include/ur_dashboard_msgs/ur_dashboard_msgs/action/detail
[7.211s] -- Up-to-date: /home/adela/TFM_AdelaJimenez/install/ur_dashboard_msgs/include/ur_dashboard_msgs/ur_dashboard_msgs/action/detail/set_mode__functions.h
[7.211s] -- Up-to-date: /home/adela/TFM_AdelaJimenez/install/ur_dashboard_msgs/include/ur_dashboard_msgs/ur_dashboard_msgs/action/detail/set_mode__type_support.h
[7.211s] -- Up-to-date: /home/adela/TFM_AdelaJimenez/install/ur_dashboard_msgs/include/ur_dashboard_msgs/ur_dashboard_msgs/action/detail/set_mode__functions.c
[7.211s] -- Up-to-date: /home/adela/TFM_AdelaJimenez/install/ur_dashboard_msgs/include/ur_dashboard_msgs/ur_dashboard_msgs/action/detail/set_mode__struct.h
[7.211s] -- Up-to-date: /home/adela/TFM_AdelaJimenez/install/ur_dashboard_msgs/include/ur_dashboard_msgs/ur_dashboard_msgs/action/set_mode.h
[7.212s] -- Up-to-date: /home/adela/TFM_AdelaJimenez/install/ur_dashboard_msgs/include/ur_dashboard_msgs/ur_dashboard_msgs/msg
[7.227s] -- Up-to-date: /home/adela/TFM_AdelaJimenez/install/ur_dashboard_msgs/include/ur_dashboard_msgs/ur_dashboard_msgs/msg/robot_mode.h
[7.227s] -- Up-to-date: /home/adela/TFM_AdelaJimenez/install/ur_dashboard_msgs/include/ur_dashboard_msgs/ur_dashboard_msgs/msg/program_state.h
[7.228s] -- Up-to-date: /home/adela/TFM_AdelaJimenez/install/ur_dashboard_msgs/include/ur_dashboard_msgs/ur_dashboard_msgs/msg/safety_mode.h
[7.228s] -- Up-to-date: /home/adela/TFM_AdelaJimenez/install/ur_dashboard_msgs/include/ur_dashboard_msgs/ur_dashboard_msgs/msg/detail
[7.228s] -- Up-to-date: /home/adela/TFM_AdelaJimenez/install/ur_dashboard_msgs/include/ur_dashboard_msgs/ur_dashboard_msgs/msg/detail/program_state__type_support.h
[7.228s] -- Up-to-date: /home/adela/TFM_AdelaJimenez/install/ur_dashboard_msgs/include/ur_dashboard_msgs/ur_dashboard_msgs/msg/detail/program_state__functions.h
[7.228s] -- Up-to-date: /home/adela/TFM_AdelaJimenez/install/ur_dashboard_msgs/include/ur_dashboard_msgs/ur_dashboard_msgs/msg/detail/program_state__functions.c
[7.228s] -- Up-to-date: /home/adela/TFM_AdelaJimenez/install/ur_dashboard_msgs/include/ur_dashboard_msgs/ur_dashboard_msgs/msg/detail/robot_mode__type_support.h
[7.228s] -- Up-to-date: /home/adela/TFM_AdelaJimenez/install/ur_dashboard_msgs/include/ur_dashboard_msgs/ur_dashboard_msgs/msg/detail/safety_mode__functions.h
[7.228s] -- Up-to-date: /home/adela/TFM_AdelaJimenez/install/ur_dashboard_msgs/include/ur_dashboard_msgs/ur_dashboard_msgs/msg/detail/safety_mode__struct.h
[7.228s] -- Up-to-date: /home/adela/TFM_AdelaJimenez/install/ur_dashboard_msgs/include/ur_dashboard_msgs/ur_dashboard_msgs/msg/detail/robot_mode__functions.h
[7.228s] -- Up-to-date: /home/adela/TFM_AdelaJimenez/install/ur_dashboard_msgs/include/ur_dashboard_msgs/ur_dashboard_msgs/msg/detail/program_state__struct.h
[7.228s] -- Up-to-date: /home/adela/TFM_AdelaJimenez/install/ur_dashboard_msgs/include/ur_dashboard_msgs/ur_dashboard_msgs/msg/detail/robot_mode__struct.h
[7.229s] -- Up-to-date: /home/adela/TFM_AdelaJimenez/install/ur_dashboard_msgs/include/ur_dashboard_msgs/ur_dashboard_msgs/msg/detail/safety_mode__type_support.h
[7.229s] -- Up-to-date: /home/adela/TFM_AdelaJimenez/install/ur_dashboard_msgs/include/ur_dashboard_msgs/ur_dashboard_msgs/msg/detail/safety_mode__functions.c
[7.229s] -- Up-to-date: /home/adela/TFM_AdelaJimenez/install/ur_dashboard_msgs/include/ur_dashboard_msgs/ur_dashboard_msgs/msg/detail/robot_mode__functions.c
[7.229s] -- Up-to-date: /home/adela/TFM_AdelaJimenez/install/ur_dashboard_msgs/include/ur_dashboard_msgs/ur_dashboard_msgs/msg/rosidl_generator_c__visibility_control.h
[7.229s] -- Up-to-date: /home/adela/TFM_AdelaJimenez/install/ur_dashboard_msgs/include/ur_dashboard_msgs/ur_dashboard_msgs/srv
[7.237s] -- Up-to-date: /home/adela/TFM_AdelaJimenez/install/ur_dashboard_msgs/include/ur_dashboard_msgs/ur_dashboard_msgs/srv/get_loaded_program.h
[7.238s] -- Up-to-date: /home/adela/TFM_AdelaJimenez/install/ur_dashboard_msgs/include/ur_dashboard_msgs/ur_dashboard_msgs/srv/is_program_running.h
[7.238s] -- Up-to-date: /home/adela/TFM_AdelaJimenez/install/ur_dashboard_msgs/include/ur_dashboard_msgs/ur_dashboard_msgs/srv/add_to_log.h
[7.238s] -- Up-to-date: /home/adela/TFM_AdelaJimenez/install/ur_dashboard_msgs/include/ur_dashboard_msgs/ur_dashboard_msgs/srv/is_program_saved.h
[7.238s] -- Up-to-date: /home/adela/TFM_AdelaJimenez/install/ur_dashboard_msgs/include/ur_dashboard_msgs/ur_dashboard_msgs/srv/get_program_state.h
[7.238s] -- Up-to-date: /home/adela/TFM_AdelaJimenez/install/ur_dashboard_msgs/include/ur_dashboard_msgs/ur_dashboard_msgs/srv/get_robot_mode.h
[7.239s] -- Up-to-date: /home/adela/TFM_AdelaJimenez/install/ur_dashboard_msgs/include/ur_dashboard_msgs/ur_dashboard_msgs/srv/raw_request.h
[7.239s] -- Up-to-date: /home/adela/TFM_AdelaJimenez/install/ur_dashboard_msgs/include/ur_dashboard_msgs/ur_dashboard_msgs/srv/load.h
[7.239s] -- Up-to-date: /home/adela/TFM_AdelaJimenez/install/ur_dashboard_msgs/include/ur_dashboard_msgs/ur_dashboard_msgs/srv/detail
[7.239s] -- Up-to-date: /home/adela/TFM_AdelaJimenez/install/ur_dashboard_msgs/include/ur_dashboard_msgs/ur_dashboard_msgs/srv/detail/raw_request__struct.h
[7.239s] -- Up-to-date: /home/adela/TFM_AdelaJimenez/install/ur_dashboard_msgs/include/ur_dashboard_msgs/ur_dashboard_msgs/srv/detail/add_to_log__struct.h
[7.239s] -- Up-to-date: /home/adela/TFM_AdelaJimenez/install/ur_dashboard_msgs/include/ur_dashboard_msgs/ur_dashboard_msgs/srv/detail/is_program_saved__functions.c
[7.239s] -- Up-to-date: /home/adela/TFM_AdelaJimenez/install/ur_dashboard_msgs/include/ur_dashboard_msgs/ur_dashboard_msgs/srv/detail/get_robot_mode__functions.c
[7.239s] -- Up-to-date: /home/adela/TFM_AdelaJimenez/install/ur_dashboard_msgs/include/ur_dashboard_msgs/ur_dashboard_msgs/srv/detail/get_program_state__type_support.h
[7.239s] -- Up-to-date: /home/adela/TFM_AdelaJimenez/install/ur_dashboard_msgs/include/ur_dashboard_msgs/ur_dashboard_msgs/srv/detail/add_to_log__functions.c
[7.239s] -- Up-to-date: /home/adela/TFM_AdelaJimenez/install/ur_dashboard_msgs/include/ur_dashboard_msgs/ur_dashboard_msgs/srv/detail/add_to_log__type_support.h
[7.239s] -- Up-to-date: /home/adela/TFM_AdelaJimenez/install/ur_dashboard_msgs/include/ur_dashboard_msgs/ur_dashboard_msgs/srv/detail/popup__functions.h
[7.240s] -- Up-to-date: /home/adela/TFM_AdelaJimenez/install/ur_dashboard_msgs/include/ur_dashboard_msgs/ur_dashboard_msgs/srv/detail/get_safety_mode__type_support.h
[7.240s] -- Up-to-date: /home/adela/TFM_AdelaJimenez/install/ur_dashboard_msgs/include/ur_dashboard_msgs/ur_dashboard_msgs/srv/detail/get_robot_mode__type_support.h
[7.240s] -- Up-to-date: /home/adela/TFM_AdelaJimenez/install/ur_dashboard_msgs/include/ur_dashboard_msgs/ur_dashboard_msgs/srv/detail/load__type_support.h
[7.240s] -- Up-to-date: /home/adela/TFM_AdelaJimenez/install/ur_dashboard_msgs/include/ur_dashboard_msgs/ur_dashboard_msgs/srv/detail/is_program_running__type_support.h
[7.240s] -- Up-to-date: /home/adela/TFM_AdelaJimenez/install/ur_dashboard_msgs/include/ur_dashboard_msgs/ur_dashboard_msgs/srv/detail/get_program_state__struct.h
[7.240s] -- Up-to-date: /home/adela/TFM_AdelaJimenez/install/ur_dashboard_msgs/include/ur_dashboard_msgs/ur_dashboard_msgs/srv/detail/get_loaded_program__struct.h
[7.240s] -- Up-to-date: /home/adela/TFM_AdelaJimenez/install/ur_dashboard_msgs/include/ur_dashboard_msgs/ur_dashboard_msgs/srv/detail/load__functions.c
[7.240s] -- Up-to-date: /home/adela/TFM_AdelaJimenez/install/ur_dashboard_msgs/include/ur_dashboard_msgs/ur_dashboard_msgs/srv/detail/add_to_log__functions.h
[7.240s] -- Up-to-date: /home/adela/TFM_AdelaJimenez/install/ur_dashboard_msgs/include/ur_dashboard_msgs/ur_dashboard_msgs/srv/detail/load__struct.h
[7.240s] -- Up-to-date: /home/adela/TFM_AdelaJimenez/install/ur_dashboard_msgs/include/ur_dashboard_msgs/ur_dashboard_msgs/srv/detail/is_program_running__struct.h
[7.240s] -- Up-to-date: /home/adela/TFM_AdelaJimenez/install/ur_dashboard_msgs/include/ur_dashboard_msgs/ur_dashboard_msgs/srv/detail/popup__struct.h
[7.240s] -- Up-to-date: /home/adela/TFM_AdelaJimenez/install/ur_dashboard_msgs/include/ur_dashboard_msgs/ur_dashboard_msgs/srv/detail/is_program_running__functions.c
[7.241s] -- Up-to-date: /home/adela/TFM_AdelaJimenez/install/ur_dashboard_msgs/include/ur_dashboard_msgs/ur_dashboard_msgs/srv/detail/get_robot_mode__functions.h
[7.241s] -- Up-to-date: /home/adela/TFM_AdelaJimenez/install/ur_dashboard_msgs/include/ur_dashboard_msgs/ur_dashboard_msgs/srv/detail/get_safety_mode__struct.h
[7.241s] -- Up-to-date: /home/adela/TFM_AdelaJimenez/install/ur_dashboard_msgs/include/ur_dashboard_msgs/ur_dashboard_msgs/srv/detail/get_loaded_program__type_support.h
[7.241s] -- Up-to-date: /home/adela/TFM_AdelaJimenez/install/ur_dashboard_msgs/include/ur_dashboard_msgs/ur_dashboard_msgs/srv/detail/get_robot_mode__struct.h
[7.241s] -- Up-to-date: /home/adela/TFM_AdelaJimenez/install/ur_dashboard_msgs/include/ur_dashboard_msgs/ur_dashboard_msgs/srv/detail/get_safety_mode__functions.c
[7.241s] -- Up-to-date: /home/adela/TFM_AdelaJimenez/install/ur_dashboard_msgs/include/ur_dashboard_msgs/ur_dashboard_msgs/srv/detail/get_loaded_program__functions.h
[7.241s] -- Up-to-date: /home/adela/TFM_AdelaJimenez/install/ur_dashboard_msgs/include/ur_dashboard_msgs/ur_dashboard_msgs/srv/detail/get_safety_mode__functions.h
[7.241s] -- Up-to-date: /home/adela/TFM_AdelaJimenez/install/ur_dashboard_msgs/include/ur_dashboard_msgs/ur_dashboard_msgs/srv/detail/raw_request__functions.c
[7.241s] -- Up-to-date: /home/adela/TFM_AdelaJimenez/install/ur_dashboard_msgs/include/ur_dashboard_msgs/ur_dashboard_msgs/srv/detail/get_program_state__functions.c
[7.241s] -- Up-to-date: /home/adela/TFM_AdelaJimenez/install/ur_dashboard_msgs/include/ur_dashboard_msgs/ur_dashboard_msgs/srv/detail/load__functions.h
[7.241s] -- Up-to-date: /home/adela/TFM_AdelaJimenez/install/ur_dashboard_msgs/include/ur_dashboard_msgs/ur_dashboard_msgs/srv/detail/popup__functions.c
[7.242s] -- Up-to-date: /home/adela/TFM_AdelaJimenez/install/ur_dashboard_msgs/include/ur_dashboard_msgs/ur_dashboard_msgs/srv/detail/is_program_running__functions.h
[7.242s] -- Up-to-date: /home/adela/TFM_AdelaJimenez/install/ur_dashboard_msgs/include/ur_dashboard_msgs/ur_dashboard_msgs/srv/detail/get_program_state__functions.h
[7.242s] -- Up-to-date: /home/adela/TFM_AdelaJimenez/install/ur_dashboard_msgs/include/ur_dashboard_msgs/ur_dashboard_msgs/srv/detail/is_program_saved__struct.h
[7.242s] -- Up-to-date: /home/adela/TFM_AdelaJimenez/install/ur_dashboard_msgs/include/ur_dashboard_msgs/ur_dashboard_msgs/srv/detail/get_loaded_program__functions.c
[7.242s] -- Up-to-date: /home/adela/TFM_AdelaJimenez/install/ur_dashboard_msgs/include/ur_dashboard_msgs/ur_dashboard_msgs/srv/detail/popup__type_support.h
[7.242s] -- Up-to-date: /home/adela/TFM_AdelaJimenez/install/ur_dashboard_msgs/include/ur_dashboard_msgs/ur_dashboard_msgs/srv/detail/is_program_saved__functions.h
[7.242s] -- Up-to-date: /home/adela/TFM_AdelaJimenez/install/ur_dashboard_msgs/include/ur_dashboard_msgs/ur_dashboard_msgs/srv/detail/raw_request__functions.h
[7.242s] -- Up-to-date: /home/adela/TFM_AdelaJimenez/install/ur_dashboard_msgs/include/ur_dashboard_msgs/ur_dashboard_msgs/srv/detail/raw_request__type_support.h
[7.242s] -- Up-to-date: /home/adela/TFM_AdelaJimenez/install/ur_dashboard_msgs/include/ur_dashboard_msgs/ur_dashboard_msgs/srv/detail/is_program_saved__type_support.h
[7.242s] -- Up-to-date: /home/adela/TFM_AdelaJimenez/install/ur_dashboard_msgs/include/ur_dashboard_msgs/ur_dashboard_msgs/srv/get_safety_mode.h
[7.242s] -- Up-to-date: /home/adela/TFM_AdelaJimenez/install/ur_dashboard_msgs/include/ur_dashboard_msgs/ur_dashboard_msgs/srv/popup.h
[7.243s] -- Up-to-date: /home/adela/TFM_AdelaJimenez/install/ur_dashboard_msgs/share/ur_dashboard_msgs/environment/library_path.sh
[7.243s] -- Up-to-date: /home/adela/TFM_AdelaJimenez/install/ur_dashboard_msgs/share/ur_dashboard_msgs/environment/library_path.dsv
[7.243s] -- Up-to-date: /home/adela/TFM_AdelaJimenez/install/ur_dashboard_msgs/lib/libur_dashboard_msgs__rosidl_generator_c.so
[7.243s] -- Up-to-date: /home/adela/TFM_AdelaJimenez/install/ur_dashboard_msgs/include/ur_dashboard_msgs/ur_dashboard_msgs
[7.243s] -- Up-to-date: /home/adela/TFM_AdelaJimenez/install/ur_dashboard_msgs/include/ur_dashboard_msgs/ur_dashboard_msgs/action
[7.243s] -- Up-to-date: /home/adela/TFM_AdelaJimenez/install/ur_dashboard_msgs/include/ur_dashboard_msgs/ur_dashboard_msgs/action/detail
[7.243s] -- Up-to-date: /home/adela/TFM_AdelaJimenez/install/ur_dashboard_msgs/include/ur_dashboard_msgs/ur_dashboard_msgs/action/detail/set_mode__rosidl_typesupport_fastrtps_c.h
[7.243s] -- Up-to-date: /home/adela/TFM_AdelaJimenez/install/ur_dashboard_msgs/include/ur_dashboard_msgs/ur_dashboard_msgs/msg
[7.243s] -- Up-to-date: /home/adela/TFM_AdelaJimenez/install/ur_dashboard_msgs/include/ur_dashboard_msgs/ur_dashboard_msgs/msg/detail
[7.243s] -- Up-to-date: /home/adela/TFM_AdelaJimenez/install/ur_dashboard_msgs/include/ur_dashboard_msgs/ur_dashboard_msgs/msg/detail/safety_mode__rosidl_typesupport_fastrtps_c.h
[7.243s] -- Up-to-date: /home/adela/TFM_AdelaJimenez/install/ur_dashboard_msgs/include/ur_dashboard_msgs/ur_dashboard_msgs/msg/detail/program_state__rosidl_typesupport_fastrtps_c.h
[7.243s] -- Up-to-date: /home/adela/TFM_AdelaJimenez/install/ur_dashboard_msgs/include/ur_dashboard_msgs/ur_dashboard_msgs/msg/detail/robot_mode__rosidl_typesupport_fastrtps_c.h
[7.244s] -- Up-to-date: /home/adela/TFM_AdelaJimenez/install/ur_dashboard_msgs/include/ur_dashboard_msgs/ur_dashboard_msgs/msg/rosidl_typesupport_fastrtps_c__visibility_control.h
[7.244s] -- Up-to-date: /home/adela/TFM_AdelaJimenez/install/ur_dashboard_msgs/include/ur_dashboard_msgs/ur_dashboard_msgs/srv
[7.244s] -- Up-to-date: /home/adela/TFM_AdelaJimenez/install/ur_dashboard_msgs/include/ur_dashboard_msgs/ur_dashboard_msgs/srv/detail
[7.244s] -- Up-to-date: /home/adela/TFM_AdelaJimenez/install/ur_dashboard_msgs/include/ur_dashboard_msgs/ur_dashboard_msgs/srv/detail/is_program_saved__rosidl_typesupport_fastrtps_c.h
[7.244s] -- Up-to-date: /home/adela/TFM_AdelaJimenez/install/ur_dashboard_msgs/include/ur_dashboard_msgs/ur_dashboard_msgs/srv/detail/popup__rosidl_typesupport_fastrtps_c.h
[7.244s] -- Up-to-date: /home/adela/TFM_AdelaJimenez/install/ur_dashboard_msgs/include/ur_dashboard_msgs/ur_dashboard_msgs/srv/detail/raw_request__rosidl_typesupport_fastrtps_c.h
[7.244s] -- Up-to-date: /home/adela/TFM_AdelaJimenez/install/ur_dashboard_msgs/include/ur_dashboard_msgs/ur_dashboard_msgs/srv/detail/get_robot_mode__rosidl_typesupport_fastrtps_c.h
[7.244s] -- Up-to-date: /home/adela/TFM_AdelaJimenez/install/ur_dashboard_msgs/include/ur_dashboard_msgs/ur_dashboard_msgs/srv/detail/add_to_log__rosidl_typesupport_fastrtps_c.h
[7.244s] -- Up-to-date: /home/adela/TFM_AdelaJimenez/install/ur_dashboard_msgs/include/ur_dashboard_msgs/ur_dashboard_msgs/srv/detail/get_program_state__rosidl_typesupport_fastrtps_c.h
[7.244s] -- Up-to-date: /home/adela/TFM_AdelaJimenez/install/ur_dashboard_msgs/include/ur_dashboard_msgs/ur_dashboard_msgs/srv/detail/is_program_running__rosidl_typesupport_fastrtps_c.h
[7.244s] -- Up-to-date: /home/adela/TFM_AdelaJimenez/install/ur_dashboard_msgs/include/ur_dashboard_msgs/ur_dashboard_msgs/srv/detail/get_safety_mode__rosidl_typesupport_fastrtps_c.h
[7.244s] -- Up-to-date: /home/adela/TFM_AdelaJimenez/install/ur_dashboard_msgs/include/ur_dashboard_msgs/ur_dashboard_msgs/srv/detail/get_loaded_program__rosidl_typesupport_fastrtps_c.h
[7.245s] -- Up-to-date: /home/adela/TFM_AdelaJimenez/install/ur_dashboard_msgs/include/ur_dashboard_msgs/ur_dashboard_msgs/srv/detail/load__rosidl_typesupport_fastrtps_c.h
[7.245s] -- Up-to-date: /home/adela/TFM_AdelaJimenez/install/ur_dashboard_msgs/lib/libur_dashboard_msgs__rosidl_typesupport_fastrtps_c.so
[7.245s] -- Up-to-date: /home/adela/TFM_AdelaJimenez/install/ur_dashboard_msgs/include/ur_dashboard_msgs/ur_dashboard_msgs
[7.245s] -- Up-to-date: /home/adela/TFM_AdelaJimenez/install/ur_dashboard_msgs/include/ur_dashboard_msgs/ur_dashboard_msgs/action
[7.245s] -- Up-to-date: /home/adela/TFM_AdelaJimenez/install/ur_dashboard_msgs/include/ur_dashboard_msgs/ur_dashboard_msgs/action/detail
[7.245s] -- Up-to-date: /home/adela/TFM_AdelaJimenez/install/ur_dashboard_msgs/include/ur_dashboard_msgs/ur_dashboard_msgs/action/detail/set_mode__rosidl_typesupport_introspection_c.h
[7.245s] -- Up-to-date: /home/adela/TFM_AdelaJimenez/install/ur_dashboard_msgs/include/ur_dashboard_msgs/ur_dashboard_msgs/action/detail/set_mode__type_support.c
[7.245s] -- Up-to-date: /home/adela/TFM_AdelaJimenez/install/ur_dashboard_msgs/include/ur_dashboard_msgs/ur_dashboard_msgs/msg
[7.245s] -- Up-to-date: /home/adela/TFM_AdelaJimenez/install/ur_dashboard_msgs/include/ur_dashboard_msgs/ur_dashboard_msgs/msg/rosidl_typesupport_introspection_c__visibility_control.h
[7.246s] -- Up-to-date: /home/adela/TFM_AdelaJimenez/install/ur_dashboard_msgs/include/ur_dashboard_msgs/ur_dashboard_msgs/msg/detail
[7.246s] -- Up-to-date: /home/adela/TFM_AdelaJimenez/install/ur_dashboard_msgs/include/ur_dashboard_msgs/ur_dashboard_msgs/msg/detail/robot_mode__rosidl_typesupport_introspection_c.h
[7.246s] -- Up-to-date: /home/adela/TFM_AdelaJimenez/install/ur_dashboard_msgs/include/ur_dashboard_msgs/ur_dashboard_msgs/msg/detail/program_state__rosidl_typesupport_introspection_c.h
[7.246s] -- Up-to-date: /home/adela/TFM_AdelaJimenez/install/ur_dashboard_msgs/include/ur_dashboard_msgs/ur_dashboard_msgs/msg/detail/safety_mode__rosidl_typesupport_introspection_c.h
[7.246s] -- Up-to-date: /home/adela/TFM_AdelaJimenez/install/ur_dashboard_msgs/include/ur_dashboard_msgs/ur_dashboard_msgs/msg/detail/program_state__type_support.c
[7.246s] -- Up-to-date: /home/adela/TFM_AdelaJimenez/install/ur_dashboard_msgs/include/ur_dashboard_msgs/ur_dashboard_msgs/msg/detail/safety_mode__type_support.c
[7.246s] -- Up-to-date: /home/adela/TFM_AdelaJimenez/install/ur_dashboard_msgs/include/ur_dashboard_msgs/ur_dashboard_msgs/msg/detail/robot_mode__type_support.c
[7.246s] -- Up-to-date: /home/adela/TFM_AdelaJimenez/install/ur_dashboard_msgs/include/ur_dashboard_msgs/ur_dashboard_msgs/srv
[7.246s] -- Up-to-date: /home/adela/TFM_AdelaJimenez/install/ur_dashboard_msgs/include/ur_dashboard_msgs/ur_dashboard_msgs/srv/detail
[7.282s] -- Up-to-date: /home/adela/TFM_AdelaJimenez/install/ur_dashboard_msgs/include/ur_dashboard_msgs/ur_dashboard_msgs/srv/detail/get_program_state__rosidl_typesupport_introspection_c.h
[7.282s] -- Up-to-date: /home/adela/TFM_AdelaJimenez/install/ur_dashboard_msgs/include/ur_dashboard_msgs/ur_dashboard_msgs/srv/detail/get_robot_mode__rosidl_typesupport_introspection_c.h
[7.282s] -- Up-to-date: /home/adela/TFM_AdelaJimenez/install/ur_dashboard_msgs/include/ur_dashboard_msgs/ur_dashboard_msgs/srv/detail/load__rosidl_typesupport_introspection_c.h
[7.282s] -- Up-to-date: /home/adela/TFM_AdelaJimenez/install/ur_dashboard_msgs/include/ur_dashboard_msgs/ur_dashboard_msgs/srv/detail/is_program_running__type_support.c
[7.282s] -- Up-to-date: /home/adela/TFM_AdelaJimenez/install/ur_dashboard_msgs/include/ur_dashboard_msgs/ur_dashboard_msgs/srv/detail/get_robot_mode__type_support.c
[7.282s] -- Up-to-date: /home/adela/TFM_AdelaJimenez/install/ur_dashboard_msgs/include/ur_dashboard_msgs/ur_dashboard_msgs/srv/detail/get_loaded_program__type_support.c
[7.283s] -- Up-to-date: /home/adela/TFM_AdelaJimenez/install/ur_dashboard_msgs/include/ur_dashboard_msgs/ur_dashboard_msgs/srv/detail/popup__type_support.c
[7.283s] -- Up-to-date: /home/adela/TFM_AdelaJimenez/install/ur_dashboard_msgs/include/ur_dashboard_msgs/ur_dashboard_msgs/srv/detail/add_to_log__rosidl_typesupport_introspection_c.h
[7.290s] -- Up-to-date: /home/adela/TFM_AdelaJimenez/install/ur_dashboard_msgs/include/ur_dashboard_msgs/ur_dashboard_msgs/srv/detail/add_to_log__type_support.c
[7.290s] -- Up-to-date: /home/adela/TFM_AdelaJimenez/install/ur_dashboard_msgs/include/ur_dashboard_msgs/ur_dashboard_msgs/srv/detail/get_program_state__type_support.c
[7.290s] -- Up-to-date: /home/adela/TFM_AdelaJimenez/install/ur_dashboard_msgs/include/ur_dashboard_msgs/ur_dashboard_msgs/srv/detail/is_program_running__rosidl_typesupport_introspection_c.h
[7.290s] -- Up-to-date: /home/adela/TFM_AdelaJimenez/install/ur_dashboard_msgs/include/ur_dashboard_msgs/ur_dashboard_msgs/srv/detail/is_program_saved__rosidl_typesupport_introspection_c.h
[7.290s] -- Up-to-date: /home/adela/TFM_AdelaJimenez/install/ur_dashboard_msgs/include/ur_dashboard_msgs/ur_dashboard_msgs/srv/detail/is_program_saved__type_support.c
[7.290s] -- Up-to-date: /home/adela/TFM_AdelaJimenez/install/ur_dashboard_msgs/include/ur_dashboard_msgs/ur_dashboard_msgs/srv/detail/get_safety_mode__rosidl_typesupport_introspection_c.h
[7.291s] -- Up-to-date: /home/adela/TFM_AdelaJimenez/install/ur_dashboard_msgs/include/ur_dashboard_msgs/ur_dashboard_msgs/srv/detail/raw_request__rosidl_typesupport_introspection_c.h
[7.291s] -- Up-to-date: /home/adela/TFM_AdelaJimenez/install/ur_dashboard_msgs/include/ur_dashboard_msgs/ur_dashboard_msgs/srv/detail/load__type_support.c
[7.291s] -- Up-to-date: /home/adela/TFM_AdelaJimenez/install/ur_dashboard_msgs/include/ur_dashboard_msgs/ur_dashboard_msgs/srv/detail/get_loaded_program__rosidl_typesupport_introspection_c.h
[7.293s] -- Up-to-date: /home/adela/TFM_AdelaJimenez/install/ur_dashboard_msgs/include/ur_dashboard_msgs/ur_dashboard_msgs/srv/detail/raw_request__type_support.c
[7.293s] -- Up-to-date: /home/adela/TFM_AdelaJimenez/install/ur_dashboard_msgs/include/ur_dashboard_msgs/ur_dashboard_msgs/srv/detail/popup__rosidl_typesupport_introspection_c.h
[7.293s] -- Up-to-date: /home/adela/TFM_AdelaJimenez/install/ur_dashboard_msgs/include/ur_dashboard_msgs/ur_dashboard_msgs/srv/detail/get_safety_mode__type_support.c
[7.305s] -- Up-to-date: /home/adela/TFM_AdelaJimenez/install/ur_dashboard_msgs/lib/libur_dashboard_msgs__rosidl_typesupport_introspection_c.so
[7.306s] -- Up-to-date: /home/adela/TFM_AdelaJimenez/install/ur_dashboard_msgs/lib/libur_dashboard_msgs__rosidl_typesupport_c.so
[7.306s] -- Up-to-date: /home/adela/TFM_AdelaJimenez/install/ur_dashboard_msgs/include/ur_dashboard_msgs/ur_dashboard_msgs
[7.306s] -- Up-to-date: /home/adela/TFM_AdelaJimenez/install/ur_dashboard_msgs/include/ur_dashboard_msgs/ur_dashboard_msgs/action
[7.306s] -- Up-to-date: /home/adela/TFM_AdelaJimenez/install/ur_dashboard_msgs/include/ur_dashboard_msgs/ur_dashboard_msgs/action/set_mode.hpp
[7.306s] -- Up-to-date: /home/adela/TFM_AdelaJimenez/install/ur_dashboard_msgs/include/ur_dashboard_msgs/ur_dashboard_msgs/action/detail
[7.306s] -- Up-to-date: /home/adela/TFM_AdelaJimenez/install/ur_dashboard_msgs/include/ur_dashboard_msgs/ur_dashboard_msgs/action/detail/set_mode__traits.hpp
[7.306s] -- Up-to-date: /home/adela/TFM_AdelaJimenez/install/ur_dashboard_msgs/include/ur_dashboard_msgs/ur_dashboard_msgs/action/detail/set_mode__struct.hpp
[7.306s] -- Up-to-date: /home/adela/TFM_AdelaJimenez/install/ur_dashboard_msgs/include/ur_dashboard_msgs/ur_dashboard_msgs/action/detail/set_mode__builder.hpp
[7.306s] -- Up-to-date: /home/adela/TFM_AdelaJimenez/install/ur_dashboard_msgs/include/ur_dashboard_msgs/ur_dashboard_msgs/msg
[7.306s] -- Up-to-date: /home/adela/TFM_AdelaJimenez/install/ur_dashboard_msgs/include/ur_dashboard_msgs/ur_dashboard_msgs/msg/program_state.hpp
[7.307s] -- Up-to-date: /home/adela/TFM_AdelaJimenez/install/ur_dashboard_msgs/include/ur_dashboard_msgs/ur_dashboard_msgs/msg/robot_mode.hpp
[7.307s] -- Up-to-date: /home/adela/TFM_AdelaJimenez/install/ur_dashboard_msgs/include/ur_dashboard_msgs/ur_dashboard_msgs/msg/detail
[7.323s] -- Up-to-date: /home/adela/TFM_AdelaJimenez/install/ur_dashboard_msgs/include/ur_dashboard_msgs/ur_dashboard_msgs/msg/detail/robot_mode__struct.hpp
[7.323s] -- Up-to-date: /home/adela/TFM_AdelaJimenez/install/ur_dashboard_msgs/include/ur_dashboard_msgs/ur_dashboard_msgs/msg/detail/safety_mode__builder.hpp
[7.324s] -- Up-to-date: /home/adela/TFM_AdelaJimenez/install/ur_dashboard_msgs/include/ur_dashboard_msgs/ur_dashboard_msgs/msg/detail/program_state__traits.hpp
[7.324s] -- Up-to-date: /home/adela/TFM_AdelaJimenez/install/ur_dashboard_msgs/include/ur_dashboard_msgs/ur_dashboard_msgs/msg/detail/robot_mode__builder.hpp
[7.324s] -- Up-to-date: /home/adela/TFM_AdelaJimenez/install/ur_dashboard_msgs/include/ur_dashboard_msgs/ur_dashboard_msgs/msg/detail/program_state__struct.hpp
[7.324s] -- Up-to-date: /home/adela/TFM_AdelaJimenez/install/ur_dashboard_msgs/include/ur_dashboard_msgs/ur_dashboard_msgs/msg/detail/program_state__builder.hpp
[7.324s] -- Up-to-date: /home/adela/TFM_AdelaJimenez/install/ur_dashboard_msgs/include/ur_dashboard_msgs/ur_dashboard_msgs/msg/detail/robot_mode__traits.hpp
[7.325s] -- Up-to-date: /home/adela/TFM_AdelaJimenez/install/ur_dashboard_msgs/include/ur_dashboard_msgs/ur_dashboard_msgs/msg/detail/safety_mode__traits.hpp
[7.325s] -- Up-to-date: /home/adela/TFM_AdelaJimenez/install/ur_dashboard_msgs/include/ur_dashboard_msgs/ur_dashboard_msgs/msg/detail/safety_mode__struct.hpp
[7.325s] -- Up-to-date: /home/adela/TFM_AdelaJimenez/install/ur_dashboard_msgs/include/ur_dashboard_msgs/ur_dashboard_msgs/msg/safety_mode.hpp
[7.326s] -- Up-to-date: /home/adela/TFM_AdelaJimenez/install/ur_dashboard_msgs/include/ur_dashboard_msgs/ur_dashboard_msgs/srv
[7.327s] -- Up-to-date: /home/adela/TFM_AdelaJimenez/install/ur_dashboard_msgs/include/ur_dashboard_msgs/ur_dashboard_msgs/srv/add_to_log.hpp
[7.327s] -- Up-to-date: /home/adela/TFM_AdelaJimenez/install/ur_dashboard_msgs/include/ur_dashboard_msgs/ur_dashboard_msgs/srv/get_loaded_program.hpp
[7.327s] -- Up-to-date: /home/adela/TFM_AdelaJimenez/install/ur_dashboard_msgs/include/ur_dashboard_msgs/ur_dashboard_msgs/srv/popup.hpp
[7.327s] -- Up-to-date: /home/adela/TFM_AdelaJimenez/install/ur_dashboard_msgs/include/ur_dashboard_msgs/ur_dashboard_msgs/srv/load.hpp
[7.327s] -- Up-to-date: /home/adela/TFM_AdelaJimenez/install/ur_dashboard_msgs/include/ur_dashboard_msgs/ur_dashboard_msgs/srv/is_program_running.hpp
[7.328s] -- Up-to-date: /home/adela/TFM_AdelaJimenez/install/ur_dashboard_msgs/include/ur_dashboard_msgs/ur_dashboard_msgs/srv/raw_request.hpp
[7.328s] -- Up-to-date: /home/adela/TFM_AdelaJimenez/install/ur_dashboard_msgs/include/ur_dashboard_msgs/ur_dashboard_msgs/srv/detail
[7.331s] -- Up-to-date: /home/adela/TFM_AdelaJimenez/install/ur_dashboard_msgs/include/ur_dashboard_msgs/ur_dashboard_msgs/srv/detail/raw_request__traits.hpp
[7.331s] -- Up-to-date: /home/adela/TFM_AdelaJimenez/install/ur_dashboard_msgs/include/ur_dashboard_msgs/ur_dashboard_msgs/srv/detail/is_program_saved__struct.hpp
[7.331s] -- Up-to-date: /home/adela/TFM_AdelaJimenez/install/ur_dashboard_msgs/include/ur_dashboard_msgs/ur_dashboard_msgs/srv/detail/get_robot_mode__struct.hpp
[7.331s] -- Up-to-date: /home/adela/TFM_AdelaJimenez/install/ur_dashboard_msgs/include/ur_dashboard_msgs/ur_dashboard_msgs/srv/detail/get_safety_mode__builder.hpp
[7.331s] -- Up-to-date: /home/adela/TFM_AdelaJimenez/install/ur_dashboard_msgs/include/ur_dashboard_msgs/ur_dashboard_msgs/srv/detail/get_robot_mode__traits.hpp
[7.331s] -- Up-to-date: /home/adela/TFM_AdelaJimenez/install/ur_dashboard_msgs/include/ur_dashboard_msgs/ur_dashboard_msgs/srv/detail/get_robot_mode__builder.hpp
[7.331s] -- Up-to-date: /home/adela/TFM_AdelaJimenez/install/ur_dashboard_msgs/include/ur_dashboard_msgs/ur_dashboard_msgs/srv/detail/get_program_state__struct.hpp
[7.331s] -- Up-to-date: /home/adela/TFM_AdelaJimenez/install/ur_dashboard_msgs/include/ur_dashboard_msgs/ur_dashboard_msgs/srv/detail/popup__traits.hpp
[7.332s] -- Up-to-date: /home/adela/TFM_AdelaJimenez/install/ur_dashboard_msgs/include/ur_dashboard_msgs/ur_dashboard_msgs/srv/detail/is_program_running__struct.hpp
[7.332s] -- Up-to-date: /home/adela/TFM_AdelaJimenez/install/ur_dashboard_msgs/include/ur_dashboard_msgs/ur_dashboard_msgs/srv/detail/get_safety_mode__traits.hpp
[7.332s] -- Up-to-date: /home/adela/TFM_AdelaJimenez/install/ur_dashboard_msgs/include/ur_dashboard_msgs/ur_dashboard_msgs/srv/detail/add_to_log__builder.hpp
[7.332s] -- Up-to-date: /home/adela/TFM_AdelaJimenez/install/ur_dashboard_msgs/include/ur_dashboard_msgs/ur_dashboard_msgs/srv/detail/get_loaded_program__struct.hpp
[7.332s] -- Up-to-date: /home/adela/TFM_AdelaJimenez/install/ur_dashboard_msgs/include/ur_dashboard_msgs/ur_dashboard_msgs/srv/detail/load__builder.hpp
[7.332s] -- Up-to-date: /home/adela/TFM_AdelaJimenez/install/ur_dashboard_msgs/include/ur_dashboard_msgs/ur_dashboard_msgs/srv/detail/add_to_log__traits.hpp
[7.332s] -- Up-to-date: /home/adela/TFM_AdelaJimenez/install/ur_dashboard_msgs/include/ur_dashboard_msgs/ur_dashboard_msgs/srv/detail/get_program_state__builder.hpp
[7.332s] -- Up-to-date: /home/adela/TFM_AdelaJimenez/install/ur_dashboard_msgs/include/ur_dashboard_msgs/ur_dashboard_msgs/srv/detail/add_to_log__struct.hpp
[7.332s] -- Up-to-date: /home/adela/TFM_AdelaJimenez/install/ur_dashboard_msgs/include/ur_dashboard_msgs/ur_dashboard_msgs/srv/detail/is_program_saved__traits.hpp
[7.332s] -- Up-to-date: /home/adela/TFM_AdelaJimenez/install/ur_dashboard_msgs/include/ur_dashboard_msgs/ur_dashboard_msgs/srv/detail/is_program_saved__builder.hpp
[7.332s] -- Up-to-date: /home/adela/TFM_AdelaJimenez/install/ur_dashboard_msgs/include/ur_dashboard_msgs/ur_dashboard_msgs/srv/detail/get_program_state__traits.hpp
[7.333s] -- Up-to-date: /home/adela/TFM_AdelaJimenez/install/ur_dashboard_msgs/include/ur_dashboard_msgs/ur_dashboard_msgs/srv/detail/is_program_running__builder.hpp
[7.333s] -- Up-to-date: /home/adela/TFM_AdelaJimenez/install/ur_dashboard_msgs/include/ur_dashboard_msgs/ur_dashboard_msgs/srv/detail/is_program_running__traits.hpp
[7.333s] -- Up-to-date: /home/adela/TFM_AdelaJimenez/install/ur_dashboard_msgs/include/ur_dashboard_msgs/ur_dashboard_msgs/srv/detail/load__struct.hpp
[7.333s] -- Up-to-date: /home/adela/TFM_AdelaJimenez/install/ur_dashboard_msgs/include/ur_dashboard_msgs/ur_dashboard_msgs/srv/detail/get_safety_mode__struct.hpp
[7.333s] -- Up-to-date: /home/adela/TFM_AdelaJimenez/install/ur_dashboard_msgs/include/ur_dashboard_msgs/ur_dashboard_msgs/srv/detail/load__traits.hpp
[7.333s] -- Up-to-date: /home/adela/TFM_AdelaJimenez/install/ur_dashboard_msgs/include/ur_dashboard_msgs/ur_dashboard_msgs/srv/detail/get_loaded_program__traits.hpp
[7.333s] -- Up-to-date: /home/adela/TFM_AdelaJimenez/install/ur_dashboard_msgs/include/ur_dashboard_msgs/ur_dashboard_msgs/srv/detail/raw_request__struct.hpp
[7.333s] -- Up-to-date: /home/adela/TFM_AdelaJimenez/install/ur_dashboard_msgs/include/ur_dashboard_msgs/ur_dashboard_msgs/srv/detail/raw_request__builder.hpp
[7.333s] -- Up-to-date: /home/adela/TFM_AdelaJimenez/install/ur_dashboard_msgs/include/ur_dashboard_msgs/ur_dashboard_msgs/srv/detail/popup__struct.hpp
[7.333s] -- Up-to-date: /home/adela/TFM_AdelaJimenez/install/ur_dashboard_msgs/include/ur_dashboard_msgs/ur_dashboard_msgs/srv/detail/get_loaded_program__builder.hpp
[7.333s] -- Up-to-date: /home/adela/TFM_AdelaJimenez/install/ur_dashboard_msgs/include/ur_dashboard_msgs/ur_dashboard_msgs/srv/detail/popup__builder.hpp
[7.334s] -- Up-to-date: /home/adela/TFM_AdelaJimenez/install/ur_dashboard_msgs/include/ur_dashboard_msgs/ur_dashboard_msgs/srv/is_program_saved.hpp
[7.334s] -- Up-to-date: /home/adela/TFM_AdelaJimenez/install/ur_dashboard_msgs/include/ur_dashboard_msgs/ur_dashboard_msgs/srv/get_safety_mode.hpp
[7.334s] -- Up-to-date: /home/adela/TFM_AdelaJimenez/install/ur_dashboard_msgs/include/ur_dashboard_msgs/ur_dashboard_msgs/srv/get_program_state.hpp
[7.334s] -- Up-to-date: /home/adela/TFM_AdelaJimenez/install/ur_dashboard_msgs/include/ur_dashboard_msgs/ur_dashboard_msgs/srv/get_robot_mode.hpp
[7.334s] -- Up-to-date: /home/adela/TFM_AdelaJimenez/install/ur_dashboard_msgs/include/ur_dashboard_msgs/ur_dashboard_msgs
[7.334s] -- Up-to-date: /home/adela/TFM_AdelaJimenez/install/ur_dashboard_msgs/include/ur_dashboard_msgs/ur_dashboard_msgs/action
[7.334s] -- Up-to-date: /home/adela/TFM_AdelaJimenez/install/ur_dashboard_msgs/include/ur_dashboard_msgs/ur_dashboard_msgs/action/detail
[7.334s] -- Up-to-date: /home/adela/TFM_AdelaJimenez/install/ur_dashboard_msgs/include/ur_dashboard_msgs/ur_dashboard_msgs/action/detail/dds_fastrtps
[7.334s] -- Up-to-date: /home/adela/TFM_AdelaJimenez/install/ur_dashboard_msgs/include/ur_dashboard_msgs/ur_dashboard_msgs/action/detail/set_mode__rosidl_typesupport_fastrtps_cpp.hpp
[7.334s] -- Up-to-date: /home/adela/TFM_AdelaJimenez/install/ur_dashboard_msgs/include/ur_dashboard_msgs/ur_dashboard_msgs/msg
[7.334s] -- Up-to-date: /home/adela/TFM_AdelaJimenez/install/ur_dashboard_msgs/include/ur_dashboard_msgs/ur_dashboard_msgs/msg/rosidl_typesupport_fastrtps_cpp__visibility_control.h
[7.335s] -- Up-to-date: /home/adela/TFM_AdelaJimenez/install/ur_dashboard_msgs/include/ur_dashboard_msgs/ur_dashboard_msgs/msg/detail
[7.335s] -- Up-to-date: /home/adela/TFM_AdelaJimenez/install/ur_dashboard_msgs/include/ur_dashboard_msgs/ur_dashboard_msgs/msg/detail/dds_fastrtps
[7.335s] -- Up-to-date: /home/adela/TFM_AdelaJimenez/install/ur_dashboard_msgs/include/ur_dashboard_msgs/ur_dashboard_msgs/msg/detail/safety_mode__rosidl_typesupport_fastrtps_cpp.hpp
[7.335s] -- Up-to-date: /home/adela/TFM_AdelaJimenez/install/ur_dashboard_msgs/include/ur_dashboard_msgs/ur_dashboard_msgs/msg/detail/robot_mode__rosidl_typesupport_fastrtps_cpp.hpp
[7.335s] -- Up-to-date: /home/adela/TFM_AdelaJimenez/install/ur_dashboard_msgs/include/ur_dashboard_msgs/ur_dashboard_msgs/msg/detail/program_state__rosidl_typesupport_fastrtps_cpp.hpp
[7.335s] -- Up-to-date: /home/adela/TFM_AdelaJimenez/install/ur_dashboard_msgs/include/ur_dashboard_msgs/ur_dashboard_msgs/srv
[7.335s] -- Up-to-date: /home/adela/TFM_AdelaJimenez/install/ur_dashboard_msgs/include/ur_dashboard_msgs/ur_dashboard_msgs/srv/detail
[7.335s] -- Up-to-date: /home/adela/TFM_AdelaJimenez/install/ur_dashboard_msgs/include/ur_dashboard_msgs/ur_dashboard_msgs/srv/detail/load__rosidl_typesupport_fastrtps_cpp.hpp
[7.335s] -- Up-to-date: /home/adela/TFM_AdelaJimenez/install/ur_dashboard_msgs/include/ur_dashboard_msgs/ur_dashboard_msgs/srv/detail/dds_fastrtps
[7.335s] -- Up-to-date: /home/adela/TFM_AdelaJimenez/install/ur_dashboard_msgs/include/ur_dashboard_msgs/ur_dashboard_msgs/srv/detail/get_loaded_program__rosidl_typesupport_fastrtps_cpp.hpp
[7.335s] -- Up-to-date: /home/adela/TFM_AdelaJimenez/install/ur_dashboard_msgs/include/ur_dashboard_msgs/ur_dashboard_msgs/srv/detail/is_program_saved__rosidl_typesupport_fastrtps_cpp.hpp
[7.336s] -- Up-to-date: /home/adela/TFM_AdelaJimenez/install/ur_dashboard_msgs/include/ur_dashboard_msgs/ur_dashboard_msgs/srv/detail/get_safety_mode__rosidl_typesupport_fastrtps_cpp.hpp
[7.336s] -- Up-to-date: /home/adela/TFM_AdelaJimenez/install/ur_dashboard_msgs/include/ur_dashboard_msgs/ur_dashboard_msgs/srv/detail/raw_request__rosidl_typesupport_fastrtps_cpp.hpp
[7.336s] -- Up-to-date: /home/adela/TFM_AdelaJimenez/install/ur_dashboard_msgs/include/ur_dashboard_msgs/ur_dashboard_msgs/srv/detail/get_robot_mode__rosidl_typesupport_fastrtps_cpp.hpp
[7.336s] -- Up-to-date: /home/adela/TFM_AdelaJimenez/install/ur_dashboard_msgs/include/ur_dashboard_msgs/ur_dashboard_msgs/srv/detail/popup__rosidl_typesupport_fastrtps_cpp.hpp
[7.336s] -- Up-to-date: /home/adela/TFM_AdelaJimenez/install/ur_dashboard_msgs/include/ur_dashboard_msgs/ur_dashboard_msgs/srv/detail/is_program_running__rosidl_typesupport_fastrtps_cpp.hpp
[7.336s] -- Up-to-date: /home/adela/TFM_AdelaJimenez/install/ur_dashboard_msgs/include/ur_dashboard_msgs/ur_dashboard_msgs/srv/detail/add_to_log__rosidl_typesupport_fastrtps_cpp.hpp
[7.336s] -- Up-to-date: /home/adela/TFM_AdelaJimenez/install/ur_dashboard_msgs/include/ur_dashboard_msgs/ur_dashboard_msgs/srv/detail/get_program_state__rosidl_typesupport_fastrtps_cpp.hpp
[7.336s] -- Up-to-date: /home/adela/TFM_AdelaJimenez/install/ur_dashboard_msgs/lib/libur_dashboard_msgs__rosidl_typesupport_fastrtps_cpp.so
[7.336s] -- Up-to-date: /home/adela/TFM_AdelaJimenez/install/ur_dashboard_msgs/include/ur_dashboard_msgs/ur_dashboard_msgs
[7.336s] -- Up-to-date: /home/adela/TFM_AdelaJimenez/install/ur_dashboard_msgs/include/ur_dashboard_msgs/ur_dashboard_msgs/action
[7.336s] -- Up-to-date: /home/adela/TFM_AdelaJimenez/install/ur_dashboard_msgs/include/ur_dashboard_msgs/ur_dashboard_msgs/action/detail
[7.336s] -- Up-to-date: /home/adela/TFM_AdelaJimenez/install/ur_dashboard_msgs/include/ur_dashboard_msgs/ur_dashboard_msgs/action/detail/set_mode__rosidl_typesupport_introspection_cpp.hpp
[7.337s] -- Up-to-date: /home/adela/TFM_AdelaJimenez/install/ur_dashboard_msgs/include/ur_dashboard_msgs/ur_dashboard_msgs/action/detail/set_mode__type_support.cpp
[7.337s] -- Up-to-date: /home/adela/TFM_AdelaJimenez/install/ur_dashboard_msgs/include/ur_dashboard_msgs/ur_dashboard_msgs/msg
[7.337s] -- Up-to-date: /home/adela/TFM_AdelaJimenez/install/ur_dashboard_msgs/include/ur_dashboard_msgs/ur_dashboard_msgs/msg/detail
[7.337s] -- Up-to-date: /home/adela/TFM_AdelaJimenez/install/ur_dashboard_msgs/include/ur_dashboard_msgs/ur_dashboard_msgs/msg/detail/safety_mode__type_support.cpp
[7.337s] -- Up-to-date: /home/adela/TFM_AdelaJimenez/install/ur_dashboard_msgs/include/ur_dashboard_msgs/ur_dashboard_msgs/msg/detail/robot_mode__type_support.cpp
[7.337s] -- Up-to-date: /home/adela/TFM_AdelaJimenez/install/ur_dashboard_msgs/include/ur_dashboard_msgs/ur_dashboard_msgs/msg/detail/safety_mode__rosidl_typesupport_introspection_cpp.hpp
[7.337s] -- Up-to-date: /home/adela/TFM_AdelaJimenez/install/ur_dashboard_msgs/include/ur_dashboard_msgs/ur_dashboard_msgs/msg/detail/robot_mode__rosidl_typesupport_introspection_cpp.hpp
[7.337s] -- Up-to-date: /home/adela/TFM_AdelaJimenez/install/ur_dashboard_msgs/include/ur_dashboard_msgs/ur_dashboard_msgs/msg/detail/program_state__rosidl_typesupport_introspection_cpp.hpp
[7.337s] -- Up-to-date: /home/adela/TFM_AdelaJimenez/install/ur_dashboard_msgs/include/ur_dashboard_msgs/ur_dashboard_msgs/msg/detail/program_state__type_support.cpp
[7.337s] -- Up-to-date: /home/adela/TFM_AdelaJimenez/install/ur_dashboard_msgs/include/ur_dashboard_msgs/ur_dashboard_msgs/srv
[7.337s] -- Up-to-date: /home/adela/TFM_AdelaJimenez/install/ur_dashboard_msgs/include/ur_dashboard_msgs/ur_dashboard_msgs/srv/detail
[7.398s] -- Up-to-date: /home/adela/TFM_AdelaJimenez/install/ur_dashboard_msgs/include/ur_dashboard_msgs/ur_dashboard_msgs/srv/detail/get_loaded_program__rosidl_typesupport_introspection_cpp.hpp
[7.398s] -- Up-to-date: /home/adela/TFM_AdelaJimenez/install/ur_dashboard_msgs/include/ur_dashboard_msgs/ur_dashboard_msgs/srv/detail/load__type_support.cpp
[7.398s] -- Up-to-date: /home/adela/TFM_AdelaJimenez/install/ur_dashboard_msgs/include/ur_dashboard_msgs/ur_dashboard_msgs/srv/detail/get_program_state__rosidl_typesupport_introspection_cpp.hpp
[7.398s] -- Up-to-date: /home/adela/TFM_AdelaJimenez/install/ur_dashboard_msgs/include/ur_dashboard_msgs/ur_dashboard_msgs/srv/detail/raw_request__rosidl_typesupport_introspection_cpp.hpp
[7.398s] -- Up-to-date: /home/adela/TFM_AdelaJimenez/install/ur_dashboard_msgs/include/ur_dashboard_msgs/ur_dashboard_msgs/srv/detail/load__rosidl_typesupport_introspection_cpp.hpp
[7.398s] -- Up-to-date: /home/adela/TFM_AdelaJimenez/install/ur_dashboard_msgs/include/ur_dashboard_msgs/ur_dashboard_msgs/srv/detail/popup__rosidl_typesupport_introspection_cpp.hpp
[7.398s] -- Up-to-date: /home/adela/TFM_AdelaJimenez/install/ur_dashboard_msgs/include/ur_dashboard_msgs/ur_dashboard_msgs/srv/detail/is_program_saved__type_support.cpp
[7.398s] -- Up-to-date: /home/adela/TFM_AdelaJimenez/install/ur_dashboard_msgs/include/ur_dashboard_msgs/ur_dashboard_msgs/srv/detail/add_to_log__type_support.cpp
[7.398s] -- Up-to-date: /home/adela/TFM_AdelaJimenez/install/ur_dashboard_msgs/include/ur_dashboard_msgs/ur_dashboard_msgs/srv/detail/get_loaded_program__type_support.cpp
[7.399s] -- Up-to-date: /home/adela/TFM_AdelaJimenez/install/ur_dashboard_msgs/include/ur_dashboard_msgs/ur_dashboard_msgs/srv/detail/is_program_saved__rosidl_typesupport_introspection_cpp.hpp
[7.399s] -- Up-to-date: /home/adela/TFM_AdelaJimenez/install/ur_dashboard_msgs/include/ur_dashboard_msgs/ur_dashboard_msgs/srv/detail/raw_request__type_support.cpp
[7.399s] -- Up-to-date: /home/adela/TFM_AdelaJimenez/install/ur_dashboard_msgs/include/ur_dashboard_msgs/ur_dashboard_msgs/srv/detail/get_program_state__type_support.cpp
[7.399s] -- Up-to-date: /home/adela/TFM_AdelaJimenez/install/ur_dashboard_msgs/include/ur_dashboard_msgs/ur_dashboard_msgs/srv/detail/is_program_running__type_support.cpp
[7.399s] -- Up-to-date: /home/adela/TFM_AdelaJimenez/install/ur_dashboard_msgs/include/ur_dashboard_msgs/ur_dashboard_msgs/srv/detail/popup__type_support.cpp
[7.399s] -- Up-to-date: /home/adela/TFM_AdelaJimenez/install/ur_dashboard_msgs/include/ur_dashboard_msgs/ur_dashboard_msgs/srv/detail/get_robot_mode__type_support.cpp
[7.399s] -- Up-to-date: /home/adela/TFM_AdelaJimenez/install/ur_dashboard_msgs/include/ur_dashboard_msgs/ur_dashboard_msgs/srv/detail/add_to_log__rosidl_typesupport_introspection_cpp.hpp
[7.399s] -- Up-to-date: /home/adela/TFM_AdelaJimenez/install/ur_dashboard_msgs/include/ur_dashboard_msgs/ur_dashboard_msgs/srv/detail/is_program_running__rosidl_typesupport_introspection_cpp.hpp
[7.399s] -- Up-to-date: /home/adela/TFM_AdelaJimenez/install/ur_dashboard_msgs/include/ur_dashboard_msgs/ur_dashboard_msgs/srv/detail/get_safety_mode__type_support.cpp
[7.400s] -- Up-to-date: /home/adela/TFM_AdelaJimenez/install/ur_dashboard_msgs/include/ur_dashboard_msgs/ur_dashboard_msgs/srv/detail/get_robot_mode__rosidl_typesupport_introspection_cpp.hpp
[7.400s] -- Up-to-date: /home/adela/TFM_AdelaJimenez/install/ur_dashboard_msgs/include/ur_dashboard_msgs/ur_dashboard_msgs/srv/detail/get_safety_mode__rosidl_typesupport_introspection_cpp.hpp
[7.400s] -- Up-to-date: /home/adela/TFM_AdelaJimenez/install/ur_dashboard_msgs/lib/libur_dashboard_msgs__rosidl_typesupport_introspection_cpp.so
[7.400s] -- Up-to-date: /home/adela/TFM_AdelaJimenez/install/ur_dashboard_msgs/lib/libur_dashboard_msgs__rosidl_typesupport_cpp.so
[7.441s] -- Up-to-date: /home/adela/TFM_AdelaJimenez/install/ur_dashboard_msgs/share/ur_dashboard_msgs/environment/pythonpath.sh
[7.441s] -- Up-to-date: /home/adela/TFM_AdelaJimenez/install/ur_dashboard_msgs/share/ur_dashboard_msgs/environment/pythonpath.dsv
[7.441s] -- Up-to-date: /home/adela/TFM_AdelaJimenez/install/ur_dashboard_msgs/local/lib/python3.10/dist-packages/ur_dashboard_msgs-2.2.10-py3.10.egg-info
[7.441s] -- Installing: /home/adela/TFM_AdelaJimenez/install/ur_dashboard_msgs/local/lib/python3.10/dist-packages/ur_dashboard_msgs-2.2.10-py3.10.egg-info/dependency_links.txt
[7.441s] -- Installing: /home/adela/TFM_AdelaJimenez/install/ur_dashboard_msgs/local/lib/python3.10/dist-packages/ur_dashboard_msgs-2.2.10-py3.10.egg-info/PKG-INFO
[7.442s] -- Installing: /home/adela/TFM_AdelaJimenez/install/ur_dashboard_msgs/local/lib/python3.10/dist-packages/ur_dashboard_msgs-2.2.10-py3.10.egg-info/top_level.txt
[7.442s] -- Installing: /home/adela/TFM_AdelaJimenez/install/ur_dashboard_msgs/local/lib/python3.10/dist-packages/ur_dashboard_msgs-2.2.10-py3.10.egg-info/SOURCES.txt
[7.442s] -- Up-to-date: /home/adela/TFM_AdelaJimenez/install/ur_dashboard_msgs/local/lib/python3.10/dist-packages/ur_dashboard_msgs
[7.442s] -- Up-to-date: /home/adela/TFM_AdelaJimenez/install/ur_dashboard_msgs/local/lib/python3.10/dist-packages/ur_dashboard_msgs/_ur_dashboard_msgs_s.ep.rosidl_typesupport_fastrtps_c.c
[7.442s] -- Up-to-date: /home/adela/TFM_AdelaJimenez/install/ur_dashboard_msgs/local/lib/python3.10/dist-packages/ur_dashboard_msgs/action
[7.442s] -- Up-to-date: /home/adela/TFM_AdelaJimenez/install/ur_dashboard_msgs/local/lib/python3.10/dist-packages/ur_dashboard_msgs/action/_set_mode.py
[7.442s] -- Up-to-date: /home/adela/TFM_AdelaJimenez/install/ur_dashboard_msgs/local/lib/python3.10/dist-packages/ur_dashboard_msgs/action/__init__.py
[7.442s] -- Up-to-date: /home/adela/TFM_AdelaJimenez/install/ur_dashboard_msgs/local/lib/python3.10/dist-packages/ur_dashboard_msgs/action/_set_mode_s.c
[7.442s] -- Up-to-date: /home/adela/TFM_AdelaJimenez/install/ur_dashboard_msgs/local/lib/python3.10/dist-packages/ur_dashboard_msgs/msg
[7.442s] -- Up-to-date: /home/adela/TFM_AdelaJimenez/install/ur_dashboard_msgs/local/lib/python3.10/dist-packages/ur_dashboard_msgs/msg/_safety_mode.py
[7.442s] -- Up-to-date: /home/adela/TFM_AdelaJimenez/install/ur_dashboard_msgs/local/lib/python3.10/dist-packages/ur_dashboard_msgs/msg/_program_state_s.c
[7.442s] -- Up-to-date: /home/adela/TFM_AdelaJimenez/install/ur_dashboard_msgs/local/lib/python3.10/dist-packages/ur_dashboard_msgs/msg/__init__.py
[7.443s] -- Up-to-date: /home/adela/TFM_AdelaJimenez/install/ur_dashboard_msgs/local/lib/python3.10/dist-packages/ur_dashboard_msgs/msg/_safety_mode_s.c
[7.445s] -- Up-to-date: /home/adela/TFM_AdelaJimenez/install/ur_dashboard_msgs/local/lib/python3.10/dist-packages/ur_dashboard_msgs/msg/_program_state.py
[7.445s] -- Up-to-date: /home/adela/TFM_AdelaJimenez/install/ur_dashboard_msgs/local/lib/python3.10/dist-packages/ur_dashboard_msgs/msg/_robot_mode_s.c
[7.445s] -- Up-to-date: /home/adela/TFM_AdelaJimenez/install/ur_dashboard_msgs/local/lib/python3.10/dist-packages/ur_dashboard_msgs/msg/_robot_mode.py
[7.445s] -- Up-to-date: /home/adela/TFM_AdelaJimenez/install/ur_dashboard_msgs/local/lib/python3.10/dist-packages/ur_dashboard_msgs/ur_dashboard_msgs_s__rosidl_typesupport_fastrtps_c.cpython-310-x86_64-linux-gnu.so
[7.446s] -- Up-to-date: /home/adela/TFM_AdelaJimenez/install/ur_dashboard_msgs/local/lib/python3.10/dist-packages/ur_dashboard_msgs/_ur_dashboard_msgs_s.ep.rosidl_typesupport_introspection_c.c
[7.446s] -- Up-to-date: /home/adela/TFM_AdelaJimenez/install/ur_dashboard_msgs/local/lib/python3.10/dist-packages/ur_dashboard_msgs/_ur_dashboard_msgs_s.ep.rosidl_typesupport_c.c
[7.446s] -- Up-to-date: /home/adela/TFM_AdelaJimenez/install/ur_dashboard_msgs/local/lib/python3.10/dist-packages/ur_dashboard_msgs/__init__.py
[7.446s] -- Up-to-date: /home/adela/TFM_AdelaJimenez/install/ur_dashboard_msgs/local/lib/python3.10/dist-packages/ur_dashboard_msgs/libur_dashboard_msgs__rosidl_generator_py.so
[7.446s] -- Up-to-date: /home/adela/TFM_AdelaJimenez/install/ur_dashboard_msgs/local/lib/python3.10/dist-packages/ur_dashboard_msgs/srv
[7.446s] -- Up-to-date: /home/adela/TFM_AdelaJimenez/install/ur_dashboard_msgs/local/lib/python3.10/dist-packages/ur_dashboard_msgs/srv/_load_s.c
[7.446s] -- Up-to-date: /home/adela/TFM_AdelaJimenez/install/ur_dashboard_msgs/local/lib/python3.10/dist-packages/ur_dashboard_msgs/srv/_get_program_state.py
[7.446s] -- Up-to-date: /home/adela/TFM_AdelaJimenez/install/ur_dashboard_msgs/local/lib/python3.10/dist-packages/ur_dashboard_msgs/srv/_is_program_saved.py
[7.446s] -- Up-to-date: /home/adela/TFM_AdelaJimenez/install/ur_dashboard_msgs/local/lib/python3.10/dist-packages/ur_dashboard_msgs/srv/_add_to_log_s.c
[7.446s] -- Up-to-date: /home/adela/TFM_AdelaJimenez/install/ur_dashboard_msgs/local/lib/python3.10/dist-packages/ur_dashboard_msgs/srv/_popup.py
[7.447s] -- Up-to-date: /home/adela/TFM_AdelaJimenez/install/ur_dashboard_msgs/local/lib/python3.10/dist-packages/ur_dashboard_msgs/srv/_popup_s.c
[7.455s] -- Up-to-date: /home/adela/TFM_AdelaJimenez/install/ur_dashboard_msgs/local/lib/python3.10/dist-packages/ur_dashboard_msgs/srv/_get_robot_mode.py
[7.455s] -- Up-to-date: /home/adela/TFM_AdelaJimenez/install/ur_dashboard_msgs/local/lib/python3.10/dist-packages/ur_dashboard_msgs/srv/_is_program_running_s.c
[7.455s] -- Up-to-date: /home/adela/TFM_AdelaJimenez/install/ur_dashboard_msgs/local/lib/python3.10/dist-packages/ur_dashboard_msgs/srv/_get_robot_mode_s.c
[7.455s] -- Up-to-date: /home/adela/TFM_AdelaJimenez/install/ur_dashboard_msgs/local/lib/python3.10/dist-packages/ur_dashboard_msgs/srv/_get_loaded_program_s.c
[7.455s] -- Up-to-date: /home/adela/TFM_AdelaJimenez/install/ur_dashboard_msgs/local/lib/python3.10/dist-packages/ur_dashboard_msgs/srv/_is_program_saved_s.c
[7.455s] -- Up-to-date: /home/adela/TFM_AdelaJimenez/install/ur_dashboard_msgs/local/lib/python3.10/dist-packages/ur_dashboard_msgs/srv/_is_program_running.py
[7.456s] -- Up-to-date: /home/adela/TFM_AdelaJimenez/install/ur_dashboard_msgs/local/lib/python3.10/dist-packages/ur_dashboard_msgs/srv/_get_loaded_program.py
[7.456s] -- Up-to-date: /home/adela/TFM_AdelaJimenez/install/ur_dashboard_msgs/local/lib/python3.10/dist-packages/ur_dashboard_msgs/srv/_raw_request.py
[7.456s] -- Up-to-date: /home/adela/TFM_AdelaJimenez/install/ur_dashboard_msgs/local/lib/python3.10/dist-packages/ur_dashboard_msgs/srv/_get_program_state_s.c
[7.456s] -- Up-to-date: /home/adela/TFM_AdelaJimenez/install/ur_dashboard_msgs/local/lib/python3.10/dist-packages/ur_dashboard_msgs/srv/__init__.py
[7.456s] -- Up-to-date: /home/adela/TFM_AdelaJimenez/install/ur_dashboard_msgs/local/lib/python3.10/dist-packages/ur_dashboard_msgs/srv/_get_safety_mode.py
[7.456s] -- Up-to-date: /home/adela/TFM_AdelaJimenez/install/ur_dashboard_msgs/local/lib/python3.10/dist-packages/ur_dashboard_msgs/srv/_get_safety_mode_s.c
[7.456s] -- Up-to-date: /home/adela/TFM_AdelaJimenez/install/ur_dashboard_msgs/local/lib/python3.10/dist-packages/ur_dashboard_msgs/srv/_raw_request_s.c
[7.456s] -- Up-to-date: /home/adela/TFM_AdelaJimenez/install/ur_dashboard_msgs/local/lib/python3.10/dist-packages/ur_dashboard_msgs/srv/_load.py
[7.463s] -- Up-to-date: /home/adela/TFM_AdelaJimenez/install/ur_dashboard_msgs/local/lib/python3.10/dist-packages/ur_dashboard_msgs/srv/_add_to_log.py
[7.463s] -- Up-to-date: /home/adela/TFM_AdelaJimenez/install/ur_dashboard_msgs/local/lib/python3.10/dist-packages/ur_dashboard_msgs/ur_dashboard_msgs_s__rosidl_typesupport_c.cpython-310-x86_64-linux-gnu.so
[7.463s] -- Up-to-date: /home/adela/TFM_AdelaJimenez/install/ur_dashboard_msgs/local/lib/python3.10/dist-packages/ur_dashboard_msgs/ur_dashboard_msgs_s__rosidl_typesupport_introspection_c.cpython-310-x86_64-linux-gnu.so
[7.826s] Listing '/home/adela/TFM_AdelaJimenez/install/ur_dashboard_msgs/local/lib/python3.10/dist-packages/ur_dashboard_msgs'...
[7.826s] Listing '/home/adela/TFM_AdelaJimenez/install/ur_dashboard_msgs/local/lib/python3.10/dist-packages/ur_dashboard_msgs/action'...
[7.826s] Listing '/home/adela/TFM_AdelaJimenez/install/ur_dashboard_msgs/local/lib/python3.10/dist-packages/ur_dashboard_msgs/msg'...
[7.827s] Listing '/home/adela/TFM_AdelaJimenez/install/ur_dashboard_msgs/local/lib/python3.10/dist-packages/ur_dashboard_msgs/srv'...
[7.862s] -- Up-to-date: /home/adela/TFM_AdelaJimenez/install/ur_dashboard_msgs/local/lib/python3.10/dist-packages/ur_dashboard_msgs/ur_dashboard_msgs_s__rosidl_typesupport_fastrtps_c.cpython-310-x86_64-linux-gnu.so
[7.863s] -- Up-to-date: /home/adela/TFM_AdelaJimenez/install/ur_dashboard_msgs/local/lib/python3.10/dist-packages/ur_dashboard_msgs/ur_dashboard_msgs_s__rosidl_typesupport_introspection_c.cpython-310-x86_64-linux-gnu.so
[7.864s] -- Up-to-date: /home/adela/TFM_AdelaJimenez/install/ur_dashboard_msgs/local/lib/python3.10/dist-packages/ur_dashboard_msgs/ur_dashboard_msgs_s__rosidl_typesupport_c.cpython-310-x86_64-linux-gnu.so
[7.871s] -- Up-to-date: /home/adela/TFM_AdelaJimenez/install/ur_dashboard_msgs/lib/libur_dashboard_msgs__rosidl_generator_py.so
[7.871s] -- Up-to-date: /home/adela/TFM_AdelaJimenez/install/ur_dashboard_msgs/share/ur_dashboard_msgs/msg/ProgramState.idl
[7.871s] -- Up-to-date: /home/adela/TFM_AdelaJimenez/install/ur_dashboard_msgs/share/ur_dashboard_msgs/msg/RobotMode.idl
[7.871s] -- Up-to-date: /home/adela/TFM_AdelaJimenez/install/ur_dashboard_msgs/share/ur_dashboard_msgs/msg/SafetyMode.idl
[7.880s] -- Up-to-date: /home/adela/TFM_AdelaJimenez/install/ur_dashboard_msgs/share/ur_dashboard_msgs/srv/AddToLog.idl
[7.880s] -- Up-to-date: /home/adela/TFM_AdelaJimenez/install/ur_dashboard_msgs/share/ur_dashboard_msgs/srv/GetLoadedProgram.idl
[7.880s] -- Up-to-date: /home/adela/TFM_AdelaJimenez/install/ur_dashboard_msgs/share/ur_dashboard_msgs/srv/GetProgramState.idl
[7.880s] -- Up-to-date: /home/adela/TFM_AdelaJimenez/install/ur_dashboard_msgs/share/ur_dashboard_msgs/srv/GetRobotMode.idl
[7.880s] -- Up-to-date: /home/adela/TFM_AdelaJimenez/install/ur_dashboard_msgs/share/ur_dashboard_msgs/srv/GetSafetyMode.idl
[7.881s] -- Up-to-date: /home/adela/TFM_AdelaJimenez/install/ur_dashboard_msgs/share/ur_dashboard_msgs/srv/IsProgramRunning.idl
[7.881s] -- Up-to-date: /home/adela/TFM_AdelaJimenez/install/ur_dashboard_msgs/share/ur_dashboard_msgs/srv/IsProgramSaved.idl
[7.881s] -- Up-to-date: /home/adela/TFM_AdelaJimenez/install/ur_dashboard_msgs/share/ur_dashboard_msgs/srv/Load.idl
[7.881s] -- Up-to-date: /home/adela/TFM_AdelaJimenez/install/ur_dashboard_msgs/share/ur_dashboard_msgs/srv/Popup.idl
[7.881s] -- Up-to-date: /home/adela/TFM_AdelaJimenez/install/ur_dashboard_msgs/share/ur_dashboard_msgs/srv/RawRequest.idl
[7.881s] -- Up-to-date: /home/adela/TFM_AdelaJimenez/install/ur_dashboard_msgs/share/ur_dashboard_msgs/action/SetMode.idl
[7.881s] -- Up-to-date: /home/adela/TFM_AdelaJimenez/install/ur_dashboard_msgs/share/ur_dashboard_msgs/msg/ProgramState.msg
[7.881s] -- Up-to-date: /home/adela/TFM_AdelaJimenez/install/ur_dashboard_msgs/share/ur_dashboard_msgs/msg/RobotMode.msg
[7.882s] -- Up-to-date: /home/adela/TFM_AdelaJimenez/install/ur_dashboard_msgs/share/ur_dashboard_msgs/msg/SafetyMode.msg
[7.882s] -- Up-to-date: /home/adela/TFM_AdelaJimenez/install/ur_dashboard_msgs/share/ur_dashboard_msgs/srv/AddToLog.srv
[7.882s] -- Up-to-date: /home/adela/TFM_AdelaJimenez/install/ur_dashboard_msgs/share/ur_dashboard_msgs/srv/AddToLog_Request.msg
[7.904s] -- Up-to-date: /home/adela/TFM_AdelaJimenez/install/ur_dashboard_msgs/share/ur_dashboard_msgs/srv/AddToLog_Response.msg
[7.904s] -- Up-to-date: /home/adela/TFM_AdelaJimenez/install/ur_dashboard_msgs/share/ur_dashboard_msgs/srv/GetLoadedProgram.srv
[7.904s] -- Up-to-date: /home/adela/TFM_AdelaJimenez/install/ur_dashboard_msgs/share/ur_dashboard_msgs/srv/GetLoadedProgram_Request.msg
[7.905s] -- Up-to-date: /home/adela/TFM_AdelaJimenez/install/ur_dashboard_msgs/share/ur_dashboard_msgs/srv/GetLoadedProgram_Response.msg
[7.905s] -- Up-to-date: /home/adela/TFM_AdelaJimenez/install/ur_dashboard_msgs/share/ur_dashboard_msgs/srv/GetProgramState.srv
[7.905s] -- Up-to-date: /home/adela/TFM_AdelaJimenez/install/ur_dashboard_msgs/share/ur_dashboard_msgs/srv/GetProgramState_Request.msg
[7.905s] -- Up-to-date: /home/adela/TFM_AdelaJimenez/install/ur_dashboard_msgs/share/ur_dashboard_msgs/srv/GetProgramState_Response.msg
[7.905s] -- Up-to-date: /home/adela/TFM_AdelaJimenez/install/ur_dashboard_msgs/share/ur_dashboard_msgs/srv/GetRobotMode.srv
[7.915s] -- Up-to-date: /home/adela/TFM_AdelaJimenez/install/ur_dashboard_msgs/share/ur_dashboard_msgs/srv/GetRobotMode_Request.msg
[7.915s] -- Up-to-date: /home/adela/TFM_AdelaJimenez/install/ur_dashboard_msgs/share/ur_dashboard_msgs/srv/GetRobotMode_Response.msg
[7.915s] -- Up-to-date: /home/adela/TFM_AdelaJimenez/install/ur_dashboard_msgs/share/ur_dashboard_msgs/srv/GetSafetyMode.srv
[7.916s] -- Up-to-date: /home/adela/TFM_AdelaJimenez/install/ur_dashboard_msgs/share/ur_dashboard_msgs/srv/GetSafetyMode_Request.msg
[7.916s] -- Up-to-date: /home/adela/TFM_AdelaJimenez/install/ur_dashboard_msgs/share/ur_dashboard_msgs/srv/GetSafetyMode_Response.msg
[7.916s] -- Up-to-date: /home/adela/TFM_AdelaJimenez/install/ur_dashboard_msgs/share/ur_dashboard_msgs/srv/IsProgramRunning.srv
[7.916s] -- Up-to-date: /home/adela/TFM_AdelaJimenez/install/ur_dashboard_msgs/share/ur_dashboard_msgs/srv/IsProgramRunning_Request.msg
[7.916s] -- Up-to-date: /home/adela/TFM_AdelaJimenez/install/ur_dashboard_msgs/share/ur_dashboard_msgs/srv/IsProgramRunning_Response.msg
[7.917s] -- Up-to-date: /home/adela/TFM_AdelaJimenez/install/ur_dashboard_msgs/share/ur_dashboard_msgs/srv/IsProgramSaved.srv
[7.917s] -- Up-to-date: /home/adela/TFM_AdelaJimenez/install/ur_dashboard_msgs/share/ur_dashboard_msgs/srv/IsProgramSaved_Request.msg
[7.917s] -- Up-to-date: /home/adela/TFM_AdelaJimenez/install/ur_dashboard_msgs/share/ur_dashboard_msgs/srv/IsProgramSaved_Response.msg
[7.917s] -- Up-to-date: /home/adela/TFM_AdelaJimenez/install/ur_dashboard_msgs/share/ur_dashboard_msgs/srv/Load.srv
[7.917s] -- Up-to-date: /home/adela/TFM_AdelaJimenez/install/ur_dashboard_msgs/share/ur_dashboard_msgs/srv/Load_Request.msg
[7.917s] -- Up-to-date: /home/adela/TFM_AdelaJimenez/install/ur_dashboard_msgs/share/ur_dashboard_msgs/srv/Load_Response.msg
[7.917s] -- Up-to-date: /home/adela/TFM_AdelaJimenez/install/ur_dashboard_msgs/share/ur_dashboard_msgs/srv/Popup.srv
[7.917s] -- Up-to-date: /home/adela/TFM_AdelaJimenez/install/ur_dashboard_msgs/share/ur_dashboard_msgs/srv/Popup_Request.msg
[7.918s] -- Up-to-date: /home/adela/TFM_AdelaJimenez/install/ur_dashboard_msgs/share/ur_dashboard_msgs/srv/Popup_Response.msg
[7.918s] -- Up-to-date: /home/adela/TFM_AdelaJimenez/install/ur_dashboard_msgs/share/ur_dashboard_msgs/srv/RawRequest.srv
[7.918s] -- Up-to-date: /home/adela/TFM_AdelaJimenez/install/ur_dashboard_msgs/share/ur_dashboard_msgs/srv/RawRequest_Request.msg
[7.918s] -- Up-to-date: /home/adela/TFM_AdelaJimenez/install/ur_dashboard_msgs/share/ur_dashboard_msgs/srv/RawRequest_Response.msg
[7.918s] -- Up-to-date: /home/adela/TFM_AdelaJimenez/install/ur_dashboard_msgs/share/ur_dashboard_msgs/action/SetMode.action
[7.918s] -- Up-to-date: /home/adela/TFM_AdelaJimenez/install/ur_dashboard_msgs/share/ament_index/resource_index/package_run_dependencies/ur_dashboard_msgs
[7.918s] -- Up-to-date: /home/adela/TFM_AdelaJimenez/install/ur_dashboard_msgs/share/ament_index/resource_index/parent_prefix_path/ur_dashboard_msgs
[7.918s] -- Up-to-date: /home/adela/TFM_AdelaJimenez/install/ur_dashboard_msgs/share/ur_dashboard_msgs/environment/ament_prefix_path.sh
[7.918s] -- Up-to-date: /home/adela/TFM_AdelaJimenez/install/ur_dashboard_msgs/share/ur_dashboard_msgs/environment/ament_prefix_path.dsv
[7.918s] -- Up-to-date: /home/adela/TFM_AdelaJimenez/install/ur_dashboard_msgs/share/ur_dashboard_msgs/environment/path.sh
[7.918s] -- Up-to-date: /home/adela/TFM_AdelaJimenez/install/ur_dashboard_msgs/share/ur_dashboard_msgs/environment/path.dsv
[7.918s] -- Up-to-date: /home/adela/TFM_AdelaJimenez/install/ur_dashboard_msgs/share/ur_dashboard_msgs/local_setup.bash
[7.918s] -- Up-to-date: /home/adela/TFM_AdelaJimenez/install/ur_dashboard_msgs/share/ur_dashboard_msgs/local_setup.sh
[7.919s] -- Up-to-date: /home/adela/TFM_AdelaJimenez/install/ur_dashboard_msgs/share/ur_dashboard_msgs/local_setup.zsh
[7.919s] -- Up-to-date: /home/adela/TFM_AdelaJimenez/install/ur_dashboard_msgs/share/ur_dashboard_msgs/local_setup.dsv
[7.919s] -- Installing: /home/adela/TFM_AdelaJimenez/install/ur_dashboard_msgs/share/ur_dashboard_msgs/package.dsv
[7.919s] -- Up-to-date: /home/adela/TFM_AdelaJimenez/install/ur_dashboard_msgs/share/ament_index/resource_index/packages/ur_dashboard_msgs
[7.919s] -- Up-to-date: /home/adela/TFM_AdelaJimenez/install/ur_dashboard_msgs/share/ur_dashboard_msgs/cmake/export_ur_dashboard_msgs__rosidl_generator_cExport.cmake
[7.919s] -- Up-to-date: /home/adela/TFM_AdelaJimenez/install/ur_dashboard_msgs/share/ur_dashboard_msgs/cmake/export_ur_dashboard_msgs__rosidl_generator_cExport-noconfig.cmake
[7.919s] -- Up-to-date: /home/adela/TFM_AdelaJimenez/install/ur_dashboard_msgs/share/ur_dashboard_msgs/cmake/export_ur_dashboard_msgs__rosidl_typesupport_fastrtps_cExport.cmake
[7.919s] -- Up-to-date: /home/adela/TFM_AdelaJimenez/install/ur_dashboard_msgs/share/ur_dashboard_msgs/cmake/export_ur_dashboard_msgs__rosidl_typesupport_fastrtps_cExport-noconfig.cmake
[7.919s] -- Up-to-date: /home/adela/TFM_AdelaJimenez/install/ur_dashboard_msgs/share/ur_dashboard_msgs/cmake/ur_dashboard_msgs__rosidl_typesupport_introspection_cExport.cmake
[7.919s] -- Up-to-date: /home/adela/TFM_AdelaJimenez/install/ur_dashboard_msgs/share/ur_dashboard_msgs/cmake/ur_dashboard_msgs__rosidl_typesupport_introspection_cExport-noconfig.cmake
[7.919s] -- Up-to-date: /home/adela/TFM_AdelaJimenez/install/ur_dashboard_msgs/share/ur_dashboard_msgs/cmake/ur_dashboard_msgs__rosidl_typesupport_cExport.cmake
[7.919s] -- Up-to-date: /home/adela/TFM_AdelaJimenez/install/ur_dashboard_msgs/share/ur_dashboard_msgs/cmake/ur_dashboard_msgs__rosidl_typesupport_cExport-noconfig.cmake
[7.920s] -- Up-to-date: /home/adela/TFM_AdelaJimenez/install/ur_dashboard_msgs/share/ur_dashboard_msgs/cmake/export_ur_dashboard_msgs__rosidl_generator_cppExport.cmake
[7.940s] -- Up-to-date: /home/adela/TFM_AdelaJimenez/install/ur_dashboard_msgs/share/ur_dashboard_msgs/cmake/export_ur_dashboard_msgs__rosidl_typesupport_fastrtps_cppExport.cmake
[7.940s] -- Up-to-date: /home/adela/TFM_AdelaJimenez/install/ur_dashboard_msgs/share/ur_dashboard_msgs/cmake/export_ur_dashboard_msgs__rosidl_typesupport_fastrtps_cppExport-noconfig.cmake
[7.940s] -- Up-to-date: /home/adela/TFM_AdelaJimenez/install/ur_dashboard_msgs/share/ur_dashboard_msgs/cmake/ur_dashboard_msgs__rosidl_typesupport_introspection_cppExport.cmake
[7.940s] -- Up-to-date: /home/adela/TFM_AdelaJimenez/install/ur_dashboard_msgs/share/ur_dashboard_msgs/cmake/ur_dashboard_msgs__rosidl_typesupport_introspection_cppExport-noconfig.cmake
[7.940s] -- Up-to-date: /home/adela/TFM_AdelaJimenez/install/ur_dashboard_msgs/share/ur_dashboard_msgs/cmake/ur_dashboard_msgs__rosidl_typesupport_cppExport.cmake
[7.940s] -- Up-to-date: /home/adela/TFM_AdelaJimenez/install/ur_dashboard_msgs/share/ur_dashboard_msgs/cmake/ur_dashboard_msgs__rosidl_typesupport_cppExport-noconfig.cmake
[7.940s] -- Up-to-date: /home/adela/TFM_AdelaJimenez/install/ur_dashboard_msgs/share/ur_dashboard_msgs/cmake/export_ur_dashboard_msgs__rosidl_generator_pyExport.cmake
[7.940s] -- Up-to-date: /home/adela/TFM_AdelaJimenez/install/ur_dashboard_msgs/share/ur_dashboard_msgs/cmake/export_ur_dashboard_msgs__rosidl_generator_pyExport-noconfig.cmake
[7.940s] -- Up-to-date: /home/adela/TFM_AdelaJimenez/install/ur_dashboard_msgs/share/ur_dashboard_msgs/cmake/rosidl_cmake-extras.cmake
[7.940s] -- Up-to-date: /home/adela/TFM_AdelaJimenez/install/ur_dashboard_msgs/share/ur_dashboard_msgs/cmake/ament_cmake_export_dependencies-extras.cmake
[7.940s] -- Up-to-date: /home/adela/TFM_AdelaJimenez/install/ur_dashboard_msgs/share/ur_dashboard_msgs/cmake/ament_cmake_export_include_directories-extras.cmake
[7.941s] -- Up-to-date: /home/adela/TFM_AdelaJimenez/install/ur_dashboard_msgs/share/ur_dashboard_msgs/cmake/ament_cmake_export_libraries-extras.cmake
[7.941s] -- Up-to-date: /home/adela/TFM_AdelaJimenez/install/ur_dashboard_msgs/share/ur_dashboard_msgs/cmake/ament_cmake_export_targets-extras.cmake
[7.941s] -- Up-to-date: /home/adela/TFM_AdelaJimenez/install/ur_dashboard_msgs/share/ur_dashboard_msgs/cmake/rosidl_cmake_export_typesupport_targets-extras.cmake
[7.941s] -- Up-to-date: /home/adela/TFM_AdelaJimenez/install/ur_dashboard_msgs/share/ur_dashboard_msgs/cmake/rosidl_cmake_export_typesupport_libraries-extras.cmake
[7.941s] -- Up-to-date: /home/adela/TFM_AdelaJimenez/install/ur_dashboard_msgs/share/ur_dashboard_msgs/cmake/ur_dashboard_msgsConfig.cmake
[7.941s] -- Up-to-date: /home/adela/TFM_AdelaJimenez/install/ur_dashboard_msgs/share/ur_dashboard_msgs/cmake/ur_dashboard_msgsConfig-version.cmake
[7.941s] -- Up-to-date: /home/adela/TFM_AdelaJimenez/install/ur_dashboard_msgs/share/ur_dashboard_msgs/package.xml
[7.976s] Invoked command in '/home/adela/TFM_AdelaJimenez/build/ur_dashboard_msgs' returned '0': CMAKE_PREFIX_PATH=${CMAKE_PREFIX_PATH}:/home/adela/TFM_AdelaJimenez/workspace/ros_ur_driver/install/trayectories:/home/adela/TFM_AdelaJimenez/workspace/ros_ur_driver/install/rutine_launcher:/home/adela/TFM_AdelaJimenez/workspace/ros_ur_driver/install/data_logger:/home/adela/TFM_AdelaJimenez/workspace/ros_ur_driver/install/build_platform:/home/adela/TFM_MiguelLerinAlonso/workspace/ros_ur_driver/install/trayectories:/home/adela/TFM_MiguelLerinAlonso/workspace/ros_ur_driver/install/rutine_launcher:/home/adela/TFM_MiguelLerinAlonso/workspace/ros_ur_driver/install/data_logger:/home/adela/TFM_MiguelLerinAlonso/workspace/ros_ur_driver/install/build_platform:/opt/ros/humble /usr/bin/cmake --install /home/adela/TFM_AdelaJimenez/build/ur_dashboard_msgs
