[8.970s] Invoking command in '/home/adela/TFM_AdelaJimenez/workspace/ros_ur_driver/src/build_platform': PYTHONPATH=/home/adela/TFM_AdelaJimenez/build/build_platform/prefix_override:/home/adela/TFM_AdelaJimenez/install/build_platform/lib/python3.10/site-packages:${PYTHONPATH} /usr/bin/python3 -W ignore:setup.py install is deprecated setup.py egg_info --egg-base ../../../../build/build_platform build --build-base /home/adela/TFM_AdelaJimenez/build/build_platform/build install --record /home/adela/TFM_AdelaJimenez/build/build_platform/install.log --single-version-externally-managed install_data
[12.051s] running egg_info
[12.056s] writing ../../../../build/build_platform/build_platform.egg-info/PKG-INFO
[12.056s] writing dependency_links to ../../../../build/build_platform/build_platform.egg-info/dependency_links.txt
[12.057s] writing entry points to ../../../../build/build_platform/build_platform.egg-info/entry_points.txt
[12.057s] writing requirements to ../../../../build/build_platform/build_platform.egg-info/requires.txt
[12.060s] writing top-level names to ../../../../build/build_platform/build_platform.egg-info/top_level.txt
[12.075s] reading manifest file '../../../../build/build_platform/build_platform.egg-info/SOURCES.txt'
[12.095s] writing manifest file '../../../../build/build_platform/build_platform.egg-info/SOURCES.txt'
[12.095s] running build
[12.095s] running build_py
[12.103s] running install
[12.108s] running install_lib
[12.121s] running install_data
[12.122s] running install_egg_info
[12.151s] removing '/home/adela/TFM_AdelaJimenez/install/build_platform/lib/python3.10/site-packages/build_platform-0.0.0-py3.10.egg-info' (and everything under it)
[12.157s] Copying ../../../../build/build_platform/build_platform.egg-info to /home/adela/TFM_AdelaJimenez/install/build_platform/lib/python3.10/site-packages/build_platform-0.0.0-py3.10.egg-info
[12.166s] running install_scripts
[12.457s] Installing arduino_communicator_v2 script to /home/adela/TFM_AdelaJimenez/install/build_platform/lib/build_platform
[12.458s] Installing messages script to /home/adela/TFM_AdelaJimenez/install/build_platform/lib/build_platform
[12.462s] Installing serial_reader_v2 script to /home/adela/TFM_AdelaJimenez/install/build_platform/lib/build_platform
[12.482s] writing list of installed files to '/home/adela/TFM_AdelaJimenez/build/build_platform/install.log'
[12.701s] Invoked command in '/home/adela/TFM_AdelaJimenez/workspace/ros_ur_driver/src/build_platform' returned '0': PYTHONPATH=/home/adela/TFM_AdelaJimenez/build/build_platform/prefix_override:/home/adela/TFM_AdelaJimenez/install/build_platform/lib/python3.10/site-packages:${PYTHONPATH} /usr/bin/python3 -W ignore:setup.py install is deprecated setup.py egg_info --egg-base ../../../../build/build_platform build --build-base /home/adela/TFM_AdelaJimenez/build/build_platform/build install --record /home/adela/TFM_AdelaJimenez/build/build_platform/install.log --single-version-externally-managed install_data
