[2.118s] Invoking command in '/home/adela/TFM_AdelaJimenez/workspace/ros_ur_driver/src/trayectories': PYTHONPATH=/home/adela/TFM_AdelaJimenez/build/trayectories/prefix_override:/home/adela/TFM_AdelaJimenez/install/trayectories/lib/python3.10/site-packages:${PYTHONPATH} /usr/bin/python3 -W ignore:setup.py install is deprecated setup.py egg_info --egg-base ../../../../build/trayectories build --build-base /home/adela/TFM_AdelaJimenez/build/trayectories/build install --record /home/adela/TFM_AdelaJimenez/build/trayectories/install.log --single-version-externally-managed install_data
[3.575s] running egg_info
[3.577s] creating ../../../../build/trayectories/trayectories.egg-info
[3.577s] writing ../../../../build/trayectories/trayectories.egg-info/PKG-INFO
[3.580s] writing dependency_links to ../../../../build/trayectories/trayectories.egg-info/dependency_links.txt
[3.581s] writing entry points to ../../../../build/trayectories/trayectories.egg-info/entry_points.txt
[3.587s] writing requirements to ../../../../build/trayectories/trayectories.egg-info/requires.txt
[3.587s] writing top-level names to ../../../../build/trayectories/trayectories.egg-info/top_level.txt
[3.589s] writing manifest file '../../../../build/trayectories/trayectories.egg-info/SOURCES.txt'
[3.604s] reading manifest file '../../../../build/trayectories/trayectories.egg-info/SOURCES.txt'
[3.614s] writing manifest file '../../../../build/trayectories/trayectories.egg-info/SOURCES.txt'
[3.614s] running build
[3.620s] running build_py
[3.620s] creating /home/adela/TFM_AdelaJimenez/build/trayectories/build
[3.621s] creating /home/adela/TFM_AdelaJimenez/build/trayectories/build/lib
[3.621s] creating /home/adela/TFM_AdelaJimenez/build/trayectories/build/lib/trayectories
[3.621s] copying trayectories/move_l_original.py -> /home/adela/TFM_AdelaJimenez/build/trayectories/build/lib/trayectories
[3.623s] copying trayectories/parseo_gcode.py -> /home/adela/TFM_AdelaJimenez/build/trayectories/build/lib/trayectories
[3.623s] copying trayectories/move_l.py -> /home/adela/TFM_AdelaJimenez/build/trayectories/build/lib/trayectories
[3.624s] copying trayectories/move_joints.py -> /home/adela/TFM_AdelaJimenez/build/trayectories/build/lib/trayectories
[3.625s] copying trayectories/move_l_gcode.py -> /home/adela/TFM_AdelaJimenez/build/trayectories/build/lib/trayectories
[3.625s] copying trayectories/__init__.py -> /home/adela/TFM_AdelaJimenez/build/trayectories/build/lib/trayectories
[3.625s] copying trayectories/move_l_nodes.py -> /home/adela/TFM_AdelaJimenez/build/trayectories/build/lib/trayectories
[3.631s] running install
[3.634s] running install_lib
[3.642s] creating /home/adela/TFM_AdelaJimenez/install/trayectories/lib/python3.10/site-packages/trayectories
[3.649s] copying /home/adela/TFM_AdelaJimenez/build/trayectories/build/lib/trayectories/move_l_original.py -> /home/adela/TFM_AdelaJimenez/install/trayectories/lib/python3.10/site-packages/trayectories
[3.650s] copying /home/adela/TFM_AdelaJimenez/build/trayectories/build/lib/trayectories/parseo_gcode.py -> /home/adela/TFM_AdelaJimenez/install/trayectories/lib/python3.10/site-packages/trayectories
[3.650s] copying /home/adela/TFM_AdelaJimenez/build/trayectories/build/lib/trayectories/move_l.py -> /home/adela/TFM_AdelaJimenez/install/trayectories/lib/python3.10/site-packages/trayectories
[3.650s] copying /home/adela/TFM_AdelaJimenez/build/trayectories/build/lib/trayectories/move_joints.py -> /home/adela/TFM_AdelaJimenez/install/trayectories/lib/python3.10/site-packages/trayectories
[3.650s] copying /home/adela/TFM_AdelaJimenez/build/trayectories/build/lib/trayectories/move_l_gcode.py -> /home/adela/TFM_AdelaJimenez/install/trayectories/lib/python3.10/site-packages/trayectories
[3.650s] copying /home/adela/TFM_AdelaJimenez/build/trayectories/build/lib/trayectories/__init__.py -> /home/adela/TFM_AdelaJimenez/install/trayectories/lib/python3.10/site-packages/trayectories
[3.650s] copying /home/adela/TFM_AdelaJimenez/build/trayectories/build/lib/trayectories/move_l_nodes.py -> /home/adela/TFM_AdelaJimenez/install/trayectories/lib/python3.10/site-packages/trayectories
[3.657s] byte-compiling /home/adela/TFM_AdelaJimenez/install/trayectories/lib/python3.10/site-packages/trayectories/move_l_original.py to move_l_original.cpython-310.pyc
[3.661s] byte-compiling /home/adela/TFM_AdelaJimenez/install/trayectories/lib/python3.10/site-packages/trayectories/parseo_gcode.py to parseo_gcode.cpython-310.pyc
[3.679s] byte-compiling /home/adela/TFM_AdelaJimenez/install/trayectories/lib/python3.10/site-packages/trayectories/move_l.py to move_l.cpython-310.pyc
[3.686s] byte-compiling /home/adela/TFM_AdelaJimenez/install/trayectories/lib/python3.10/site-packages/trayectories/move_joints.py to move_joints.cpython-310.pyc
[3.692s] byte-compiling /home/adela/TFM_AdelaJimenez/install/trayectories/lib/python3.10/site-packages/trayectories/move_l_gcode.py to move_l_gcode.cpython-310.pyc
[3.701s] byte-compiling /home/adela/TFM_AdelaJimenez/install/trayectories/lib/python3.10/site-packages/trayectories/__init__.py to __init__.cpython-310.pyc
[3.704s] byte-compiling /home/adela/TFM_AdelaJimenez/install/trayectories/lib/python3.10/site-packages/trayectories/move_l_nodes.py to move_l_nodes.cpython-310.pyc
[3.722s] running install_data
[3.722s] creating /home/adela/TFM_AdelaJimenez/install/trayectories/share/ament_index
[3.722s] creating /home/adela/TFM_AdelaJimenez/install/trayectories/share/ament_index/resource_index
[3.722s] creating /home/adela/TFM_AdelaJimenez/install/trayectories/share/ament_index/resource_index/packages
[3.722s] copying resource/trayectories -> /home/adela/TFM_AdelaJimenez/install/trayectories/share/ament_index/resource_index/packages
[3.722s] copying package.xml -> /home/adela/TFM_AdelaJimenez/install/trayectories/share/trayectories
[3.722s] running install_egg_info
[3.734s] Copying ../../../../build/trayectories/trayectories.egg-info to /home/adela/TFM_AdelaJimenez/install/trayectories/lib/python3.10/site-packages/trayectories-0.0.0-py3.10.egg-info
[3.734s] running install_scripts
[3.831s] Installing move_joints script to /home/adela/TFM_AdelaJimenez/install/trayectories/lib/trayectories
[3.833s] Installing move_l script to /home/adela/TFM_AdelaJimenez/install/trayectories/lib/trayectories
[3.833s] Installing move_l_gcode script to /home/adela/TFM_AdelaJimenez/install/trayectories/lib/trayectories
[3.839s] Installing move_l_nodes script to /home/adela/TFM_AdelaJimenez/install/trayectories/lib/trayectories
[3.839s] Installing move_l_original script to /home/adela/TFM_AdelaJimenez/install/trayectories/lib/trayectories
[3.839s] writing list of installed files to '/home/adela/TFM_AdelaJimenez/build/trayectories/install.log'
[3.999s] Invoked command in '/home/adela/TFM_AdelaJimenez/workspace/ros_ur_driver/src/trayectories' returned '0': PYTHONPATH=/home/adela/TFM_AdelaJimenez/build/trayectories/prefix_override:/home/adela/TFM_AdelaJimenez/install/trayectories/lib/python3.10/site-packages:${PYTHONPATH} /usr/bin/python3 -W ignore:setup.py install is deprecated setup.py egg_info --egg-base ../../../../build/trayectories build --build-base /home/adela/TFM_AdelaJimenez/build/trayectories/build install --record /home/adela/TFM_AdelaJimenez/build/trayectories/install.log --single-version-externally-managed install_data
