running egg_info
creating ../../../../build/build_platform/build_platform.egg-info
writing ../../../../build/build_platform/build_platform.egg-info/PKG-INFO
writing dependency_links to ../../../../build/build_platform/build_platform.egg-info/dependency_links.txt
writing entry points to ../../../../build/build_platform/build_platform.egg-info/entry_points.txt
writing requirements to ../../../../build/build_platform/build_platform.egg-info/requires.txt
writing top-level names to ../../../../build/build_platform/build_platform.egg-info/top_level.txt
writing manifest file '../../../../build/build_platform/build_platform.egg-info/SOURCES.txt'
reading manifest file '../../../../build/build_platform/build_platform.egg-info/SOURCES.txt'
writing manifest file '../../../../build/build_platform/build_platform.egg-info/SOURCES.txt'
running build
running build_py
creating /home/adela/TFM_AdelaJimenez/build/build_platform/build
creating /home/adela/TFM_AdelaJimenez/build/build_platform/build/lib
creating /home/adela/TFM_AdelaJimenez/build/build_platform/build/lib/build_platform
copying build_platform/messages.py -> /home/adela/TFM_AdelaJimenez/build/build_platform/build/lib/build_platform
copying build_platform/serial_reader_v2.py -> /home/adela/TFM_AdelaJimenez/build/build_platform/build/lib/build_platform
copying build_platform/serial_reader.py -> /home/adela/TFM_AdelaJimenez/build/build_platform/build/lib/build_platform
copying build_platform/arduino_communicator.py -> /home/adela/TFM_AdelaJimenez/build/build_platform/build/lib/build_platform
copying build_platform/arduino_communicator_v2.py -> /home/adela/TFM_AdelaJimenez/build/build_platform/build/lib/build_platform
copying build_platform/__init__.py -> /home/adela/TFM_AdelaJimenez/build/build_platform/build/lib/build_platform
running install
running install_lib
creating /home/adela/TFM_AdelaJimenez/install/build_platform/lib/python3.10/site-packages/build_platform
copying /home/adela/TFM_AdelaJimenez/build/build_platform/build/lib/build_platform/messages.py -> /home/adela/TFM_AdelaJimenez/install/build_platform/lib/python3.10/site-packages/build_platform
copying /home/adela/TFM_AdelaJimenez/build/build_platform/build/lib/build_platform/serial_reader_v2.py -> /home/adela/TFM_AdelaJimenez/install/build_platform/lib/python3.10/site-packages/build_platform
copying /home/adela/TFM_AdelaJimenez/build/build_platform/build/lib/build_platform/serial_reader.py -> /home/adela/TFM_AdelaJimenez/install/build_platform/lib/python3.10/site-packages/build_platform
copying /home/adela/TFM_AdelaJimenez/build/build_platform/build/lib/build_platform/arduino_communicator.py -> /home/adela/TFM_AdelaJimenez/install/build_platform/lib/python3.10/site-packages/build_platform
copying /home/adela/TFM_AdelaJimenez/build/build_platform/build/lib/build_platform/arduino_communicator_v2.py -> /home/adela/TFM_AdelaJimenez/install/build_platform/lib/python3.10/site-packages/build_platform
copying /home/adela/TFM_AdelaJimenez/build/build_platform/build/lib/build_platform/__init__.py -> /home/adela/TFM_AdelaJimenez/install/build_platform/lib/python3.10/site-packages/build_platform
byte-compiling /home/adela/TFM_AdelaJimenez/install/build_platform/lib/python3.10/site-packages/build_platform/messages.py to messages.cpython-310.pyc
byte-compiling /home/adela/TFM_AdelaJimenez/install/build_platform/lib/python3.10/site-packages/build_platform/serial_reader_v2.py to serial_reader_v2.cpython-310.pyc
byte-compiling /home/adela/TFM_AdelaJimenez/install/build_platform/lib/python3.10/site-packages/build_platform/serial_reader.py to serial_reader.cpython-310.pyc
byte-compiling /home/adela/TFM_AdelaJimenez/install/build_platform/lib/python3.10/site-packages/build_platform/arduino_communicator.py to arduino_communicator.cpython-310.pyc
byte-compiling /home/adela/TFM_AdelaJimenez/install/build_platform/lib/python3.10/site-packages/build_platform/arduino_communicator_v2.py to arduino_communicator_v2.cpython-310.pyc
byte-compiling /home/adela/TFM_AdelaJimenez/install/build_platform/lib/python3.10/site-packages/build_platform/__init__.py to __init__.cpython-310.pyc
running install_data
creating /home/adela/TFM_AdelaJimenez/install/build_platform/share/ament_index
creating /home/adela/TFM_AdelaJimenez/install/build_platform/share/ament_index/resource_index
creating /home/adela/TFM_AdelaJimenez/install/build_platform/share/ament_index/resource_index/packages
copying resource/build_platform -> /home/adela/TFM_AdelaJimenez/install/build_platform/share/ament_index/resource_index/packages
copying package.xml -> /home/adela/TFM_AdelaJimenez/install/build_platform/share/build_platform
running install_egg_info
Copying ../../../../build/build_platform/build_platform.egg-info to /home/adela/TFM_AdelaJimenez/install/build_platform/lib/python3.10/site-packages/build_platform-0.0.0-py3.10.egg-info
running install_scripts
Installing arduino_communicator_v2 script to /home/adela/TFM_AdelaJimenez/install/build_platform/lib/build_platform
Installing messages script to /home/adela/TFM_AdelaJimenez/install/build_platform/lib/build_platform
Installing serial_reader_v2 script to /home/adela/TFM_AdelaJimenez/install/build_platform/lib/build_platform
writing list of installed files to '/home/adela/TFM_AdelaJimenez/build/build_platform/install.log'
