[5.041s] Invoking command in '/home/adela/TFM_AdelaJimenez/workspace/ros_ur_driver/src/build_platform': PYTHONPATH=/home/adela/TFM_AdelaJimenez/build/build_platform/prefix_override:/home/adela/TFM_AdelaJimenez/install/build_platform/lib/python3.10/site-packages:${PYTHONPATH} /usr/bin/python3 -W ignore:setup.py install is deprecated setup.py egg_info --egg-base ../../../../build/build_platform build --build-base /home/adela/TFM_AdelaJimenez/build/build_platform/build install --record /home/adela/TFM_AdelaJimenez/build/build_platform/install.log --single-version-externally-managed install_data
[5.856s] running egg_info
[5.858s] creating ../../../../build/build_platform/build_platform.egg-info
[5.859s] writing ../../../../build/build_platform/build_platform.egg-info/PKG-INFO
[5.860s] writing dependency_links to ../../../../build/build_platform/build_platform.egg-info/dependency_links.txt
[5.861s] writing entry points to ../../../../build/build_platform/build_platform.egg-info/entry_points.txt
[5.862s] writing requirements to ../../../../build/build_platform/build_platform.egg-info/requires.txt
[5.862s] writing top-level names to ../../../../build/build_platform/build_platform.egg-info/top_level.txt
[5.863s] writing manifest file '../../../../build/build_platform/build_platform.egg-info/SOURCES.txt'
[5.866s] reading manifest file '../../../../build/build_platform/build_platform.egg-info/SOURCES.txt'
[5.868s] writing manifest file '../../../../build/build_platform/build_platform.egg-info/SOURCES.txt'
[5.868s] running build
[5.868s] running build_py
[5.869s] creating /home/adela/TFM_AdelaJimenez/build/build_platform/build
[5.869s] creating /home/adela/TFM_AdelaJimenez/build/build_platform/build/lib
[5.870s] creating /home/adela/TFM_AdelaJimenez/build/build_platform/build/lib/build_platform
[5.870s] copying build_platform/messages.py -> /home/adela/TFM_AdelaJimenez/build/build_platform/build/lib/build_platform
[5.871s] copying build_platform/serial_reader_v2.py -> /home/adela/TFM_AdelaJimenez/build/build_platform/build/lib/build_platform
[5.871s] copying build_platform/serial_reader.py -> /home/adela/TFM_AdelaJimenez/build/build_platform/build/lib/build_platform
[5.871s] copying build_platform/arduino_communicator.py -> /home/adela/TFM_AdelaJimenez/build/build_platform/build/lib/build_platform
[5.871s] copying build_platform/arduino_communicator_v2.py -> /home/adela/TFM_AdelaJimenez/build/build_platform/build/lib/build_platform
[5.872s] copying build_platform/__init__.py -> /home/adela/TFM_AdelaJimenez/build/build_platform/build/lib/build_platform
[5.873s] running install
[5.873s] running install_lib
[5.875s] creating /home/adela/TFM_AdelaJimenez/install/build_platform/lib/python3.10/site-packages/build_platform
[5.875s] copying /home/adela/TFM_AdelaJimenez/build/build_platform/build/lib/build_platform/messages.py -> /home/adela/TFM_AdelaJimenez/install/build_platform/lib/python3.10/site-packages/build_platform
[5.876s] copying /home/adela/TFM_AdelaJimenez/build/build_platform/build/lib/build_platform/serial_reader_v2.py -> /home/adela/TFM_AdelaJimenez/install/build_platform/lib/python3.10/site-packages/build_platform
[5.876s] copying /home/adela/TFM_AdelaJimenez/build/build_platform/build/lib/build_platform/serial_reader.py -> /home/adela/TFM_AdelaJimenez/install/build_platform/lib/python3.10/site-packages/build_platform
[5.877s] copying /home/adela/TFM_AdelaJimenez/build/build_platform/build/lib/build_platform/arduino_communicator.py -> /home/adela/TFM_AdelaJimenez/install/build_platform/lib/python3.10/site-packages/build_platform
[5.877s] copying /home/adela/TFM_AdelaJimenez/build/build_platform/build/lib/build_platform/arduino_communicator_v2.py -> /home/adela/TFM_AdelaJimenez/install/build_platform/lib/python3.10/site-packages/build_platform
[5.878s] copying /home/adela/TFM_AdelaJimenez/build/build_platform/build/lib/build_platform/__init__.py -> /home/adela/TFM_AdelaJimenez/install/build_platform/lib/python3.10/site-packages/build_platform
[5.879s] byte-compiling /home/adela/TFM_AdelaJimenez/install/build_platform/lib/python3.10/site-packages/build_platform/messages.py to messages.cpython-310.pyc
[5.881s] byte-compiling /home/adela/TFM_AdelaJimenez/install/build_platform/lib/python3.10/site-packages/build_platform/serial_reader_v2.py to serial_reader_v2.cpython-310.pyc
[5.882s] byte-compiling /home/adela/TFM_AdelaJimenez/install/build_platform/lib/python3.10/site-packages/build_platform/serial_reader.py to serial_reader.cpython-310.pyc
[5.883s] byte-compiling /home/adela/TFM_AdelaJimenez/install/build_platform/lib/python3.10/site-packages/build_platform/arduino_communicator.py to arduino_communicator.cpython-310.pyc
[5.884s] byte-compiling /home/adela/TFM_AdelaJimenez/install/build_platform/lib/python3.10/site-packages/build_platform/arduino_communicator_v2.py to arduino_communicator_v2.cpython-310.pyc
[5.886s] byte-compiling /home/adela/TFM_AdelaJimenez/install/build_platform/lib/python3.10/site-packages/build_platform/__init__.py to __init__.cpython-310.pyc
[5.886s] running install_data
[5.886s] creating /home/adela/TFM_AdelaJimenez/install/build_platform/share/ament_index
[5.887s] creating /home/adela/TFM_AdelaJimenez/install/build_platform/share/ament_index/resource_index
[5.887s] creating /home/adela/TFM_AdelaJimenez/install/build_platform/share/ament_index/resource_index/packages
[5.887s] copying resource/build_platform -> /home/adela/TFM_AdelaJimenez/install/build_platform/share/ament_index/resource_index/packages
[5.888s] copying package.xml -> /home/adela/TFM_AdelaJimenez/install/build_platform/share/build_platform
[5.888s] running install_egg_info
[5.892s] Copying ../../../../build/build_platform/build_platform.egg-info to /home/adela/TFM_AdelaJimenez/install/build_platform/lib/python3.10/site-packages/build_platform-0.0.0-py3.10.egg-info
[5.898s] running install_scripts
[5.932s] Installing arduino_communicator_v2 script to /home/adela/TFM_AdelaJimenez/install/build_platform/lib/build_platform
[5.933s] Installing messages script to /home/adela/TFM_AdelaJimenez/install/build_platform/lib/build_platform
[5.934s] Installing serial_reader_v2 script to /home/adela/TFM_AdelaJimenez/install/build_platform/lib/build_platform
[5.934s] writing list of installed files to '/home/adela/TFM_AdelaJimenez/build/build_platform/install.log'
[6.092s] Invoked command in '/home/adela/TFM_AdelaJimenez/workspace/ros_ur_driver/src/build_platform' returned '0': PYTHONPATH=/home/adela/TFM_AdelaJimenez/build/build_platform/prefix_override:/home/adela/TFM_AdelaJimenez/install/build_platform/lib/python3.10/site-packages:${PYTHONPATH} /usr/bin/python3 -W ignore:setup.py install is deprecated setup.py egg_info --egg-base ../../../../build/build_platform build --build-base /home/adela/TFM_AdelaJimenez/build/build_platform/build install --record /home/adela/TFM_AdelaJimenez/build/build_platform/install.log --single-version-externally-managed install_data
