[4.986s] Invoking command in '/home/adela/TFM_AdelaJimenez/workspace/ros_ur_driver/src/trayectories': PYTHONPATH=/home/adela/TFM_AdelaJimenez/build/trayectories/prefix_override:/home/adela/TFM_AdelaJimenez/install/trayectories/lib/python3.10/site-packages:${PYTHONPATH} /usr/bin/python3 -W ignore:setup.py install is deprecated setup.py egg_info --egg-base ../../../../build/trayectories build --build-base /home/adela/TFM_AdelaJimenez/build/trayectories/build install --record /home/adela/TFM_AdelaJimenez/build/trayectories/install.log --single-version-externally-managed install_data
[7.334s] running egg_info
[7.355s] writing ../../../../build/trayectories/trayectories.egg-info/PKG-INFO
[7.356s] writing dependency_links to ../../../../build/trayectories/trayectories.egg-info/dependency_links.txt
[7.357s] writing entry points to ../../../../build/trayectories/trayectories.egg-info/entry_points.txt
[7.357s] writing requirements to ../../../../build/trayectories/trayectories.egg-info/requires.txt
[7.357s] writing top-level names to ../../../../build/trayectories/trayectories.egg-info/top_level.txt
[7.368s] reading manifest file '../../../../build/trayectories/trayectories.egg-info/SOURCES.txt'
[7.394s] writing manifest file '../../../../build/trayectories/trayectories.egg-info/SOURCES.txt'
[7.394s] running build
[7.394s] running build_py
[7.394s] running install
[7.396s] running install_lib
[7.412s] running install_data
[7.418s] running install_egg_info
[7.421s] removing '/home/adela/TFM_AdelaJimenez/install/trayectories/lib/python3.10/site-packages/trayectories-0.0.0-py3.10.egg-info' (and everything under it)
[7.429s] Copying ../../../../build/trayectories/trayectories.egg-info to /home/adela/TFM_AdelaJimenez/install/trayectories/lib/python3.10/site-packages/trayectories-0.0.0-py3.10.egg-info
[7.430s] running install_scripts
[7.583s] Installing move_joints script to /home/adela/TFM_AdelaJimenez/install/trayectories/lib/trayectories
[7.583s] Installing move_l script to /home/adela/TFM_AdelaJimenez/install/trayectories/lib/trayectories
[7.584s] Installing move_l_gcode script to /home/adela/TFM_AdelaJimenez/install/trayectories/lib/trayectories
[7.584s] Installing move_l_nodes script to /home/adela/TFM_AdelaJimenez/install/trayectories/lib/trayectories
[7.597s] Installing move_l_original script to /home/adela/TFM_AdelaJimenez/install/trayectories/lib/trayectories
[7.597s] writing list of installed files to '/home/adela/TFM_AdelaJimenez/build/trayectories/install.log'
[7.768s] Invoked command in '/home/adela/TFM_AdelaJimenez/workspace/ros_ur_driver/src/trayectories' returned '0': PYTHONPATH=/home/adela/TFM_AdelaJimenez/build/trayectories/prefix_override:/home/adela/TFM_AdelaJimenez/install/trayectories/lib/python3.10/site-packages:${PYTHONPATH} /usr/bin/python3 -W ignore:setup.py install is deprecated setup.py egg_info --egg-base ../../../../build/trayectories build --build-base /home/adela/TFM_AdelaJimenez/build/trayectories/build install --record /home/adela/TFM_AdelaJimenez/build/trayectories/install.log --single-version-externally-managed install_data
