[4.056s] Invoking command in '/home/adela/TFM_AdelaJimenez/workspace/ros_ur_driver/src/build_platform': PYTHONPATH=/home/adela/TFM_AdelaJimenez/build/build_platform/prefix_override:/home/adela/TFM_AdelaJimenez/install/build_platform/lib/python3.10/site-packages:${PYTHONPATH} /usr/bin/python3 -W ignore:setup.py install is deprecated setup.py egg_info --egg-base ../../../../build/build_platform build --build-base /home/adela/TFM_AdelaJimenez/build/build_platform/build install --record /home/adela/TFM_AdelaJimenez/build/build_platform/install.log --single-version-externally-managed install_data
[6.451s] running egg_info
[6.451s] writing ../../../../build/build_platform/build_platform.egg-info/PKG-INFO
[6.452s] writing dependency_links to ../../../../build/build_platform/build_platform.egg-info/dependency_links.txt
[6.453s] writing entry points to ../../../../build/build_platform/build_platform.egg-info/entry_points.txt
[6.453s] writing requirements to ../../../../build/build_platform/build_platform.egg-info/requires.txt
[6.453s] writing top-level names to ../../../../build/build_platform/build_platform.egg-info/top_level.txt
[6.461s] reading manifest file '../../../../build/build_platform/build_platform.egg-info/SOURCES.txt'
[6.470s] writing manifest file '../../../../build/build_platform/build_platform.egg-info/SOURCES.txt'
[6.471s] running build
[6.471s] running build_py
[6.490s] running install
[6.490s] running install_lib
[6.498s] running install_data
[6.499s] running install_egg_info
[6.525s] removing '/home/adela/TFM_AdelaJimenez/install/build_platform/lib/python3.10/site-packages/build_platform-0.0.0-py3.10.egg-info' (and everything under it)
[6.535s] Copying ../../../../build/build_platform/build_platform.egg-info to /home/adela/TFM_AdelaJimenez/install/build_platform/lib/python3.10/site-packages/build_platform-0.0.0-py3.10.egg-info
[6.543s] running install_scripts
[6.835s] Installing arduino_communicator_v2 script to /home/adela/TFM_AdelaJimenez/install/build_platform/lib/build_platform
[6.848s] Installing messages script to /home/adela/TFM_AdelaJimenez/install/build_platform/lib/build_platform
[6.848s] Installing serial_reader_v2 script to /home/adela/TFM_AdelaJimenez/install/build_platform/lib/build_platform
[6.848s] writing list of installed files to '/home/adela/TFM_AdelaJimenez/build/build_platform/install.log'
[6.972s] Invoked command in '/home/adela/TFM_AdelaJimenez/workspace/ros_ur_driver/src/build_platform' returned '0': PYTHONPATH=/home/adela/TFM_AdelaJimenez/build/build_platform/prefix_override:/home/adela/TFM_AdelaJimenez/install/build_platform/lib/python3.10/site-packages:${PYTHONPATH} /usr/bin/python3 -W ignore:setup.py install is deprecated setup.py egg_info --egg-base ../../../../build/build_platform build --build-base /home/adela/TFM_AdelaJimenez/build/build_platform/build install --record /home/adela/TFM_AdelaJimenez/build/build_platform/install.log --single-version-externally-managed install_data
