[6.309s] Invoking command in '/home/adela/TFM_AdelaJimenez/workspace/ros_ur_driver/src/data_logger': PYTHONPATH=/home/adela/TFM_AdelaJimenez/build/data_logger/prefix_override:/home/adela/TFM_AdelaJimenez/install/data_logger/lib/python3.10/site-packages:${PYTHONPATH} /usr/bin/python3 -W ignore:setup.py install is deprecated setup.py egg_info --egg-base ../../../../build/data_logger build --build-base /home/adela/TFM_AdelaJimenez/build/data_logger/build install --record /home/adela/TFM_AdelaJimenez/build/data_logger/install.log --single-version-externally-managed install_data
[8.508s] running egg_info
[8.519s] writing ../../../../build/data_logger/data_logger.egg-info/PKG-INFO
[8.521s] writing dependency_links to ../../../../build/data_logger/data_logger.egg-info/dependency_links.txt
[8.526s] writing entry points to ../../../../build/data_logger/data_logger.egg-info/entry_points.txt
[8.527s] writing requirements to ../../../../build/data_logger/data_logger.egg-info/requires.txt
[8.542s] writing top-level names to ../../../../build/data_logger/data_logger.egg-info/top_level.txt
[8.554s] reading manifest file '../../../../build/data_logger/data_logger.egg-info/SOURCES.txt'
[8.562s] writing manifest file '../../../../build/data_logger/data_logger.egg-info/SOURCES.txt'
[8.566s] running build
[8.566s] running build_py
[8.573s] copying data_logger/super_logger.py -> /home/adela/TFM_AdelaJimenez/build/data_logger/build/lib/data_logger
[8.579s] running install
[8.579s] running install_lib
[8.585s] copying /home/adela/TFM_AdelaJimenez/build/data_logger/build/lib/data_logger/super_logger.py -> /home/adela/TFM_AdelaJimenez/install/data_logger/lib/python3.10/site-packages/data_logger
[8.598s] byte-compiling /home/adela/TFM_AdelaJimenez/install/data_logger/lib/python3.10/site-packages/data_logger/super_logger.py to super_logger.cpython-310.pyc
[8.613s] running install_data
[8.616s] running install_egg_info
[8.635s] removing '/home/adela/TFM_AdelaJimenez/install/data_logger/lib/python3.10/site-packages/data_logger-0.0.0-py3.10.egg-info' (and everything under it)
[8.638s] Copying ../../../../build/data_logger/data_logger.egg-info to /home/adela/TFM_AdelaJimenez/install/data_logger/lib/python3.10/site-packages/data_logger-0.0.0-py3.10.egg-info
[8.647s] running install_scripts
[8.801s] Installing analog_reader script to /home/adela/TFM_AdelaJimenez/install/data_logger/lib/data_logger
[8.812s] Installing data_emitter script to /home/adela/TFM_AdelaJimenez/install/data_logger/lib/data_logger
[8.812s] Installing data_reader script to /home/adela/TFM_AdelaJimenez/install/data_logger/lib/data_logger
[8.812s] Installing digital_reader script to /home/adela/TFM_AdelaJimenez/install/data_logger/lib/data_logger
[8.812s] Installing joint_reader script to /home/adela/TFM_AdelaJimenez/install/data_logger/lib/data_logger
[8.813s] Installing multi_logger script to /home/adela/TFM_AdelaJimenez/install/data_logger/lib/data_logger
[8.813s] Installing super_logger script to /home/adela/TFM_AdelaJimenez/install/data_logger/lib/data_logger
[8.839s] writing list of installed files to '/home/adela/TFM_AdelaJimenez/build/data_logger/install.log'
[8.933s] Invoked command in '/home/adela/TFM_AdelaJimenez/workspace/ros_ur_driver/src/data_logger' returned '0': PYTHONPATH=/home/adela/TFM_AdelaJimenez/build/data_logger/prefix_override:/home/adela/TFM_AdelaJimenez/install/data_logger/lib/python3.10/site-packages:${PYTHONPATH} /usr/bin/python3 -W ignore:setup.py install is deprecated setup.py egg_info --egg-base ../../../../build/data_logger build --build-base /home/adela/TFM_AdelaJimenez/build/data_logger/build install --record /home/adela/TFM_AdelaJimenez/build/data_logger/install.log --single-version-externally-managed install_data
