[4.956s] Invoking command in '/home/adela/TFM_AdelaJimenez/workspace/ros_ur_driver/src/trayectories': PYTHONPATH=/home/adela/TFM_AdelaJimenez/build/trayectories/prefix_override:/home/adela/TFM_AdelaJimenez/install/trayectories/lib/python3.10/site-packages:${PYTHONPATH} /usr/bin/python3 -W ignore:setup.py install is deprecated setup.py egg_info --egg-base ../../../../build/trayectories build --build-base /home/adela/TFM_AdelaJimenez/build/trayectories/build install --record /home/adela/TFM_AdelaJimenez/build/trayectories/install.log --single-version-externally-managed install_data
[6.530s] running egg_info
[6.538s] writing ../../../../build/trayectories/trayectories.egg-info/PKG-INFO
[6.540s] writing dependency_links to ../../../../build/trayectories/trayectories.egg-info/dependency_links.txt
[6.548s] writing entry points to ../../../../build/trayectories/trayectories.egg-info/entry_points.txt
[6.548s] writing requirements to ../../../../build/trayectories/trayectories.egg-info/requires.txt
[6.548s] writing top-level names to ../../../../build/trayectories/trayectories.egg-info/top_level.txt
[6.562s] reading manifest file '../../../../build/trayectories/trayectories.egg-info/SOURCES.txt'
[6.570s] writing manifest file '../../../../build/trayectories/trayectories.egg-info/SOURCES.txt'
[6.572s] running build
[6.572s] running build_py
[6.578s] copying trayectories/move_l_nodes.py -> /home/adela/TFM_AdelaJimenez/build/trayectories/build/lib/trayectories
[6.578s] running install
[6.579s] running install_lib
[6.583s] copying /home/adela/TFM_AdelaJimenez/build/trayectories/build/lib/trayectories/move_l_nodes.py -> /home/adela/TFM_AdelaJimenez/install/trayectories/lib/python3.10/site-packages/trayectories
[6.597s] byte-compiling /home/adela/TFM_AdelaJimenez/install/trayectories/lib/python3.10/site-packages/trayectories/move_l_nodes.py to move_l_nodes.cpython-310.pyc
[6.617s] running install_data
[6.617s] running install_egg_info
[6.640s] removing '/home/adela/TFM_AdelaJimenez/install/trayectories/lib/python3.10/site-packages/trayectories-0.0.0-py3.10.egg-info' (and everything under it)
[6.640s] Copying ../../../../build/trayectories/trayectories.egg-info to /home/adela/TFM_AdelaJimenez/install/trayectories/lib/python3.10/site-packages/trayectories-0.0.0-py3.10.egg-info
[6.641s] running install_scripts
[6.727s] Installing move_joints script to /home/adela/TFM_AdelaJimenez/install/trayectories/lib/trayectories
[6.728s] Installing move_l script to /home/adela/TFM_AdelaJimenez/install/trayectories/lib/trayectories
[6.730s] Installing move_l_gcode script to /home/adela/TFM_AdelaJimenez/install/trayectories/lib/trayectories
[6.732s] Installing move_l_nodes script to /home/adela/TFM_AdelaJimenez/install/trayectories/lib/trayectories
[6.742s] Installing move_l_original script to /home/adela/TFM_AdelaJimenez/install/trayectories/lib/trayectories
[6.744s] writing list of installed files to '/home/adela/TFM_AdelaJimenez/build/trayectories/install.log'
[6.908s] Invoked command in '/home/adela/TFM_AdelaJimenez/workspace/ros_ur_driver/src/trayectories' returned '0': PYTHONPATH=/home/adela/TFM_AdelaJimenez/build/trayectories/prefix_override:/home/adela/TFM_AdelaJimenez/install/trayectories/lib/python3.10/site-packages:${PYTHONPATH} /usr/bin/python3 -W ignore:setup.py install is deprecated setup.py egg_info --egg-base ../../../../build/trayectories build --build-base /home/adela/TFM_AdelaJimenez/build/trayectories/build install --record /home/adela/TFM_AdelaJimenez/build/trayectories/install.log --single-version-externally-managed install_data
