[4.732s] Invoking command in '/home/adela/TFM_AdelaJimenez/workspace/ros_ur_driver/src/rutine_launcher': PYTHONPATH=/home/adela/TFM_AdelaJimenez/build/rutine_launcher/prefix_override:/home/adela/TFM_AdelaJimenez/install/rutine_launcher/lib/python3.10/site-packages:${PYTHONPATH} /usr/bin/python3 -W ignore:setup.py install is deprecated setup.py egg_info --egg-base ../../../../build/rutine_launcher build --build-base /home/adela/TFM_AdelaJimenez/build/rutine_launcher/build install --record /home/adela/TFM_AdelaJimenez/build/rutine_launcher/install.log --single-version-externally-managed install_data
[6.909s] running egg_info
[6.937s] writing ../../../../build/rutine_launcher/rutine_launcher.egg-info/PKG-INFO
[6.937s] writing dependency_links to ../../../../build/rutine_launcher/rutine_launcher.egg-info/dependency_links.txt
[6.937s] writing entry points to ../../../../build/rutine_launcher/rutine_launcher.egg-info/entry_points.txt
[6.973s] writing requirements to ../../../../build/rutine_launcher/rutine_launcher.egg-info/requires.txt
[6.973s] writing top-level names to ../../../../build/rutine_launcher/rutine_launcher.egg-info/top_level.txt
[6.973s] reading manifest file '../../../../build/rutine_launcher/rutine_launcher.egg-info/SOURCES.txt'
[6.973s] writing manifest file '../../../../build/rutine_launcher/rutine_launcher.egg-info/SOURCES.txt'
[6.973s] running build
[6.973s] running build_py
[6.974s] running install
[6.975s] running install_lib
[6.986s] running install_data
[6.987s] running install_egg_info
[7.030s] removing '/home/adela/TFM_AdelaJimenez/install/rutine_launcher/lib/python3.10/site-packages/rutine_launcher-0.0.0-py3.10.egg-info' (and everything under it)
[7.030s] Copying ../../../../build/rutine_launcher/rutine_launcher.egg-info to /home/adela/TFM_AdelaJimenez/install/rutine_launcher/lib/python3.10/site-packages/rutine_launcher-0.0.0-py3.10.egg-info
[7.046s] running install_scripts
[7.174s] Installing super_logger_launcher script to /home/adela/TFM_AdelaJimenez/install/rutine_launcher/lib/rutine_launcher
[7.176s] writing list of installed files to '/home/adela/TFM_AdelaJimenez/build/rutine_launcher/install.log'
[7.657s] Invoked command in '/home/adela/TFM_AdelaJimenez/workspace/ros_ur_driver/src/rutine_launcher' returned '0': PYTHONPATH=/home/adela/TFM_AdelaJimenez/build/rutine_launcher/prefix_override:/home/adela/TFM_AdelaJimenez/install/rutine_launcher/lib/python3.10/site-packages:${PYTHONPATH} /usr/bin/python3 -W ignore:setup.py install is deprecated setup.py egg_info --egg-base ../../../../build/rutine_launcher build --build-base /home/adela/TFM_AdelaJimenez/build/rutine_launcher/build install --record /home/adela/TFM_AdelaJimenez/build/rutine_launcher/install.log --single-version-externally-managed install_data
