[10.248s] Invoking command in '/home/adela/TFM_AdelaJimenez/workspace/ros_ur_driver/src/rutine_launcher': PYTHONPATH=/home/adela/TFM_AdelaJimenez/build/rutine_launcher/prefix_override:/home/adela/TFM_AdelaJimenez/install/rutine_launcher/lib/python3.10/site-packages:${PYTHONPATH} /usr/bin/python3 -W ignore:setup.py install is deprecated setup.py egg_info --egg-base ../../../../build/rutine_launcher build --build-base /home/adela/TFM_AdelaJimenez/build/rutine_launcher/build install --record /home/adela/TFM_AdelaJimenez/build/rutine_launcher/install.log --single-version-externally-managed install_data
[13.214s] running egg_info
[13.222s] writing ../../../../build/rutine_launcher/rutine_launcher.egg-info/PKG-INFO
[13.224s] writing dependency_links to ../../../../build/rutine_launcher/rutine_launcher.egg-info/dependency_links.txt
[13.234s] writing entry points to ../../../../build/rutine_launcher/rutine_launcher.egg-info/entry_points.txt
[13.236s] writing requirements to ../../../../build/rutine_launcher/rutine_launcher.egg-info/requires.txt
[13.236s] writing top-level names to ../../../../build/rutine_launcher/rutine_launcher.egg-info/top_level.txt
[13.252s] reading manifest file '../../../../build/rutine_launcher/rutine_launcher.egg-info/SOURCES.txt'
[13.269s] writing manifest file '../../../../build/rutine_launcher/rutine_launcher.egg-info/SOURCES.txt'
[13.269s] running build
[13.269s] running build_py
[13.269s] copying rutine_launcher/super_logger_launcher.py -> /home/adela/TFM_AdelaJimenez/build/rutine_launcher/build/lib/rutine_launcher
[13.279s] running install
[13.279s] running install_lib
[13.290s] copying /home/adela/TFM_AdelaJimenez/build/rutine_launcher/build/lib/rutine_launcher/super_logger_launcher.py -> /home/adela/TFM_AdelaJimenez/install/rutine_launcher/lib/python3.10/site-packages/rutine_launcher
[13.302s] byte-compiling /home/adela/TFM_AdelaJimenez/install/rutine_launcher/lib/python3.10/site-packages/rutine_launcher/super_logger_launcher.py to super_logger_launcher.cpython-310.pyc
[13.323s] running install_data
[13.324s] running install_egg_info
[13.330s] removing '/home/adela/TFM_AdelaJimenez/install/rutine_launcher/lib/python3.10/site-packages/rutine_launcher-0.0.0-py3.10.egg-info' (and everything under it)
[13.371s] Copying ../../../../build/rutine_launcher/rutine_launcher.egg-info to /home/adela/TFM_AdelaJimenez/install/rutine_launcher/lib/python3.10/site-packages/rutine_launcher-0.0.0-py3.10.egg-info
[13.384s] running install_scripts
[13.498s] Installing super_logger_launcher script to /home/adela/TFM_AdelaJimenez/install/rutine_launcher/lib/rutine_launcher
[13.498s] writing list of installed files to '/home/adela/TFM_AdelaJimenez/build/rutine_launcher/install.log'
[13.742s] Invoked command in '/home/adela/TFM_AdelaJimenez/workspace/ros_ur_driver/src/rutine_launcher' returned '0': PYTHONPATH=/home/adela/TFM_AdelaJimenez/build/rutine_launcher/prefix_override:/home/adela/TFM_AdelaJimenez/install/rutine_launcher/lib/python3.10/site-packages:${PYTHONPATH} /usr/bin/python3 -W ignore:setup.py install is deprecated setup.py egg_info --egg-base ../../../../build/rutine_launcher build --build-base /home/adela/TFM_AdelaJimenez/build/rutine_launcher/build install --record /home/adela/TFM_AdelaJimenez/build/rutine_launcher/install.log --single-version-externally-managed install_data
