[6.202s] Invoking command in '/home/adela/TFM_AdelaJimenez/workspace/ros_ur_driver/src/rutine_launcher': PYTHONPATH=/home/adela/TFM_AdelaJimenez/build/rutine_launcher/prefix_override:/home/adela/TFM_AdelaJimenez/install/rutine_launcher/lib/python3.10/site-packages:${PYTHONPATH} /usr/bin/python3 -W ignore:setup.py install is deprecated setup.py egg_info --egg-base ../../../../build/rutine_launcher build --build-base /home/adela/TFM_AdelaJimenez/build/rutine_launcher/build install --record /home/adela/TFM_AdelaJimenez/build/rutine_launcher/install.log --single-version-externally-managed install_data
[8.341s] running egg_info
[8.358s] writing ../../../../build/rutine_launcher/rutine_launcher.egg-info/PKG-INFO
[8.359s] writing dependency_links to ../../../../build/rutine_launcher/rutine_launcher.egg-info/dependency_links.txt
[8.364s] writing entry points to ../../../../build/rutine_launcher/rutine_launcher.egg-info/entry_points.txt
[8.364s] writing requirements to ../../../../build/rutine_launcher/rutine_launcher.egg-info/requires.txt
[8.364s] writing top-level names to ../../../../build/rutine_launcher/rutine_launcher.egg-info/top_level.txt
[8.382s] reading manifest file '../../../../build/rutine_launcher/rutine_launcher.egg-info/SOURCES.txt'
[8.383s] writing manifest file '../../../../build/rutine_launcher/rutine_launcher.egg-info/SOURCES.txt'
[8.385s] running build
[8.385s] running build_py
[8.389s] running install
[8.423s] running install_lib
[8.433s] running install_data
[8.434s] running install_egg_info
[8.446s] removing '/home/adela/TFM_AdelaJimenez/install/rutine_launcher/lib/python3.10/site-packages/rutine_launcher-0.0.0-py3.10.egg-info' (and everything under it)
[8.450s] Copying ../../../../build/rutine_launcher/rutine_launcher.egg-info to /home/adela/TFM_AdelaJimenez/install/rutine_launcher/lib/python3.10/site-packages/rutine_launcher-0.0.0-py3.10.egg-info
[8.470s] running install_scripts
[8.678s] Installing super_logger_launcher script to /home/adela/TFM_AdelaJimenez/install/rutine_launcher/lib/rutine_launcher
[8.685s] writing list of installed files to '/home/adela/TFM_AdelaJimenez/build/rutine_launcher/install.log'
[8.879s] Invoked command in '/home/adela/TFM_AdelaJimenez/workspace/ros_ur_driver/src/rutine_launcher' returned '0': PYTHONPATH=/home/adela/TFM_AdelaJimenez/build/rutine_launcher/prefix_override:/home/adela/TFM_AdelaJimenez/install/rutine_launcher/lib/python3.10/site-packages:${PYTHONPATH} /usr/bin/python3 -W ignore:setup.py install is deprecated setup.py egg_info --egg-base ../../../../build/rutine_launcher build --build-base /home/adela/TFM_AdelaJimenez/build/rutine_launcher/build install --record /home/adela/TFM_AdelaJimenez/build/rutine_launcher/install.log --single-version-externally-managed install_data
