[5.312s] Invoking command in '/home/adela/TFM_AdelaJimenez/workspace/ros_ur_driver/src/build_platform': PYTHONPATH=/home/adela/TFM_AdelaJimenez/build/build_platform/prefix_override:/home/adela/TFM_AdelaJimenez/install/build_platform/lib/python3.10/site-packages:${PYTHONPATH} /usr/bin/python3 -W ignore:setup.py install is deprecated setup.py egg_info --egg-base ../../../../build/build_platform build --build-base /home/adela/TFM_AdelaJimenez/build/build_platform/build install --record /home/adela/TFM_AdelaJimenez/build/build_platform/install.log --single-version-externally-managed install_data
[7.430s] running egg_info
[7.444s] writing ../../../../build/build_platform/build_platform.egg-info/PKG-INFO
[7.453s] writing dependency_links to ../../../../build/build_platform/build_platform.egg-info/dependency_links.txt
[7.471s] writing entry points to ../../../../build/build_platform/build_platform.egg-info/entry_points.txt
[7.471s] writing requirements to ../../../../build/build_platform/build_platform.egg-info/requires.txt
[7.471s] writing top-level names to ../../../../build/build_platform/build_platform.egg-info/top_level.txt
[7.479s] reading manifest file '../../../../build/build_platform/build_platform.egg-info/SOURCES.txt'
[7.497s] writing manifest file '../../../../build/build_platform/build_platform.egg-info/SOURCES.txt'
[7.497s] running build
[7.497s] running build_py
[7.497s] running install
[7.502s] running install_lib
[7.517s] running install_data
[7.535s] running install_egg_info
[7.552s] removing '/home/adela/TFM_AdelaJimenez/install/build_platform/lib/python3.10/site-packages/build_platform-0.0.0-py3.10.egg-info' (and everything under it)
[7.561s] Copying ../../../../build/build_platform/build_platform.egg-info to /home/adela/TFM_AdelaJimenez/install/build_platform/lib/python3.10/site-packages/build_platform-0.0.0-py3.10.egg-info
[7.577s] running install_scripts
[7.803s] Installing arduino_communicator_v2 script to /home/adela/TFM_AdelaJimenez/install/build_platform/lib/build_platform
[7.812s] Installing messages script to /home/adela/TFM_AdelaJimenez/install/build_platform/lib/build_platform
[7.819s] Installing serial_reader_v2 script to /home/adela/TFM_AdelaJimenez/install/build_platform/lib/build_platform
[7.826s] writing list of installed files to '/home/adela/TFM_AdelaJimenez/build/build_platform/install.log'
[8.016s] Invoked command in '/home/adela/TFM_AdelaJimenez/workspace/ros_ur_driver/src/build_platform' returned '0': PYTHONPATH=/home/adela/TFM_AdelaJimenez/build/build_platform/prefix_override:/home/adela/TFM_AdelaJimenez/install/build_platform/lib/python3.10/site-packages:${PYTHONPATH} /usr/bin/python3 -W ignore:setup.py install is deprecated setup.py egg_info --egg-base ../../../../build/build_platform build --build-base /home/adela/TFM_AdelaJimenez/build/build_platform/build install --record /home/adela/TFM_AdelaJimenez/build/build_platform/install.log --single-version-externally-managed install_data
