[1.290s] Invoking command in '/home/adela/TFM_AdelaJimenez/workspace/ros_ur_driver/src/data_logger': PYTHONPATH=/home/adela/TFM_AdelaJimenez/build/data_logger/prefix_override:/home/adela/TFM_AdelaJimenez/install/data_logger/lib/python3.10/site-packages:${PYTHONPATH} /usr/bin/python3 -W ignore:setup.py install is deprecated setup.py egg_info --egg-base ../../../../build/data_logger build --build-base /home/adela/TFM_AdelaJimenez/build/data_logger/build install --record /home/adela/TFM_AdelaJimenez/build/data_logger/install.log --single-version-externally-managed install_data
[1.761s] running egg_info
[1.761s] creating ../../../../build/data_logger/data_logger.egg-info
[1.770s] writing ../../../../build/data_logger/data_logger.egg-info/PKG-INFO
[1.771s] writing dependency_links to ../../../../build/data_logger/data_logger.egg-info/dependency_links.txt
[1.771s] writing entry points to ../../../../build/data_logger/data_logger.egg-info/entry_points.txt
[1.772s] writing requirements to ../../../../build/data_logger/data_logger.egg-info/requires.txt
[1.773s] writing top-level names to ../../../../build/data_logger/data_logger.egg-info/top_level.txt
[1.773s] writing manifest file '../../../../build/data_logger/data_logger.egg-info/SOURCES.txt'
[1.780s] reading manifest file '../../../../build/data_logger/data_logger.egg-info/SOURCES.txt'
[1.783s] writing manifest file '../../../../build/data_logger/data_logger.egg-info/SOURCES.txt'
[1.784s] running build
[1.786s] running build_py
[1.786s] creating /home/adela/TFM_AdelaJimenez/build/data_logger/build
[1.786s] creating /home/adela/TFM_AdelaJimenez/build/data_logger/build/lib
[1.789s] creating /home/adela/TFM_AdelaJimenez/build/data_logger/build/lib/data_logger
[1.789s] copying data_logger/joint_reader.py -> /home/adela/TFM_AdelaJimenez/build/data_logger/build/lib/data_logger
[1.790s] copying data_logger/data_emitter.py -> /home/adela/TFM_AdelaJimenez/build/data_logger/build/lib/data_logger
[1.792s] copying data_logger/data_reader.py -> /home/adela/TFM_AdelaJimenez/build/data_logger/build/lib/data_logger
[1.805s] copying data_logger/analog_reader.py -> /home/adela/TFM_AdelaJimenez/build/data_logger/build/lib/data_logger
[1.805s] copying data_logger/__init__.py -> /home/adela/TFM_AdelaJimenez/build/data_logger/build/lib/data_logger
[1.805s] copying data_logger/multi_logger.py -> /home/adela/TFM_AdelaJimenez/build/data_logger/build/lib/data_logger
[1.805s] copying data_logger/digital_reader.py -> /home/adela/TFM_AdelaJimenez/build/data_logger/build/lib/data_logger
[1.805s] copying data_logger/super_logger.py -> /home/adela/TFM_AdelaJimenez/build/data_logger/build/lib/data_logger
[1.805s] running install
[1.805s] running install_lib
[1.805s] creating /home/adela/TFM_AdelaJimenez/install/data_logger/lib/python3.10/site-packages/data_logger
[1.806s] copying /home/adela/TFM_AdelaJimenez/build/data_logger/build/lib/data_logger/joint_reader.py -> /home/adela/TFM_AdelaJimenez/install/data_logger/lib/python3.10/site-packages/data_logger
[1.806s] copying /home/adela/TFM_AdelaJimenez/build/data_logger/build/lib/data_logger/data_emitter.py -> /home/adela/TFM_AdelaJimenez/install/data_logger/lib/python3.10/site-packages/data_logger
[1.806s] copying /home/adela/TFM_AdelaJimenez/build/data_logger/build/lib/data_logger/data_reader.py -> /home/adela/TFM_AdelaJimenez/install/data_logger/lib/python3.10/site-packages/data_logger
[1.806s] copying /home/adela/TFM_AdelaJimenez/build/data_logger/build/lib/data_logger/analog_reader.py -> /home/adela/TFM_AdelaJimenez/install/data_logger/lib/python3.10/site-packages/data_logger
[1.806s] copying /home/adela/TFM_AdelaJimenez/build/data_logger/build/lib/data_logger/__init__.py -> /home/adela/TFM_AdelaJimenez/install/data_logger/lib/python3.10/site-packages/data_logger
[1.806s] copying /home/adela/TFM_AdelaJimenez/build/data_logger/build/lib/data_logger/multi_logger.py -> /home/adela/TFM_AdelaJimenez/install/data_logger/lib/python3.10/site-packages/data_logger
[1.806s] copying /home/adela/TFM_AdelaJimenez/build/data_logger/build/lib/data_logger/digital_reader.py -> /home/adela/TFM_AdelaJimenez/install/data_logger/lib/python3.10/site-packages/data_logger
[1.807s] copying /home/adela/TFM_AdelaJimenez/build/data_logger/build/lib/data_logger/super_logger.py -> /home/adela/TFM_AdelaJimenez/install/data_logger/lib/python3.10/site-packages/data_logger
[1.807s] byte-compiling /home/adela/TFM_AdelaJimenez/install/data_logger/lib/python3.10/site-packages/data_logger/joint_reader.py to joint_reader.cpython-310.pyc
[1.807s] byte-compiling /home/adela/TFM_AdelaJimenez/install/data_logger/lib/python3.10/site-packages/data_logger/data_emitter.py to data_emitter.cpython-310.pyc
[1.807s] byte-compiling /home/adela/TFM_AdelaJimenez/install/data_logger/lib/python3.10/site-packages/data_logger/data_reader.py to data_reader.cpython-310.pyc
[1.808s] byte-compiling /home/adela/TFM_AdelaJimenez/install/data_logger/lib/python3.10/site-packages/data_logger/analog_reader.py to analog_reader.cpython-310.pyc
[1.809s] byte-compiling /home/adela/TFM_AdelaJimenez/install/data_logger/lib/python3.10/site-packages/data_logger/__init__.py to __init__.cpython-310.pyc
[1.810s] byte-compiling /home/adela/TFM_AdelaJimenez/install/data_logger/lib/python3.10/site-packages/data_logger/multi_logger.py to multi_logger.cpython-310.pyc
[1.811s] byte-compiling /home/adela/TFM_AdelaJimenez/install/data_logger/lib/python3.10/site-packages/data_logger/digital_reader.py to digital_reader.cpython-310.pyc
[1.812s] byte-compiling /home/adela/TFM_AdelaJimenez/install/data_logger/lib/python3.10/site-packages/data_logger/super_logger.py to super_logger.cpython-310.pyc
[1.816s] running install_data
[1.816s] creating /home/adela/TFM_AdelaJimenez/install/data_logger/share/ament_index
[1.816s] creating /home/adela/TFM_AdelaJimenez/install/data_logger/share/ament_index/resource_index
[1.816s] creating /home/adela/TFM_AdelaJimenez/install/data_logger/share/ament_index/resource_index/packages
[1.817s] copying resource/data_logger -> /home/adela/TFM_AdelaJimenez/install/data_logger/share/ament_index/resource_index/packages
[1.817s] copying package.xml -> /home/adela/TFM_AdelaJimenez/install/data_logger/share/data_logger
[1.817s] running install_egg_info
[1.820s] Copying ../../../../build/data_logger/data_logger.egg-info to /home/adela/TFM_AdelaJimenez/install/data_logger/lib/python3.10/site-packages/data_logger-0.0.0-py3.10.egg-info
[1.822s] running install_scripts
[1.857s] Installing analog_reader script to /home/adela/TFM_AdelaJimenez/install/data_logger/lib/data_logger
[1.858s] Installing data_emitter script to /home/adela/TFM_AdelaJimenez/install/data_logger/lib/data_logger
[1.860s] Installing data_reader script to /home/adela/TFM_AdelaJimenez/install/data_logger/lib/data_logger
[1.860s] Installing digital_reader script to /home/adela/TFM_AdelaJimenez/install/data_logger/lib/data_logger
[1.860s] Installing joint_reader script to /home/adela/TFM_AdelaJimenez/install/data_logger/lib/data_logger
[1.860s] Installing multi_logger script to /home/adela/TFM_AdelaJimenez/install/data_logger/lib/data_logger
[1.860s] Installing super_logger script to /home/adela/TFM_AdelaJimenez/install/data_logger/lib/data_logger
[1.861s] writing list of installed files to '/home/adela/TFM_AdelaJimenez/build/data_logger/install.log'
[1.903s] Invoked command in '/home/adela/TFM_AdelaJimenez/workspace/ros_ur_driver/src/data_logger' returned '0': PYTHONPATH=/home/adela/TFM_AdelaJimenez/build/data_logger/prefix_override:/home/adela/TFM_AdelaJimenez/install/data_logger/lib/python3.10/site-packages:${PYTHONPATH} /usr/bin/python3 -W ignore:setup.py install is deprecated setup.py egg_info --egg-base ../../../../build/data_logger build --build-base /home/adela/TFM_AdelaJimenez/build/data_logger/build install --record /home/adela/TFM_AdelaJimenez/build/data_logger/install.log --single-version-externally-managed install_data
