[4.543s] Invoking command in '/home/adela/TFM_AdelaJimenez/workspace/ros_ur_driver/src/trayectories': PYTHONPATH=/home/adela/TFM_AdelaJimenez/build/trayectories/prefix_override:/home/adela/TFM_AdelaJimenez/install/trayectories/lib/python3.10/site-packages:${PYTHONPATH} /usr/bin/python3 -W ignore:setup.py install is deprecated setup.py egg_info --egg-base ../../../../build/trayectories build --build-base /home/adela/TFM_AdelaJimenez/build/trayectories/build install --record /home/adela/TFM_AdelaJimenez/build/trayectories/install.log --single-version-externally-managed install_data
[5.916s] running egg_info
[5.920s] writing ../../../../build/trayectories/trayectories.egg-info/PKG-INFO
[5.923s] writing dependency_links to ../../../../build/trayectories/trayectories.egg-info/dependency_links.txt
[5.926s] writing entry points to ../../../../build/trayectories/trayectories.egg-info/entry_points.txt
[5.927s] writing requirements to ../../../../build/trayectories/trayectories.egg-info/requires.txt
[5.931s] writing top-level names to ../../../../build/trayectories/trayectories.egg-info/top_level.txt
[5.952s] reading manifest file '../../../../build/trayectories/trayectories.egg-info/SOURCES.txt'
[5.963s] writing manifest file '../../../../build/trayectories/trayectories.egg-info/SOURCES.txt'
[5.973s] running build
[5.973s] running build_py
[5.981s] copying trayectories/parseo_gcode.py -> /home/adela/TFM_AdelaJimenez/build/trayectories/build/lib/trayectories
[5.982s] copying trayectories/move_l_gcode.py -> /home/adela/TFM_AdelaJimenez/build/trayectories/build/lib/trayectories
[5.983s] copying trayectories/move_l_nodes.py -> /home/adela/TFM_AdelaJimenez/build/trayectories/build/lib/trayectories
[5.985s] running install
[5.991s] running install_lib
[5.992s] copying /home/adela/TFM_AdelaJimenez/build/trayectories/build/lib/trayectories/parseo_gcode.py -> /home/adela/TFM_AdelaJimenez/install/trayectories/lib/python3.10/site-packages/trayectories
[5.998s] copying /home/adela/TFM_AdelaJimenez/build/trayectories/build/lib/trayectories/move_l_gcode.py -> /home/adela/TFM_AdelaJimenez/install/trayectories/lib/python3.10/site-packages/trayectories
[5.998s] copying /home/adela/TFM_AdelaJimenez/build/trayectories/build/lib/trayectories/move_l_nodes.py -> /home/adela/TFM_AdelaJimenez/install/trayectories/lib/python3.10/site-packages/trayectories
[6.001s] byte-compiling /home/adela/TFM_AdelaJimenez/install/trayectories/lib/python3.10/site-packages/trayectories/parseo_gcode.py to parseo_gcode.cpython-310.pyc
[6.009s] byte-compiling /home/adela/TFM_AdelaJimenez/install/trayectories/lib/python3.10/site-packages/trayectories/move_l_gcode.py to move_l_gcode.cpython-310.pyc
[6.021s] byte-compiling /home/adela/TFM_AdelaJimenez/install/trayectories/lib/python3.10/site-packages/trayectories/move_l_nodes.py to move_l_nodes.cpython-310.pyc
[6.035s] running install_data
[6.041s] running install_egg_info
[6.042s] removing '/home/adela/TFM_AdelaJimenez/install/trayectories/lib/python3.10/site-packages/trayectories-0.0.0-py3.10.egg-info' (and everything under it)
[6.049s] Copying ../../../../build/trayectories/trayectories.egg-info to /home/adela/TFM_AdelaJimenez/install/trayectories/lib/python3.10/site-packages/trayectories-0.0.0-py3.10.egg-info
[6.062s] running install_scripts
[6.130s] Installing move_joints script to /home/adela/TFM_AdelaJimenez/install/trayectories/lib/trayectories
[6.137s] Installing move_l script to /home/adela/TFM_AdelaJimenez/install/trayectories/lib/trayectories
[6.137s] Installing move_l_gcode script to /home/adela/TFM_AdelaJimenez/install/trayectories/lib/trayectories
[6.141s] Installing move_l_nodes script to /home/adela/TFM_AdelaJimenez/install/trayectories/lib/trayectories
[6.142s] Installing move_l_original script to /home/adela/TFM_AdelaJimenez/install/trayectories/lib/trayectories
[6.144s] writing list of installed files to '/home/adela/TFM_AdelaJimenez/build/trayectories/install.log'
[6.309s] Invoked command in '/home/adela/TFM_AdelaJimenez/workspace/ros_ur_driver/src/trayectories' returned '0': PYTHONPATH=/home/adela/TFM_AdelaJimenez/build/trayectories/prefix_override:/home/adela/TFM_AdelaJimenez/install/trayectories/lib/python3.10/site-packages:${PYTHONPATH} /usr/bin/python3 -W ignore:setup.py install is deprecated setup.py egg_info --egg-base ../../../../build/trayectories build --build-base /home/adela/TFM_AdelaJimenez/build/trayectories/build install --record /home/adela/TFM_AdelaJimenez/build/trayectories/install.log --single-version-externally-managed install_data
