[0.141s] Invoking command in '/home/adela/TFM_AdelaJimenez/build/ur_dashboard_msgs': CMAKE_PREFIX_PATH=${CMAKE_PREFIX_PATH}:/home/adela/TFM_AdelaJimenez/workspace/ros_ur_driver/install/trayectories:/home/adela/TFM_AdelaJimenez/workspace/ros_ur_driver/install/rutine_launcher:/home/adela/TFM_AdelaJimenez/workspace/ros_ur_driver/install/data_logger:/home/adela/TFM_AdelaJimenez/workspace/ros_ur_driver/install/build_platform:/home/adela/TFM_MiguelLerinAlonso/workspace/ros_ur_driver/install/trayectories:/home/adela/TFM_MiguelLerinAlonso/workspace/ros_ur_driver/install/rutine_launcher:/home/adela/TFM_MiguelLerinAlonso/workspace/ros_ur_driver/install/data_logger:/home/adela/TFM_MiguelLerinAlonso/workspace/ros_ur_driver/install/build_platform:/opt/ros/humble /usr/bin/cmake --build /home/adela/TFM_AdelaJimenez/build/ur_dashboard_msgs -- -j2 -l2
[0.626s] [  0%] Built target ur_dashboard_msgs__cpp
[0.766s] [ 12%] Built target ur_dashboard_msgs__rosidl_generator_c
[1.033s] [ 12%] Built target ament_cmake_python_copy_ur_dashboard_msgs
[1.287s] [ 24%] Built target ur_dashboard_msgs__rosidl_typesupport_cpp
[1.493s] [ 36%] Built target ur_dashboard_msgs__rosidl_typesupport_fastrtps_c
[1.727s] [ 48%] Built target ur_dashboard_msgs__rosidl_typesupport_introspection_c
[1.975s] [ 60%] Built target ur_dashboard_msgs__rosidl_typesupport_c
[2.274s] [ 72%] Built target ur_dashboard_msgs__rosidl_typesupport_fastrtps_cpp
[2.583s] [ 84%] Built target ur_dashboard_msgs__rosidl_typesupport_introspection_cpp
[5.386s] running egg_info
[5.387s] writing ur_dashboard_msgs.egg-info/PKG-INFO
[5.390s] writing dependency_links to ur_dashboard_msgs.egg-info/dependency_links.txt
[5.390s] writing top-level names to ur_dashboard_msgs.egg-info/top_level.txt
[5.432s] reading manifest file 'ur_dashboard_msgs.egg-info/SOURCES.txt'
[5.432s] writing manifest file 'ur_dashboard_msgs.egg-info/SOURCES.txt'
[5.751s] [ 84%] Built target ament_cmake_python_build_ur_dashboard_msgs_egg
[6.042s] [ 84%] Built target ur_dashboard_msgs
[6.222s] [ 85%] Built target ur_dashboard_msgs__py
[6.424s] [ 96%] Built target ur_dashboard_msgs__rosidl_generator_py
[6.639s] [ 97%] Built target ur_dashboard_msgs__rosidl_typesupport_fastrtps_c__pyext
[6.761s] [ 99%] Built target ur_dashboard_msgs__rosidl_typesupport_introspection_c__pyext
[7.036s] [100%] Built target ur_dashboard_msgs__rosidl_typesupport_c__pyext
[9.144s] Invoked command in '/home/adela/TFM_AdelaJimenez/build/ur_dashboard_msgs' returned '0': CMAKE_PREFIX_PATH=${CMAKE_PREFIX_PATH}:/home/adela/TFM_AdelaJimenez/workspace/ros_ur_driver/install/trayectories:/home/adela/TFM_AdelaJimenez/workspace/ros_ur_driver/install/rutine_launcher:/home/adela/TFM_AdelaJimenez/workspace/ros_ur_driver/install/data_logger:/home/adela/TFM_AdelaJimenez/workspace/ros_ur_driver/install/build_platform:/home/adela/TFM_MiguelLerinAlonso/workspace/ros_ur_driver/install/trayectories:/home/adela/TFM_MiguelLerinAlonso/workspace/ros_ur_driver/install/rutine_launcher:/home/adela/TFM_MiguelLerinAlonso/workspace/ros_ur_driver/install/data_logger:/home/adela/TFM_MiguelLerinAlonso/workspace/ros_ur_driver/install/build_platform:/opt/ros/humble /usr/bin/cmake --build /home/adela/TFM_AdelaJimenez/build/ur_dashboard_msgs -- -j2 -l2
[12.983s] Invoking command in '/home/adela/TFM_AdelaJimenez/build/ur_dashboard_msgs': CMAKE_PREFIX_PATH=${CMAKE_PREFIX_PATH}:/home/adela/TFM_AdelaJimenez/workspace/ros_ur_driver/install/trayectories:/home/adela/TFM_AdelaJimenez/workspace/ros_ur_driver/install/rutine_launcher:/home/adela/TFM_AdelaJimenez/workspace/ros_ur_driver/install/data_logger:/home/adela/TFM_AdelaJimenez/workspace/ros_ur_driver/install/build_platform:/home/adela/TFM_MiguelLerinAlonso/workspace/ros_ur_driver/install/trayectories:/home/adela/TFM_MiguelLerinAlonso/workspace/ros_ur_driver/install/rutine_launcher:/home/adela/TFM_MiguelLerinAlonso/workspace/ros_ur_driver/install/data_logger:/home/adela/TFM_MiguelLerinAlonso/workspace/ros_ur_driver/install/build_platform:/opt/ros/humble /usr/bin/cmake --install /home/adela/TFM_AdelaJimenez/build/ur_dashboard_msgs
[13.010s] -- Install configuration: ""
[13.014s] -- Up-to-date: /home/adela/TFM_AdelaJimenez/install/ur_dashboard_msgs/share/ament_index/resource_index/rosidl_interfaces/ur_dashboard_msgs
[13.018s] -- Up-to-date: /home/adela/TFM_AdelaJimenez/install/ur_dashboard_msgs/include/ur_dashboard_msgs/ur_dashboard_msgs
[13.022s] -- Up-to-date: /home/adela/TFM_AdelaJimenez/install/ur_dashboard_msgs/include/ur_dashboard_msgs/ur_dashboard_msgs/action
[13.022s] -- Up-to-date: /home/adela/TFM_AdelaJimenez/install/ur_dashboard_msgs/include/ur_dashboard_msgs/ur_dashboard_msgs/action/detail
[13.027s] -- Up-to-date: /home/adela/TFM_AdelaJimenez/install/ur_dashboard_msgs/include/ur_dashboard_msgs/ur_dashboard_msgs/action/detail/set_mode__functions.h
[13.028s] -- Up-to-date: /home/adela/TFM_AdelaJimenez/install/ur_dashboard_msgs/include/ur_dashboard_msgs/ur_dashboard_msgs/action/detail/set_mode__type_support.h
[13.028s] -- Up-to-date: /home/adela/TFM_AdelaJimenez/install/ur_dashboard_msgs/include/ur_dashboard_msgs/ur_dashboard_msgs/action/detail/set_mode__functions.c
[13.028s] -- Up-to-date: /home/adela/TFM_AdelaJimenez/install/ur_dashboard_msgs/include/ur_dashboard_msgs/ur_dashboard_msgs/action/detail/set_mode__struct.h
[13.028s] -- Up-to-date: /home/adela/TFM_AdelaJimenez/install/ur_dashboard_msgs/include/ur_dashboard_msgs/ur_dashboard_msgs/action/set_mode.h
[13.028s] -- Up-to-date: /home/adela/TFM_AdelaJimenez/install/ur_dashboard_msgs/include/ur_dashboard_msgs/ur_dashboard_msgs/msg
[13.028s] -- Up-to-date: /home/adela/TFM_AdelaJimenez/install/ur_dashboard_msgs/include/ur_dashboard_msgs/ur_dashboard_msgs/msg/robot_mode.h
[13.041s] -- Up-to-date: /home/adela/TFM_AdelaJimenez/install/ur_dashboard_msgs/include/ur_dashboard_msgs/ur_dashboard_msgs/msg/program_state.h
[13.043s] -- Up-to-date: /home/adela/TFM_AdelaJimenez/install/ur_dashboard_msgs/include/ur_dashboard_msgs/ur_dashboard_msgs/msg/safety_mode.h
[13.043s] -- Up-to-date: /home/adela/TFM_AdelaJimenez/install/ur_dashboard_msgs/include/ur_dashboard_msgs/ur_dashboard_msgs/msg/detail
[13.043s] -- Up-to-date: /home/adela/TFM_AdelaJimenez/install/ur_dashboard_msgs/include/ur_dashboard_msgs/ur_dashboard_msgs/msg/detail/program_state__type_support.h
[13.043s] -- Up-to-date: /home/adela/TFM_AdelaJimenez/install/ur_dashboard_msgs/include/ur_dashboard_msgs/ur_dashboard_msgs/msg/detail/program_state__functions.h
[13.044s] -- Up-to-date: /home/adela/TFM_AdelaJimenez/install/ur_dashboard_msgs/include/ur_dashboard_msgs/ur_dashboard_msgs/msg/detail/program_state__functions.c
[13.044s] -- Up-to-date: /home/adela/TFM_AdelaJimenez/install/ur_dashboard_msgs/include/ur_dashboard_msgs/ur_dashboard_msgs/msg/detail/robot_mode__type_support.h
[13.044s] -- Up-to-date: /home/adela/TFM_AdelaJimenez/install/ur_dashboard_msgs/include/ur_dashboard_msgs/ur_dashboard_msgs/msg/detail/safety_mode__functions.h
[13.051s] -- Up-to-date: /home/adela/TFM_AdelaJimenez/install/ur_dashboard_msgs/include/ur_dashboard_msgs/ur_dashboard_msgs/msg/detail/safety_mode__struct.h
[13.051s] -- Up-to-date: /home/adela/TFM_AdelaJimenez/install/ur_dashboard_msgs/include/ur_dashboard_msgs/ur_dashboard_msgs/msg/detail/robot_mode__functions.h
[13.051s] -- Up-to-date: /home/adela/TFM_AdelaJimenez/install/ur_dashboard_msgs/include/ur_dashboard_msgs/ur_dashboard_msgs/msg/detail/program_state__struct.h
[13.059s] -- Up-to-date: /home/adela/TFM_AdelaJimenez/install/ur_dashboard_msgs/include/ur_dashboard_msgs/ur_dashboard_msgs/msg/detail/robot_mode__struct.h
[13.059s] -- Up-to-date: /home/adela/TFM_AdelaJimenez/install/ur_dashboard_msgs/include/ur_dashboard_msgs/ur_dashboard_msgs/msg/detail/safety_mode__type_support.h
[13.059s] -- Up-to-date: /home/adela/TFM_AdelaJimenez/install/ur_dashboard_msgs/include/ur_dashboard_msgs/ur_dashboard_msgs/msg/detail/safety_mode__functions.c
[13.059s] -- Up-to-date: /home/adela/TFM_AdelaJimenez/install/ur_dashboard_msgs/include/ur_dashboard_msgs/ur_dashboard_msgs/msg/detail/robot_mode__functions.c
[13.059s] -- Up-to-date: /home/adela/TFM_AdelaJimenez/install/ur_dashboard_msgs/include/ur_dashboard_msgs/ur_dashboard_msgs/msg/rosidl_generator_c__visibility_control.h
[13.059s] -- Up-to-date: /home/adela/TFM_AdelaJimenez/install/ur_dashboard_msgs/include/ur_dashboard_msgs/ur_dashboard_msgs/srv
[13.059s] -- Up-to-date: /home/adela/TFM_AdelaJimenez/install/ur_dashboard_msgs/include/ur_dashboard_msgs/ur_dashboard_msgs/srv/get_loaded_program.h
[13.059s] -- Up-to-date: /home/adela/TFM_AdelaJimenez/install/ur_dashboard_msgs/include/ur_dashboard_msgs/ur_dashboard_msgs/srv/is_program_running.h
[13.067s] -- Up-to-date: /home/adela/TFM_AdelaJimenez/install/ur_dashboard_msgs/include/ur_dashboard_msgs/ur_dashboard_msgs/srv/add_to_log.h
[13.067s] -- Up-to-date: /home/adela/TFM_AdelaJimenez/install/ur_dashboard_msgs/include/ur_dashboard_msgs/ur_dashboard_msgs/srv/is_program_saved.h
[13.067s] -- Up-to-date: /home/adela/TFM_AdelaJimenez/install/ur_dashboard_msgs/include/ur_dashboard_msgs/ur_dashboard_msgs/srv/get_program_state.h
[13.086s] -- Up-to-date: /home/adela/TFM_AdelaJimenez/install/ur_dashboard_msgs/include/ur_dashboard_msgs/ur_dashboard_msgs/srv/get_robot_mode.h
[13.086s] -- Up-to-date: /home/adela/TFM_AdelaJimenez/install/ur_dashboard_msgs/include/ur_dashboard_msgs/ur_dashboard_msgs/srv/raw_request.h
[13.087s] -- Up-to-date: /home/adela/TFM_AdelaJimenez/install/ur_dashboard_msgs/include/ur_dashboard_msgs/ur_dashboard_msgs/srv/load.h
[13.087s] -- Up-to-date: /home/adela/TFM_AdelaJimenez/install/ur_dashboard_msgs/include/ur_dashboard_msgs/ur_dashboard_msgs/srv/detail
[13.088s] -- Up-to-date: /home/adela/TFM_AdelaJimenez/install/ur_dashboard_msgs/include/ur_dashboard_msgs/ur_dashboard_msgs/srv/detail/raw_request__struct.h
[13.088s] -- Up-to-date: /home/adela/TFM_AdelaJimenez/install/ur_dashboard_msgs/include/ur_dashboard_msgs/ur_dashboard_msgs/srv/detail/add_to_log__struct.h
[13.088s] -- Up-to-date: /home/adela/TFM_AdelaJimenez/install/ur_dashboard_msgs/include/ur_dashboard_msgs/ur_dashboard_msgs/srv/detail/is_program_saved__functions.c
[13.095s] -- Up-to-date: /home/adela/TFM_AdelaJimenez/install/ur_dashboard_msgs/include/ur_dashboard_msgs/ur_dashboard_msgs/srv/detail/get_robot_mode__functions.c
[13.112s] -- Up-to-date: /home/adela/TFM_AdelaJimenez/install/ur_dashboard_msgs/include/ur_dashboard_msgs/ur_dashboard_msgs/srv/detail/get_program_state__type_support.h
[13.112s] -- Up-to-date: /home/adela/TFM_AdelaJimenez/install/ur_dashboard_msgs/include/ur_dashboard_msgs/ur_dashboard_msgs/srv/detail/add_to_log__functions.c
[13.125s] -- Up-to-date: /home/adela/TFM_AdelaJimenez/install/ur_dashboard_msgs/include/ur_dashboard_msgs/ur_dashboard_msgs/srv/detail/add_to_log__type_support.h
[13.125s] -- Up-to-date: /home/adela/TFM_AdelaJimenez/install/ur_dashboard_msgs/include/ur_dashboard_msgs/ur_dashboard_msgs/srv/detail/popup__functions.h
[13.125s] -- Up-to-date: /home/adela/TFM_AdelaJimenez/install/ur_dashboard_msgs/include/ur_dashboard_msgs/ur_dashboard_msgs/srv/detail/get_safety_mode__type_support.h
[13.125s] -- Up-to-date: /home/adela/TFM_AdelaJimenez/install/ur_dashboard_msgs/include/ur_dashboard_msgs/ur_dashboard_msgs/srv/detail/get_robot_mode__type_support.h
[13.125s] -- Up-to-date: /home/adela/TFM_AdelaJimenez/install/ur_dashboard_msgs/include/ur_dashboard_msgs/ur_dashboard_msgs/srv/detail/load__type_support.h
[13.125s] -- Up-to-date: /home/adela/TFM_AdelaJimenez/install/ur_dashboard_msgs/include/ur_dashboard_msgs/ur_dashboard_msgs/srv/detail/is_program_running__type_support.h
[13.125s] -- Up-to-date: /home/adela/TFM_AdelaJimenez/install/ur_dashboard_msgs/include/ur_dashboard_msgs/ur_dashboard_msgs/srv/detail/get_program_state__struct.h
[13.126s] -- Up-to-date: /home/adela/TFM_AdelaJimenez/install/ur_dashboard_msgs/include/ur_dashboard_msgs/ur_dashboard_msgs/srv/detail/get_loaded_program__struct.h
[13.132s] -- Up-to-date: /home/adela/TFM_AdelaJimenez/install/ur_dashboard_msgs/include/ur_dashboard_msgs/ur_dashboard_msgs/srv/detail/load__functions.c
[13.132s] -- Up-to-date: /home/adela/TFM_AdelaJimenez/install/ur_dashboard_msgs/include/ur_dashboard_msgs/ur_dashboard_msgs/srv/detail/add_to_log__functions.h
[13.132s] -- Up-to-date: /home/adela/TFM_AdelaJimenez/install/ur_dashboard_msgs/include/ur_dashboard_msgs/ur_dashboard_msgs/srv/detail/load__struct.h
[13.132s] -- Up-to-date: /home/adela/TFM_AdelaJimenez/install/ur_dashboard_msgs/include/ur_dashboard_msgs/ur_dashboard_msgs/srv/detail/is_program_running__struct.h
[13.132s] -- Up-to-date: /home/adela/TFM_AdelaJimenez/install/ur_dashboard_msgs/include/ur_dashboard_msgs/ur_dashboard_msgs/srv/detail/popup__struct.h
[13.132s] -- Up-to-date: /home/adela/TFM_AdelaJimenez/install/ur_dashboard_msgs/include/ur_dashboard_msgs/ur_dashboard_msgs/srv/detail/is_program_running__functions.c
[13.133s] -- Up-to-date: /home/adela/TFM_AdelaJimenez/install/ur_dashboard_msgs/include/ur_dashboard_msgs/ur_dashboard_msgs/srv/detail/get_robot_mode__functions.h
[13.133s] -- Up-to-date: /home/adela/TFM_AdelaJimenez/install/ur_dashboard_msgs/include/ur_dashboard_msgs/ur_dashboard_msgs/srv/detail/get_safety_mode__struct.h
[13.133s] -- Up-to-date: /home/adela/TFM_AdelaJimenez/install/ur_dashboard_msgs/include/ur_dashboard_msgs/ur_dashboard_msgs/srv/detail/get_loaded_program__type_support.h
[13.145s] -- Up-to-date: /home/adela/TFM_AdelaJimenez/install/ur_dashboard_msgs/include/ur_dashboard_msgs/ur_dashboard_msgs/srv/detail/get_robot_mode__struct.h
[13.154s] -- Up-to-date: /home/adela/TFM_AdelaJimenez/install/ur_dashboard_msgs/include/ur_dashboard_msgs/ur_dashboard_msgs/srv/detail/get_safety_mode__functions.c
[13.155s] -- Up-to-date: /home/adela/TFM_AdelaJimenez/install/ur_dashboard_msgs/include/ur_dashboard_msgs/ur_dashboard_msgs/srv/detail/get_loaded_program__functions.h
[13.155s] -- Up-to-date: /home/adela/TFM_AdelaJimenez/install/ur_dashboard_msgs/include/ur_dashboard_msgs/ur_dashboard_msgs/srv/detail/get_safety_mode__functions.h
[13.155s] -- Up-to-date: /home/adela/TFM_AdelaJimenez/install/ur_dashboard_msgs/include/ur_dashboard_msgs/ur_dashboard_msgs/srv/detail/raw_request__functions.c
[13.155s] -- Up-to-date: /home/adela/TFM_AdelaJimenez/install/ur_dashboard_msgs/include/ur_dashboard_msgs/ur_dashboard_msgs/srv/detail/get_program_state__functions.c
[13.155s] -- Up-to-date: /home/adela/TFM_AdelaJimenez/install/ur_dashboard_msgs/include/ur_dashboard_msgs/ur_dashboard_msgs/srv/detail/load__functions.h
[13.155s] -- Up-to-date: /home/adela/TFM_AdelaJimenez/install/ur_dashboard_msgs/include/ur_dashboard_msgs/ur_dashboard_msgs/srv/detail/popup__functions.c
[13.159s] -- Up-to-date: /home/adela/TFM_AdelaJimenez/install/ur_dashboard_msgs/include/ur_dashboard_msgs/ur_dashboard_msgs/srv/detail/is_program_running__functions.h
[13.159s] -- Up-to-date: /home/adela/TFM_AdelaJimenez/install/ur_dashboard_msgs/include/ur_dashboard_msgs/ur_dashboard_msgs/srv/detail/get_program_state__functions.h
[13.160s] -- Up-to-date: /home/adela/TFM_AdelaJimenez/install/ur_dashboard_msgs/include/ur_dashboard_msgs/ur_dashboard_msgs/srv/detail/is_program_saved__struct.h
[13.160s] -- Up-to-date: /home/adela/TFM_AdelaJimenez/install/ur_dashboard_msgs/include/ur_dashboard_msgs/ur_dashboard_msgs/srv/detail/get_loaded_program__functions.c
[13.160s] -- Up-to-date: /home/adela/TFM_AdelaJimenez/install/ur_dashboard_msgs/include/ur_dashboard_msgs/ur_dashboard_msgs/srv/detail/popup__type_support.h
[13.160s] -- Up-to-date: /home/adela/TFM_AdelaJimenez/install/ur_dashboard_msgs/include/ur_dashboard_msgs/ur_dashboard_msgs/srv/detail/is_program_saved__functions.h
[13.160s] -- Up-to-date: /home/adela/TFM_AdelaJimenez/install/ur_dashboard_msgs/include/ur_dashboard_msgs/ur_dashboard_msgs/srv/detail/raw_request__functions.h
[13.160s] -- Up-to-date: /home/adela/TFM_AdelaJimenez/install/ur_dashboard_msgs/include/ur_dashboard_msgs/ur_dashboard_msgs/srv/detail/raw_request__type_support.h
[13.160s] -- Up-to-date: /home/adela/TFM_AdelaJimenez/install/ur_dashboard_msgs/include/ur_dashboard_msgs/ur_dashboard_msgs/srv/detail/is_program_saved__type_support.h
[13.160s] -- Up-to-date: /home/adela/TFM_AdelaJimenez/install/ur_dashboard_msgs/include/ur_dashboard_msgs/ur_dashboard_msgs/srv/get_safety_mode.h
[13.160s] -- Up-to-date: /home/adela/TFM_AdelaJimenez/install/ur_dashboard_msgs/include/ur_dashboard_msgs/ur_dashboard_msgs/srv/popup.h
[13.160s] -- Up-to-date: /home/adela/TFM_AdelaJimenez/install/ur_dashboard_msgs/share/ur_dashboard_msgs/environment/library_path.sh
[13.160s] -- Up-to-date: /home/adela/TFM_AdelaJimenez/install/ur_dashboard_msgs/share/ur_dashboard_msgs/environment/library_path.dsv
[13.160s] -- Up-to-date: /home/adela/TFM_AdelaJimenez/install/ur_dashboard_msgs/lib/libur_dashboard_msgs__rosidl_generator_c.so
[13.180s] -- Up-to-date: /home/adela/TFM_AdelaJimenez/install/ur_dashboard_msgs/include/ur_dashboard_msgs/ur_dashboard_msgs
[13.180s] -- Up-to-date: /home/adela/TFM_AdelaJimenez/install/ur_dashboard_msgs/include/ur_dashboard_msgs/ur_dashboard_msgs/action
[13.180s] -- Up-to-date: /home/adela/TFM_AdelaJimenez/install/ur_dashboard_msgs/include/ur_dashboard_msgs/ur_dashboard_msgs/action/detail
[13.180s] -- Up-to-date: /home/adela/TFM_AdelaJimenez/install/ur_dashboard_msgs/include/ur_dashboard_msgs/ur_dashboard_msgs/action/detail/set_mode__rosidl_typesupport_fastrtps_c.h
[13.180s] -- Up-to-date: /home/adela/TFM_AdelaJimenez/install/ur_dashboard_msgs/include/ur_dashboard_msgs/ur_dashboard_msgs/msg
[13.180s] -- Up-to-date: /home/adela/TFM_AdelaJimenez/install/ur_dashboard_msgs/include/ur_dashboard_msgs/ur_dashboard_msgs/msg/detail
[13.181s] -- Up-to-date: /home/adela/TFM_AdelaJimenez/install/ur_dashboard_msgs/include/ur_dashboard_msgs/ur_dashboard_msgs/msg/detail/safety_mode__rosidl_typesupport_fastrtps_c.h
[13.181s] -- Up-to-date: /home/adela/TFM_AdelaJimenez/install/ur_dashboard_msgs/include/ur_dashboard_msgs/ur_dashboard_msgs/msg/detail/program_state__rosidl_typesupport_fastrtps_c.h
[13.181s] -- Up-to-date: /home/adela/TFM_AdelaJimenez/install/ur_dashboard_msgs/include/ur_dashboard_msgs/ur_dashboard_msgs/msg/detail/robot_mode__rosidl_typesupport_fastrtps_c.h
[13.181s] -- Up-to-date: /home/adela/TFM_AdelaJimenez/install/ur_dashboard_msgs/include/ur_dashboard_msgs/ur_dashboard_msgs/msg/rosidl_typesupport_fastrtps_c__visibility_control.h
[13.181s] -- Up-to-date: /home/adela/TFM_AdelaJimenez/install/ur_dashboard_msgs/include/ur_dashboard_msgs/ur_dashboard_msgs/srv
[13.181s] -- Up-to-date: /home/adela/TFM_AdelaJimenez/install/ur_dashboard_msgs/include/ur_dashboard_msgs/ur_dashboard_msgs/srv/detail
[13.181s] -- Up-to-date: /home/adela/TFM_AdelaJimenez/install/ur_dashboard_msgs/include/ur_dashboard_msgs/ur_dashboard_msgs/srv/detail/is_program_saved__rosidl_typesupport_fastrtps_c.h
[13.203s] -- Up-to-date: /home/adela/TFM_AdelaJimenez/install/ur_dashboard_msgs/include/ur_dashboard_msgs/ur_dashboard_msgs/srv/detail/popup__rosidl_typesupport_fastrtps_c.h
[13.203s] -- Up-to-date: /home/adela/TFM_AdelaJimenez/install/ur_dashboard_msgs/include/ur_dashboard_msgs/ur_dashboard_msgs/srv/detail/raw_request__rosidl_typesupport_fastrtps_c.h
[13.203s] -- Up-to-date: /home/adela/TFM_AdelaJimenez/install/ur_dashboard_msgs/include/ur_dashboard_msgs/ur_dashboard_msgs/srv/detail/get_robot_mode__rosidl_typesupport_fastrtps_c.h
[13.203s] -- Up-to-date: /home/adela/TFM_AdelaJimenez/install/ur_dashboard_msgs/include/ur_dashboard_msgs/ur_dashboard_msgs/srv/detail/add_to_log__rosidl_typesupport_fastrtps_c.h
[13.203s] -- Up-to-date: /home/adela/TFM_AdelaJimenez/install/ur_dashboard_msgs/include/ur_dashboard_msgs/ur_dashboard_msgs/srv/detail/get_program_state__rosidl_typesupport_fastrtps_c.h
[13.203s] -- Up-to-date: /home/adela/TFM_AdelaJimenez/install/ur_dashboard_msgs/include/ur_dashboard_msgs/ur_dashboard_msgs/srv/detail/is_program_running__rosidl_typesupport_fastrtps_c.h
[13.205s] -- Up-to-date: /home/adela/TFM_AdelaJimenez/install/ur_dashboard_msgs/include/ur_dashboard_msgs/ur_dashboard_msgs/srv/detail/get_safety_mode__rosidl_typesupport_fastrtps_c.h
[13.205s] -- Up-to-date: /home/adela/TFM_AdelaJimenez/install/ur_dashboard_msgs/include/ur_dashboard_msgs/ur_dashboard_msgs/srv/detail/get_loaded_program__rosidl_typesupport_fastrtps_c.h
[13.205s] -- Up-to-date: /home/adela/TFM_AdelaJimenez/install/ur_dashboard_msgs/include/ur_dashboard_msgs/ur_dashboard_msgs/srv/detail/load__rosidl_typesupport_fastrtps_c.h
[13.205s] -- Up-to-date: /home/adela/TFM_AdelaJimenez/install/ur_dashboard_msgs/lib/libur_dashboard_msgs__rosidl_typesupport_fastrtps_c.so
[13.205s] -- Up-to-date: /home/adela/TFM_AdelaJimenez/install/ur_dashboard_msgs/include/ur_dashboard_msgs/ur_dashboard_msgs
[13.205s] -- Up-to-date: /home/adela/TFM_AdelaJimenez/install/ur_dashboard_msgs/include/ur_dashboard_msgs/ur_dashboard_msgs/action
[13.205s] -- Up-to-date: /home/adela/TFM_AdelaJimenez/install/ur_dashboard_msgs/include/ur_dashboard_msgs/ur_dashboard_msgs/action/detail
[13.205s] -- Up-to-date: /home/adela/TFM_AdelaJimenez/install/ur_dashboard_msgs/include/ur_dashboard_msgs/ur_dashboard_msgs/action/detail/set_mode__rosidl_typesupport_introspection_c.h
[13.205s] -- Up-to-date: /home/adela/TFM_AdelaJimenez/install/ur_dashboard_msgs/include/ur_dashboard_msgs/ur_dashboard_msgs/action/detail/set_mode__type_support.c
[13.205s] -- Up-to-date: /home/adela/TFM_AdelaJimenez/install/ur_dashboard_msgs/include/ur_dashboard_msgs/ur_dashboard_msgs/msg
[13.216s] -- Up-to-date: /home/adela/TFM_AdelaJimenez/install/ur_dashboard_msgs/include/ur_dashboard_msgs/ur_dashboard_msgs/msg/rosidl_typesupport_introspection_c__visibility_control.h
[13.217s] -- Up-to-date: /home/adela/TFM_AdelaJimenez/install/ur_dashboard_msgs/include/ur_dashboard_msgs/ur_dashboard_msgs/msg/detail
[13.217s] -- Up-to-date: /home/adela/TFM_AdelaJimenez/install/ur_dashboard_msgs/include/ur_dashboard_msgs/ur_dashboard_msgs/msg/detail/robot_mode__rosidl_typesupport_introspection_c.h
[13.217s] -- Up-to-date: /home/adela/TFM_AdelaJimenez/install/ur_dashboard_msgs/include/ur_dashboard_msgs/ur_dashboard_msgs/msg/detail/program_state__rosidl_typesupport_introspection_c.h
[13.217s] -- Up-to-date: /home/adela/TFM_AdelaJimenez/install/ur_dashboard_msgs/include/ur_dashboard_msgs/ur_dashboard_msgs/msg/detail/safety_mode__rosidl_typesupport_introspection_c.h
[13.217s] -- Up-to-date: /home/adela/TFM_AdelaJimenez/install/ur_dashboard_msgs/include/ur_dashboard_msgs/ur_dashboard_msgs/msg/detail/program_state__type_support.c
[13.220s] -- Up-to-date: /home/adela/TFM_AdelaJimenez/install/ur_dashboard_msgs/include/ur_dashboard_msgs/ur_dashboard_msgs/msg/detail/safety_mode__type_support.c
[13.220s] -- Up-to-date: /home/adela/TFM_AdelaJimenez/install/ur_dashboard_msgs/include/ur_dashboard_msgs/ur_dashboard_msgs/msg/detail/robot_mode__type_support.c
[13.220s] -- Up-to-date: /home/adela/TFM_AdelaJimenez/install/ur_dashboard_msgs/include/ur_dashboard_msgs/ur_dashboard_msgs/srv
[13.220s] -- Up-to-date: /home/adela/TFM_AdelaJimenez/install/ur_dashboard_msgs/include/ur_dashboard_msgs/ur_dashboard_msgs/srv/detail
[13.220s] -- Up-to-date: /home/adela/TFM_AdelaJimenez/install/ur_dashboard_msgs/include/ur_dashboard_msgs/ur_dashboard_msgs/srv/detail/get_program_state__rosidl_typesupport_introspection_c.h
[13.232s] -- Up-to-date: /home/adela/TFM_AdelaJimenez/install/ur_dashboard_msgs/include/ur_dashboard_msgs/ur_dashboard_msgs/srv/detail/get_robot_mode__rosidl_typesupport_introspection_c.h
[13.232s] -- Up-to-date: /home/adela/TFM_AdelaJimenez/install/ur_dashboard_msgs/include/ur_dashboard_msgs/ur_dashboard_msgs/srv/detail/load__rosidl_typesupport_introspection_c.h
[13.232s] -- Up-to-date: /home/adela/TFM_AdelaJimenez/install/ur_dashboard_msgs/include/ur_dashboard_msgs/ur_dashboard_msgs/srv/detail/is_program_running__type_support.c
[13.232s] -- Up-to-date: /home/adela/TFM_AdelaJimenez/install/ur_dashboard_msgs/include/ur_dashboard_msgs/ur_dashboard_msgs/srv/detail/get_robot_mode__type_support.c
[13.232s] -- Up-to-date: /home/adela/TFM_AdelaJimenez/install/ur_dashboard_msgs/include/ur_dashboard_msgs/ur_dashboard_msgs/srv/detail/get_loaded_program__type_support.c
[13.232s] -- Up-to-date: /home/adela/TFM_AdelaJimenez/install/ur_dashboard_msgs/include/ur_dashboard_msgs/ur_dashboard_msgs/srv/detail/popup__type_support.c
[13.232s] -- Up-to-date: /home/adela/TFM_AdelaJimenez/install/ur_dashboard_msgs/include/ur_dashboard_msgs/ur_dashboard_msgs/srv/detail/add_to_log__rosidl_typesupport_introspection_c.h
[13.232s] -- Up-to-date: /home/adela/TFM_AdelaJimenez/install/ur_dashboard_msgs/include/ur_dashboard_msgs/ur_dashboard_msgs/srv/detail/add_to_log__type_support.c
[13.232s] -- Up-to-date: /home/adela/TFM_AdelaJimenez/install/ur_dashboard_msgs/include/ur_dashboard_msgs/ur_dashboard_msgs/srv/detail/get_program_state__type_support.c
[13.233s] -- Up-to-date: /home/adela/TFM_AdelaJimenez/install/ur_dashboard_msgs/include/ur_dashboard_msgs/ur_dashboard_msgs/srv/detail/is_program_running__rosidl_typesupport_introspection_c.h
[13.233s] -- Up-to-date: /home/adela/TFM_AdelaJimenez/install/ur_dashboard_msgs/include/ur_dashboard_msgs/ur_dashboard_msgs/srv/detail/is_program_saved__rosidl_typesupport_introspection_c.h
[13.233s] -- Up-to-date: /home/adela/TFM_AdelaJimenez/install/ur_dashboard_msgs/include/ur_dashboard_msgs/ur_dashboard_msgs/srv/detail/is_program_saved__type_support.c
[13.233s] -- Up-to-date: /home/adela/TFM_AdelaJimenez/install/ur_dashboard_msgs/include/ur_dashboard_msgs/ur_dashboard_msgs/srv/detail/get_safety_mode__rosidl_typesupport_introspection_c.h
[13.233s] -- Up-to-date: /home/adela/TFM_AdelaJimenez/install/ur_dashboard_msgs/include/ur_dashboard_msgs/ur_dashboard_msgs/srv/detail/raw_request__rosidl_typesupport_introspection_c.h
[13.233s] -- Up-to-date: /home/adela/TFM_AdelaJimenez/install/ur_dashboard_msgs/include/ur_dashboard_msgs/ur_dashboard_msgs/srv/detail/load__type_support.c
[13.233s] -- Up-to-date: /home/adela/TFM_AdelaJimenez/install/ur_dashboard_msgs/include/ur_dashboard_msgs/ur_dashboard_msgs/srv/detail/get_loaded_program__rosidl_typesupport_introspection_c.h
[13.233s] -- Up-to-date: /home/adela/TFM_AdelaJimenez/install/ur_dashboard_msgs/include/ur_dashboard_msgs/ur_dashboard_msgs/srv/detail/raw_request__type_support.c
[13.233s] -- Up-to-date: /home/adela/TFM_AdelaJimenez/install/ur_dashboard_msgs/include/ur_dashboard_msgs/ur_dashboard_msgs/srv/detail/popup__rosidl_typesupport_introspection_c.h
[13.233s] -- Up-to-date: /home/adela/TFM_AdelaJimenez/install/ur_dashboard_msgs/include/ur_dashboard_msgs/ur_dashboard_msgs/srv/detail/get_safety_mode__type_support.c
[13.233s] -- Up-to-date: /home/adela/TFM_AdelaJimenez/install/ur_dashboard_msgs/lib/libur_dashboard_msgs__rosidl_typesupport_introspection_c.so
[13.233s] -- Up-to-date: /home/adela/TFM_AdelaJimenez/install/ur_dashboard_msgs/lib/libur_dashboard_msgs__rosidl_typesupport_c.so
[13.234s] -- Up-to-date: /home/adela/TFM_AdelaJimenez/install/ur_dashboard_msgs/include/ur_dashboard_msgs/ur_dashboard_msgs
[13.234s] -- Up-to-date: /home/adela/TFM_AdelaJimenez/install/ur_dashboard_msgs/include/ur_dashboard_msgs/ur_dashboard_msgs/action
[13.240s] -- Up-to-date: /home/adela/TFM_AdelaJimenez/install/ur_dashboard_msgs/include/ur_dashboard_msgs/ur_dashboard_msgs/action/set_mode.hpp
[13.240s] -- Up-to-date: /home/adela/TFM_AdelaJimenez/install/ur_dashboard_msgs/include/ur_dashboard_msgs/ur_dashboard_msgs/action/detail
[13.241s] -- Up-to-date: /home/adela/TFM_AdelaJimenez/install/ur_dashboard_msgs/include/ur_dashboard_msgs/ur_dashboard_msgs/action/detail/set_mode__traits.hpp
[13.241s] -- Up-to-date: /home/adela/TFM_AdelaJimenez/install/ur_dashboard_msgs/include/ur_dashboard_msgs/ur_dashboard_msgs/action/detail/set_mode__struct.hpp
[13.244s] -- Up-to-date: /home/adela/TFM_AdelaJimenez/install/ur_dashboard_msgs/include/ur_dashboard_msgs/ur_dashboard_msgs/action/detail/set_mode__builder.hpp
[13.248s] -- Up-to-date: /home/adela/TFM_AdelaJimenez/install/ur_dashboard_msgs/include/ur_dashboard_msgs/ur_dashboard_msgs/msg
[13.248s] -- Up-to-date: /home/adela/TFM_AdelaJimenez/install/ur_dashboard_msgs/include/ur_dashboard_msgs/ur_dashboard_msgs/msg/program_state.hpp
[13.248s] -- Up-to-date: /home/adela/TFM_AdelaJimenez/install/ur_dashboard_msgs/include/ur_dashboard_msgs/ur_dashboard_msgs/msg/robot_mode.hpp
[13.248s] -- Up-to-date: /home/adela/TFM_AdelaJimenez/install/ur_dashboard_msgs/include/ur_dashboard_msgs/ur_dashboard_msgs/msg/detail
[13.248s] -- Up-to-date: /home/adela/TFM_AdelaJimenez/install/ur_dashboard_msgs/include/ur_dashboard_msgs/ur_dashboard_msgs/msg/detail/robot_mode__struct.hpp
[13.248s] -- Up-to-date: /home/adela/TFM_AdelaJimenez/install/ur_dashboard_msgs/include/ur_dashboard_msgs/ur_dashboard_msgs/msg/detail/safety_mode__builder.hpp
[13.248s] -- Up-to-date: /home/adela/TFM_AdelaJimenez/install/ur_dashboard_msgs/include/ur_dashboard_msgs/ur_dashboard_msgs/msg/detail/program_state__traits.hpp
[13.248s] -- Up-to-date: /home/adela/TFM_AdelaJimenez/install/ur_dashboard_msgs/include/ur_dashboard_msgs/ur_dashboard_msgs/msg/detail/robot_mode__builder.hpp
[13.256s] -- Up-to-date: /home/adela/TFM_AdelaJimenez/install/ur_dashboard_msgs/include/ur_dashboard_msgs/ur_dashboard_msgs/msg/detail/program_state__struct.hpp
[13.256s] -- Up-to-date: /home/adela/TFM_AdelaJimenez/install/ur_dashboard_msgs/include/ur_dashboard_msgs/ur_dashboard_msgs/msg/detail/program_state__builder.hpp
[13.257s] -- Up-to-date: /home/adela/TFM_AdelaJimenez/install/ur_dashboard_msgs/include/ur_dashboard_msgs/ur_dashboard_msgs/msg/detail/robot_mode__traits.hpp
[13.257s] -- Up-to-date: /home/adela/TFM_AdelaJimenez/install/ur_dashboard_msgs/include/ur_dashboard_msgs/ur_dashboard_msgs/msg/detail/safety_mode__traits.hpp
[13.258s] -- Up-to-date: /home/adela/TFM_AdelaJimenez/install/ur_dashboard_msgs/include/ur_dashboard_msgs/ur_dashboard_msgs/msg/detail/safety_mode__struct.hpp
[13.258s] -- Up-to-date: /home/adela/TFM_AdelaJimenez/install/ur_dashboard_msgs/include/ur_dashboard_msgs/ur_dashboard_msgs/msg/safety_mode.hpp
[13.258s] -- Up-to-date: /home/adela/TFM_AdelaJimenez/install/ur_dashboard_msgs/include/ur_dashboard_msgs/ur_dashboard_msgs/srv
[13.259s] -- Up-to-date: /home/adela/TFM_AdelaJimenez/install/ur_dashboard_msgs/include/ur_dashboard_msgs/ur_dashboard_msgs/srv/add_to_log.hpp
[13.259s] -- Up-to-date: /home/adela/TFM_AdelaJimenez/install/ur_dashboard_msgs/include/ur_dashboard_msgs/ur_dashboard_msgs/srv/get_loaded_program.hpp
[13.263s] -- Up-to-date: /home/adela/TFM_AdelaJimenez/install/ur_dashboard_msgs/include/ur_dashboard_msgs/ur_dashboard_msgs/srv/popup.hpp
[13.263s] -- Up-to-date: /home/adela/TFM_AdelaJimenez/install/ur_dashboard_msgs/include/ur_dashboard_msgs/ur_dashboard_msgs/srv/load.hpp
[13.263s] -- Up-to-date: /home/adela/TFM_AdelaJimenez/install/ur_dashboard_msgs/include/ur_dashboard_msgs/ur_dashboard_msgs/srv/is_program_running.hpp
[13.263s] -- Up-to-date: /home/adela/TFM_AdelaJimenez/install/ur_dashboard_msgs/include/ur_dashboard_msgs/ur_dashboard_msgs/srv/raw_request.hpp
[13.263s] -- Up-to-date: /home/adela/TFM_AdelaJimenez/install/ur_dashboard_msgs/include/ur_dashboard_msgs/ur_dashboard_msgs/srv/detail
[13.269s] -- Up-to-date: /home/adela/TFM_AdelaJimenez/install/ur_dashboard_msgs/include/ur_dashboard_msgs/ur_dashboard_msgs/srv/detail/raw_request__traits.hpp
[13.269s] -- Up-to-date: /home/adela/TFM_AdelaJimenez/install/ur_dashboard_msgs/include/ur_dashboard_msgs/ur_dashboard_msgs/srv/detail/is_program_saved__struct.hpp
[13.269s] -- Up-to-date: /home/adela/TFM_AdelaJimenez/install/ur_dashboard_msgs/include/ur_dashboard_msgs/ur_dashboard_msgs/srv/detail/get_robot_mode__struct.hpp
[13.269s] -- Up-to-date: /home/adela/TFM_AdelaJimenez/install/ur_dashboard_msgs/include/ur_dashboard_msgs/ur_dashboard_msgs/srv/detail/get_safety_mode__builder.hpp
[13.270s] -- Up-to-date: /home/adela/TFM_AdelaJimenez/install/ur_dashboard_msgs/include/ur_dashboard_msgs/ur_dashboard_msgs/srv/detail/get_robot_mode__traits.hpp
[13.270s] -- Up-to-date: /home/adela/TFM_AdelaJimenez/install/ur_dashboard_msgs/include/ur_dashboard_msgs/ur_dashboard_msgs/srv/detail/get_robot_mode__builder.hpp
[13.271s] -- Up-to-date: /home/adela/TFM_AdelaJimenez/install/ur_dashboard_msgs/include/ur_dashboard_msgs/ur_dashboard_msgs/srv/detail/get_program_state__struct.hpp
[13.281s] -- Up-to-date: /home/adela/TFM_AdelaJimenez/install/ur_dashboard_msgs/include/ur_dashboard_msgs/ur_dashboard_msgs/srv/detail/popup__traits.hpp
[13.281s] -- Up-to-date: /home/adela/TFM_AdelaJimenez/install/ur_dashboard_msgs/include/ur_dashboard_msgs/ur_dashboard_msgs/srv/detail/is_program_running__struct.hpp
[13.281s] -- Up-to-date: /home/adela/TFM_AdelaJimenez/install/ur_dashboard_msgs/include/ur_dashboard_msgs/ur_dashboard_msgs/srv/detail/get_safety_mode__traits.hpp
[13.281s] -- Up-to-date: /home/adela/TFM_AdelaJimenez/install/ur_dashboard_msgs/include/ur_dashboard_msgs/ur_dashboard_msgs/srv/detail/add_to_log__builder.hpp
[13.282s] -- Up-to-date: /home/adela/TFM_AdelaJimenez/install/ur_dashboard_msgs/include/ur_dashboard_msgs/ur_dashboard_msgs/srv/detail/get_loaded_program__struct.hpp
[13.282s] -- Up-to-date: /home/adela/TFM_AdelaJimenez/install/ur_dashboard_msgs/include/ur_dashboard_msgs/ur_dashboard_msgs/srv/detail/load__builder.hpp
[13.282s] -- Up-to-date: /home/adela/TFM_AdelaJimenez/install/ur_dashboard_msgs/include/ur_dashboard_msgs/ur_dashboard_msgs/srv/detail/add_to_log__traits.hpp
[13.282s] -- Up-to-date: /home/adela/TFM_AdelaJimenez/install/ur_dashboard_msgs/include/ur_dashboard_msgs/ur_dashboard_msgs/srv/detail/get_program_state__builder.hpp
[13.282s] -- Up-to-date: /home/adela/TFM_AdelaJimenez/install/ur_dashboard_msgs/include/ur_dashboard_msgs/ur_dashboard_msgs/srv/detail/add_to_log__struct.hpp
[13.282s] -- Up-to-date: /home/adela/TFM_AdelaJimenez/install/ur_dashboard_msgs/include/ur_dashboard_msgs/ur_dashboard_msgs/srv/detail/is_program_saved__traits.hpp
[13.282s] -- Up-to-date: /home/adela/TFM_AdelaJimenez/install/ur_dashboard_msgs/include/ur_dashboard_msgs/ur_dashboard_msgs/srv/detail/is_program_saved__builder.hpp
[13.286s] -- Up-to-date: /home/adela/TFM_AdelaJimenez/install/ur_dashboard_msgs/include/ur_dashboard_msgs/ur_dashboard_msgs/srv/detail/get_program_state__traits.hpp
[13.286s] -- Up-to-date: /home/adela/TFM_AdelaJimenez/install/ur_dashboard_msgs/include/ur_dashboard_msgs/ur_dashboard_msgs/srv/detail/is_program_running__builder.hpp
[13.286s] -- Up-to-date: /home/adela/TFM_AdelaJimenez/install/ur_dashboard_msgs/include/ur_dashboard_msgs/ur_dashboard_msgs/srv/detail/is_program_running__traits.hpp
[13.287s] -- Up-to-date: /home/adela/TFM_AdelaJimenez/install/ur_dashboard_msgs/include/ur_dashboard_msgs/ur_dashboard_msgs/srv/detail/load__struct.hpp
[13.288s] -- Up-to-date: /home/adela/TFM_AdelaJimenez/install/ur_dashboard_msgs/include/ur_dashboard_msgs/ur_dashboard_msgs/srv/detail/get_safety_mode__struct.hpp
[13.288s] -- Up-to-date: /home/adela/TFM_AdelaJimenez/install/ur_dashboard_msgs/include/ur_dashboard_msgs/ur_dashboard_msgs/srv/detail/load__traits.hpp
[13.288s] -- Up-to-date: /home/adela/TFM_AdelaJimenez/install/ur_dashboard_msgs/include/ur_dashboard_msgs/ur_dashboard_msgs/srv/detail/get_loaded_program__traits.hpp
[13.288s] -- Up-to-date: /home/adela/TFM_AdelaJimenez/install/ur_dashboard_msgs/include/ur_dashboard_msgs/ur_dashboard_msgs/srv/detail/raw_request__struct.hpp
[13.288s] -- Up-to-date: /home/adela/TFM_AdelaJimenez/install/ur_dashboard_msgs/include/ur_dashboard_msgs/ur_dashboard_msgs/srv/detail/raw_request__builder.hpp
[13.289s] -- Up-to-date: /home/adela/TFM_AdelaJimenez/install/ur_dashboard_msgs/include/ur_dashboard_msgs/ur_dashboard_msgs/srv/detail/popup__struct.hpp
[13.289s] -- Up-to-date: /home/adela/TFM_AdelaJimenez/install/ur_dashboard_msgs/include/ur_dashboard_msgs/ur_dashboard_msgs/srv/detail/get_loaded_program__builder.hpp
[13.289s] -- Up-to-date: /home/adela/TFM_AdelaJimenez/install/ur_dashboard_msgs/include/ur_dashboard_msgs/ur_dashboard_msgs/srv/detail/popup__builder.hpp
[13.290s] -- Up-to-date: /home/adela/TFM_AdelaJimenez/install/ur_dashboard_msgs/include/ur_dashboard_msgs/ur_dashboard_msgs/srv/is_program_saved.hpp
[13.290s] -- Up-to-date: /home/adela/TFM_AdelaJimenez/install/ur_dashboard_msgs/include/ur_dashboard_msgs/ur_dashboard_msgs/srv/get_safety_mode.hpp
[13.290s] -- Up-to-date: /home/adela/TFM_AdelaJimenez/install/ur_dashboard_msgs/include/ur_dashboard_msgs/ur_dashboard_msgs/srv/get_program_state.hpp
[13.290s] -- Up-to-date: /home/adela/TFM_AdelaJimenez/install/ur_dashboard_msgs/include/ur_dashboard_msgs/ur_dashboard_msgs/srv/get_robot_mode.hpp
[13.290s] -- Up-to-date: /home/adela/TFM_AdelaJimenez/install/ur_dashboard_msgs/include/ur_dashboard_msgs/ur_dashboard_msgs
[13.296s] -- Up-to-date: /home/adela/TFM_AdelaJimenez/install/ur_dashboard_msgs/include/ur_dashboard_msgs/ur_dashboard_msgs/action
[13.296s] -- Up-to-date: /home/adela/TFM_AdelaJimenez/install/ur_dashboard_msgs/include/ur_dashboard_msgs/ur_dashboard_msgs/action/detail
[13.296s] -- Up-to-date: /home/adela/TFM_AdelaJimenez/install/ur_dashboard_msgs/include/ur_dashboard_msgs/ur_dashboard_msgs/action/detail/dds_fastrtps
[13.296s] -- Up-to-date: /home/adela/TFM_AdelaJimenez/install/ur_dashboard_msgs/include/ur_dashboard_msgs/ur_dashboard_msgs/action/detail/set_mode__rosidl_typesupport_fastrtps_cpp.hpp
[13.296s] -- Up-to-date: /home/adela/TFM_AdelaJimenez/install/ur_dashboard_msgs/include/ur_dashboard_msgs/ur_dashboard_msgs/msg
[13.296s] -- Up-to-date: /home/adela/TFM_AdelaJimenez/install/ur_dashboard_msgs/include/ur_dashboard_msgs/ur_dashboard_msgs/msg/rosidl_typesupport_fastrtps_cpp__visibility_control.h
[13.298s] -- Up-to-date: /home/adela/TFM_AdelaJimenez/install/ur_dashboard_msgs/include/ur_dashboard_msgs/ur_dashboard_msgs/msg/detail
[13.298s] -- Up-to-date: /home/adela/TFM_AdelaJimenez/install/ur_dashboard_msgs/include/ur_dashboard_msgs/ur_dashboard_msgs/msg/detail/dds_fastrtps
[13.298s] -- Up-to-date: /home/adela/TFM_AdelaJimenez/install/ur_dashboard_msgs/include/ur_dashboard_msgs/ur_dashboard_msgs/msg/detail/safety_mode__rosidl_typesupport_fastrtps_cpp.hpp
[13.299s] -- Up-to-date: /home/adela/TFM_AdelaJimenez/install/ur_dashboard_msgs/include/ur_dashboard_msgs/ur_dashboard_msgs/msg/detail/robot_mode__rosidl_typesupport_fastrtps_cpp.hpp
[13.302s] -- Up-to-date: /home/adela/TFM_AdelaJimenez/install/ur_dashboard_msgs/include/ur_dashboard_msgs/ur_dashboard_msgs/msg/detail/program_state__rosidl_typesupport_fastrtps_cpp.hpp
[13.302s] -- Up-to-date: /home/adela/TFM_AdelaJimenez/install/ur_dashboard_msgs/include/ur_dashboard_msgs/ur_dashboard_msgs/srv
[13.302s] -- Up-to-date: /home/adela/TFM_AdelaJimenez/install/ur_dashboard_msgs/include/ur_dashboard_msgs/ur_dashboard_msgs/srv/detail
[13.302s] -- Up-to-date: /home/adela/TFM_AdelaJimenez/install/ur_dashboard_msgs/include/ur_dashboard_msgs/ur_dashboard_msgs/srv/detail/load__rosidl_typesupport_fastrtps_cpp.hpp
[13.302s] -- Up-to-date: /home/adela/TFM_AdelaJimenez/install/ur_dashboard_msgs/include/ur_dashboard_msgs/ur_dashboard_msgs/srv/detail/dds_fastrtps
[13.304s] -- Up-to-date: /home/adela/TFM_AdelaJimenez/install/ur_dashboard_msgs/include/ur_dashboard_msgs/ur_dashboard_msgs/srv/detail/get_loaded_program__rosidl_typesupport_fastrtps_cpp.hpp
[13.304s] -- Up-to-date: /home/adela/TFM_AdelaJimenez/install/ur_dashboard_msgs/include/ur_dashboard_msgs/ur_dashboard_msgs/srv/detail/is_program_saved__rosidl_typesupport_fastrtps_cpp.hpp
[13.305s] -- Up-to-date: /home/adela/TFM_AdelaJimenez/install/ur_dashboard_msgs/include/ur_dashboard_msgs/ur_dashboard_msgs/srv/detail/get_safety_mode__rosidl_typesupport_fastrtps_cpp.hpp
[13.305s] -- Up-to-date: /home/adela/TFM_AdelaJimenez/install/ur_dashboard_msgs/include/ur_dashboard_msgs/ur_dashboard_msgs/srv/detail/raw_request__rosidl_typesupport_fastrtps_cpp.hpp
[13.310s] -- Up-to-date: /home/adela/TFM_AdelaJimenez/install/ur_dashboard_msgs/include/ur_dashboard_msgs/ur_dashboard_msgs/srv/detail/get_robot_mode__rosidl_typesupport_fastrtps_cpp.hpp
[13.310s] -- Up-to-date: /home/adela/TFM_AdelaJimenez/install/ur_dashboard_msgs/include/ur_dashboard_msgs/ur_dashboard_msgs/srv/detail/popup__rosidl_typesupport_fastrtps_cpp.hpp
[13.310s] -- Up-to-date: /home/adela/TFM_AdelaJimenez/install/ur_dashboard_msgs/include/ur_dashboard_msgs/ur_dashboard_msgs/srv/detail/is_program_running__rosidl_typesupport_fastrtps_cpp.hpp
[13.310s] -- Up-to-date: /home/adela/TFM_AdelaJimenez/install/ur_dashboard_msgs/include/ur_dashboard_msgs/ur_dashboard_msgs/srv/detail/add_to_log__rosidl_typesupport_fastrtps_cpp.hpp
[13.310s] -- Up-to-date: /home/adela/TFM_AdelaJimenez/install/ur_dashboard_msgs/include/ur_dashboard_msgs/ur_dashboard_msgs/srv/detail/get_program_state__rosidl_typesupport_fastrtps_cpp.hpp
[13.312s] -- Up-to-date: /home/adela/TFM_AdelaJimenez/install/ur_dashboard_msgs/lib/libur_dashboard_msgs__rosidl_typesupport_fastrtps_cpp.so
[13.312s] -- Up-to-date: /home/adela/TFM_AdelaJimenez/install/ur_dashboard_msgs/include/ur_dashboard_msgs/ur_dashboard_msgs
[13.312s] -- Up-to-date: /home/adela/TFM_AdelaJimenez/install/ur_dashboard_msgs/include/ur_dashboard_msgs/ur_dashboard_msgs/action
[13.312s] -- Up-to-date: /home/adela/TFM_AdelaJimenez/install/ur_dashboard_msgs/include/ur_dashboard_msgs/ur_dashboard_msgs/action/detail
[13.312s] -- Up-to-date: /home/adela/TFM_AdelaJimenez/install/ur_dashboard_msgs/include/ur_dashboard_msgs/ur_dashboard_msgs/action/detail/set_mode__rosidl_typesupport_introspection_cpp.hpp
[13.312s] -- Up-to-date: /home/adela/TFM_AdelaJimenez/install/ur_dashboard_msgs/include/ur_dashboard_msgs/ur_dashboard_msgs/action/detail/set_mode__type_support.cpp
[13.313s] -- Up-to-date: /home/adela/TFM_AdelaJimenez/install/ur_dashboard_msgs/include/ur_dashboard_msgs/ur_dashboard_msgs/msg
[13.313s] -- Up-to-date: /home/adela/TFM_AdelaJimenez/install/ur_dashboard_msgs/include/ur_dashboard_msgs/ur_dashboard_msgs/msg/detail
[13.313s] -- Up-to-date: /home/adela/TFM_AdelaJimenez/install/ur_dashboard_msgs/include/ur_dashboard_msgs/ur_dashboard_msgs/msg/detail/safety_mode__type_support.cpp
[13.313s] -- Up-to-date: /home/adela/TFM_AdelaJimenez/install/ur_dashboard_msgs/include/ur_dashboard_msgs/ur_dashboard_msgs/msg/detail/robot_mode__type_support.cpp
[13.313s] -- Up-to-date: /home/adela/TFM_AdelaJimenez/install/ur_dashboard_msgs/include/ur_dashboard_msgs/ur_dashboard_msgs/msg/detail/safety_mode__rosidl_typesupport_introspection_cpp.hpp
[13.313s] -- Up-to-date: /home/adela/TFM_AdelaJimenez/install/ur_dashboard_msgs/include/ur_dashboard_msgs/ur_dashboard_msgs/msg/detail/robot_mode__rosidl_typesupport_introspection_cpp.hpp
[13.313s] -- Up-to-date: /home/adela/TFM_AdelaJimenez/install/ur_dashboard_msgs/include/ur_dashboard_msgs/ur_dashboard_msgs/msg/detail/program_state__rosidl_typesupport_introspection_cpp.hpp
[13.313s] -- Up-to-date: /home/adela/TFM_AdelaJimenez/install/ur_dashboard_msgs/include/ur_dashboard_msgs/ur_dashboard_msgs/msg/detail/program_state__type_support.cpp
[13.313s] -- Up-to-date: /home/adela/TFM_AdelaJimenez/install/ur_dashboard_msgs/include/ur_dashboard_msgs/ur_dashboard_msgs/srv
[13.329s] -- Up-to-date: /home/adela/TFM_AdelaJimenez/install/ur_dashboard_msgs/include/ur_dashboard_msgs/ur_dashboard_msgs/srv/detail
[13.329s] -- Up-to-date: /home/adela/TFM_AdelaJimenez/install/ur_dashboard_msgs/include/ur_dashboard_msgs/ur_dashboard_msgs/srv/detail/get_loaded_program__rosidl_typesupport_introspection_cpp.hpp
[13.329s] -- Up-to-date: /home/adela/TFM_AdelaJimenez/install/ur_dashboard_msgs/include/ur_dashboard_msgs/ur_dashboard_msgs/srv/detail/load__type_support.cpp
[13.329s] -- Up-to-date: /home/adela/TFM_AdelaJimenez/install/ur_dashboard_msgs/include/ur_dashboard_msgs/ur_dashboard_msgs/srv/detail/get_program_state__rosidl_typesupport_introspection_cpp.hpp
[13.330s] -- Up-to-date: /home/adela/TFM_AdelaJimenez/install/ur_dashboard_msgs/include/ur_dashboard_msgs/ur_dashboard_msgs/srv/detail/raw_request__rosidl_typesupport_introspection_cpp.hpp
[13.330s] -- Up-to-date: /home/adela/TFM_AdelaJimenez/install/ur_dashboard_msgs/include/ur_dashboard_msgs/ur_dashboard_msgs/srv/detail/load__rosidl_typesupport_introspection_cpp.hpp
[13.330s] -- Up-to-date: /home/adela/TFM_AdelaJimenez/install/ur_dashboard_msgs/include/ur_dashboard_msgs/ur_dashboard_msgs/srv/detail/popup__rosidl_typesupport_introspection_cpp.hpp
[13.330s] -- Up-to-date: /home/adela/TFM_AdelaJimenez/install/ur_dashboard_msgs/include/ur_dashboard_msgs/ur_dashboard_msgs/srv/detail/is_program_saved__type_support.cpp
[13.330s] -- Up-to-date: /home/adela/TFM_AdelaJimenez/install/ur_dashboard_msgs/include/ur_dashboard_msgs/ur_dashboard_msgs/srv/detail/add_to_log__type_support.cpp
[13.330s] -- Up-to-date: /home/adela/TFM_AdelaJimenez/install/ur_dashboard_msgs/include/ur_dashboard_msgs/ur_dashboard_msgs/srv/detail/get_loaded_program__type_support.cpp
[13.330s] -- Up-to-date: /home/adela/TFM_AdelaJimenez/install/ur_dashboard_msgs/include/ur_dashboard_msgs/ur_dashboard_msgs/srv/detail/is_program_saved__rosidl_typesupport_introspection_cpp.hpp
[13.330s] -- Up-to-date: /home/adela/TFM_AdelaJimenez/install/ur_dashboard_msgs/include/ur_dashboard_msgs/ur_dashboard_msgs/srv/detail/raw_request__type_support.cpp
[13.330s] -- Up-to-date: /home/adela/TFM_AdelaJimenez/install/ur_dashboard_msgs/include/ur_dashboard_msgs/ur_dashboard_msgs/srv/detail/get_program_state__type_support.cpp
[13.330s] -- Up-to-date: /home/adela/TFM_AdelaJimenez/install/ur_dashboard_msgs/include/ur_dashboard_msgs/ur_dashboard_msgs/srv/detail/is_program_running__type_support.cpp
[13.330s] -- Up-to-date: /home/adela/TFM_AdelaJimenez/install/ur_dashboard_msgs/include/ur_dashboard_msgs/ur_dashboard_msgs/srv/detail/popup__type_support.cpp
[13.330s] -- Up-to-date: /home/adela/TFM_AdelaJimenez/install/ur_dashboard_msgs/include/ur_dashboard_msgs/ur_dashboard_msgs/srv/detail/get_robot_mode__type_support.cpp
[13.334s] -- Up-to-date: /home/adela/TFM_AdelaJimenez/install/ur_dashboard_msgs/include/ur_dashboard_msgs/ur_dashboard_msgs/srv/detail/add_to_log__rosidl_typesupport_introspection_cpp.hpp
[13.334s] -- Up-to-date: /home/adela/TFM_AdelaJimenez/install/ur_dashboard_msgs/include/ur_dashboard_msgs/ur_dashboard_msgs/srv/detail/is_program_running__rosidl_typesupport_introspection_cpp.hpp
[13.334s] -- Up-to-date: /home/adela/TFM_AdelaJimenez/install/ur_dashboard_msgs/include/ur_dashboard_msgs/ur_dashboard_msgs/srv/detail/get_safety_mode__type_support.cpp
[13.334s] -- Up-to-date: /home/adela/TFM_AdelaJimenez/install/ur_dashboard_msgs/include/ur_dashboard_msgs/ur_dashboard_msgs/srv/detail/get_robot_mode__rosidl_typesupport_introspection_cpp.hpp
[13.334s] -- Up-to-date: /home/adela/TFM_AdelaJimenez/install/ur_dashboard_msgs/include/ur_dashboard_msgs/ur_dashboard_msgs/srv/detail/get_safety_mode__rosidl_typesupport_introspection_cpp.hpp
[13.334s] -- Up-to-date: /home/adela/TFM_AdelaJimenez/install/ur_dashboard_msgs/lib/libur_dashboard_msgs__rosidl_typesupport_introspection_cpp.so
[13.334s] -- Up-to-date: /home/adela/TFM_AdelaJimenez/install/ur_dashboard_msgs/lib/libur_dashboard_msgs__rosidl_typesupport_cpp.so
[13.335s] -- Up-to-date: /home/adela/TFM_AdelaJimenez/install/ur_dashboard_msgs/share/ur_dashboard_msgs/environment/pythonpath.sh
[13.335s] -- Up-to-date: /home/adela/TFM_AdelaJimenez/install/ur_dashboard_msgs/share/ur_dashboard_msgs/environment/pythonpath.dsv
[13.335s] -- Up-to-date: /home/adela/TFM_AdelaJimenez/install/ur_dashboard_msgs/local/lib/python3.10/dist-packages/ur_dashboard_msgs-2.2.10-py3.10.egg-info
[13.335s] -- Installing: /home/adela/TFM_AdelaJimenez/install/ur_dashboard_msgs/local/lib/python3.10/dist-packages/ur_dashboard_msgs-2.2.10-py3.10.egg-info/dependency_links.txt
[13.335s] -- Installing: /home/adela/TFM_AdelaJimenez/install/ur_dashboard_msgs/local/lib/python3.10/dist-packages/ur_dashboard_msgs-2.2.10-py3.10.egg-info/PKG-INFO
[13.335s] -- Installing: /home/adela/TFM_AdelaJimenez/install/ur_dashboard_msgs/local/lib/python3.10/dist-packages/ur_dashboard_msgs-2.2.10-py3.10.egg-info/top_level.txt
[13.335s] -- Installing: /home/adela/TFM_AdelaJimenez/install/ur_dashboard_msgs/local/lib/python3.10/dist-packages/ur_dashboard_msgs-2.2.10-py3.10.egg-info/SOURCES.txt
[13.335s] -- Up-to-date: /home/adela/TFM_AdelaJimenez/install/ur_dashboard_msgs/local/lib/python3.10/dist-packages/ur_dashboard_msgs
[13.335s] -- Up-to-date: /home/adela/TFM_AdelaJimenez/install/ur_dashboard_msgs/local/lib/python3.10/dist-packages/ur_dashboard_msgs/_ur_dashboard_msgs_s.ep.rosidl_typesupport_fastrtps_c.c
[13.335s] -- Up-to-date: /home/adela/TFM_AdelaJimenez/install/ur_dashboard_msgs/local/lib/python3.10/dist-packages/ur_dashboard_msgs/action
[13.335s] -- Up-to-date: /home/adela/TFM_AdelaJimenez/install/ur_dashboard_msgs/local/lib/python3.10/dist-packages/ur_dashboard_msgs/action/_set_mode.py
[13.335s] -- Up-to-date: /home/adela/TFM_AdelaJimenez/install/ur_dashboard_msgs/local/lib/python3.10/dist-packages/ur_dashboard_msgs/action/__init__.py
[13.335s] -- Up-to-date: /home/adela/TFM_AdelaJimenez/install/ur_dashboard_msgs/local/lib/python3.10/dist-packages/ur_dashboard_msgs/action/_set_mode_s.c
[13.336s] -- Up-to-date: /home/adela/TFM_AdelaJimenez/install/ur_dashboard_msgs/local/lib/python3.10/dist-packages/ur_dashboard_msgs/msg
[13.340s] -- Up-to-date: /home/adela/TFM_AdelaJimenez/install/ur_dashboard_msgs/local/lib/python3.10/dist-packages/ur_dashboard_msgs/msg/_safety_mode.py
[13.340s] -- Up-to-date: /home/adela/TFM_AdelaJimenez/install/ur_dashboard_msgs/local/lib/python3.10/dist-packages/ur_dashboard_msgs/msg/_program_state_s.c
[13.340s] -- Up-to-date: /home/adela/TFM_AdelaJimenez/install/ur_dashboard_msgs/local/lib/python3.10/dist-packages/ur_dashboard_msgs/msg/__init__.py
[13.340s] -- Up-to-date: /home/adela/TFM_AdelaJimenez/install/ur_dashboard_msgs/local/lib/python3.10/dist-packages/ur_dashboard_msgs/msg/_safety_mode_s.c
[13.340s] -- Up-to-date: /home/adela/TFM_AdelaJimenez/install/ur_dashboard_msgs/local/lib/python3.10/dist-packages/ur_dashboard_msgs/msg/_program_state.py
[13.340s] -- Up-to-date: /home/adela/TFM_AdelaJimenez/install/ur_dashboard_msgs/local/lib/python3.10/dist-packages/ur_dashboard_msgs/msg/_robot_mode_s.c
[13.340s] -- Up-to-date: /home/adela/TFM_AdelaJimenez/install/ur_dashboard_msgs/local/lib/python3.10/dist-packages/ur_dashboard_msgs/msg/_robot_mode.py
[13.340s] -- Up-to-date: /home/adela/TFM_AdelaJimenez/install/ur_dashboard_msgs/local/lib/python3.10/dist-packages/ur_dashboard_msgs/ur_dashboard_msgs_s__rosidl_typesupport_fastrtps_c.cpython-310-x86_64-linux-gnu.so
[13.341s] -- Up-to-date: /home/adela/TFM_AdelaJimenez/install/ur_dashboard_msgs/local/lib/python3.10/dist-packages/ur_dashboard_msgs/_ur_dashboard_msgs_s.ep.rosidl_typesupport_introspection_c.c
[13.341s] -- Up-to-date: /home/adela/TFM_AdelaJimenez/install/ur_dashboard_msgs/local/lib/python3.10/dist-packages/ur_dashboard_msgs/_ur_dashboard_msgs_s.ep.rosidl_typesupport_c.c
[13.341s] -- Up-to-date: /home/adela/TFM_AdelaJimenez/install/ur_dashboard_msgs/local/lib/python3.10/dist-packages/ur_dashboard_msgs/__init__.py
[13.341s] -- Up-to-date: /home/adela/TFM_AdelaJimenez/install/ur_dashboard_msgs/local/lib/python3.10/dist-packages/ur_dashboard_msgs/libur_dashboard_msgs__rosidl_generator_py.so
[13.341s] -- Up-to-date: /home/adela/TFM_AdelaJimenez/install/ur_dashboard_msgs/local/lib/python3.10/dist-packages/ur_dashboard_msgs/srv
[13.341s] -- Up-to-date: /home/adela/TFM_AdelaJimenez/install/ur_dashboard_msgs/local/lib/python3.10/dist-packages/ur_dashboard_msgs/srv/_load_s.c
[13.341s] -- Up-to-date: /home/adela/TFM_AdelaJimenez/install/ur_dashboard_msgs/local/lib/python3.10/dist-packages/ur_dashboard_msgs/srv/_get_program_state.py
[13.341s] -- Up-to-date: /home/adela/TFM_AdelaJimenez/install/ur_dashboard_msgs/local/lib/python3.10/dist-packages/ur_dashboard_msgs/srv/_is_program_saved.py
[13.341s] -- Up-to-date: /home/adela/TFM_AdelaJimenez/install/ur_dashboard_msgs/local/lib/python3.10/dist-packages/ur_dashboard_msgs/srv/_add_to_log_s.c
[13.341s] -- Up-to-date: /home/adela/TFM_AdelaJimenez/install/ur_dashboard_msgs/local/lib/python3.10/dist-packages/ur_dashboard_msgs/srv/_popup.py
[13.341s] -- Up-to-date: /home/adela/TFM_AdelaJimenez/install/ur_dashboard_msgs/local/lib/python3.10/dist-packages/ur_dashboard_msgs/srv/_popup_s.c
[13.341s] -- Up-to-date: /home/adela/TFM_AdelaJimenez/install/ur_dashboard_msgs/local/lib/python3.10/dist-packages/ur_dashboard_msgs/srv/_get_robot_mode.py
[13.341s] -- Up-to-date: /home/adela/TFM_AdelaJimenez/install/ur_dashboard_msgs/local/lib/python3.10/dist-packages/ur_dashboard_msgs/srv/_is_program_running_s.c
[13.344s] -- Up-to-date: /home/adela/TFM_AdelaJimenez/install/ur_dashboard_msgs/local/lib/python3.10/dist-packages/ur_dashboard_msgs/srv/_get_robot_mode_s.c
[13.344s] -- Up-to-date: /home/adela/TFM_AdelaJimenez/install/ur_dashboard_msgs/local/lib/python3.10/dist-packages/ur_dashboard_msgs/srv/_get_loaded_program_s.c
[13.344s] -- Up-to-date: /home/adela/TFM_AdelaJimenez/install/ur_dashboard_msgs/local/lib/python3.10/dist-packages/ur_dashboard_msgs/srv/_is_program_saved_s.c
[13.344s] -- Up-to-date: /home/adela/TFM_AdelaJimenez/install/ur_dashboard_msgs/local/lib/python3.10/dist-packages/ur_dashboard_msgs/srv/_is_program_running.py
[13.344s] -- Up-to-date: /home/adela/TFM_AdelaJimenez/install/ur_dashboard_msgs/local/lib/python3.10/dist-packages/ur_dashboard_msgs/srv/_get_loaded_program.py
[13.344s] -- Up-to-date: /home/adela/TFM_AdelaJimenez/install/ur_dashboard_msgs/local/lib/python3.10/dist-packages/ur_dashboard_msgs/srv/_raw_request.py
[13.344s] -- Up-to-date: /home/adela/TFM_AdelaJimenez/install/ur_dashboard_msgs/local/lib/python3.10/dist-packages/ur_dashboard_msgs/srv/_get_program_state_s.c
[13.345s] -- Up-to-date: /home/adela/TFM_AdelaJimenez/install/ur_dashboard_msgs/local/lib/python3.10/dist-packages/ur_dashboard_msgs/srv/__init__.py
[13.345s] -- Up-to-date: /home/adela/TFM_AdelaJimenez/install/ur_dashboard_msgs/local/lib/python3.10/dist-packages/ur_dashboard_msgs/srv/_get_safety_mode.py
[13.345s] -- Up-to-date: /home/adela/TFM_AdelaJimenez/install/ur_dashboard_msgs/local/lib/python3.10/dist-packages/ur_dashboard_msgs/srv/_get_safety_mode_s.c
[13.345s] -- Up-to-date: /home/adela/TFM_AdelaJimenez/install/ur_dashboard_msgs/local/lib/python3.10/dist-packages/ur_dashboard_msgs/srv/_raw_request_s.c
[13.345s] -- Up-to-date: /home/adela/TFM_AdelaJimenez/install/ur_dashboard_msgs/local/lib/python3.10/dist-packages/ur_dashboard_msgs/srv/_load.py
[13.345s] -- Up-to-date: /home/adela/TFM_AdelaJimenez/install/ur_dashboard_msgs/local/lib/python3.10/dist-packages/ur_dashboard_msgs/srv/_add_to_log.py
[13.345s] -- Up-to-date: /home/adela/TFM_AdelaJimenez/install/ur_dashboard_msgs/local/lib/python3.10/dist-packages/ur_dashboard_msgs/ur_dashboard_msgs_s__rosidl_typesupport_c.cpython-310-x86_64-linux-gnu.so
[13.345s] -- Up-to-date: /home/adela/TFM_AdelaJimenez/install/ur_dashboard_msgs/local/lib/python3.10/dist-packages/ur_dashboard_msgs/ur_dashboard_msgs_s__rosidl_typesupport_introspection_c.cpython-310-x86_64-linux-gnu.so
[13.544s] Listing '/home/adela/TFM_AdelaJimenez/install/ur_dashboard_msgs/local/lib/python3.10/dist-packages/ur_dashboard_msgs'...
[13.544s] Listing '/home/adela/TFM_AdelaJimenez/install/ur_dashboard_msgs/local/lib/python3.10/dist-packages/ur_dashboard_msgs/action'...
[13.544s] Listing '/home/adela/TFM_AdelaJimenez/install/ur_dashboard_msgs/local/lib/python3.10/dist-packages/ur_dashboard_msgs/msg'...
[13.545s] Listing '/home/adela/TFM_AdelaJimenez/install/ur_dashboard_msgs/local/lib/python3.10/dist-packages/ur_dashboard_msgs/srv'...
[13.572s] -- Up-to-date: /home/adela/TFM_AdelaJimenez/install/ur_dashboard_msgs/local/lib/python3.10/dist-packages/ur_dashboard_msgs/ur_dashboard_msgs_s__rosidl_typesupport_fastrtps_c.cpython-310-x86_64-linux-gnu.so
[13.572s] -- Up-to-date: /home/adela/TFM_AdelaJimenez/install/ur_dashboard_msgs/local/lib/python3.10/dist-packages/ur_dashboard_msgs/ur_dashboard_msgs_s__rosidl_typesupport_introspection_c.cpython-310-x86_64-linux-gnu.so
[13.572s] -- Up-to-date: /home/adela/TFM_AdelaJimenez/install/ur_dashboard_msgs/local/lib/python3.10/dist-packages/ur_dashboard_msgs/ur_dashboard_msgs_s__rosidl_typesupport_c.cpython-310-x86_64-linux-gnu.so
[13.572s] -- Up-to-date: /home/adela/TFM_AdelaJimenez/install/ur_dashboard_msgs/lib/libur_dashboard_msgs__rosidl_generator_py.so
[13.577s] -- Up-to-date: /home/adela/TFM_AdelaJimenez/install/ur_dashboard_msgs/share/ur_dashboard_msgs/msg/ProgramState.idl
[13.577s] -- Up-to-date: /home/adela/TFM_AdelaJimenez/install/ur_dashboard_msgs/share/ur_dashboard_msgs/msg/RobotMode.idl
[13.577s] -- Up-to-date: /home/adela/TFM_AdelaJimenez/install/ur_dashboard_msgs/share/ur_dashboard_msgs/msg/SafetyMode.idl
[13.577s] -- Up-to-date: /home/adela/TFM_AdelaJimenez/install/ur_dashboard_msgs/share/ur_dashboard_msgs/srv/AddToLog.idl
[13.577s] -- Up-to-date: /home/adela/TFM_AdelaJimenez/install/ur_dashboard_msgs/share/ur_dashboard_msgs/srv/GetLoadedProgram.idl
[13.577s] -- Up-to-date: /home/adela/TFM_AdelaJimenez/install/ur_dashboard_msgs/share/ur_dashboard_msgs/srv/GetProgramState.idl
[13.577s] -- Up-to-date: /home/adela/TFM_AdelaJimenez/install/ur_dashboard_msgs/share/ur_dashboard_msgs/srv/GetRobotMode.idl
[13.577s] -- Up-to-date: /home/adela/TFM_AdelaJimenez/install/ur_dashboard_msgs/share/ur_dashboard_msgs/srv/GetSafetyMode.idl
[13.577s] -- Up-to-date: /home/adela/TFM_AdelaJimenez/install/ur_dashboard_msgs/share/ur_dashboard_msgs/srv/IsProgramRunning.idl
[13.577s] -- Up-to-date: /home/adela/TFM_AdelaJimenez/install/ur_dashboard_msgs/share/ur_dashboard_msgs/srv/IsProgramSaved.idl
[13.578s] -- Up-to-date: /home/adela/TFM_AdelaJimenez/install/ur_dashboard_msgs/share/ur_dashboard_msgs/srv/Load.idl
[13.578s] -- Up-to-date: /home/adela/TFM_AdelaJimenez/install/ur_dashboard_msgs/share/ur_dashboard_msgs/srv/Popup.idl
[13.578s] -- Up-to-date: /home/adela/TFM_AdelaJimenez/install/ur_dashboard_msgs/share/ur_dashboard_msgs/srv/RawRequest.idl
[13.591s] -- Up-to-date: /home/adela/TFM_AdelaJimenez/install/ur_dashboard_msgs/share/ur_dashboard_msgs/action/SetMode.idl
[13.592s] -- Up-to-date: /home/adela/TFM_AdelaJimenez/install/ur_dashboard_msgs/share/ur_dashboard_msgs/msg/ProgramState.msg
[13.592s] -- Up-to-date: /home/adela/TFM_AdelaJimenez/install/ur_dashboard_msgs/share/ur_dashboard_msgs/msg/RobotMode.msg
[13.594s] -- Up-to-date: /home/adela/TFM_AdelaJimenez/install/ur_dashboard_msgs/share/ur_dashboard_msgs/msg/SafetyMode.msg
[13.594s] -- Up-to-date: /home/adela/TFM_AdelaJimenez/install/ur_dashboard_msgs/share/ur_dashboard_msgs/srv/AddToLog.srv
[13.594s] -- Up-to-date: /home/adela/TFM_AdelaJimenez/install/ur_dashboard_msgs/share/ur_dashboard_msgs/srv/AddToLog_Request.msg
[13.594s] -- Up-to-date: /home/adela/TFM_AdelaJimenez/install/ur_dashboard_msgs/share/ur_dashboard_msgs/srv/AddToLog_Response.msg
[13.594s] -- Up-to-date: /home/adela/TFM_AdelaJimenez/install/ur_dashboard_msgs/share/ur_dashboard_msgs/srv/GetLoadedProgram.srv
[13.594s] -- Up-to-date: /home/adela/TFM_AdelaJimenez/install/ur_dashboard_msgs/share/ur_dashboard_msgs/srv/GetLoadedProgram_Request.msg
[13.594s] -- Up-to-date: /home/adela/TFM_AdelaJimenez/install/ur_dashboard_msgs/share/ur_dashboard_msgs/srv/GetLoadedProgram_Response.msg
[13.594s] -- Up-to-date: /home/adela/TFM_AdelaJimenez/install/ur_dashboard_msgs/share/ur_dashboard_msgs/srv/GetProgramState.srv
[13.594s] -- Up-to-date: /home/adela/TFM_AdelaJimenez/install/ur_dashboard_msgs/share/ur_dashboard_msgs/srv/GetProgramState_Request.msg
[13.597s] -- Up-to-date: /home/adela/TFM_AdelaJimenez/install/ur_dashboard_msgs/share/ur_dashboard_msgs/srv/GetProgramState_Response.msg
[13.597s] -- Up-to-date: /home/adela/TFM_AdelaJimenez/install/ur_dashboard_msgs/share/ur_dashboard_msgs/srv/GetRobotMode.srv
[13.602s] -- Up-to-date: /home/adela/TFM_AdelaJimenez/install/ur_dashboard_msgs/share/ur_dashboard_msgs/srv/GetRobotMode_Request.msg
[13.602s] -- Up-to-date: /home/adela/TFM_AdelaJimenez/install/ur_dashboard_msgs/share/ur_dashboard_msgs/srv/GetRobotMode_Response.msg
[13.636s] -- Up-to-date: /home/adela/TFM_AdelaJimenez/install/ur_dashboard_msgs/share/ur_dashboard_msgs/srv/GetSafetyMode.srv
[13.636s] -- Up-to-date: /home/adela/TFM_AdelaJimenez/install/ur_dashboard_msgs/share/ur_dashboard_msgs/srv/GetSafetyMode_Request.msg
[13.636s] -- Up-to-date: /home/adela/TFM_AdelaJimenez/install/ur_dashboard_msgs/share/ur_dashboard_msgs/srv/GetSafetyMode_Response.msg
[13.636s] -- Up-to-date: /home/adela/TFM_AdelaJimenez/install/ur_dashboard_msgs/share/ur_dashboard_msgs/srv/IsProgramRunning.srv
[13.636s] -- Up-to-date: /home/adela/TFM_AdelaJimenez/install/ur_dashboard_msgs/share/ur_dashboard_msgs/srv/IsProgramRunning_Request.msg
[13.636s] -- Up-to-date: /home/adela/TFM_AdelaJimenez/install/ur_dashboard_msgs/share/ur_dashboard_msgs/srv/IsProgramRunning_Response.msg
[13.636s] -- Up-to-date: /home/adela/TFM_AdelaJimenez/install/ur_dashboard_msgs/share/ur_dashboard_msgs/srv/IsProgramSaved.srv
[13.637s] -- Up-to-date: /home/adela/TFM_AdelaJimenez/install/ur_dashboard_msgs/share/ur_dashboard_msgs/srv/IsProgramSaved_Request.msg
[13.637s] -- Up-to-date: /home/adela/TFM_AdelaJimenez/install/ur_dashboard_msgs/share/ur_dashboard_msgs/srv/IsProgramSaved_Response.msg
[13.637s] -- Up-to-date: /home/adela/TFM_AdelaJimenez/install/ur_dashboard_msgs/share/ur_dashboard_msgs/srv/Load.srv
[13.637s] -- Up-to-date: /home/adela/TFM_AdelaJimenez/install/ur_dashboard_msgs/share/ur_dashboard_msgs/srv/Load_Request.msg
[13.637s] -- Up-to-date: /home/adela/TFM_AdelaJimenez/install/ur_dashboard_msgs/share/ur_dashboard_msgs/srv/Load_Response.msg
[13.671s] -- Up-to-date: /home/adela/TFM_AdelaJimenez/install/ur_dashboard_msgs/share/ur_dashboard_msgs/srv/Popup.srv
[13.671s] -- Up-to-date: /home/adela/TFM_AdelaJimenez/install/ur_dashboard_msgs/share/ur_dashboard_msgs/srv/Popup_Request.msg
[13.671s] -- Up-to-date: /home/adela/TFM_AdelaJimenez/install/ur_dashboard_msgs/share/ur_dashboard_msgs/srv/Popup_Response.msg
[13.672s] -- Up-to-date: /home/adela/TFM_AdelaJimenez/install/ur_dashboard_msgs/share/ur_dashboard_msgs/srv/RawRequest.srv
[13.672s] -- Up-to-date: /home/adela/TFM_AdelaJimenez/install/ur_dashboard_msgs/share/ur_dashboard_msgs/srv/RawRequest_Request.msg
[13.672s] -- Up-to-date: /home/adela/TFM_AdelaJimenez/install/ur_dashboard_msgs/share/ur_dashboard_msgs/srv/RawRequest_Response.msg
[13.672s] -- Up-to-date: /home/adela/TFM_AdelaJimenez/install/ur_dashboard_msgs/share/ur_dashboard_msgs/action/SetMode.action
[13.672s] -- Up-to-date: /home/adela/TFM_AdelaJimenez/install/ur_dashboard_msgs/share/ament_index/resource_index/package_run_dependencies/ur_dashboard_msgs
[13.672s] -- Up-to-date: /home/adela/TFM_AdelaJimenez/install/ur_dashboard_msgs/share/ament_index/resource_index/parent_prefix_path/ur_dashboard_msgs
[13.672s] -- Up-to-date: /home/adela/TFM_AdelaJimenez/install/ur_dashboard_msgs/share/ur_dashboard_msgs/environment/ament_prefix_path.sh
[13.672s] -- Up-to-date: /home/adela/TFM_AdelaJimenez/install/ur_dashboard_msgs/share/ur_dashboard_msgs/environment/ament_prefix_path.dsv
[13.672s] -- Up-to-date: /home/adela/TFM_AdelaJimenez/install/ur_dashboard_msgs/share/ur_dashboard_msgs/environment/path.sh
[13.672s] -- Up-to-date: /home/adela/TFM_AdelaJimenez/install/ur_dashboard_msgs/share/ur_dashboard_msgs/environment/path.dsv
[13.672s] -- Up-to-date: /home/adela/TFM_AdelaJimenez/install/ur_dashboard_msgs/share/ur_dashboard_msgs/local_setup.bash
[13.672s] -- Up-to-date: /home/adela/TFM_AdelaJimenez/install/ur_dashboard_msgs/share/ur_dashboard_msgs/local_setup.sh
[13.673s] -- Up-to-date: /home/adela/TFM_AdelaJimenez/install/ur_dashboard_msgs/share/ur_dashboard_msgs/local_setup.zsh
[13.673s] -- Up-to-date: /home/adela/TFM_AdelaJimenez/install/ur_dashboard_msgs/share/ur_dashboard_msgs/local_setup.dsv
[13.673s] -- Installing: /home/adela/TFM_AdelaJimenez/install/ur_dashboard_msgs/share/ur_dashboard_msgs/package.dsv
[13.673s] -- Up-to-date: /home/adela/TFM_AdelaJimenez/install/ur_dashboard_msgs/share/ament_index/resource_index/packages/ur_dashboard_msgs
[13.674s] -- Up-to-date: /home/adela/TFM_AdelaJimenez/install/ur_dashboard_msgs/share/ur_dashboard_msgs/cmake/export_ur_dashboard_msgs__rosidl_generator_cExport.cmake
[13.674s] -- Up-to-date: /home/adela/TFM_AdelaJimenez/install/ur_dashboard_msgs/share/ur_dashboard_msgs/cmake/export_ur_dashboard_msgs__rosidl_generator_cExport-noconfig.cmake
[13.674s] -- Up-to-date: /home/adela/TFM_AdelaJimenez/install/ur_dashboard_msgs/share/ur_dashboard_msgs/cmake/export_ur_dashboard_msgs__rosidl_typesupport_fastrtps_cExport.cmake
[13.674s] -- Up-to-date: /home/adela/TFM_AdelaJimenez/install/ur_dashboard_msgs/share/ur_dashboard_msgs/cmake/export_ur_dashboard_msgs__rosidl_typesupport_fastrtps_cExport-noconfig.cmake
[13.674s] -- Up-to-date: /home/adela/TFM_AdelaJimenez/install/ur_dashboard_msgs/share/ur_dashboard_msgs/cmake/ur_dashboard_msgs__rosidl_typesupport_introspection_cExport.cmake
[13.674s] -- Up-to-date: /home/adela/TFM_AdelaJimenez/install/ur_dashboard_msgs/share/ur_dashboard_msgs/cmake/ur_dashboard_msgs__rosidl_typesupport_introspection_cExport-noconfig.cmake
[13.674s] -- Up-to-date: /home/adela/TFM_AdelaJimenez/install/ur_dashboard_msgs/share/ur_dashboard_msgs/cmake/ur_dashboard_msgs__rosidl_typesupport_cExport.cmake
[13.674s] -- Up-to-date: /home/adela/TFM_AdelaJimenez/install/ur_dashboard_msgs/share/ur_dashboard_msgs/cmake/ur_dashboard_msgs__rosidl_typesupport_cExport-noconfig.cmake
[13.674s] -- Up-to-date: /home/adela/TFM_AdelaJimenez/install/ur_dashboard_msgs/share/ur_dashboard_msgs/cmake/export_ur_dashboard_msgs__rosidl_generator_cppExport.cmake
[13.674s] -- Up-to-date: /home/adela/TFM_AdelaJimenez/install/ur_dashboard_msgs/share/ur_dashboard_msgs/cmake/export_ur_dashboard_msgs__rosidl_typesupport_fastrtps_cppExport.cmake
[13.674s] -- Up-to-date: /home/adela/TFM_AdelaJimenez/install/ur_dashboard_msgs/share/ur_dashboard_msgs/cmake/export_ur_dashboard_msgs__rosidl_typesupport_fastrtps_cppExport-noconfig.cmake
[13.674s] -- Up-to-date: /home/adela/TFM_AdelaJimenez/install/ur_dashboard_msgs/share/ur_dashboard_msgs/cmake/ur_dashboard_msgs__rosidl_typesupport_introspection_cppExport.cmake
[13.674s] -- Up-to-date: /home/adela/TFM_AdelaJimenez/install/ur_dashboard_msgs/share/ur_dashboard_msgs/cmake/ur_dashboard_msgs__rosidl_typesupport_introspection_cppExport-noconfig.cmake
[13.674s] -- Up-to-date: /home/adela/TFM_AdelaJimenez/install/ur_dashboard_msgs/share/ur_dashboard_msgs/cmake/ur_dashboard_msgs__rosidl_typesupport_cppExport.cmake
[13.675s] -- Up-to-date: /home/adela/TFM_AdelaJimenez/install/ur_dashboard_msgs/share/ur_dashboard_msgs/cmake/ur_dashboard_msgs__rosidl_typesupport_cppExport-noconfig.cmake
[13.675s] -- Up-to-date: /home/adela/TFM_AdelaJimenez/install/ur_dashboard_msgs/share/ur_dashboard_msgs/cmake/export_ur_dashboard_msgs__rosidl_generator_pyExport.cmake
[13.675s] -- Up-to-date: /home/adela/TFM_AdelaJimenez/install/ur_dashboard_msgs/share/ur_dashboard_msgs/cmake/export_ur_dashboard_msgs__rosidl_generator_pyExport-noconfig.cmake
[13.675s] -- Up-to-date: /home/adela/TFM_AdelaJimenez/install/ur_dashboard_msgs/share/ur_dashboard_msgs/cmake/rosidl_cmake-extras.cmake
[13.675s] -- Up-to-date: /home/adela/TFM_AdelaJimenez/install/ur_dashboard_msgs/share/ur_dashboard_msgs/cmake/ament_cmake_export_dependencies-extras.cmake
[13.675s] -- Up-to-date: /home/adela/TFM_AdelaJimenez/install/ur_dashboard_msgs/share/ur_dashboard_msgs/cmake/ament_cmake_export_include_directories-extras.cmake
[13.675s] -- Up-to-date: /home/adela/TFM_AdelaJimenez/install/ur_dashboard_msgs/share/ur_dashboard_msgs/cmake/ament_cmake_export_libraries-extras.cmake
[13.675s] -- Up-to-date: /home/adela/TFM_AdelaJimenez/install/ur_dashboard_msgs/share/ur_dashboard_msgs/cmake/ament_cmake_export_targets-extras.cmake
[13.675s] -- Up-to-date: /home/adela/TFM_AdelaJimenez/install/ur_dashboard_msgs/share/ur_dashboard_msgs/cmake/rosidl_cmake_export_typesupport_targets-extras.cmake
[13.675s] -- Up-to-date: /home/adela/TFM_AdelaJimenez/install/ur_dashboard_msgs/share/ur_dashboard_msgs/cmake/rosidl_cmake_export_typesupport_libraries-extras.cmake
[13.675s] -- Up-to-date: /home/adela/TFM_AdelaJimenez/install/ur_dashboard_msgs/share/ur_dashboard_msgs/cmake/ur_dashboard_msgsConfig.cmake
[13.675s] -- Up-to-date: /home/adela/TFM_AdelaJimenez/install/ur_dashboard_msgs/share/ur_dashboard_msgs/cmake/ur_dashboard_msgsConfig-version.cmake
[13.675s] -- Up-to-date: /home/adela/TFM_AdelaJimenez/install/ur_dashboard_msgs/share/ur_dashboard_msgs/package.xml
[13.716s] Invoked command in '/home/adela/TFM_AdelaJimenez/build/ur_dashboard_msgs' returned '0': CMAKE_PREFIX_PATH=${CMAKE_PREFIX_PATH}:/home/adela/TFM_AdelaJimenez/workspace/ros_ur_driver/install/trayectories:/home/adela/TFM_AdelaJimenez/workspace/ros_ur_driver/install/rutine_launcher:/home/adela/TFM_AdelaJimenez/workspace/ros_ur_driver/install/data_logger:/home/adela/TFM_AdelaJimenez/workspace/ros_ur_driver/install/build_platform:/home/adela/TFM_MiguelLerinAlonso/workspace/ros_ur_driver/install/trayectories:/home/adela/TFM_MiguelLerinAlonso/workspace/ros_ur_driver/install/rutine_launcher:/home/adela/TFM_MiguelLerinAlonso/workspace/ros_ur_driver/install/data_logger:/home/adela/TFM_MiguelLerinAlonso/workspace/ros_ur_driver/install/build_platform:/opt/ros/humble /usr/bin/cmake --install /home/adela/TFM_AdelaJimenez/build/ur_dashboard_msgs
