[6.836s] Invoking command in '/home/adela/TFM_AdelaJimenez/workspace/ros_ur_driver/src/build_platform': PYTHONPATH=/home/adela/TFM_AdelaJimenez/build/build_platform/prefix_override:/home/adela/TFM_AdelaJimenez/install/build_platform/lib/python3.10/site-packages:${PYTHONPATH} /usr/bin/python3 -W ignore:setup.py install is deprecated setup.py egg_info --egg-base ../../../../build/build_platform build --build-base /home/adela/TFM_AdelaJimenez/build/build_platform/build install --record /home/adela/TFM_AdelaJimenez/build/build_platform/install.log --single-version-externally-managed install_data
[9.140s] running egg_info
[9.151s] writing ../../../../build/build_platform/build_platform.egg-info/PKG-INFO
[9.153s] writing dependency_links to ../../../../build/build_platform/build_platform.egg-info/dependency_links.txt
[9.165s] writing entry points to ../../../../build/build_platform/build_platform.egg-info/entry_points.txt
[9.169s] writing requirements to ../../../../build/build_platform/build_platform.egg-info/requires.txt
[9.185s] writing top-level names to ../../../../build/build_platform/build_platform.egg-info/top_level.txt
[9.203s] reading manifest file '../../../../build/build_platform/build_platform.egg-info/SOURCES.txt'
[9.217s] writing manifest file '../../../../build/build_platform/build_platform.egg-info/SOURCES.txt'
[9.221s] running build
[9.229s] running build_py
[9.239s] running install
[9.239s] running install_lib
[9.260s] running install_data
[9.260s] running install_egg_info
[9.287s] removing '/home/adela/TFM_AdelaJimenez/install/build_platform/lib/python3.10/site-packages/build_platform-0.0.0-py3.10.egg-info' (and everything under it)
[9.287s] Copying ../../../../build/build_platform/build_platform.egg-info to /home/adela/TFM_AdelaJimenez/install/build_platform/lib/python3.10/site-packages/build_platform-0.0.0-py3.10.egg-info
[9.321s] running install_scripts
[9.498s] Installing arduino_communicator_v2 script to /home/adela/TFM_AdelaJimenez/install/build_platform/lib/build_platform
[9.523s] Installing messages script to /home/adela/TFM_AdelaJimenez/install/build_platform/lib/build_platform
[9.524s] Installing serial_reader_v2 script to /home/adela/TFM_AdelaJimenez/install/build_platform/lib/build_platform
[9.524s] writing list of installed files to '/home/adela/TFM_AdelaJimenez/build/build_platform/install.log'
[9.740s] Invoked command in '/home/adela/TFM_AdelaJimenez/workspace/ros_ur_driver/src/build_platform' returned '0': PYTHONPATH=/home/adela/TFM_AdelaJimenez/build/build_platform/prefix_override:/home/adela/TFM_AdelaJimenez/install/build_platform/lib/python3.10/site-packages:${PYTHONPATH} /usr/bin/python3 -W ignore:setup.py install is deprecated setup.py egg_info --egg-base ../../../../build/build_platform build --build-base /home/adela/TFM_AdelaJimenez/build/build_platform/build install --record /home/adela/TFM_AdelaJimenez/build/build_platform/install.log --single-version-externally-managed install_data
