[0.169s] Invoking command in '/home/adela/TFM_AdelaJimenez/build/ur_dashboard_msgs': CMAKE_PREFIX_PATH=${CMAKE_PREFIX_PATH}:/home/adela/TFM_AdelaJimenez/workspace/ros_ur_driver/install/trayectories:/home/adela/TFM_AdelaJimenez/workspace/ros_ur_driver/install/rutine_launcher:/home/adela/TFM_AdelaJimenez/workspace/ros_ur_driver/install/data_logger:/home/adela/TFM_AdelaJimenez/workspace/ros_ur_driver/install/build_platform:/home/adela/TFM_MiguelLerinAlonso/workspace/ros_ur_driver/install/trayectories:/home/adela/TFM_MiguelLerinAlonso/workspace/ros_ur_driver/install/rutine_launcher:/home/adela/TFM_MiguelLerinAlonso/workspace/ros_ur_driver/install/data_logger:/home/adela/TFM_MiguelLerinAlonso/workspace/ros_ur_driver/install/build_platform:/opt/ros/humble /usr/bin/cmake --build /home/adela/TFM_AdelaJimenez/build/ur_dashboard_msgs -- -j2 -l2
[0.581s] [  0%] Built target ur_dashboard_msgs__cpp
[0.671s] [ 12%] Built target ur_dashboard_msgs__rosidl_generator_c
[0.901s] [ 12%] Built target ament_cmake_python_copy_ur_dashboard_msgs
[1.027s] [ 24%] Built target ur_dashboard_msgs__rosidl_typesupport_cpp
[1.194s] [ 36%] Built target ur_dashboard_msgs__rosidl_typesupport_fastrtps_c
[1.530s] [ 48%] Built target ur_dashboard_msgs__rosidl_typesupport_introspection_c
[1.763s] [ 60%] Built target ur_dashboard_msgs__rosidl_typesupport_c
[2.030s] [ 72%] Built target ur_dashboard_msgs__rosidl_typesupport_fastrtps_cpp
[2.247s] [ 84%] Built target ur_dashboard_msgs__rosidl_typesupport_introspection_cpp
[4.364s] running egg_info
[4.377s] writing ur_dashboard_msgs.egg-info/PKG-INFO
[4.377s] writing dependency_links to ur_dashboard_msgs.egg-info/dependency_links.txt
[4.377s] writing top-level names to ur_dashboard_msgs.egg-info/top_level.txt
[4.397s] reading manifest file 'ur_dashboard_msgs.egg-info/SOURCES.txt'
[4.409s] writing manifest file 'ur_dashboard_msgs.egg-info/SOURCES.txt'
[4.618s] [ 84%] Built target ament_cmake_python_build_ur_dashboard_msgs_egg
[4.794s] [ 84%] Built target ur_dashboard_msgs
[4.994s] [ 85%] Built target ur_dashboard_msgs__py
[5.132s] [ 96%] Built target ur_dashboard_msgs__rosidl_generator_py
[5.226s] [ 97%] Built target ur_dashboard_msgs__rosidl_typesupport_fastrtps_c__pyext
[5.334s] [ 99%] Built target ur_dashboard_msgs__rosidl_typesupport_introspection_c__pyext
[5.478s] [100%] Built target ur_dashboard_msgs__rosidl_typesupport_c__pyext
[5.575s] Invoked command in '/home/adela/TFM_AdelaJimenez/build/ur_dashboard_msgs' returned '0': CMAKE_PREFIX_PATH=${CMAKE_PREFIX_PATH}:/home/adela/TFM_AdelaJimenez/workspace/ros_ur_driver/install/trayectories:/home/adela/TFM_AdelaJimenez/workspace/ros_ur_driver/install/rutine_launcher:/home/adela/TFM_AdelaJimenez/workspace/ros_ur_driver/install/data_logger:/home/adela/TFM_AdelaJimenez/workspace/ros_ur_driver/install/build_platform:/home/adela/TFM_MiguelLerinAlonso/workspace/ros_ur_driver/install/trayectories:/home/adela/TFM_MiguelLerinAlonso/workspace/ros_ur_driver/install/rutine_launcher:/home/adela/TFM_MiguelLerinAlonso/workspace/ros_ur_driver/install/data_logger:/home/adela/TFM_MiguelLerinAlonso/workspace/ros_ur_driver/install/build_platform:/opt/ros/humble /usr/bin/cmake --build /home/adela/TFM_AdelaJimenez/build/ur_dashboard_msgs -- -j2 -l2
[8.854s] Invoking command in '/home/adela/TFM_AdelaJimenez/build/ur_dashboard_msgs': CMAKE_PREFIX_PATH=${CMAKE_PREFIX_PATH}:/home/adela/TFM_AdelaJimenez/workspace/ros_ur_driver/install/trayectories:/home/adela/TFM_AdelaJimenez/workspace/ros_ur_driver/install/rutine_launcher:/home/adela/TFM_AdelaJimenez/workspace/ros_ur_driver/install/data_logger:/home/adela/TFM_AdelaJimenez/workspace/ros_ur_driver/install/build_platform:/home/adela/TFM_MiguelLerinAlonso/workspace/ros_ur_driver/install/trayectories:/home/adela/TFM_MiguelLerinAlonso/workspace/ros_ur_driver/install/rutine_launcher:/home/adela/TFM_MiguelLerinAlonso/workspace/ros_ur_driver/install/data_logger:/home/adela/TFM_MiguelLerinAlonso/workspace/ros_ur_driver/install/build_platform:/opt/ros/humble /usr/bin/cmake --install /home/adela/TFM_AdelaJimenez/build/ur_dashboard_msgs
[8.946s] -- Install configuration: ""
[8.947s] -- Up-to-date: /home/adela/TFM_AdelaJimenez/install/ur_dashboard_msgs/share/ament_index/resource_index/rosidl_interfaces/ur_dashboard_msgs
[8.947s] -- Up-to-date: /home/adela/TFM_AdelaJimenez/install/ur_dashboard_msgs/include/ur_dashboard_msgs/ur_dashboard_msgs
[8.947s] -- Up-to-date: /home/adela/TFM_AdelaJimenez/install/ur_dashboard_msgs/include/ur_dashboard_msgs/ur_dashboard_msgs/action
[8.947s] -- Up-to-date: /home/adela/TFM_AdelaJimenez/install/ur_dashboard_msgs/include/ur_dashboard_msgs/ur_dashboard_msgs/action/detail
[8.947s] -- Up-to-date: /home/adela/TFM_AdelaJimenez/install/ur_dashboard_msgs/include/ur_dashboard_msgs/ur_dashboard_msgs/action/detail/set_mode__functions.h
[8.947s] -- Up-to-date: /home/adela/TFM_AdelaJimenez/install/ur_dashboard_msgs/include/ur_dashboard_msgs/ur_dashboard_msgs/action/detail/set_mode__type_support.h
[8.947s] -- Up-to-date: /home/adela/TFM_AdelaJimenez/install/ur_dashboard_msgs/include/ur_dashboard_msgs/ur_dashboard_msgs/action/detail/set_mode__functions.c
[8.972s] -- Up-to-date: /home/adela/TFM_AdelaJimenez/install/ur_dashboard_msgs/include/ur_dashboard_msgs/ur_dashboard_msgs/action/detail/set_mode__struct.h
[8.972s] -- Up-to-date: /home/adela/TFM_AdelaJimenez/install/ur_dashboard_msgs/include/ur_dashboard_msgs/ur_dashboard_msgs/action/set_mode.h
[8.972s] -- Up-to-date: /home/adela/TFM_AdelaJimenez/install/ur_dashboard_msgs/include/ur_dashboard_msgs/ur_dashboard_msgs/msg
[8.972s] -- Up-to-date: /home/adela/TFM_AdelaJimenez/install/ur_dashboard_msgs/include/ur_dashboard_msgs/ur_dashboard_msgs/msg/robot_mode.h
[8.972s] -- Up-to-date: /home/adela/TFM_AdelaJimenez/install/ur_dashboard_msgs/include/ur_dashboard_msgs/ur_dashboard_msgs/msg/program_state.h
[8.972s] -- Up-to-date: /home/adela/TFM_AdelaJimenez/install/ur_dashboard_msgs/include/ur_dashboard_msgs/ur_dashboard_msgs/msg/safety_mode.h
[8.973s] -- Up-to-date: /home/adela/TFM_AdelaJimenez/install/ur_dashboard_msgs/include/ur_dashboard_msgs/ur_dashboard_msgs/msg/detail
[8.973s] -- Up-to-date: /home/adela/TFM_AdelaJimenez/install/ur_dashboard_msgs/include/ur_dashboard_msgs/ur_dashboard_msgs/msg/detail/program_state__type_support.h
[8.973s] -- Up-to-date: /home/adela/TFM_AdelaJimenez/install/ur_dashboard_msgs/include/ur_dashboard_msgs/ur_dashboard_msgs/msg/detail/program_state__functions.h
[8.973s] -- Up-to-date: /home/adela/TFM_AdelaJimenez/install/ur_dashboard_msgs/include/ur_dashboard_msgs/ur_dashboard_msgs/msg/detail/program_state__functions.c
[8.973s] -- Up-to-date: /home/adela/TFM_AdelaJimenez/install/ur_dashboard_msgs/include/ur_dashboard_msgs/ur_dashboard_msgs/msg/detail/robot_mode__type_support.h
[8.973s] -- Up-to-date: /home/adela/TFM_AdelaJimenez/install/ur_dashboard_msgs/include/ur_dashboard_msgs/ur_dashboard_msgs/msg/detail/safety_mode__functions.h
[8.973s] -- Up-to-date: /home/adela/TFM_AdelaJimenez/install/ur_dashboard_msgs/include/ur_dashboard_msgs/ur_dashboard_msgs/msg/detail/safety_mode__struct.h
[8.973s] -- Up-to-date: /home/adela/TFM_AdelaJimenez/install/ur_dashboard_msgs/include/ur_dashboard_msgs/ur_dashboard_msgs/msg/detail/robot_mode__functions.h
[8.973s] -- Up-to-date: /home/adela/TFM_AdelaJimenez/install/ur_dashboard_msgs/include/ur_dashboard_msgs/ur_dashboard_msgs/msg/detail/program_state__struct.h
[8.983s] -- Up-to-date: /home/adela/TFM_AdelaJimenez/install/ur_dashboard_msgs/include/ur_dashboard_msgs/ur_dashboard_msgs/msg/detail/robot_mode__struct.h
[8.983s] -- Up-to-date: /home/adela/TFM_AdelaJimenez/install/ur_dashboard_msgs/include/ur_dashboard_msgs/ur_dashboard_msgs/msg/detail/safety_mode__type_support.h
[8.983s] -- Up-to-date: /home/adela/TFM_AdelaJimenez/install/ur_dashboard_msgs/include/ur_dashboard_msgs/ur_dashboard_msgs/msg/detail/safety_mode__functions.c
[8.983s] -- Up-to-date: /home/adela/TFM_AdelaJimenez/install/ur_dashboard_msgs/include/ur_dashboard_msgs/ur_dashboard_msgs/msg/detail/robot_mode__functions.c
[8.983s] -- Up-to-date: /home/adela/TFM_AdelaJimenez/install/ur_dashboard_msgs/include/ur_dashboard_msgs/ur_dashboard_msgs/msg/rosidl_generator_c__visibility_control.h
[8.983s] -- Up-to-date: /home/adela/TFM_AdelaJimenez/install/ur_dashboard_msgs/include/ur_dashboard_msgs/ur_dashboard_msgs/srv
[8.983s] -- Up-to-date: /home/adela/TFM_AdelaJimenez/install/ur_dashboard_msgs/include/ur_dashboard_msgs/ur_dashboard_msgs/srv/get_loaded_program.h
[8.983s] -- Up-to-date: /home/adela/TFM_AdelaJimenez/install/ur_dashboard_msgs/include/ur_dashboard_msgs/ur_dashboard_msgs/srv/is_program_running.h
[8.983s] -- Up-to-date: /home/adela/TFM_AdelaJimenez/install/ur_dashboard_msgs/include/ur_dashboard_msgs/ur_dashboard_msgs/srv/add_to_log.h
[8.984s] -- Up-to-date: /home/adela/TFM_AdelaJimenez/install/ur_dashboard_msgs/include/ur_dashboard_msgs/ur_dashboard_msgs/srv/is_program_saved.h
[8.984s] -- Up-to-date: /home/adela/TFM_AdelaJimenez/install/ur_dashboard_msgs/include/ur_dashboard_msgs/ur_dashboard_msgs/srv/get_program_state.h
[8.984s] -- Up-to-date: /home/adela/TFM_AdelaJimenez/install/ur_dashboard_msgs/include/ur_dashboard_msgs/ur_dashboard_msgs/srv/get_robot_mode.h
[8.984s] -- Up-to-date: /home/adela/TFM_AdelaJimenez/install/ur_dashboard_msgs/include/ur_dashboard_msgs/ur_dashboard_msgs/srv/raw_request.h
[8.984s] -- Up-to-date: /home/adela/TFM_AdelaJimenez/install/ur_dashboard_msgs/include/ur_dashboard_msgs/ur_dashboard_msgs/srv/load.h
[8.984s] -- Up-to-date: /home/adela/TFM_AdelaJimenez/install/ur_dashboard_msgs/include/ur_dashboard_msgs/ur_dashboard_msgs/srv/detail
[8.984s] -- Up-to-date: /home/adela/TFM_AdelaJimenez/install/ur_dashboard_msgs/include/ur_dashboard_msgs/ur_dashboard_msgs/srv/detail/raw_request__struct.h
[8.996s] -- Up-to-date: /home/adela/TFM_AdelaJimenez/install/ur_dashboard_msgs/include/ur_dashboard_msgs/ur_dashboard_msgs/srv/detail/add_to_log__struct.h
[8.996s] -- Up-to-date: /home/adela/TFM_AdelaJimenez/install/ur_dashboard_msgs/include/ur_dashboard_msgs/ur_dashboard_msgs/srv/detail/is_program_saved__functions.c
[8.996s] -- Up-to-date: /home/adela/TFM_AdelaJimenez/install/ur_dashboard_msgs/include/ur_dashboard_msgs/ur_dashboard_msgs/srv/detail/get_robot_mode__functions.c
[8.996s] -- Up-to-date: /home/adela/TFM_AdelaJimenez/install/ur_dashboard_msgs/include/ur_dashboard_msgs/ur_dashboard_msgs/srv/detail/get_program_state__type_support.h
[8.996s] -- Up-to-date: /home/adela/TFM_AdelaJimenez/install/ur_dashboard_msgs/include/ur_dashboard_msgs/ur_dashboard_msgs/srv/detail/add_to_log__functions.c
[8.996s] -- Up-to-date: /home/adela/TFM_AdelaJimenez/install/ur_dashboard_msgs/include/ur_dashboard_msgs/ur_dashboard_msgs/srv/detail/add_to_log__type_support.h
[8.996s] -- Up-to-date: /home/adela/TFM_AdelaJimenez/install/ur_dashboard_msgs/include/ur_dashboard_msgs/ur_dashboard_msgs/srv/detail/popup__functions.h
[8.996s] -- Up-to-date: /home/adela/TFM_AdelaJimenez/install/ur_dashboard_msgs/include/ur_dashboard_msgs/ur_dashboard_msgs/srv/detail/get_safety_mode__type_support.h
[8.996s] -- Up-to-date: /home/adela/TFM_AdelaJimenez/install/ur_dashboard_msgs/include/ur_dashboard_msgs/ur_dashboard_msgs/srv/detail/get_robot_mode__type_support.h
[8.996s] -- Up-to-date: /home/adela/TFM_AdelaJimenez/install/ur_dashboard_msgs/include/ur_dashboard_msgs/ur_dashboard_msgs/srv/detail/load__type_support.h
[8.996s] -- Up-to-date: /home/adela/TFM_AdelaJimenez/install/ur_dashboard_msgs/include/ur_dashboard_msgs/ur_dashboard_msgs/srv/detail/is_program_running__type_support.h
[8.996s] -- Up-to-date: /home/adela/TFM_AdelaJimenez/install/ur_dashboard_msgs/include/ur_dashboard_msgs/ur_dashboard_msgs/srv/detail/get_program_state__struct.h
[8.997s] -- Up-to-date: /home/adela/TFM_AdelaJimenez/install/ur_dashboard_msgs/include/ur_dashboard_msgs/ur_dashboard_msgs/srv/detail/get_loaded_program__struct.h
[8.997s] -- Up-to-date: /home/adela/TFM_AdelaJimenez/install/ur_dashboard_msgs/include/ur_dashboard_msgs/ur_dashboard_msgs/srv/detail/load__functions.c
[9.009s] -- Up-to-date: /home/adela/TFM_AdelaJimenez/install/ur_dashboard_msgs/include/ur_dashboard_msgs/ur_dashboard_msgs/srv/detail/add_to_log__functions.h
[9.009s] -- Up-to-date: /home/adela/TFM_AdelaJimenez/install/ur_dashboard_msgs/include/ur_dashboard_msgs/ur_dashboard_msgs/srv/detail/load__struct.h
[9.009s] -- Up-to-date: /home/adela/TFM_AdelaJimenez/install/ur_dashboard_msgs/include/ur_dashboard_msgs/ur_dashboard_msgs/srv/detail/is_program_running__struct.h
[9.009s] -- Up-to-date: /home/adela/TFM_AdelaJimenez/install/ur_dashboard_msgs/include/ur_dashboard_msgs/ur_dashboard_msgs/srv/detail/popup__struct.h
[9.009s] -- Up-to-date: /home/adela/TFM_AdelaJimenez/install/ur_dashboard_msgs/include/ur_dashboard_msgs/ur_dashboard_msgs/srv/detail/is_program_running__functions.c
[9.009s] -- Up-to-date: /home/adela/TFM_AdelaJimenez/install/ur_dashboard_msgs/include/ur_dashboard_msgs/ur_dashboard_msgs/srv/detail/get_robot_mode__functions.h
[9.009s] -- Up-to-date: /home/adela/TFM_AdelaJimenez/install/ur_dashboard_msgs/include/ur_dashboard_msgs/ur_dashboard_msgs/srv/detail/get_safety_mode__struct.h
[9.009s] -- Up-to-date: /home/adela/TFM_AdelaJimenez/install/ur_dashboard_msgs/include/ur_dashboard_msgs/ur_dashboard_msgs/srv/detail/get_loaded_program__type_support.h
[9.010s] -- Up-to-date: /home/adela/TFM_AdelaJimenez/install/ur_dashboard_msgs/include/ur_dashboard_msgs/ur_dashboard_msgs/srv/detail/get_robot_mode__struct.h
[9.010s] -- Up-to-date: /home/adela/TFM_AdelaJimenez/install/ur_dashboard_msgs/include/ur_dashboard_msgs/ur_dashboard_msgs/srv/detail/get_safety_mode__functions.c
[9.010s] -- Up-to-date: /home/adela/TFM_AdelaJimenez/install/ur_dashboard_msgs/include/ur_dashboard_msgs/ur_dashboard_msgs/srv/detail/get_loaded_program__functions.h
[9.010s] -- Up-to-date: /home/adela/TFM_AdelaJimenez/install/ur_dashboard_msgs/include/ur_dashboard_msgs/ur_dashboard_msgs/srv/detail/get_safety_mode__functions.h
[9.010s] -- Up-to-date: /home/adela/TFM_AdelaJimenez/install/ur_dashboard_msgs/include/ur_dashboard_msgs/ur_dashboard_msgs/srv/detail/raw_request__functions.c
[9.010s] -- Up-to-date: /home/adela/TFM_AdelaJimenez/install/ur_dashboard_msgs/include/ur_dashboard_msgs/ur_dashboard_msgs/srv/detail/get_program_state__functions.c
[9.018s] -- Up-to-date: /home/adela/TFM_AdelaJimenez/install/ur_dashboard_msgs/include/ur_dashboard_msgs/ur_dashboard_msgs/srv/detail/load__functions.h
[9.018s] -- Up-to-date: /home/adela/TFM_AdelaJimenez/install/ur_dashboard_msgs/include/ur_dashboard_msgs/ur_dashboard_msgs/srv/detail/popup__functions.c
[9.018s] -- Up-to-date: /home/adela/TFM_AdelaJimenez/install/ur_dashboard_msgs/include/ur_dashboard_msgs/ur_dashboard_msgs/srv/detail/is_program_running__functions.h
[9.018s] -- Up-to-date: /home/adela/TFM_AdelaJimenez/install/ur_dashboard_msgs/include/ur_dashboard_msgs/ur_dashboard_msgs/srv/detail/get_program_state__functions.h
[9.018s] -- Up-to-date: /home/adela/TFM_AdelaJimenez/install/ur_dashboard_msgs/include/ur_dashboard_msgs/ur_dashboard_msgs/srv/detail/is_program_saved__struct.h
[9.018s] -- Up-to-date: /home/adela/TFM_AdelaJimenez/install/ur_dashboard_msgs/include/ur_dashboard_msgs/ur_dashboard_msgs/srv/detail/get_loaded_program__functions.c
[9.018s] -- Up-to-date: /home/adela/TFM_AdelaJimenez/install/ur_dashboard_msgs/include/ur_dashboard_msgs/ur_dashboard_msgs/srv/detail/popup__type_support.h
[9.019s] -- Up-to-date: /home/adela/TFM_AdelaJimenez/install/ur_dashboard_msgs/include/ur_dashboard_msgs/ur_dashboard_msgs/srv/detail/is_program_saved__functions.h
[9.019s] -- Up-to-date: /home/adela/TFM_AdelaJimenez/install/ur_dashboard_msgs/include/ur_dashboard_msgs/ur_dashboard_msgs/srv/detail/raw_request__functions.h
[9.019s] -- Up-to-date: /home/adela/TFM_AdelaJimenez/install/ur_dashboard_msgs/include/ur_dashboard_msgs/ur_dashboard_msgs/srv/detail/raw_request__type_support.h
[9.019s] -- Up-to-date: /home/adela/TFM_AdelaJimenez/install/ur_dashboard_msgs/include/ur_dashboard_msgs/ur_dashboard_msgs/srv/detail/is_program_saved__type_support.h
[9.019s] -- Up-to-date: /home/adela/TFM_AdelaJimenez/install/ur_dashboard_msgs/include/ur_dashboard_msgs/ur_dashboard_msgs/srv/get_safety_mode.h
[9.019s] -- Up-to-date: /home/adela/TFM_AdelaJimenez/install/ur_dashboard_msgs/include/ur_dashboard_msgs/ur_dashboard_msgs/srv/popup.h
[9.019s] -- Up-to-date: /home/adela/TFM_AdelaJimenez/install/ur_dashboard_msgs/share/ur_dashboard_msgs/environment/library_path.sh
[9.019s] -- Up-to-date: /home/adela/TFM_AdelaJimenez/install/ur_dashboard_msgs/share/ur_dashboard_msgs/environment/library_path.dsv
[9.019s] -- Up-to-date: /home/adela/TFM_AdelaJimenez/install/ur_dashboard_msgs/lib/libur_dashboard_msgs__rosidl_generator_c.so
[9.039s] -- Up-to-date: /home/adela/TFM_AdelaJimenez/install/ur_dashboard_msgs/include/ur_dashboard_msgs/ur_dashboard_msgs
[9.039s] -- Up-to-date: /home/adela/TFM_AdelaJimenez/install/ur_dashboard_msgs/include/ur_dashboard_msgs/ur_dashboard_msgs/action
[9.039s] -- Up-to-date: /home/adela/TFM_AdelaJimenez/install/ur_dashboard_msgs/include/ur_dashboard_msgs/ur_dashboard_msgs/action/detail
[9.039s] -- Up-to-date: /home/adela/TFM_AdelaJimenez/install/ur_dashboard_msgs/include/ur_dashboard_msgs/ur_dashboard_msgs/action/detail/set_mode__rosidl_typesupport_fastrtps_c.h
[9.039s] -- Up-to-date: /home/adela/TFM_AdelaJimenez/install/ur_dashboard_msgs/include/ur_dashboard_msgs/ur_dashboard_msgs/msg
[9.039s] -- Up-to-date: /home/adela/TFM_AdelaJimenez/install/ur_dashboard_msgs/include/ur_dashboard_msgs/ur_dashboard_msgs/msg/detail
[9.039s] -- Up-to-date: /home/adela/TFM_AdelaJimenez/install/ur_dashboard_msgs/include/ur_dashboard_msgs/ur_dashboard_msgs/msg/detail/safety_mode__rosidl_typesupport_fastrtps_c.h
[9.039s] -- Up-to-date: /home/adela/TFM_AdelaJimenez/install/ur_dashboard_msgs/include/ur_dashboard_msgs/ur_dashboard_msgs/msg/detail/program_state__rosidl_typesupport_fastrtps_c.h
[9.039s] -- Up-to-date: /home/adela/TFM_AdelaJimenez/install/ur_dashboard_msgs/include/ur_dashboard_msgs/ur_dashboard_msgs/msg/detail/robot_mode__rosidl_typesupport_fastrtps_c.h
[9.039s] -- Up-to-date: /home/adela/TFM_AdelaJimenez/install/ur_dashboard_msgs/include/ur_dashboard_msgs/ur_dashboard_msgs/msg/rosidl_typesupport_fastrtps_c__visibility_control.h
[9.039s] -- Up-to-date: /home/adela/TFM_AdelaJimenez/install/ur_dashboard_msgs/include/ur_dashboard_msgs/ur_dashboard_msgs/srv
[9.040s] -- Up-to-date: /home/adela/TFM_AdelaJimenez/install/ur_dashboard_msgs/include/ur_dashboard_msgs/ur_dashboard_msgs/srv/detail
[9.040s] -- Up-to-date: /home/adela/TFM_AdelaJimenez/install/ur_dashboard_msgs/include/ur_dashboard_msgs/ur_dashboard_msgs/srv/detail/is_program_saved__rosidl_typesupport_fastrtps_c.h
[9.040s] -- Up-to-date: /home/adela/TFM_AdelaJimenez/install/ur_dashboard_msgs/include/ur_dashboard_msgs/ur_dashboard_msgs/srv/detail/popup__rosidl_typesupport_fastrtps_c.h
[9.040s] -- Up-to-date: /home/adela/TFM_AdelaJimenez/install/ur_dashboard_msgs/include/ur_dashboard_msgs/ur_dashboard_msgs/srv/detail/raw_request__rosidl_typesupport_fastrtps_c.h
[9.040s] -- Up-to-date: /home/adela/TFM_AdelaJimenez/install/ur_dashboard_msgs/include/ur_dashboard_msgs/ur_dashboard_msgs/srv/detail/get_robot_mode__rosidl_typesupport_fastrtps_c.h
[9.040s] -- Up-to-date: /home/adela/TFM_AdelaJimenez/install/ur_dashboard_msgs/include/ur_dashboard_msgs/ur_dashboard_msgs/srv/detail/add_to_log__rosidl_typesupport_fastrtps_c.h
[9.040s] -- Up-to-date: /home/adela/TFM_AdelaJimenez/install/ur_dashboard_msgs/include/ur_dashboard_msgs/ur_dashboard_msgs/srv/detail/get_program_state__rosidl_typesupport_fastrtps_c.h
[9.040s] -- Up-to-date: /home/adela/TFM_AdelaJimenez/install/ur_dashboard_msgs/include/ur_dashboard_msgs/ur_dashboard_msgs/srv/detail/is_program_running__rosidl_typesupport_fastrtps_c.h
[9.040s] -- Up-to-date: /home/adela/TFM_AdelaJimenez/install/ur_dashboard_msgs/include/ur_dashboard_msgs/ur_dashboard_msgs/srv/detail/get_safety_mode__rosidl_typesupport_fastrtps_c.h
[9.040s] -- Up-to-date: /home/adela/TFM_AdelaJimenez/install/ur_dashboard_msgs/include/ur_dashboard_msgs/ur_dashboard_msgs/srv/detail/get_loaded_program__rosidl_typesupport_fastrtps_c.h
[9.040s] -- Up-to-date: /home/adela/TFM_AdelaJimenez/install/ur_dashboard_msgs/include/ur_dashboard_msgs/ur_dashboard_msgs/srv/detail/load__rosidl_typesupport_fastrtps_c.h
[9.040s] -- Up-to-date: /home/adela/TFM_AdelaJimenez/install/ur_dashboard_msgs/lib/libur_dashboard_msgs__rosidl_typesupport_fastrtps_c.so
[9.040s] -- Up-to-date: /home/adela/TFM_AdelaJimenez/install/ur_dashboard_msgs/include/ur_dashboard_msgs/ur_dashboard_msgs
[9.041s] -- Up-to-date: /home/adela/TFM_AdelaJimenez/install/ur_dashboard_msgs/include/ur_dashboard_msgs/ur_dashboard_msgs/action
[9.041s] -- Up-to-date: /home/adela/TFM_AdelaJimenez/install/ur_dashboard_msgs/include/ur_dashboard_msgs/ur_dashboard_msgs/action/detail
[9.041s] -- Up-to-date: /home/adela/TFM_AdelaJimenez/install/ur_dashboard_msgs/include/ur_dashboard_msgs/ur_dashboard_msgs/action/detail/set_mode__rosidl_typesupport_introspection_c.h
[9.041s] -- Up-to-date: /home/adela/TFM_AdelaJimenez/install/ur_dashboard_msgs/include/ur_dashboard_msgs/ur_dashboard_msgs/action/detail/set_mode__type_support.c
[9.041s] -- Up-to-date: /home/adela/TFM_AdelaJimenez/install/ur_dashboard_msgs/include/ur_dashboard_msgs/ur_dashboard_msgs/msg
[9.041s] -- Up-to-date: /home/adela/TFM_AdelaJimenez/install/ur_dashboard_msgs/include/ur_dashboard_msgs/ur_dashboard_msgs/msg/rosidl_typesupport_introspection_c__visibility_control.h
[9.041s] -- Up-to-date: /home/adela/TFM_AdelaJimenez/install/ur_dashboard_msgs/include/ur_dashboard_msgs/ur_dashboard_msgs/msg/detail
[9.041s] -- Up-to-date: /home/adela/TFM_AdelaJimenez/install/ur_dashboard_msgs/include/ur_dashboard_msgs/ur_dashboard_msgs/msg/detail/robot_mode__rosidl_typesupport_introspection_c.h
[9.041s] -- Up-to-date: /home/adela/TFM_AdelaJimenez/install/ur_dashboard_msgs/include/ur_dashboard_msgs/ur_dashboard_msgs/msg/detail/program_state__rosidl_typesupport_introspection_c.h
[9.041s] -- Up-to-date: /home/adela/TFM_AdelaJimenez/install/ur_dashboard_msgs/include/ur_dashboard_msgs/ur_dashboard_msgs/msg/detail/safety_mode__rosidl_typesupport_introspection_c.h
[9.041s] -- Up-to-date: /home/adela/TFM_AdelaJimenez/install/ur_dashboard_msgs/include/ur_dashboard_msgs/ur_dashboard_msgs/msg/detail/program_state__type_support.c
[9.041s] -- Up-to-date: /home/adela/TFM_AdelaJimenez/install/ur_dashboard_msgs/include/ur_dashboard_msgs/ur_dashboard_msgs/msg/detail/safety_mode__type_support.c
[9.041s] -- Up-to-date: /home/adela/TFM_AdelaJimenez/install/ur_dashboard_msgs/include/ur_dashboard_msgs/ur_dashboard_msgs/msg/detail/robot_mode__type_support.c
[9.042s] -- Up-to-date: /home/adela/TFM_AdelaJimenez/install/ur_dashboard_msgs/include/ur_dashboard_msgs/ur_dashboard_msgs/srv
[9.042s] -- Up-to-date: /home/adela/TFM_AdelaJimenez/install/ur_dashboard_msgs/include/ur_dashboard_msgs/ur_dashboard_msgs/srv/detail
[9.042s] -- Up-to-date: /home/adela/TFM_AdelaJimenez/install/ur_dashboard_msgs/include/ur_dashboard_msgs/ur_dashboard_msgs/srv/detail/get_program_state__rosidl_typesupport_introspection_c.h
[9.042s] -- Up-to-date: /home/adela/TFM_AdelaJimenez/install/ur_dashboard_msgs/include/ur_dashboard_msgs/ur_dashboard_msgs/srv/detail/get_robot_mode__rosidl_typesupport_introspection_c.h
[9.042s] -- Up-to-date: /home/adela/TFM_AdelaJimenez/install/ur_dashboard_msgs/include/ur_dashboard_msgs/ur_dashboard_msgs/srv/detail/load__rosidl_typesupport_introspection_c.h
[9.042s] -- Up-to-date: /home/adela/TFM_AdelaJimenez/install/ur_dashboard_msgs/include/ur_dashboard_msgs/ur_dashboard_msgs/srv/detail/is_program_running__type_support.c
[9.042s] -- Up-to-date: /home/adela/TFM_AdelaJimenez/install/ur_dashboard_msgs/include/ur_dashboard_msgs/ur_dashboard_msgs/srv/detail/get_robot_mode__type_support.c
[9.042s] -- Up-to-date: /home/adela/TFM_AdelaJimenez/install/ur_dashboard_msgs/include/ur_dashboard_msgs/ur_dashboard_msgs/srv/detail/get_loaded_program__type_support.c
[9.042s] -- Up-to-date: /home/adela/TFM_AdelaJimenez/install/ur_dashboard_msgs/include/ur_dashboard_msgs/ur_dashboard_msgs/srv/detail/popup__type_support.c
[9.042s] -- Up-to-date: /home/adela/TFM_AdelaJimenez/install/ur_dashboard_msgs/include/ur_dashboard_msgs/ur_dashboard_msgs/srv/detail/add_to_log__rosidl_typesupport_introspection_c.h
[9.042s] -- Up-to-date: /home/adela/TFM_AdelaJimenez/install/ur_dashboard_msgs/include/ur_dashboard_msgs/ur_dashboard_msgs/srv/detail/add_to_log__type_support.c
[9.042s] -- Up-to-date: /home/adela/TFM_AdelaJimenez/install/ur_dashboard_msgs/include/ur_dashboard_msgs/ur_dashboard_msgs/srv/detail/get_program_state__type_support.c
[9.042s] -- Up-to-date: /home/adela/TFM_AdelaJimenez/install/ur_dashboard_msgs/include/ur_dashboard_msgs/ur_dashboard_msgs/srv/detail/is_program_running__rosidl_typesupport_introspection_c.h
[9.043s] -- Up-to-date: /home/adela/TFM_AdelaJimenez/install/ur_dashboard_msgs/include/ur_dashboard_msgs/ur_dashboard_msgs/srv/detail/is_program_saved__rosidl_typesupport_introspection_c.h
[9.043s] -- Up-to-date: /home/adela/TFM_AdelaJimenez/install/ur_dashboard_msgs/include/ur_dashboard_msgs/ur_dashboard_msgs/srv/detail/is_program_saved__type_support.c
[9.043s] -- Up-to-date: /home/adela/TFM_AdelaJimenez/install/ur_dashboard_msgs/include/ur_dashboard_msgs/ur_dashboard_msgs/srv/detail/get_safety_mode__rosidl_typesupport_introspection_c.h
[9.043s] -- Up-to-date: /home/adela/TFM_AdelaJimenez/install/ur_dashboard_msgs/include/ur_dashboard_msgs/ur_dashboard_msgs/srv/detail/raw_request__rosidl_typesupport_introspection_c.h
[9.043s] -- Up-to-date: /home/adela/TFM_AdelaJimenez/install/ur_dashboard_msgs/include/ur_dashboard_msgs/ur_dashboard_msgs/srv/detail/load__type_support.c
[9.043s] -- Up-to-date: /home/adela/TFM_AdelaJimenez/install/ur_dashboard_msgs/include/ur_dashboard_msgs/ur_dashboard_msgs/srv/detail/get_loaded_program__rosidl_typesupport_introspection_c.h
[9.043s] -- Up-to-date: /home/adela/TFM_AdelaJimenez/install/ur_dashboard_msgs/include/ur_dashboard_msgs/ur_dashboard_msgs/srv/detail/raw_request__type_support.c
[9.043s] -- Up-to-date: /home/adela/TFM_AdelaJimenez/install/ur_dashboard_msgs/include/ur_dashboard_msgs/ur_dashboard_msgs/srv/detail/popup__rosidl_typesupport_introspection_c.h
[9.043s] -- Up-to-date: /home/adela/TFM_AdelaJimenez/install/ur_dashboard_msgs/include/ur_dashboard_msgs/ur_dashboard_msgs/srv/detail/get_safety_mode__type_support.c
[9.043s] -- Up-to-date: /home/adela/TFM_AdelaJimenez/install/ur_dashboard_msgs/lib/libur_dashboard_msgs__rosidl_typesupport_introspection_c.so
[9.043s] -- Up-to-date: /home/adela/TFM_AdelaJimenez/install/ur_dashboard_msgs/lib/libur_dashboard_msgs__rosidl_typesupport_c.so
[9.043s] -- Up-to-date: /home/adela/TFM_AdelaJimenez/install/ur_dashboard_msgs/include/ur_dashboard_msgs/ur_dashboard_msgs
[9.043s] -- Up-to-date: /home/adela/TFM_AdelaJimenez/install/ur_dashboard_msgs/include/ur_dashboard_msgs/ur_dashboard_msgs/action
[9.044s] -- Up-to-date: /home/adela/TFM_AdelaJimenez/install/ur_dashboard_msgs/include/ur_dashboard_msgs/ur_dashboard_msgs/action/set_mode.hpp
[9.044s] -- Up-to-date: /home/adela/TFM_AdelaJimenez/install/ur_dashboard_msgs/include/ur_dashboard_msgs/ur_dashboard_msgs/action/detail
[9.044s] -- Up-to-date: /home/adela/TFM_AdelaJimenez/install/ur_dashboard_msgs/include/ur_dashboard_msgs/ur_dashboard_msgs/action/detail/set_mode__traits.hpp
[9.044s] -- Up-to-date: /home/adela/TFM_AdelaJimenez/install/ur_dashboard_msgs/include/ur_dashboard_msgs/ur_dashboard_msgs/action/detail/set_mode__struct.hpp
[9.044s] -- Up-to-date: /home/adela/TFM_AdelaJimenez/install/ur_dashboard_msgs/include/ur_dashboard_msgs/ur_dashboard_msgs/action/detail/set_mode__builder.hpp
[9.044s] -- Up-to-date: /home/adela/TFM_AdelaJimenez/install/ur_dashboard_msgs/include/ur_dashboard_msgs/ur_dashboard_msgs/msg
[9.044s] -- Up-to-date: /home/adela/TFM_AdelaJimenez/install/ur_dashboard_msgs/include/ur_dashboard_msgs/ur_dashboard_msgs/msg/program_state.hpp
[9.044s] -- Up-to-date: /home/adela/TFM_AdelaJimenez/install/ur_dashboard_msgs/include/ur_dashboard_msgs/ur_dashboard_msgs/msg/robot_mode.hpp
[9.044s] -- Up-to-date: /home/adela/TFM_AdelaJimenez/install/ur_dashboard_msgs/include/ur_dashboard_msgs/ur_dashboard_msgs/msg/detail
[9.044s] -- Up-to-date: /home/adela/TFM_AdelaJimenez/install/ur_dashboard_msgs/include/ur_dashboard_msgs/ur_dashboard_msgs/msg/detail/robot_mode__struct.hpp
[9.044s] -- Up-to-date: /home/adela/TFM_AdelaJimenez/install/ur_dashboard_msgs/include/ur_dashboard_msgs/ur_dashboard_msgs/msg/detail/safety_mode__builder.hpp
[9.044s] -- Up-to-date: /home/adela/TFM_AdelaJimenez/install/ur_dashboard_msgs/include/ur_dashboard_msgs/ur_dashboard_msgs/msg/detail/program_state__traits.hpp
[9.044s] -- Up-to-date: /home/adela/TFM_AdelaJimenez/install/ur_dashboard_msgs/include/ur_dashboard_msgs/ur_dashboard_msgs/msg/detail/robot_mode__builder.hpp
[9.044s] -- Up-to-date: /home/adela/TFM_AdelaJimenez/install/ur_dashboard_msgs/include/ur_dashboard_msgs/ur_dashboard_msgs/msg/detail/program_state__struct.hpp
[9.045s] -- Up-to-date: /home/adela/TFM_AdelaJimenez/install/ur_dashboard_msgs/include/ur_dashboard_msgs/ur_dashboard_msgs/msg/detail/program_state__builder.hpp
[9.045s] -- Up-to-date: /home/adela/TFM_AdelaJimenez/install/ur_dashboard_msgs/include/ur_dashboard_msgs/ur_dashboard_msgs/msg/detail/robot_mode__traits.hpp
[9.045s] -- Up-to-date: /home/adela/TFM_AdelaJimenez/install/ur_dashboard_msgs/include/ur_dashboard_msgs/ur_dashboard_msgs/msg/detail/safety_mode__traits.hpp
[9.045s] -- Up-to-date: /home/adela/TFM_AdelaJimenez/install/ur_dashboard_msgs/include/ur_dashboard_msgs/ur_dashboard_msgs/msg/detail/safety_mode__struct.hpp
[9.045s] -- Up-to-date: /home/adela/TFM_AdelaJimenez/install/ur_dashboard_msgs/include/ur_dashboard_msgs/ur_dashboard_msgs/msg/safety_mode.hpp
[9.045s] -- Up-to-date: /home/adela/TFM_AdelaJimenez/install/ur_dashboard_msgs/include/ur_dashboard_msgs/ur_dashboard_msgs/srv
[9.095s] -- Up-to-date: /home/adela/TFM_AdelaJimenez/install/ur_dashboard_msgs/include/ur_dashboard_msgs/ur_dashboard_msgs/srv/add_to_log.hpp
[9.095s] -- Up-to-date: /home/adela/TFM_AdelaJimenez/install/ur_dashboard_msgs/include/ur_dashboard_msgs/ur_dashboard_msgs/srv/get_loaded_program.hpp
[9.095s] -- Up-to-date: /home/adela/TFM_AdelaJimenez/install/ur_dashboard_msgs/include/ur_dashboard_msgs/ur_dashboard_msgs/srv/popup.hpp
[9.095s] -- Up-to-date: /home/adela/TFM_AdelaJimenez/install/ur_dashboard_msgs/include/ur_dashboard_msgs/ur_dashboard_msgs/srv/load.hpp
[9.096s] -- Up-to-date: /home/adela/TFM_AdelaJimenez/install/ur_dashboard_msgs/include/ur_dashboard_msgs/ur_dashboard_msgs/srv/is_program_running.hpp
[9.096s] -- Up-to-date: /home/adela/TFM_AdelaJimenez/install/ur_dashboard_msgs/include/ur_dashboard_msgs/ur_dashboard_msgs/srv/raw_request.hpp
[9.096s] -- Up-to-date: /home/adela/TFM_AdelaJimenez/install/ur_dashboard_msgs/include/ur_dashboard_msgs/ur_dashboard_msgs/srv/detail
[9.096s] -- Up-to-date: /home/adela/TFM_AdelaJimenez/install/ur_dashboard_msgs/include/ur_dashboard_msgs/ur_dashboard_msgs/srv/detail/raw_request__traits.hpp
[9.096s] -- Up-to-date: /home/adela/TFM_AdelaJimenez/install/ur_dashboard_msgs/include/ur_dashboard_msgs/ur_dashboard_msgs/srv/detail/is_program_saved__struct.hpp
[9.096s] -- Up-to-date: /home/adela/TFM_AdelaJimenez/install/ur_dashboard_msgs/include/ur_dashboard_msgs/ur_dashboard_msgs/srv/detail/get_robot_mode__struct.hpp
[9.096s] -- Up-to-date: /home/adela/TFM_AdelaJimenez/install/ur_dashboard_msgs/include/ur_dashboard_msgs/ur_dashboard_msgs/srv/detail/get_safety_mode__builder.hpp
[9.096s] -- Up-to-date: /home/adela/TFM_AdelaJimenez/install/ur_dashboard_msgs/include/ur_dashboard_msgs/ur_dashboard_msgs/srv/detail/get_robot_mode__traits.hpp
[9.096s] -- Up-to-date: /home/adela/TFM_AdelaJimenez/install/ur_dashboard_msgs/include/ur_dashboard_msgs/ur_dashboard_msgs/srv/detail/get_robot_mode__builder.hpp
[9.100s] -- Up-to-date: /home/adela/TFM_AdelaJimenez/install/ur_dashboard_msgs/include/ur_dashboard_msgs/ur_dashboard_msgs/srv/detail/get_program_state__struct.hpp
[9.101s] -- Up-to-date: /home/adela/TFM_AdelaJimenez/install/ur_dashboard_msgs/include/ur_dashboard_msgs/ur_dashboard_msgs/srv/detail/popup__traits.hpp
[9.101s] -- Up-to-date: /home/adela/TFM_AdelaJimenez/install/ur_dashboard_msgs/include/ur_dashboard_msgs/ur_dashboard_msgs/srv/detail/is_program_running__struct.hpp
[9.101s] -- Up-to-date: /home/adela/TFM_AdelaJimenez/install/ur_dashboard_msgs/include/ur_dashboard_msgs/ur_dashboard_msgs/srv/detail/get_safety_mode__traits.hpp
[9.101s] -- Up-to-date: /home/adela/TFM_AdelaJimenez/install/ur_dashboard_msgs/include/ur_dashboard_msgs/ur_dashboard_msgs/srv/detail/add_to_log__builder.hpp
[9.101s] -- Up-to-date: /home/adela/TFM_AdelaJimenez/install/ur_dashboard_msgs/include/ur_dashboard_msgs/ur_dashboard_msgs/srv/detail/get_loaded_program__struct.hpp
[9.109s] -- Up-to-date: /home/adela/TFM_AdelaJimenez/install/ur_dashboard_msgs/include/ur_dashboard_msgs/ur_dashboard_msgs/srv/detail/load__builder.hpp
[9.110s] -- Up-to-date: /home/adela/TFM_AdelaJimenez/install/ur_dashboard_msgs/include/ur_dashboard_msgs/ur_dashboard_msgs/srv/detail/add_to_log__traits.hpp
[9.111s] -- Up-to-date: /home/adela/TFM_AdelaJimenez/install/ur_dashboard_msgs/include/ur_dashboard_msgs/ur_dashboard_msgs/srv/detail/get_program_state__builder.hpp
[9.111s] -- Up-to-date: /home/adela/TFM_AdelaJimenez/install/ur_dashboard_msgs/include/ur_dashboard_msgs/ur_dashboard_msgs/srv/detail/add_to_log__struct.hpp
[9.111s] -- Up-to-date: /home/adela/TFM_AdelaJimenez/install/ur_dashboard_msgs/include/ur_dashboard_msgs/ur_dashboard_msgs/srv/detail/is_program_saved__traits.hpp
[9.111s] -- Up-to-date: /home/adela/TFM_AdelaJimenez/install/ur_dashboard_msgs/include/ur_dashboard_msgs/ur_dashboard_msgs/srv/detail/is_program_saved__builder.hpp
[9.111s] -- Up-to-date: /home/adela/TFM_AdelaJimenez/install/ur_dashboard_msgs/include/ur_dashboard_msgs/ur_dashboard_msgs/srv/detail/get_program_state__traits.hpp
[9.111s] -- Up-to-date: /home/adela/TFM_AdelaJimenez/install/ur_dashboard_msgs/include/ur_dashboard_msgs/ur_dashboard_msgs/srv/detail/is_program_running__builder.hpp
[9.131s] -- Up-to-date: /home/adela/TFM_AdelaJimenez/install/ur_dashboard_msgs/include/ur_dashboard_msgs/ur_dashboard_msgs/srv/detail/is_program_running__traits.hpp
[9.131s] -- Up-to-date: /home/adela/TFM_AdelaJimenez/install/ur_dashboard_msgs/include/ur_dashboard_msgs/ur_dashboard_msgs/srv/detail/load__struct.hpp
[9.131s] -- Up-to-date: /home/adela/TFM_AdelaJimenez/install/ur_dashboard_msgs/include/ur_dashboard_msgs/ur_dashboard_msgs/srv/detail/get_safety_mode__struct.hpp
[9.131s] -- Up-to-date: /home/adela/TFM_AdelaJimenez/install/ur_dashboard_msgs/include/ur_dashboard_msgs/ur_dashboard_msgs/srv/detail/load__traits.hpp
[9.132s] -- Up-to-date: /home/adela/TFM_AdelaJimenez/install/ur_dashboard_msgs/include/ur_dashboard_msgs/ur_dashboard_msgs/srv/detail/get_loaded_program__traits.hpp
[9.132s] -- Up-to-date: /home/adela/TFM_AdelaJimenez/install/ur_dashboard_msgs/include/ur_dashboard_msgs/ur_dashboard_msgs/srv/detail/raw_request__struct.hpp
[9.132s] -- Up-to-date: /home/adela/TFM_AdelaJimenez/install/ur_dashboard_msgs/include/ur_dashboard_msgs/ur_dashboard_msgs/srv/detail/raw_request__builder.hpp
[9.141s] -- Up-to-date: /home/adela/TFM_AdelaJimenez/install/ur_dashboard_msgs/include/ur_dashboard_msgs/ur_dashboard_msgs/srv/detail/popup__struct.hpp
[9.141s] -- Up-to-date: /home/adela/TFM_AdelaJimenez/install/ur_dashboard_msgs/include/ur_dashboard_msgs/ur_dashboard_msgs/srv/detail/get_loaded_program__builder.hpp
[9.141s] -- Up-to-date: /home/adela/TFM_AdelaJimenez/install/ur_dashboard_msgs/include/ur_dashboard_msgs/ur_dashboard_msgs/srv/detail/popup__builder.hpp
[9.141s] -- Up-to-date: /home/adela/TFM_AdelaJimenez/install/ur_dashboard_msgs/include/ur_dashboard_msgs/ur_dashboard_msgs/srv/is_program_saved.hpp
[9.142s] -- Up-to-date: /home/adela/TFM_AdelaJimenez/install/ur_dashboard_msgs/include/ur_dashboard_msgs/ur_dashboard_msgs/srv/get_safety_mode.hpp
[9.142s] -- Up-to-date: /home/adela/TFM_AdelaJimenez/install/ur_dashboard_msgs/include/ur_dashboard_msgs/ur_dashboard_msgs/srv/get_program_state.hpp
[9.156s] -- Up-to-date: /home/adela/TFM_AdelaJimenez/install/ur_dashboard_msgs/include/ur_dashboard_msgs/ur_dashboard_msgs/srv/get_robot_mode.hpp
[9.156s] -- Up-to-date: /home/adela/TFM_AdelaJimenez/install/ur_dashboard_msgs/include/ur_dashboard_msgs/ur_dashboard_msgs
[9.157s] -- Up-to-date: /home/adela/TFM_AdelaJimenez/install/ur_dashboard_msgs/include/ur_dashboard_msgs/ur_dashboard_msgs/action
[9.157s] -- Up-to-date: /home/adela/TFM_AdelaJimenez/install/ur_dashboard_msgs/include/ur_dashboard_msgs/ur_dashboard_msgs/action/detail
[9.157s] -- Up-to-date: /home/adela/TFM_AdelaJimenez/install/ur_dashboard_msgs/include/ur_dashboard_msgs/ur_dashboard_msgs/action/detail/dds_fastrtps
[9.157s] -- Up-to-date: /home/adela/TFM_AdelaJimenez/install/ur_dashboard_msgs/include/ur_dashboard_msgs/ur_dashboard_msgs/action/detail/set_mode__rosidl_typesupport_fastrtps_cpp.hpp
[9.157s] -- Up-to-date: /home/adela/TFM_AdelaJimenez/install/ur_dashboard_msgs/include/ur_dashboard_msgs/ur_dashboard_msgs/msg
[9.157s] -- Up-to-date: /home/adela/TFM_AdelaJimenez/install/ur_dashboard_msgs/include/ur_dashboard_msgs/ur_dashboard_msgs/msg/rosidl_typesupport_fastrtps_cpp__visibility_control.h
[9.157s] -- Up-to-date: /home/adela/TFM_AdelaJimenez/install/ur_dashboard_msgs/include/ur_dashboard_msgs/ur_dashboard_msgs/msg/detail
[9.157s] -- Up-to-date: /home/adela/TFM_AdelaJimenez/install/ur_dashboard_msgs/include/ur_dashboard_msgs/ur_dashboard_msgs/msg/detail/dds_fastrtps
[9.160s] -- Up-to-date: /home/adela/TFM_AdelaJimenez/install/ur_dashboard_msgs/include/ur_dashboard_msgs/ur_dashboard_msgs/msg/detail/safety_mode__rosidl_typesupport_fastrtps_cpp.hpp
[9.170s] -- Up-to-date: /home/adela/TFM_AdelaJimenez/install/ur_dashboard_msgs/include/ur_dashboard_msgs/ur_dashboard_msgs/msg/detail/robot_mode__rosidl_typesupport_fastrtps_cpp.hpp
[9.170s] -- Up-to-date: /home/adela/TFM_AdelaJimenez/install/ur_dashboard_msgs/include/ur_dashboard_msgs/ur_dashboard_msgs/msg/detail/program_state__rosidl_typesupport_fastrtps_cpp.hpp
[9.170s] -- Up-to-date: /home/adela/TFM_AdelaJimenez/install/ur_dashboard_msgs/include/ur_dashboard_msgs/ur_dashboard_msgs/srv
[9.170s] -- Up-to-date: /home/adela/TFM_AdelaJimenez/install/ur_dashboard_msgs/include/ur_dashboard_msgs/ur_dashboard_msgs/srv/detail
[9.170s] -- Up-to-date: /home/adela/TFM_AdelaJimenez/install/ur_dashboard_msgs/include/ur_dashboard_msgs/ur_dashboard_msgs/srv/detail/load__rosidl_typesupport_fastrtps_cpp.hpp
[9.171s] -- Up-to-date: /home/adela/TFM_AdelaJimenez/install/ur_dashboard_msgs/include/ur_dashboard_msgs/ur_dashboard_msgs/srv/detail/dds_fastrtps
[9.171s] -- Up-to-date: /home/adela/TFM_AdelaJimenez/install/ur_dashboard_msgs/include/ur_dashboard_msgs/ur_dashboard_msgs/srv/detail/get_loaded_program__rosidl_typesupport_fastrtps_cpp.hpp
[9.171s] -- Up-to-date: /home/adela/TFM_AdelaJimenez/install/ur_dashboard_msgs/include/ur_dashboard_msgs/ur_dashboard_msgs/srv/detail/is_program_saved__rosidl_typesupport_fastrtps_cpp.hpp
[9.171s] -- Up-to-date: /home/adela/TFM_AdelaJimenez/install/ur_dashboard_msgs/include/ur_dashboard_msgs/ur_dashboard_msgs/srv/detail/get_safety_mode__rosidl_typesupport_fastrtps_cpp.hpp
[9.171s] -- Up-to-date: /home/adela/TFM_AdelaJimenez/install/ur_dashboard_msgs/include/ur_dashboard_msgs/ur_dashboard_msgs/srv/detail/raw_request__rosidl_typesupport_fastrtps_cpp.hpp
[9.171s] -- Up-to-date: /home/adela/TFM_AdelaJimenez/install/ur_dashboard_msgs/include/ur_dashboard_msgs/ur_dashboard_msgs/srv/detail/get_robot_mode__rosidl_typesupport_fastrtps_cpp.hpp
[9.187s] -- Up-to-date: /home/adela/TFM_AdelaJimenez/install/ur_dashboard_msgs/include/ur_dashboard_msgs/ur_dashboard_msgs/srv/detail/popup__rosidl_typesupport_fastrtps_cpp.hpp
[9.187s] -- Up-to-date: /home/adela/TFM_AdelaJimenez/install/ur_dashboard_msgs/include/ur_dashboard_msgs/ur_dashboard_msgs/srv/detail/is_program_running__rosidl_typesupport_fastrtps_cpp.hpp
[9.188s] -- Up-to-date: /home/adela/TFM_AdelaJimenez/install/ur_dashboard_msgs/include/ur_dashboard_msgs/ur_dashboard_msgs/srv/detail/add_to_log__rosidl_typesupport_fastrtps_cpp.hpp
[9.188s] -- Up-to-date: /home/adela/TFM_AdelaJimenez/install/ur_dashboard_msgs/include/ur_dashboard_msgs/ur_dashboard_msgs/srv/detail/get_program_state__rosidl_typesupport_fastrtps_cpp.hpp
[9.188s] -- Up-to-date: /home/adela/TFM_AdelaJimenez/install/ur_dashboard_msgs/lib/libur_dashboard_msgs__rosidl_typesupport_fastrtps_cpp.so
[9.188s] -- Up-to-date: /home/adela/TFM_AdelaJimenez/install/ur_dashboard_msgs/include/ur_dashboard_msgs/ur_dashboard_msgs
[9.188s] -- Up-to-date: /home/adela/TFM_AdelaJimenez/install/ur_dashboard_msgs/include/ur_dashboard_msgs/ur_dashboard_msgs/action
[9.188s] -- Up-to-date: /home/adela/TFM_AdelaJimenez/install/ur_dashboard_msgs/include/ur_dashboard_msgs/ur_dashboard_msgs/action/detail
[9.188s] -- Up-to-date: /home/adela/TFM_AdelaJimenez/install/ur_dashboard_msgs/include/ur_dashboard_msgs/ur_dashboard_msgs/action/detail/set_mode__rosidl_typesupport_introspection_cpp.hpp
[9.188s] -- Up-to-date: /home/adela/TFM_AdelaJimenez/install/ur_dashboard_msgs/include/ur_dashboard_msgs/ur_dashboard_msgs/action/detail/set_mode__type_support.cpp
[9.188s] -- Up-to-date: /home/adela/TFM_AdelaJimenez/install/ur_dashboard_msgs/include/ur_dashboard_msgs/ur_dashboard_msgs/msg
[9.188s] -- Up-to-date: /home/adela/TFM_AdelaJimenez/install/ur_dashboard_msgs/include/ur_dashboard_msgs/ur_dashboard_msgs/msg/detail
[9.188s] -- Up-to-date: /home/adela/TFM_AdelaJimenez/install/ur_dashboard_msgs/include/ur_dashboard_msgs/ur_dashboard_msgs/msg/detail/safety_mode__type_support.cpp
[9.188s] -- Up-to-date: /home/adela/TFM_AdelaJimenez/install/ur_dashboard_msgs/include/ur_dashboard_msgs/ur_dashboard_msgs/msg/detail/robot_mode__type_support.cpp
[9.189s] -- Up-to-date: /home/adela/TFM_AdelaJimenez/install/ur_dashboard_msgs/include/ur_dashboard_msgs/ur_dashboard_msgs/msg/detail/safety_mode__rosidl_typesupport_introspection_cpp.hpp
[9.189s] -- Up-to-date: /home/adela/TFM_AdelaJimenez/install/ur_dashboard_msgs/include/ur_dashboard_msgs/ur_dashboard_msgs/msg/detail/robot_mode__rosidl_typesupport_introspection_cpp.hpp
[9.189s] -- Up-to-date: /home/adela/TFM_AdelaJimenez/install/ur_dashboard_msgs/include/ur_dashboard_msgs/ur_dashboard_msgs/msg/detail/program_state__rosidl_typesupport_introspection_cpp.hpp
[9.189s] -- Up-to-date: /home/adela/TFM_AdelaJimenez/install/ur_dashboard_msgs/include/ur_dashboard_msgs/ur_dashboard_msgs/msg/detail/program_state__type_support.cpp
[9.189s] -- Up-to-date: /home/adela/TFM_AdelaJimenez/install/ur_dashboard_msgs/include/ur_dashboard_msgs/ur_dashboard_msgs/srv
[9.189s] -- Up-to-date: /home/adela/TFM_AdelaJimenez/install/ur_dashboard_msgs/include/ur_dashboard_msgs/ur_dashboard_msgs/srv/detail
[9.189s] -- Up-to-date: /home/adela/TFM_AdelaJimenez/install/ur_dashboard_msgs/include/ur_dashboard_msgs/ur_dashboard_msgs/srv/detail/get_loaded_program__rosidl_typesupport_introspection_cpp.hpp
[9.189s] -- Up-to-date: /home/adela/TFM_AdelaJimenez/install/ur_dashboard_msgs/include/ur_dashboard_msgs/ur_dashboard_msgs/srv/detail/load__type_support.cpp
[9.189s] -- Up-to-date: /home/adela/TFM_AdelaJimenez/install/ur_dashboard_msgs/include/ur_dashboard_msgs/ur_dashboard_msgs/srv/detail/get_program_state__rosidl_typesupport_introspection_cpp.hpp
[9.189s] -- Up-to-date: /home/adela/TFM_AdelaJimenez/install/ur_dashboard_msgs/include/ur_dashboard_msgs/ur_dashboard_msgs/srv/detail/raw_request__rosidl_typesupport_introspection_cpp.hpp
[9.190s] -- Up-to-date: /home/adela/TFM_AdelaJimenez/install/ur_dashboard_msgs/include/ur_dashboard_msgs/ur_dashboard_msgs/srv/detail/load__rosidl_typesupport_introspection_cpp.hpp
[9.190s] -- Up-to-date: /home/adela/TFM_AdelaJimenez/install/ur_dashboard_msgs/include/ur_dashboard_msgs/ur_dashboard_msgs/srv/detail/popup__rosidl_typesupport_introspection_cpp.hpp
[9.190s] -- Up-to-date: /home/adela/TFM_AdelaJimenez/install/ur_dashboard_msgs/include/ur_dashboard_msgs/ur_dashboard_msgs/srv/detail/is_program_saved__type_support.cpp
[9.190s] -- Up-to-date: /home/adela/TFM_AdelaJimenez/install/ur_dashboard_msgs/include/ur_dashboard_msgs/ur_dashboard_msgs/srv/detail/add_to_log__type_support.cpp
[9.190s] -- Up-to-date: /home/adela/TFM_AdelaJimenez/install/ur_dashboard_msgs/include/ur_dashboard_msgs/ur_dashboard_msgs/srv/detail/get_loaded_program__type_support.cpp
[9.190s] -- Up-to-date: /home/adela/TFM_AdelaJimenez/install/ur_dashboard_msgs/include/ur_dashboard_msgs/ur_dashboard_msgs/srv/detail/is_program_saved__rosidl_typesupport_introspection_cpp.hpp
[9.190s] -- Up-to-date: /home/adela/TFM_AdelaJimenez/install/ur_dashboard_msgs/include/ur_dashboard_msgs/ur_dashboard_msgs/srv/detail/raw_request__type_support.cpp
[9.190s] -- Up-to-date: /home/adela/TFM_AdelaJimenez/install/ur_dashboard_msgs/include/ur_dashboard_msgs/ur_dashboard_msgs/srv/detail/get_program_state__type_support.cpp
[9.190s] -- Up-to-date: /home/adela/TFM_AdelaJimenez/install/ur_dashboard_msgs/include/ur_dashboard_msgs/ur_dashboard_msgs/srv/detail/is_program_running__type_support.cpp
[9.190s] -- Up-to-date: /home/adela/TFM_AdelaJimenez/install/ur_dashboard_msgs/include/ur_dashboard_msgs/ur_dashboard_msgs/srv/detail/popup__type_support.cpp
[9.191s] -- Up-to-date: /home/adela/TFM_AdelaJimenez/install/ur_dashboard_msgs/include/ur_dashboard_msgs/ur_dashboard_msgs/srv/detail/get_robot_mode__type_support.cpp
[9.191s] -- Up-to-date: /home/adela/TFM_AdelaJimenez/install/ur_dashboard_msgs/include/ur_dashboard_msgs/ur_dashboard_msgs/srv/detail/add_to_log__rosidl_typesupport_introspection_cpp.hpp
[9.191s] -- Up-to-date: /home/adela/TFM_AdelaJimenez/install/ur_dashboard_msgs/include/ur_dashboard_msgs/ur_dashboard_msgs/srv/detail/is_program_running__rosidl_typesupport_introspection_cpp.hpp
[9.191s] -- Up-to-date: /home/adela/TFM_AdelaJimenez/install/ur_dashboard_msgs/include/ur_dashboard_msgs/ur_dashboard_msgs/srv/detail/get_safety_mode__type_support.cpp
[9.191s] -- Up-to-date: /home/adela/TFM_AdelaJimenez/install/ur_dashboard_msgs/include/ur_dashboard_msgs/ur_dashboard_msgs/srv/detail/get_robot_mode__rosidl_typesupport_introspection_cpp.hpp
[9.191s] -- Up-to-date: /home/adela/TFM_AdelaJimenez/install/ur_dashboard_msgs/include/ur_dashboard_msgs/ur_dashboard_msgs/srv/detail/get_safety_mode__rosidl_typesupport_introspection_cpp.hpp
[9.191s] -- Up-to-date: /home/adela/TFM_AdelaJimenez/install/ur_dashboard_msgs/lib/libur_dashboard_msgs__rosidl_typesupport_introspection_cpp.so
[9.191s] -- Up-to-date: /home/adela/TFM_AdelaJimenez/install/ur_dashboard_msgs/lib/libur_dashboard_msgs__rosidl_typesupport_cpp.so
[9.191s] -- Up-to-date: /home/adela/TFM_AdelaJimenez/install/ur_dashboard_msgs/share/ur_dashboard_msgs/environment/pythonpath.sh
[9.191s] -- Up-to-date: /home/adela/TFM_AdelaJimenez/install/ur_dashboard_msgs/share/ur_dashboard_msgs/environment/pythonpath.dsv
[9.191s] -- Up-to-date: /home/adela/TFM_AdelaJimenez/install/ur_dashboard_msgs/local/lib/python3.10/dist-packages/ur_dashboard_msgs-2.2.10-py3.10.egg-info
[9.236s] -- Installing: /home/adela/TFM_AdelaJimenez/install/ur_dashboard_msgs/local/lib/python3.10/dist-packages/ur_dashboard_msgs-2.2.10-py3.10.egg-info/dependency_links.txt
[9.236s] -- Installing: /home/adela/TFM_AdelaJimenez/install/ur_dashboard_msgs/local/lib/python3.10/dist-packages/ur_dashboard_msgs-2.2.10-py3.10.egg-info/PKG-INFO
[9.236s] -- Installing: /home/adela/TFM_AdelaJimenez/install/ur_dashboard_msgs/local/lib/python3.10/dist-packages/ur_dashboard_msgs-2.2.10-py3.10.egg-info/top_level.txt
[9.237s] -- Installing: /home/adela/TFM_AdelaJimenez/install/ur_dashboard_msgs/local/lib/python3.10/dist-packages/ur_dashboard_msgs-2.2.10-py3.10.egg-info/SOURCES.txt
[9.237s] -- Up-to-date: /home/adela/TFM_AdelaJimenez/install/ur_dashboard_msgs/local/lib/python3.10/dist-packages/ur_dashboard_msgs
[9.237s] -- Up-to-date: /home/adela/TFM_AdelaJimenez/install/ur_dashboard_msgs/local/lib/python3.10/dist-packages/ur_dashboard_msgs/_ur_dashboard_msgs_s.ep.rosidl_typesupport_fastrtps_c.c
[9.237s] -- Up-to-date: /home/adela/TFM_AdelaJimenez/install/ur_dashboard_msgs/local/lib/python3.10/dist-packages/ur_dashboard_msgs/action
[9.237s] -- Up-to-date: /home/adela/TFM_AdelaJimenez/install/ur_dashboard_msgs/local/lib/python3.10/dist-packages/ur_dashboard_msgs/action/_set_mode.py
[9.237s] -- Up-to-date: /home/adela/TFM_AdelaJimenez/install/ur_dashboard_msgs/local/lib/python3.10/dist-packages/ur_dashboard_msgs/action/__init__.py
[9.237s] -- Up-to-date: /home/adela/TFM_AdelaJimenez/install/ur_dashboard_msgs/local/lib/python3.10/dist-packages/ur_dashboard_msgs/action/_set_mode_s.c
[9.237s] -- Up-to-date: /home/adela/TFM_AdelaJimenez/install/ur_dashboard_msgs/local/lib/python3.10/dist-packages/ur_dashboard_msgs/msg
[9.243s] -- Up-to-date: /home/adela/TFM_AdelaJimenez/install/ur_dashboard_msgs/local/lib/python3.10/dist-packages/ur_dashboard_msgs/msg/_safety_mode.py
[9.243s] -- Up-to-date: /home/adela/TFM_AdelaJimenez/install/ur_dashboard_msgs/local/lib/python3.10/dist-packages/ur_dashboard_msgs/msg/_program_state_s.c
[9.243s] -- Up-to-date: /home/adela/TFM_AdelaJimenez/install/ur_dashboard_msgs/local/lib/python3.10/dist-packages/ur_dashboard_msgs/msg/__init__.py
[9.243s] -- Up-to-date: /home/adela/TFM_AdelaJimenez/install/ur_dashboard_msgs/local/lib/python3.10/dist-packages/ur_dashboard_msgs/msg/_safety_mode_s.c
[9.243s] -- Up-to-date: /home/adela/TFM_AdelaJimenez/install/ur_dashboard_msgs/local/lib/python3.10/dist-packages/ur_dashboard_msgs/msg/_program_state.py
[9.244s] -- Up-to-date: /home/adela/TFM_AdelaJimenez/install/ur_dashboard_msgs/local/lib/python3.10/dist-packages/ur_dashboard_msgs/msg/_robot_mode_s.c
[9.244s] -- Up-to-date: /home/adela/TFM_AdelaJimenez/install/ur_dashboard_msgs/local/lib/python3.10/dist-packages/ur_dashboard_msgs/msg/_robot_mode.py
[9.244s] -- Up-to-date: /home/adela/TFM_AdelaJimenez/install/ur_dashboard_msgs/local/lib/python3.10/dist-packages/ur_dashboard_msgs/ur_dashboard_msgs_s__rosidl_typesupport_fastrtps_c.cpython-310-x86_64-linux-gnu.so
[9.244s] -- Up-to-date: /home/adela/TFM_AdelaJimenez/install/ur_dashboard_msgs/local/lib/python3.10/dist-packages/ur_dashboard_msgs/_ur_dashboard_msgs_s.ep.rosidl_typesupport_introspection_c.c
[9.244s] -- Up-to-date: /home/adela/TFM_AdelaJimenez/install/ur_dashboard_msgs/local/lib/python3.10/dist-packages/ur_dashboard_msgs/_ur_dashboard_msgs_s.ep.rosidl_typesupport_c.c
[9.244s] -- Up-to-date: /home/adela/TFM_AdelaJimenez/install/ur_dashboard_msgs/local/lib/python3.10/dist-packages/ur_dashboard_msgs/__init__.py
[9.244s] -- Up-to-date: /home/adela/TFM_AdelaJimenez/install/ur_dashboard_msgs/local/lib/python3.10/dist-packages/ur_dashboard_msgs/libur_dashboard_msgs__rosidl_generator_py.so
[9.244s] -- Up-to-date: /home/adela/TFM_AdelaJimenez/install/ur_dashboard_msgs/local/lib/python3.10/dist-packages/ur_dashboard_msgs/srv
[9.244s] -- Up-to-date: /home/adela/TFM_AdelaJimenez/install/ur_dashboard_msgs/local/lib/python3.10/dist-packages/ur_dashboard_msgs/srv/_load_s.c
[9.244s] -- Up-to-date: /home/adela/TFM_AdelaJimenez/install/ur_dashboard_msgs/local/lib/python3.10/dist-packages/ur_dashboard_msgs/srv/_get_program_state.py
[9.265s] -- Up-to-date: /home/adela/TFM_AdelaJimenez/install/ur_dashboard_msgs/local/lib/python3.10/dist-packages/ur_dashboard_msgs/srv/_is_program_saved.py
[9.265s] -- Up-to-date: /home/adela/TFM_AdelaJimenez/install/ur_dashboard_msgs/local/lib/python3.10/dist-packages/ur_dashboard_msgs/srv/_add_to_log_s.c
[9.265s] -- Up-to-date: /home/adela/TFM_AdelaJimenez/install/ur_dashboard_msgs/local/lib/python3.10/dist-packages/ur_dashboard_msgs/srv/_popup.py
[9.265s] -- Up-to-date: /home/adela/TFM_AdelaJimenez/install/ur_dashboard_msgs/local/lib/python3.10/dist-packages/ur_dashboard_msgs/srv/_popup_s.c
[9.265s] -- Up-to-date: /home/adela/TFM_AdelaJimenez/install/ur_dashboard_msgs/local/lib/python3.10/dist-packages/ur_dashboard_msgs/srv/_get_robot_mode.py
[9.265s] -- Up-to-date: /home/adela/TFM_AdelaJimenez/install/ur_dashboard_msgs/local/lib/python3.10/dist-packages/ur_dashboard_msgs/srv/_is_program_running_s.c
[9.266s] -- Up-to-date: /home/adela/TFM_AdelaJimenez/install/ur_dashboard_msgs/local/lib/python3.10/dist-packages/ur_dashboard_msgs/srv/_get_robot_mode_s.c
[9.266s] -- Up-to-date: /home/adela/TFM_AdelaJimenez/install/ur_dashboard_msgs/local/lib/python3.10/dist-packages/ur_dashboard_msgs/srv/_get_loaded_program_s.c
[9.266s] -- Up-to-date: /home/adela/TFM_AdelaJimenez/install/ur_dashboard_msgs/local/lib/python3.10/dist-packages/ur_dashboard_msgs/srv/_is_program_saved_s.c
[9.266s] -- Up-to-date: /home/adela/TFM_AdelaJimenez/install/ur_dashboard_msgs/local/lib/python3.10/dist-packages/ur_dashboard_msgs/srv/_is_program_running.py
[9.266s] -- Up-to-date: /home/adela/TFM_AdelaJimenez/install/ur_dashboard_msgs/local/lib/python3.10/dist-packages/ur_dashboard_msgs/srv/_get_loaded_program.py
[9.266s] -- Up-to-date: /home/adela/TFM_AdelaJimenez/install/ur_dashboard_msgs/local/lib/python3.10/dist-packages/ur_dashboard_msgs/srv/_raw_request.py
[9.266s] -- Up-to-date: /home/adela/TFM_AdelaJimenez/install/ur_dashboard_msgs/local/lib/python3.10/dist-packages/ur_dashboard_msgs/srv/_get_program_state_s.c
[9.266s] -- Up-to-date: /home/adela/TFM_AdelaJimenez/install/ur_dashboard_msgs/local/lib/python3.10/dist-packages/ur_dashboard_msgs/srv/__init__.py
[9.266s] -- Up-to-date: /home/adela/TFM_AdelaJimenez/install/ur_dashboard_msgs/local/lib/python3.10/dist-packages/ur_dashboard_msgs/srv/_get_safety_mode.py
[9.266s] -- Up-to-date: /home/adela/TFM_AdelaJimenez/install/ur_dashboard_msgs/local/lib/python3.10/dist-packages/ur_dashboard_msgs/srv/_get_safety_mode_s.c
[9.266s] -- Up-to-date: /home/adela/TFM_AdelaJimenez/install/ur_dashboard_msgs/local/lib/python3.10/dist-packages/ur_dashboard_msgs/srv/_raw_request_s.c
[9.267s] -- Up-to-date: /home/adela/TFM_AdelaJimenez/install/ur_dashboard_msgs/local/lib/python3.10/dist-packages/ur_dashboard_msgs/srv/_load.py
[9.285s] -- Up-to-date: /home/adela/TFM_AdelaJimenez/install/ur_dashboard_msgs/local/lib/python3.10/dist-packages/ur_dashboard_msgs/srv/_add_to_log.py
[9.285s] -- Up-to-date: /home/adela/TFM_AdelaJimenez/install/ur_dashboard_msgs/local/lib/python3.10/dist-packages/ur_dashboard_msgs/ur_dashboard_msgs_s__rosidl_typesupport_c.cpython-310-x86_64-linux-gnu.so
[9.285s] -- Up-to-date: /home/adela/TFM_AdelaJimenez/install/ur_dashboard_msgs/local/lib/python3.10/dist-packages/ur_dashboard_msgs/ur_dashboard_msgs_s__rosidl_typesupport_introspection_c.cpython-310-x86_64-linux-gnu.so
[9.559s] Listing '/home/adela/TFM_AdelaJimenez/install/ur_dashboard_msgs/local/lib/python3.10/dist-packages/ur_dashboard_msgs'...
[9.559s] Listing '/home/adela/TFM_AdelaJimenez/install/ur_dashboard_msgs/local/lib/python3.10/dist-packages/ur_dashboard_msgs/action'...
[9.560s] Listing '/home/adela/TFM_AdelaJimenez/install/ur_dashboard_msgs/local/lib/python3.10/dist-packages/ur_dashboard_msgs/msg'...
[9.560s] Listing '/home/adela/TFM_AdelaJimenez/install/ur_dashboard_msgs/local/lib/python3.10/dist-packages/ur_dashboard_msgs/srv'...
[9.658s] -- Up-to-date: /home/adela/TFM_AdelaJimenez/install/ur_dashboard_msgs/local/lib/python3.10/dist-packages/ur_dashboard_msgs/ur_dashboard_msgs_s__rosidl_typesupport_fastrtps_c.cpython-310-x86_64-linux-gnu.so
[9.658s] -- Up-to-date: /home/adela/TFM_AdelaJimenez/install/ur_dashboard_msgs/local/lib/python3.10/dist-packages/ur_dashboard_msgs/ur_dashboard_msgs_s__rosidl_typesupport_introspection_c.cpython-310-x86_64-linux-gnu.so
[9.658s] -- Up-to-date: /home/adela/TFM_AdelaJimenez/install/ur_dashboard_msgs/local/lib/python3.10/dist-packages/ur_dashboard_msgs/ur_dashboard_msgs_s__rosidl_typesupport_c.cpython-310-x86_64-linux-gnu.so
[9.658s] -- Up-to-date: /home/adela/TFM_AdelaJimenez/install/ur_dashboard_msgs/lib/libur_dashboard_msgs__rosidl_generator_py.so
[9.658s] -- Up-to-date: /home/adela/TFM_AdelaJimenez/install/ur_dashboard_msgs/share/ur_dashboard_msgs/msg/ProgramState.idl
[9.658s] -- Up-to-date: /home/adela/TFM_AdelaJimenez/install/ur_dashboard_msgs/share/ur_dashboard_msgs/msg/RobotMode.idl
[9.658s] -- Up-to-date: /home/adela/TFM_AdelaJimenez/install/ur_dashboard_msgs/share/ur_dashboard_msgs/msg/SafetyMode.idl
[9.658s] -- Up-to-date: /home/adela/TFM_AdelaJimenez/install/ur_dashboard_msgs/share/ur_dashboard_msgs/srv/AddToLog.idl
[9.659s] -- Up-to-date: /home/adela/TFM_AdelaJimenez/install/ur_dashboard_msgs/share/ur_dashboard_msgs/srv/GetLoadedProgram.idl
[9.659s] -- Up-to-date: /home/adela/TFM_AdelaJimenez/install/ur_dashboard_msgs/share/ur_dashboard_msgs/srv/GetProgramState.idl
[9.659s] -- Up-to-date: /home/adela/TFM_AdelaJimenez/install/ur_dashboard_msgs/share/ur_dashboard_msgs/srv/GetRobotMode.idl
[9.659s] -- Up-to-date: /home/adela/TFM_AdelaJimenez/install/ur_dashboard_msgs/share/ur_dashboard_msgs/srv/GetSafetyMode.idl
[9.659s] -- Up-to-date: /home/adela/TFM_AdelaJimenez/install/ur_dashboard_msgs/share/ur_dashboard_msgs/srv/IsProgramRunning.idl
[9.659s] -- Up-to-date: /home/adela/TFM_AdelaJimenez/install/ur_dashboard_msgs/share/ur_dashboard_msgs/srv/IsProgramSaved.idl
[9.659s] -- Up-to-date: /home/adela/TFM_AdelaJimenez/install/ur_dashboard_msgs/share/ur_dashboard_msgs/srv/Load.idl
[9.679s] -- Up-to-date: /home/adela/TFM_AdelaJimenez/install/ur_dashboard_msgs/share/ur_dashboard_msgs/srv/Popup.idl
[9.679s] -- Up-to-date: /home/adela/TFM_AdelaJimenez/install/ur_dashboard_msgs/share/ur_dashboard_msgs/srv/RawRequest.idl
[9.679s] -- Up-to-date: /home/adela/TFM_AdelaJimenez/install/ur_dashboard_msgs/share/ur_dashboard_msgs/action/SetMode.idl
[9.679s] -- Up-to-date: /home/adela/TFM_AdelaJimenez/install/ur_dashboard_msgs/share/ur_dashboard_msgs/msg/ProgramState.msg
[9.679s] -- Up-to-date: /home/adela/TFM_AdelaJimenez/install/ur_dashboard_msgs/share/ur_dashboard_msgs/msg/RobotMode.msg
[9.679s] -- Up-to-date: /home/adela/TFM_AdelaJimenez/install/ur_dashboard_msgs/share/ur_dashboard_msgs/msg/SafetyMode.msg
[9.679s] -- Up-to-date: /home/adela/TFM_AdelaJimenez/install/ur_dashboard_msgs/share/ur_dashboard_msgs/srv/AddToLog.srv
[9.680s] -- Up-to-date: /home/adela/TFM_AdelaJimenez/install/ur_dashboard_msgs/share/ur_dashboard_msgs/srv/AddToLog_Request.msg
[9.680s] -- Up-to-date: /home/adela/TFM_AdelaJimenez/install/ur_dashboard_msgs/share/ur_dashboard_msgs/srv/AddToLog_Response.msg
[9.680s] -- Up-to-date: /home/adela/TFM_AdelaJimenez/install/ur_dashboard_msgs/share/ur_dashboard_msgs/srv/GetLoadedProgram.srv
[9.680s] -- Up-to-date: /home/adela/TFM_AdelaJimenez/install/ur_dashboard_msgs/share/ur_dashboard_msgs/srv/GetLoadedProgram_Request.msg
[9.680s] -- Up-to-date: /home/adela/TFM_AdelaJimenez/install/ur_dashboard_msgs/share/ur_dashboard_msgs/srv/GetLoadedProgram_Response.msg
[9.680s] -- Up-to-date: /home/adela/TFM_AdelaJimenez/install/ur_dashboard_msgs/share/ur_dashboard_msgs/srv/GetProgramState.srv
[9.680s] -- Up-to-date: /home/adela/TFM_AdelaJimenez/install/ur_dashboard_msgs/share/ur_dashboard_msgs/srv/GetProgramState_Request.msg
[9.680s] -- Up-to-date: /home/adela/TFM_AdelaJimenez/install/ur_dashboard_msgs/share/ur_dashboard_msgs/srv/GetProgramState_Response.msg
[9.680s] -- Up-to-date: /home/adela/TFM_AdelaJimenez/install/ur_dashboard_msgs/share/ur_dashboard_msgs/srv/GetRobotMode.srv
[9.680s] -- Up-to-date: /home/adela/TFM_AdelaJimenez/install/ur_dashboard_msgs/share/ur_dashboard_msgs/srv/GetRobotMode_Request.msg
[9.680s] -- Up-to-date: /home/adela/TFM_AdelaJimenez/install/ur_dashboard_msgs/share/ur_dashboard_msgs/srv/GetRobotMode_Response.msg
[9.681s] -- Up-to-date: /home/adela/TFM_AdelaJimenez/install/ur_dashboard_msgs/share/ur_dashboard_msgs/srv/GetSafetyMode.srv
[9.681s] -- Up-to-date: /home/adela/TFM_AdelaJimenez/install/ur_dashboard_msgs/share/ur_dashboard_msgs/srv/GetSafetyMode_Request.msg
[9.681s] -- Up-to-date: /home/adela/TFM_AdelaJimenez/install/ur_dashboard_msgs/share/ur_dashboard_msgs/srv/GetSafetyMode_Response.msg
[9.681s] -- Up-to-date: /home/adela/TFM_AdelaJimenez/install/ur_dashboard_msgs/share/ur_dashboard_msgs/srv/IsProgramRunning.srv
[9.681s] -- Up-to-date: /home/adela/TFM_AdelaJimenez/install/ur_dashboard_msgs/share/ur_dashboard_msgs/srv/IsProgramRunning_Request.msg
[9.681s] -- Up-to-date: /home/adela/TFM_AdelaJimenez/install/ur_dashboard_msgs/share/ur_dashboard_msgs/srv/IsProgramRunning_Response.msg
[9.681s] -- Up-to-date: /home/adela/TFM_AdelaJimenez/install/ur_dashboard_msgs/share/ur_dashboard_msgs/srv/IsProgramSaved.srv
[9.681s] -- Up-to-date: /home/adela/TFM_AdelaJimenez/install/ur_dashboard_msgs/share/ur_dashboard_msgs/srv/IsProgramSaved_Request.msg
[9.681s] -- Up-to-date: /home/adela/TFM_AdelaJimenez/install/ur_dashboard_msgs/share/ur_dashboard_msgs/srv/IsProgramSaved_Response.msg
[9.681s] -- Up-to-date: /home/adela/TFM_AdelaJimenez/install/ur_dashboard_msgs/share/ur_dashboard_msgs/srv/Load.srv
[9.682s] -- Up-to-date: /home/adela/TFM_AdelaJimenez/install/ur_dashboard_msgs/share/ur_dashboard_msgs/srv/Load_Request.msg
[9.682s] -- Up-to-date: /home/adela/TFM_AdelaJimenez/install/ur_dashboard_msgs/share/ur_dashboard_msgs/srv/Load_Response.msg
[9.682s] -- Up-to-date: /home/adela/TFM_AdelaJimenez/install/ur_dashboard_msgs/share/ur_dashboard_msgs/srv/Popup.srv
[9.682s] -- Up-to-date: /home/adela/TFM_AdelaJimenez/install/ur_dashboard_msgs/share/ur_dashboard_msgs/srv/Popup_Request.msg
[9.682s] -- Up-to-date: /home/adela/TFM_AdelaJimenez/install/ur_dashboard_msgs/share/ur_dashboard_msgs/srv/Popup_Response.msg
[9.682s] -- Up-to-date: /home/adela/TFM_AdelaJimenez/install/ur_dashboard_msgs/share/ur_dashboard_msgs/srv/RawRequest.srv
[9.682s] -- Up-to-date: /home/adela/TFM_AdelaJimenez/install/ur_dashboard_msgs/share/ur_dashboard_msgs/srv/RawRequest_Request.msg
[9.682s] -- Up-to-date: /home/adela/TFM_AdelaJimenez/install/ur_dashboard_msgs/share/ur_dashboard_msgs/srv/RawRequest_Response.msg
[9.682s] -- Up-to-date: /home/adela/TFM_AdelaJimenez/install/ur_dashboard_msgs/share/ur_dashboard_msgs/action/SetMode.action
[9.682s] -- Up-to-date: /home/adela/TFM_AdelaJimenez/install/ur_dashboard_msgs/share/ament_index/resource_index/package_run_dependencies/ur_dashboard_msgs
[9.682s] -- Up-to-date: /home/adela/TFM_AdelaJimenez/install/ur_dashboard_msgs/share/ament_index/resource_index/parent_prefix_path/ur_dashboard_msgs
[9.682s] -- Up-to-date: /home/adela/TFM_AdelaJimenez/install/ur_dashboard_msgs/share/ur_dashboard_msgs/environment/ament_prefix_path.sh
[9.682s] -- Up-to-date: /home/adela/TFM_AdelaJimenez/install/ur_dashboard_msgs/share/ur_dashboard_msgs/environment/ament_prefix_path.dsv
[9.683s] -- Up-to-date: /home/adela/TFM_AdelaJimenez/install/ur_dashboard_msgs/share/ur_dashboard_msgs/environment/path.sh
[9.683s] -- Up-to-date: /home/adela/TFM_AdelaJimenez/install/ur_dashboard_msgs/share/ur_dashboard_msgs/environment/path.dsv
[9.683s] -- Up-to-date: /home/adela/TFM_AdelaJimenez/install/ur_dashboard_msgs/share/ur_dashboard_msgs/local_setup.bash
[9.683s] -- Up-to-date: /home/adela/TFM_AdelaJimenez/install/ur_dashboard_msgs/share/ur_dashboard_msgs/local_setup.sh
[9.683s] -- Up-to-date: /home/adela/TFM_AdelaJimenez/install/ur_dashboard_msgs/share/ur_dashboard_msgs/local_setup.zsh
[9.683s] -- Up-to-date: /home/adela/TFM_AdelaJimenez/install/ur_dashboard_msgs/share/ur_dashboard_msgs/local_setup.dsv
[9.683s] -- Installing: /home/adela/TFM_AdelaJimenez/install/ur_dashboard_msgs/share/ur_dashboard_msgs/package.dsv
[9.683s] -- Up-to-date: /home/adela/TFM_AdelaJimenez/install/ur_dashboard_msgs/share/ament_index/resource_index/packages/ur_dashboard_msgs
[9.683s] -- Up-to-date: /home/adela/TFM_AdelaJimenez/install/ur_dashboard_msgs/share/ur_dashboard_msgs/cmake/export_ur_dashboard_msgs__rosidl_generator_cExport.cmake
[9.683s] -- Up-to-date: /home/adela/TFM_AdelaJimenez/install/ur_dashboard_msgs/share/ur_dashboard_msgs/cmake/export_ur_dashboard_msgs__rosidl_generator_cExport-noconfig.cmake
[9.683s] -- Up-to-date: /home/adela/TFM_AdelaJimenez/install/ur_dashboard_msgs/share/ur_dashboard_msgs/cmake/export_ur_dashboard_msgs__rosidl_typesupport_fastrtps_cExport.cmake
[9.712s] -- Up-to-date: /home/adela/TFM_AdelaJimenez/install/ur_dashboard_msgs/share/ur_dashboard_msgs/cmake/export_ur_dashboard_msgs__rosidl_typesupport_fastrtps_cExport-noconfig.cmake
[9.712s] -- Up-to-date: /home/adela/TFM_AdelaJimenez/install/ur_dashboard_msgs/share/ur_dashboard_msgs/cmake/ur_dashboard_msgs__rosidl_typesupport_introspection_cExport.cmake
[9.712s] -- Up-to-date: /home/adela/TFM_AdelaJimenez/install/ur_dashboard_msgs/share/ur_dashboard_msgs/cmake/ur_dashboard_msgs__rosidl_typesupport_introspection_cExport-noconfig.cmake
[9.713s] -- Up-to-date: /home/adela/TFM_AdelaJimenez/install/ur_dashboard_msgs/share/ur_dashboard_msgs/cmake/ur_dashboard_msgs__rosidl_typesupport_cExport.cmake
[9.713s] -- Up-to-date: /home/adela/TFM_AdelaJimenez/install/ur_dashboard_msgs/share/ur_dashboard_msgs/cmake/ur_dashboard_msgs__rosidl_typesupport_cExport-noconfig.cmake
[9.713s] -- Up-to-date: /home/adela/TFM_AdelaJimenez/install/ur_dashboard_msgs/share/ur_dashboard_msgs/cmake/export_ur_dashboard_msgs__rosidl_generator_cppExport.cmake
[9.713s] -- Up-to-date: /home/adela/TFM_AdelaJimenez/install/ur_dashboard_msgs/share/ur_dashboard_msgs/cmake/export_ur_dashboard_msgs__rosidl_typesupport_fastrtps_cppExport.cmake
[9.713s] -- Up-to-date: /home/adela/TFM_AdelaJimenez/install/ur_dashboard_msgs/share/ur_dashboard_msgs/cmake/export_ur_dashboard_msgs__rosidl_typesupport_fastrtps_cppExport-noconfig.cmake
[9.716s] -- Up-to-date: /home/adela/TFM_AdelaJimenez/install/ur_dashboard_msgs/share/ur_dashboard_msgs/cmake/ur_dashboard_msgs__rosidl_typesupport_introspection_cppExport.cmake
[9.716s] -- Up-to-date: /home/adela/TFM_AdelaJimenez/install/ur_dashboard_msgs/share/ur_dashboard_msgs/cmake/ur_dashboard_msgs__rosidl_typesupport_introspection_cppExport-noconfig.cmake
[9.716s] -- Up-to-date: /home/adela/TFM_AdelaJimenez/install/ur_dashboard_msgs/share/ur_dashboard_msgs/cmake/ur_dashboard_msgs__rosidl_typesupport_cppExport.cmake
[9.716s] -- Up-to-date: /home/adela/TFM_AdelaJimenez/install/ur_dashboard_msgs/share/ur_dashboard_msgs/cmake/ur_dashboard_msgs__rosidl_typesupport_cppExport-noconfig.cmake
[9.716s] -- Up-to-date: /home/adela/TFM_AdelaJimenez/install/ur_dashboard_msgs/share/ur_dashboard_msgs/cmake/export_ur_dashboard_msgs__rosidl_generator_pyExport.cmake
[9.716s] -- Up-to-date: /home/adela/TFM_AdelaJimenez/install/ur_dashboard_msgs/share/ur_dashboard_msgs/cmake/export_ur_dashboard_msgs__rosidl_generator_pyExport-noconfig.cmake
[9.716s] -- Up-to-date: /home/adela/TFM_AdelaJimenez/install/ur_dashboard_msgs/share/ur_dashboard_msgs/cmake/rosidl_cmake-extras.cmake
[9.722s] -- Up-to-date: /home/adela/TFM_AdelaJimenez/install/ur_dashboard_msgs/share/ur_dashboard_msgs/cmake/ament_cmake_export_dependencies-extras.cmake
[9.722s] -- Up-to-date: /home/adela/TFM_AdelaJimenez/install/ur_dashboard_msgs/share/ur_dashboard_msgs/cmake/ament_cmake_export_include_directories-extras.cmake
[9.722s] -- Up-to-date: /home/adela/TFM_AdelaJimenez/install/ur_dashboard_msgs/share/ur_dashboard_msgs/cmake/ament_cmake_export_libraries-extras.cmake
[9.722s] -- Up-to-date: /home/adela/TFM_AdelaJimenez/install/ur_dashboard_msgs/share/ur_dashboard_msgs/cmake/ament_cmake_export_targets-extras.cmake
[9.722s] -- Up-to-date: /home/adela/TFM_AdelaJimenez/install/ur_dashboard_msgs/share/ur_dashboard_msgs/cmake/rosidl_cmake_export_typesupport_targets-extras.cmake
[9.722s] -- Up-to-date: /home/adela/TFM_AdelaJimenez/install/ur_dashboard_msgs/share/ur_dashboard_msgs/cmake/rosidl_cmake_export_typesupport_libraries-extras.cmake
[9.722s] -- Up-to-date: /home/adela/TFM_AdelaJimenez/install/ur_dashboard_msgs/share/ur_dashboard_msgs/cmake/ur_dashboard_msgsConfig.cmake
[9.722s] -- Up-to-date: /home/adela/TFM_AdelaJimenez/install/ur_dashboard_msgs/share/ur_dashboard_msgs/cmake/ur_dashboard_msgsConfig-version.cmake
[9.722s] -- Up-to-date: /home/adela/TFM_AdelaJimenez/install/ur_dashboard_msgs/share/ur_dashboard_msgs/package.xml
[9.754s] Invoked command in '/home/adela/TFM_AdelaJimenez/build/ur_dashboard_msgs' returned '0': CMAKE_PREFIX_PATH=${CMAKE_PREFIX_PATH}:/home/adela/TFM_AdelaJimenez/workspace/ros_ur_driver/install/trayectories:/home/adela/TFM_AdelaJimenez/workspace/ros_ur_driver/install/rutine_launcher:/home/adela/TFM_AdelaJimenez/workspace/ros_ur_driver/install/data_logger:/home/adela/TFM_AdelaJimenez/workspace/ros_ur_driver/install/build_platform:/home/adela/TFM_MiguelLerinAlonso/workspace/ros_ur_driver/install/trayectories:/home/adela/TFM_MiguelLerinAlonso/workspace/ros_ur_driver/install/rutine_launcher:/home/adela/TFM_MiguelLerinAlonso/workspace/ros_ur_driver/install/data_logger:/home/adela/TFM_MiguelLerinAlonso/workspace/ros_ur_driver/install/build_platform:/opt/ros/humble /usr/bin/cmake --install /home/adela/TFM_AdelaJimenez/build/ur_dashboard_msgs
