[6.592s] Invoking command in '/home/adela/TFM_AdelaJimenez/workspace/ros_ur_driver/src/data_logger': PYTHONPATH=/home/adela/TFM_AdelaJimenez/build/data_logger/prefix_override:/home/adela/TFM_AdelaJimenez/install/data_logger/lib/python3.10/site-packages:${PYTHONPATH} /usr/bin/python3 -W ignore:setup.py install is deprecated setup.py egg_info --egg-base ../../../../build/data_logger build --build-base /home/adela/TFM_AdelaJimenez/build/data_logger/build install --record /home/adela/TFM_AdelaJimenez/build/data_logger/install.log --single-version-externally-managed install_data
[9.058s] running egg_info
[9.075s] writing ../../../../build/data_logger/data_logger.egg-info/PKG-INFO
[9.075s] writing dependency_links to ../../../../build/data_logger/data_logger.egg-info/dependency_links.txt
[9.075s] writing entry points to ../../../../build/data_logger/data_logger.egg-info/entry_points.txt
[9.075s] writing requirements to ../../../../build/data_logger/data_logger.egg-info/requires.txt
[9.089s] writing top-level names to ../../../../build/data_logger/data_logger.egg-info/top_level.txt
[9.108s] reading manifest file '../../../../build/data_logger/data_logger.egg-info/SOURCES.txt'
[9.112s] writing manifest file '../../../../build/data_logger/data_logger.egg-info/SOURCES.txt'
[9.113s] running build
[9.114s] running build_py
[9.115s] running install
[9.119s] running install_lib
[9.133s] running install_data
[9.134s] running install_egg_info
[9.161s] removing '/home/adela/TFM_AdelaJimenez/install/data_logger/lib/python3.10/site-packages/data_logger-0.0.0-py3.10.egg-info' (and everything under it)
[9.165s] Copying ../../../../build/data_logger/data_logger.egg-info to /home/adela/TFM_AdelaJimenez/install/data_logger/lib/python3.10/site-packages/data_logger-0.0.0-py3.10.egg-info
[9.185s] running install_scripts
[9.395s] Installing analog_reader script to /home/adela/TFM_AdelaJimenez/install/data_logger/lib/data_logger
[9.396s] Installing data_emitter script to /home/adela/TFM_AdelaJimenez/install/data_logger/lib/data_logger
[9.401s] Installing data_reader script to /home/adela/TFM_AdelaJimenez/install/data_logger/lib/data_logger
[9.402s] Installing digital_reader script to /home/adela/TFM_AdelaJimenez/install/data_logger/lib/data_logger
[9.415s] Installing joint_reader script to /home/adela/TFM_AdelaJimenez/install/data_logger/lib/data_logger
[9.416s] Installing multi_logger script to /home/adela/TFM_AdelaJimenez/install/data_logger/lib/data_logger
[9.416s] Installing super_logger script to /home/adela/TFM_AdelaJimenez/install/data_logger/lib/data_logger
[9.430s] writing list of installed files to '/home/adela/TFM_AdelaJimenez/build/data_logger/install.log'
[9.778s] Invoked command in '/home/adela/TFM_AdelaJimenez/workspace/ros_ur_driver/src/data_logger' returned '0': PYTHONPATH=/home/adela/TFM_AdelaJimenez/build/data_logger/prefix_override:/home/adela/TFM_AdelaJimenez/install/data_logger/lib/python3.10/site-packages:${PYTHONPATH} /usr/bin/python3 -W ignore:setup.py install is deprecated setup.py egg_info --egg-base ../../../../build/data_logger build --build-base /home/adela/TFM_AdelaJimenez/build/data_logger/build install --record /home/adela/TFM_AdelaJimenez/build/data_logger/install.log --single-version-externally-managed install_data
