[6.238s] Invoking command in '/home/adela/TFM_AdelaJimenez/workspace/ros_ur_driver/src/trayectories': PYTHONPATH=/home/adela/TFM_AdelaJimenez/build/trayectories/prefix_override:/home/adela/TFM_AdelaJimenez/install/trayectories/lib/python3.10/site-packages:${PYTHONPATH} /usr/bin/python3 -W ignore:setup.py install is deprecated setup.py egg_info --egg-base ../../../../build/trayectories build --build-base /home/adela/TFM_AdelaJimenez/build/trayectories/build install --record /home/adela/TFM_AdelaJimenez/build/trayectories/install.log --single-version-externally-managed install_data
[9.203s] running egg_info
[9.218s] writing ../../../../build/trayectories/trayectories.egg-info/PKG-INFO
[9.218s] writing dependency_links to ../../../../build/trayectories/trayectories.egg-info/dependency_links.txt
[9.223s] writing entry points to ../../../../build/trayectories/trayectories.egg-info/entry_points.txt
[9.238s] writing requirements to ../../../../build/trayectories/trayectories.egg-info/requires.txt
[9.242s] writing top-level names to ../../../../build/trayectories/trayectories.egg-info/top_level.txt
[9.285s] reading manifest file '../../../../build/trayectories/trayectories.egg-info/SOURCES.txt'
[9.304s] writing manifest file '../../../../build/trayectories/trayectories.egg-info/SOURCES.txt'
[9.306s] running build
[9.311s] running build_py
[9.313s] copying trayectories/parseo_gcode.py -> /home/adela/TFM_AdelaJimenez/build/trayectories/build/lib/trayectories
[9.322s] copying trayectories/move_l_nodes.py -> /home/adela/TFM_AdelaJimenez/build/trayectories/build/lib/trayectories
[9.328s] running install
[9.331s] running install_lib
[9.350s] copying /home/adela/TFM_AdelaJimenez/build/trayectories/build/lib/trayectories/parseo_gcode.py -> /home/adela/TFM_AdelaJimenez/install/trayectories/lib/python3.10/site-packages/trayectories
[9.353s] copying /home/adela/TFM_AdelaJimenez/build/trayectories/build/lib/trayectories/move_l_nodes.py -> /home/adela/TFM_AdelaJimenez/install/trayectories/lib/python3.10/site-packages/trayectories
[9.367s] byte-compiling /home/adela/TFM_AdelaJimenez/install/trayectories/lib/python3.10/site-packages/trayectories/parseo_gcode.py to parseo_gcode.cpython-310.pyc
[9.418s] byte-compiling /home/adela/TFM_AdelaJimenez/install/trayectories/lib/python3.10/site-packages/trayectories/move_l_nodes.py to move_l_nodes.cpython-310.pyc
[9.428s] running install_data
[9.429s] running install_egg_info
[9.450s] removing '/home/adela/TFM_AdelaJimenez/install/trayectories/lib/python3.10/site-packages/trayectories-0.0.0-py3.10.egg-info' (and everything under it)
[9.455s] Copying ../../../../build/trayectories/trayectories.egg-info to /home/adela/TFM_AdelaJimenez/install/trayectories/lib/python3.10/site-packages/trayectories-0.0.0-py3.10.egg-info
[9.492s] running install_scripts
[9.659s] Installing move_joints script to /home/adela/TFM_AdelaJimenez/install/trayectories/lib/trayectories
[9.691s] Installing move_l script to /home/adela/TFM_AdelaJimenez/install/trayectories/lib/trayectories
[9.691s] Installing move_l_gcode script to /home/adela/TFM_AdelaJimenez/install/trayectories/lib/trayectories
[9.691s] Installing move_l_nodes script to /home/adela/TFM_AdelaJimenez/install/trayectories/lib/trayectories
[9.691s] Installing move_l_original script to /home/adela/TFM_AdelaJimenez/install/trayectories/lib/trayectories
[9.698s] writing list of installed files to '/home/adela/TFM_AdelaJimenez/build/trayectories/install.log'
[9.899s] Invoked command in '/home/adela/TFM_AdelaJimenez/workspace/ros_ur_driver/src/trayectories' returned '0': PYTHONPATH=/home/adela/TFM_AdelaJimenez/build/trayectories/prefix_override:/home/adela/TFM_AdelaJimenez/install/trayectories/lib/python3.10/site-packages:${PYTHONPATH} /usr/bin/python3 -W ignore:setup.py install is deprecated setup.py egg_info --egg-base ../../../../build/trayectories build --build-base /home/adela/TFM_AdelaJimenez/build/trayectories/build install --record /home/adela/TFM_AdelaJimenez/build/trayectories/install.log --single-version-externally-managed install_data
