[4.209s] Invoking command in '/home/adela/TFM_AdelaJimenez/workspace/ros_ur_driver/src/data_logger': PYTHONPATH=/home/adela/TFM_AdelaJimenez/build/data_logger/prefix_override:/home/adela/TFM_AdelaJimenez/install/data_logger/lib/python3.10/site-packages:${PYTHONPATH} /usr/bin/python3 -W ignore:setup.py install is deprecated setup.py egg_info --egg-base ../../../../build/data_logger build --build-base /home/adela/TFM_AdelaJimenez/build/data_logger/build install --record /home/adela/TFM_AdelaJimenez/build/data_logger/install.log --single-version-externally-managed install_data
[5.774s] running egg_info
[5.789s] writing ../../../../build/data_logger/data_logger.egg-info/PKG-INFO
[5.789s] writing dependency_links to ../../../../build/data_logger/data_logger.egg-info/dependency_links.txt
[5.789s] writing entry points to ../../../../build/data_logger/data_logger.egg-info/entry_points.txt
[5.789s] writing requirements to ../../../../build/data_logger/data_logger.egg-info/requires.txt
[5.789s] writing top-level names to ../../../../build/data_logger/data_logger.egg-info/top_level.txt
[5.797s] reading manifest file '../../../../build/data_logger/data_logger.egg-info/SOURCES.txt'
[5.797s] writing manifest file '../../../../build/data_logger/data_logger.egg-info/SOURCES.txt'
[5.798s] running build
[5.800s] running build_py
[5.800s] running install
[5.801s] running install_lib
[5.812s] running install_data
[5.812s] running install_egg_info
[5.815s] removing '/home/adela/TFM_AdelaJimenez/install/data_logger/lib/python3.10/site-packages/data_logger-0.0.0-py3.10.egg-info' (and everything under it)
[5.819s] Copying ../../../../build/data_logger/data_logger.egg-info to /home/adela/TFM_AdelaJimenez/install/data_logger/lib/python3.10/site-packages/data_logger-0.0.0-py3.10.egg-info
[5.824s] running install_scripts
[5.941s] Installing analog_reader script to /home/adela/TFM_AdelaJimenez/install/data_logger/lib/data_logger
[5.942s] Installing data_emitter script to /home/adela/TFM_AdelaJimenez/install/data_logger/lib/data_logger
[5.944s] Installing data_reader script to /home/adela/TFM_AdelaJimenez/install/data_logger/lib/data_logger
[5.945s] Installing digital_reader script to /home/adela/TFM_AdelaJimenez/install/data_logger/lib/data_logger
[5.966s] Installing joint_reader script to /home/adela/TFM_AdelaJimenez/install/data_logger/lib/data_logger
[5.967s] Installing multi_logger script to /home/adela/TFM_AdelaJimenez/install/data_logger/lib/data_logger
[5.967s] Installing super_logger script to /home/adela/TFM_AdelaJimenez/install/data_logger/lib/data_logger
[5.967s] writing list of installed files to '/home/adela/TFM_AdelaJimenez/build/data_logger/install.log'
[6.210s] Invoked command in '/home/adela/TFM_AdelaJimenez/workspace/ros_ur_driver/src/data_logger' returned '0': PYTHONPATH=/home/adela/TFM_AdelaJimenez/build/data_logger/prefix_override:/home/adela/TFM_AdelaJimenez/install/data_logger/lib/python3.10/site-packages:${PYTHONPATH} /usr/bin/python3 -W ignore:setup.py install is deprecated setup.py egg_info --egg-base ../../../../build/data_logger build --build-base /home/adela/TFM_AdelaJimenez/build/data_logger/build install --record /home/adela/TFM_AdelaJimenez/build/data_logger/install.log --single-version-externally-managed install_data
