[0.103s] Invoking command in '/home/adela/TFM_AdelaJimenez/build/ur_robot_driver': AMENT_PREFIX_PATH=/home/adela/TFM_AdelaJimenez/install/ur_controllers:/home/adela/TFM_AdelaJimenez/install/ur_description:/home/adela/TFM_AdelaJimenez/install/ur_dashboard_msgs:${AMENT_PREFIX_PATH} CMAKE_PREFIX_PATH=/home/adela/TFM_AdelaJimenez/install/ur_controllers:/home/adela/TFM_AdelaJimenez/install/ur_description:/home/adela/TFM_AdelaJimenez/install/ur_dashboard_msgs:/home/adela/TFM_AdelaJimenez/workspace/ros_ur_driver/install/ur:/home/adela/TFM_AdelaJimenez/workspace/ros_ur_driver/install/ur_calibration:/home/adela/TFM_AdelaJimenez/workspace/ros_ur_driver/install/ur_robot_driver:/home/adela/TFM_AdelaJimenez/workspace/ros_ur_driver/install/ur_moveit_config:/home/adela/TFM_AdelaJimenez/workspace/ros_ur_driver/install/ur_bringup:/home/adela/TFM_AdelaJimenez/workspace/ros_ur_driver/install/ur_description:/home/adela/TFM_AdelaJimenez/workspace/ros_ur_driver/install/ur_controllers:/home/adela/TFM_AdelaJimenez/workspace/ros_ur_driver/install/ur_dashboard_msgs:/home/adela/TFM_MiguelLerinAlonso/workspace/ros_ur_driver/install/ur:/home/adela/TFM_MiguelLerinAlonso/workspace/ros_ur_driver/install/ur_calibration:/home/adela/TFM_MiguelLerinAlonso/workspace/ros_ur_driver/install/ur_robot_driver:/home/adela/TFM_MiguelLerinAlonso/workspace/ros_ur_driver/install/ur_moveit_config:/home/adela/TFM_MiguelLerinAlonso/workspace/ros_ur_driver/install/ur_bringup:/home/adela/TFM_MiguelLerinAlonso/workspace/ros_ur_driver/install/ur_description:/home/adela/TFM_MiguelLerinAlonso/workspace/ros_ur_driver/install/ur_controllers:/home/adela/TFM_MiguelLerinAlonso/workspace/ros_ur_driver/install/ur_dashboard_msgs:/home/adela/workspace/ros_ur_driver/install/ur:/home/adela/workspace/ros_ur_driver/install/ur_calibration:/home/adela/workspace/ros_ur_driver/install/ur_robot_driver:/home/adela/workspace/ros_ur_driver/install/ur_moveit_config:/home/adela/workspace/ros_ur_driver/install/ur_bringup:/home/adela/workspace/ros_ur_driver/install/ur_description:/home/adela/workspace/ros_ur_driver/install/ur_controllers:/home/adela/workspace/ros_ur_driver/install/ur_dashboard_msgs:/home/adela/TFM_AdelaJimenez/workspace/ros_ur_driver/install/trayectories:/home/adela/TFM_AdelaJimenez/workspace/ros_ur_driver/install/rutine_launcher:/home/adela/TFM_AdelaJimenez/workspace/ros_ur_driver/install/data_logger:/home/adela/TFM_AdelaJimenez/workspace/ros_ur_driver/install/conversion_datos:/home/adela/TFM_AdelaJimenez/workspace/ros_ur_driver/install/build_platform:/home/adela/TFM_MiguelLerinAlonso/workspace/ros_ur_driver/install/trayectories:/home/adela/TFM_MiguelLerinAlonso/workspace/ros_ur_driver/install/rutine_launcher:/home/adela/TFM_MiguelLerinAlonso/workspace/ros_ur_driver/install/data_logger:/home/adela/TFM_MiguelLerinAlonso/workspace/ros_ur_driver/install/build_platform:/opt/ros/humble LD_LIBRARY_PATH=/home/adela/TFM_AdelaJimenez/install/ur_controllers/lib:/home/adela/TFM_AdelaJimenez/install/ur_dashboard_msgs/lib:${LD_LIBRARY_PATH} PYTHONPATH=/home/adela/TFM_AdelaJimenez/install/ur_dashboard_msgs/local/lib/python3.10/dist-packages:${PYTHONPATH} /usr/bin/cmake --build /home/adela/TFM_AdelaJimenez/build/ur_robot_driver -- -j2 -l2
[0.555s] [ 26%] Built target ur_robot_driver_plugin
[0.770s] [ 53%] Built target dashboard_client
[0.918s] [ 66%] Built target ur_ros2_control_node
[1.076s] [ 86%] Built target controller_stopper_node
[1.243s] [100%] Built target urscript_interface
[1.476s] [100%] Built target ament_cmake_python_copy_ur_robot_driver
[3.252s] running egg_info
[3.256s] writing ur_robot_driver.egg-info/PKG-INFO
[3.261s] writing dependency_links to ur_robot_driver.egg-info/dependency_links.txt
[3.261s] writing top-level names to ur_robot_driver.egg-info/top_level.txt
[3.272s] reading manifest file 'ur_robot_driver.egg-info/SOURCES.txt'
[3.282s] writing manifest file 'ur_robot_driver.egg-info/SOURCES.txt'
[3.430s] [100%] Built target ament_cmake_python_build_ur_robot_driver_egg
[3.860s] Invoked command in '/home/adela/TFM_AdelaJimenez/build/ur_robot_driver' returned '0': AMENT_PREFIX_PATH=/home/adela/TFM_AdelaJimenez/install/ur_controllers:/home/adela/TFM_AdelaJimenez/install/ur_description:/home/adela/TFM_AdelaJimenez/install/ur_dashboard_msgs:${AMENT_PREFIX_PATH} CMAKE_PREFIX_PATH=/home/adela/TFM_AdelaJimenez/install/ur_controllers:/home/adela/TFM_AdelaJimenez/install/ur_description:/home/adela/TFM_AdelaJimenez/install/ur_dashboard_msgs:/home/adela/TFM_AdelaJimenez/workspace/ros_ur_driver/install/ur:/home/adela/TFM_AdelaJimenez/workspace/ros_ur_driver/install/ur_calibration:/home/adela/TFM_AdelaJimenez/workspace/ros_ur_driver/install/ur_robot_driver:/home/adela/TFM_AdelaJimenez/workspace/ros_ur_driver/install/ur_moveit_config:/home/adela/TFM_AdelaJimenez/workspace/ros_ur_driver/install/ur_bringup:/home/adela/TFM_AdelaJimenez/workspace/ros_ur_driver/install/ur_description:/home/adela/TFM_AdelaJimenez/workspace/ros_ur_driver/install/ur_controllers:/home/adela/TFM_AdelaJimenez/workspace/ros_ur_driver/install/ur_dashboard_msgs:/home/adela/TFM_MiguelLerinAlonso/workspace/ros_ur_driver/install/ur:/home/adela/TFM_MiguelLerinAlonso/workspace/ros_ur_driver/install/ur_calibration:/home/adela/TFM_MiguelLerinAlonso/workspace/ros_ur_driver/install/ur_robot_driver:/home/adela/TFM_MiguelLerinAlonso/workspace/ros_ur_driver/install/ur_moveit_config:/home/adela/TFM_MiguelLerinAlonso/workspace/ros_ur_driver/install/ur_bringup:/home/adela/TFM_MiguelLerinAlonso/workspace/ros_ur_driver/install/ur_description:/home/adela/TFM_MiguelLerinAlonso/workspace/ros_ur_driver/install/ur_controllers:/home/adela/TFM_MiguelLerinAlonso/workspace/ros_ur_driver/install/ur_dashboard_msgs:/home/adela/workspace/ros_ur_driver/install/ur:/home/adela/workspace/ros_ur_driver/install/ur_calibration:/home/adela/workspace/ros_ur_driver/install/ur_robot_driver:/home/adela/workspace/ros_ur_driver/install/ur_moveit_config:/home/adela/workspace/ros_ur_driver/install/ur_bringup:/home/adela/workspace/ros_ur_driver/install/ur_description:/home/adela/workspace/ros_ur_driver/install/ur_controllers:/home/adela/workspace/ros_ur_driver/install/ur_dashboard_msgs:/home/adela/TFM_AdelaJimenez/workspace/ros_ur_driver/install/trayectories:/home/adela/TFM_AdelaJimenez/workspace/ros_ur_driver/install/rutine_launcher:/home/adela/TFM_AdelaJimenez/workspace/ros_ur_driver/install/data_logger:/home/adela/TFM_AdelaJimenez/workspace/ros_ur_driver/install/conversion_datos:/home/adela/TFM_AdelaJimenez/workspace/ros_ur_driver/install/build_platform:/home/adela/TFM_MiguelLerinAlonso/workspace/ros_ur_driver/install/trayectories:/home/adela/TFM_MiguelLerinAlonso/workspace/ros_ur_driver/install/rutine_launcher:/home/adela/TFM_MiguelLerinAlonso/workspace/ros_ur_driver/install/data_logger:/home/adela/TFM_MiguelLerinAlonso/workspace/ros_ur_driver/install/build_platform:/opt/ros/humble LD_LIBRARY_PATH=/home/adela/TFM_AdelaJimenez/install/ur_controllers/lib:/home/adela/TFM_AdelaJimenez/install/ur_dashboard_msgs/lib:${LD_LIBRARY_PATH} PYTHONPATH=/home/adela/TFM_AdelaJimenez/install/ur_dashboard_msgs/local/lib/python3.10/dist-packages:${PYTHONPATH} /usr/bin/cmake --build /home/adela/TFM_AdelaJimenez/build/ur_robot_driver -- -j2 -l2
[4.054s] Invoking command in '/home/adela/TFM_AdelaJimenez/build/ur_robot_driver': AMENT_PREFIX_PATH=/home/adela/TFM_AdelaJimenez/install/ur_controllers:/home/adela/TFM_AdelaJimenez/install/ur_description:/home/adela/TFM_AdelaJimenez/install/ur_dashboard_msgs:${AMENT_PREFIX_PATH} CMAKE_PREFIX_PATH=/home/adela/TFM_AdelaJimenez/install/ur_controllers:/home/adela/TFM_AdelaJimenez/install/ur_description:/home/adela/TFM_AdelaJimenez/install/ur_dashboard_msgs:/home/adela/TFM_AdelaJimenez/workspace/ros_ur_driver/install/ur:/home/adela/TFM_AdelaJimenez/workspace/ros_ur_driver/install/ur_calibration:/home/adela/TFM_AdelaJimenez/workspace/ros_ur_driver/install/ur_robot_driver:/home/adela/TFM_AdelaJimenez/workspace/ros_ur_driver/install/ur_moveit_config:/home/adela/TFM_AdelaJimenez/workspace/ros_ur_driver/install/ur_bringup:/home/adela/TFM_AdelaJimenez/workspace/ros_ur_driver/install/ur_description:/home/adela/TFM_AdelaJimenez/workspace/ros_ur_driver/install/ur_controllers:/home/adela/TFM_AdelaJimenez/workspace/ros_ur_driver/install/ur_dashboard_msgs:/home/adela/TFM_MiguelLerinAlonso/workspace/ros_ur_driver/install/ur:/home/adela/TFM_MiguelLerinAlonso/workspace/ros_ur_driver/install/ur_calibration:/home/adela/TFM_MiguelLerinAlonso/workspace/ros_ur_driver/install/ur_robot_driver:/home/adela/TFM_MiguelLerinAlonso/workspace/ros_ur_driver/install/ur_moveit_config:/home/adela/TFM_MiguelLerinAlonso/workspace/ros_ur_driver/install/ur_bringup:/home/adela/TFM_MiguelLerinAlonso/workspace/ros_ur_driver/install/ur_description:/home/adela/TFM_MiguelLerinAlonso/workspace/ros_ur_driver/install/ur_controllers:/home/adela/TFM_MiguelLerinAlonso/workspace/ros_ur_driver/install/ur_dashboard_msgs:/home/adela/workspace/ros_ur_driver/install/ur:/home/adela/workspace/ros_ur_driver/install/ur_calibration:/home/adela/workspace/ros_ur_driver/install/ur_robot_driver:/home/adela/workspace/ros_ur_driver/install/ur_moveit_config:/home/adela/workspace/ros_ur_driver/install/ur_bringup:/home/adela/workspace/ros_ur_driver/install/ur_description:/home/adela/workspace/ros_ur_driver/install/ur_controllers:/home/adela/workspace/ros_ur_driver/install/ur_dashboard_msgs:/home/adela/TFM_AdelaJimenez/workspace/ros_ur_driver/install/trayectories:/home/adela/TFM_AdelaJimenez/workspace/ros_ur_driver/install/rutine_launcher:/home/adela/TFM_AdelaJimenez/workspace/ros_ur_driver/install/data_logger:/home/adela/TFM_AdelaJimenez/workspace/ros_ur_driver/install/conversion_datos:/home/adela/TFM_AdelaJimenez/workspace/ros_ur_driver/install/build_platform:/home/adela/TFM_MiguelLerinAlonso/workspace/ros_ur_driver/install/trayectories:/home/adela/TFM_MiguelLerinAlonso/workspace/ros_ur_driver/install/rutine_launcher:/home/adela/TFM_MiguelLerinAlonso/workspace/ros_ur_driver/install/data_logger:/home/adela/TFM_MiguelLerinAlonso/workspace/ros_ur_driver/install/build_platform:/opt/ros/humble LD_LIBRARY_PATH=/home/adela/TFM_AdelaJimenez/install/ur_controllers/lib:/home/adela/TFM_AdelaJimenez/install/ur_dashboard_msgs/lib:${LD_LIBRARY_PATH} PYTHONPATH=/home/adela/TFM_AdelaJimenez/install/ur_dashboard_msgs/local/lib/python3.10/dist-packages:${PYTHONPATH} /usr/bin/cmake --install /home/adela/TFM_AdelaJimenez/build/ur_robot_driver
[4.101s] -- Install configuration: "RelWithDebInfo"
[4.103s] -- Up-to-date: /home/adela/TFM_AdelaJimenez/install/ur_robot_driver/share/ur_robot_driver/hardware_interface_plugin.xml
[4.106s] -- Up-to-date: /home/adela/TFM_AdelaJimenez/install/ur_robot_driver/lib/ur_robot_driver/dashboard_client
[4.126s] -- Up-to-date: /home/adela/TFM_AdelaJimenez/install/ur_robot_driver/lib/ur_robot_driver/ur_ros2_control_node
[4.130s] -- Up-to-date: /home/adela/TFM_AdelaJimenez/install/ur_robot_driver/lib/ur_robot_driver/controller_stopper_node
[4.133s] -- Up-to-date: /home/adela/TFM_AdelaJimenez/install/ur_robot_driver/lib/ur_robot_driver/urscript_interface
[4.137s] -- Up-to-date: /home/adela/TFM_AdelaJimenez/install/ur_robot_driver/lib/libur_robot_driver_plugin.so
[4.137s] -- Up-to-date: /home/adela/TFM_AdelaJimenez/install/ur_robot_driver/include
[4.137s] -- Up-to-date: /home/adela/TFM_AdelaJimenez/install/ur_robot_driver/include/ur_robot_driver
[4.138s] -- Up-to-date: /home/adela/TFM_AdelaJimenez/install/ur_robot_driver/include/ur_robot_driver/hardware_interface.hpp
[4.138s] -- Up-to-date: /home/adela/TFM_AdelaJimenez/install/ur_robot_driver/include/ur_robot_driver/urcl_log_handler.hpp
[4.138s] -- Up-to-date: /home/adela/TFM_AdelaJimenez/install/ur_robot_driver/include/ur_robot_driver/controller_stopper.hpp
[4.138s] -- Up-to-date: /home/adela/TFM_AdelaJimenez/install/ur_robot_driver/include/ur_robot_driver/dashboard_client_ros.hpp
[4.138s] -- Up-to-date: /home/adela/TFM_AdelaJimenez/install/ur_robot_driver/share/ur_robot_driver/environment/library_path.sh
[4.138s] -- Up-to-date: /home/adela/TFM_AdelaJimenez/install/ur_robot_driver/share/ur_robot_driver/environment/library_path.dsv
[4.156s] -- Up-to-date: /home/adela/TFM_AdelaJimenez/install/ur_robot_driver/share/ur_robot_driver/resources
[4.157s] -- Up-to-date: /home/adela/TFM_AdelaJimenez/install/ur_robot_driver/share/ur_robot_driver/resources/rtde_output_recipe.txt
[4.157s] -- Up-to-date: /home/adela/TFM_AdelaJimenez/install/ur_robot_driver/share/ur_robot_driver/resources/ros_control.urscript
[4.157s] -- Up-to-date: /home/adela/TFM_AdelaJimenez/install/ur_robot_driver/share/ur_robot_driver/resources/rs485-1.0.urcap
[4.157s] -- Up-to-date: /home/adela/TFM_AdelaJimenez/install/ur_robot_driver/share/ur_robot_driver/resources/rtde_input_recipe.txt
[4.157s] -- Up-to-date: /home/adela/TFM_AdelaJimenez/install/ur_robot_driver/share/ur_robot_driver/resources/externalcontrol-1.0.5.urcap
[4.157s] -- Up-to-date: /home/adela/TFM_AdelaJimenez/install/ur_robot_driver/include
[4.157s] -- Up-to-date: /home/adela/TFM_AdelaJimenez/install/ur_robot_driver/include/ur_robot_driver
[4.158s] -- Up-to-date: /home/adela/TFM_AdelaJimenez/install/ur_robot_driver/include/ur_robot_driver/hardware_interface.hpp
[4.158s] -- Up-to-date: /home/adela/TFM_AdelaJimenez/install/ur_robot_driver/include/ur_robot_driver/urcl_log_handler.hpp
[4.158s] -- Up-to-date: /home/adela/TFM_AdelaJimenez/install/ur_robot_driver/include/ur_robot_driver/controller_stopper.hpp
[4.158s] -- Up-to-date: /home/adela/TFM_AdelaJimenez/install/ur_robot_driver/include/ur_robot_driver/dashboard_client_ros.hpp
[4.159s] -- Up-to-date: /home/adela/TFM_AdelaJimenez/install/ur_robot_driver/share/ur_robot_driver/environment/pythonpath.sh
[4.159s] -- Up-to-date: /home/adela/TFM_AdelaJimenez/install/ur_robot_driver/share/ur_robot_driver/environment/pythonpath.dsv
[4.159s] -- Up-to-date: /home/adela/TFM_AdelaJimenez/install/ur_robot_driver/local/lib/python3.10/dist-packages/ur_robot_driver-2.2.10-py3.10.egg-info
[4.159s] -- Installing: /home/adela/TFM_AdelaJimenez/install/ur_robot_driver/local/lib/python3.10/dist-packages/ur_robot_driver-2.2.10-py3.10.egg-info/dependency_links.txt
[4.160s] -- Installing: /home/adela/TFM_AdelaJimenez/install/ur_robot_driver/local/lib/python3.10/dist-packages/ur_robot_driver-2.2.10-py3.10.egg-info/PKG-INFO
[4.160s] -- Installing: /home/adela/TFM_AdelaJimenez/install/ur_robot_driver/local/lib/python3.10/dist-packages/ur_robot_driver-2.2.10-py3.10.egg-info/top_level.txt
[4.160s] -- Installing: /home/adela/TFM_AdelaJimenez/install/ur_robot_driver/local/lib/python3.10/dist-packages/ur_robot_driver-2.2.10-py3.10.egg-info/SOURCES.txt
[4.160s] -- Up-to-date: /home/adela/TFM_AdelaJimenez/install/ur_robot_driver/local/lib/python3.10/dist-packages/ur_robot_driver
[4.160s] -- Up-to-date: /home/adela/TFM_AdelaJimenez/install/ur_robot_driver/local/lib/python3.10/dist-packages/ur_robot_driver/__init__.py
[4.329s] Listing '/home/adela/TFM_AdelaJimenez/install/ur_robot_driver/local/lib/python3.10/dist-packages/ur_robot_driver'...
[4.363s] -- Up-to-date: /home/adela/TFM_AdelaJimenez/install/ur_robot_driver/lib/ur_robot_driver/tool_communication.py
[4.363s] -- Up-to-date: /home/adela/TFM_AdelaJimenez/install/ur_robot_driver/bin/wait_dashboard_server.sh
[4.363s] -- Up-to-date: /home/adela/TFM_AdelaJimenez/install/ur_robot_driver/lib/ur_robot_driver/start_ursim.sh
[4.363s] -- Up-to-date: /home/adela/TFM_AdelaJimenez/install/ur_robot_driver/share/ur_robot_driver/config
[4.364s] -- Up-to-date: /home/adela/TFM_AdelaJimenez/install/ur_robot_driver/share/ur_robot_driver/config/ur20_update_rate.yaml
[4.364s] -- Up-to-date: /home/adela/TFM_AdelaJimenez/install/ur_robot_driver/share/ur_robot_driver/config/ur3e_update_rate.yaml
[4.375s] -- Up-to-date: /home/adela/TFM_AdelaJimenez/install/ur_robot_driver/share/ur_robot_driver/config/ur10e_update_rate.yaml
[4.375s] -- Up-to-date: /home/adela/TFM_AdelaJimenez/install/ur_robot_driver/share/ur_robot_driver/config/ur3_update_rate.yaml
[4.375s] -- Up-to-date: /home/adela/TFM_AdelaJimenez/install/ur_robot_driver/share/ur_robot_driver/config/test_velocity_goal_publishers_config.yaml
[4.375s] -- Up-to-date: /home/adela/TFM_AdelaJimenez/install/ur_robot_driver/share/ur_robot_driver/config/ur16e_update_rate.yaml
[4.376s] -- Up-to-date: /home/adela/TFM_AdelaJimenez/install/ur_robot_driver/share/ur_robot_driver/config/ur_controllers.yaml
[4.376s] -- Up-to-date: /home/adela/TFM_AdelaJimenez/install/ur_robot_driver/share/ur_robot_driver/config/test_goal_publishers_config.yaml
[4.376s] -- Up-to-date: /home/adela/TFM_AdelaJimenez/install/ur_robot_driver/share/ur_robot_driver/config/ur5_update_rate.yaml
[4.376s] -- Up-to-date: /home/adela/TFM_AdelaJimenez/install/ur_robot_driver/share/ur_robot_driver/config/ur5e_update_rate.yaml
[4.376s] -- Up-to-date: /home/adela/TFM_AdelaJimenez/install/ur_robot_driver/share/ur_robot_driver/config/ur10_update_rate.yaml
[4.376s] -- Up-to-date: /home/adela/TFM_AdelaJimenez/install/ur_robot_driver/share/ur_robot_driver/launch
[4.376s] -- Up-to-date: /home/adela/TFM_AdelaJimenez/install/ur_robot_driver/share/ur_robot_driver/launch/test_joint_trajectory_controller.launch.py
[4.376s] -- Up-to-date: /home/adela/TFM_AdelaJimenez/install/ur_robot_driver/share/ur_robot_driver/launch/ur20.launch.py
[4.376s] -- Up-to-date: /home/adela/TFM_AdelaJimenez/install/ur_robot_driver/share/ur_robot_driver/launch/ur10.launch.py
[4.377s] -- Up-to-date: /home/adela/TFM_AdelaJimenez/install/ur_robot_driver/share/ur_robot_driver/launch/ur16e.launch.py
[4.377s] -- Up-to-date: /home/adela/TFM_AdelaJimenez/install/ur_robot_driver/share/ur_robot_driver/launch/ur_control.launch.py
[4.377s] -- Up-to-date: /home/adela/TFM_AdelaJimenez/install/ur_robot_driver/share/ur_robot_driver/launch/test_forward_velocity_controller.launch.py
[4.377s] -- Up-to-date: /home/adela/TFM_AdelaJimenez/install/ur_robot_driver/share/ur_robot_driver/launch/ur_dashboard_client.launch.py
[4.388s] -- Up-to-date: /home/adela/TFM_AdelaJimenez/install/ur_robot_driver/share/ur_robot_driver/launch/ur3e.launch.py
[4.388s] -- Up-to-date: /home/adela/TFM_AdelaJimenez/install/ur_robot_driver/share/ur_robot_driver/launch/ur10e.launch.py
[4.388s] -- Up-to-date: /home/adela/TFM_AdelaJimenez/install/ur_robot_driver/share/ur_robot_driver/launch/ur5.launch.py
[4.388s] -- Up-to-date: /home/adela/TFM_AdelaJimenez/install/ur_robot_driver/share/ur_robot_driver/launch/ur3.launch.py
[4.388s] -- Up-to-date: /home/adela/TFM_AdelaJimenez/install/ur_robot_driver/share/ur_robot_driver/launch/ur5e.launch.py
[4.388s] -- Up-to-date: /home/adela/TFM_AdelaJimenez/install/ur_robot_driver/share/ur_robot_driver/launch/test_scaled_joint_trajectory_controller.launch.py
[4.389s] -- Up-to-date: /home/adela/TFM_AdelaJimenez/install/ur_robot_driver/share/ament_index/resource_index/package_run_dependencies/ur_robot_driver
[4.389s] -- Up-to-date: /home/adela/TFM_AdelaJimenez/install/ur_robot_driver/share/ament_index/resource_index/parent_prefix_path/ur_robot_driver
[4.389s] -- Up-to-date: /home/adela/TFM_AdelaJimenez/install/ur_robot_driver/share/ur_robot_driver/environment/ament_prefix_path.sh
[4.389s] -- Up-to-date: /home/adela/TFM_AdelaJimenez/install/ur_robot_driver/share/ur_robot_driver/environment/ament_prefix_path.dsv
[4.389s] -- Up-to-date: /home/adela/TFM_AdelaJimenez/install/ur_robot_driver/share/ur_robot_driver/environment/path.sh
[4.390s] -- Up-to-date: /home/adela/TFM_AdelaJimenez/install/ur_robot_driver/share/ur_robot_driver/environment/path.dsv
[4.390s] -- Up-to-date: /home/adela/TFM_AdelaJimenez/install/ur_robot_driver/share/ur_robot_driver/local_setup.bash
[4.390s] -- Up-to-date: /home/adela/TFM_AdelaJimenez/install/ur_robot_driver/share/ur_robot_driver/local_setup.sh
[4.390s] -- Up-to-date: /home/adela/TFM_AdelaJimenez/install/ur_robot_driver/share/ur_robot_driver/local_setup.zsh
[4.390s] -- Up-to-date: /home/adela/TFM_AdelaJimenez/install/ur_robot_driver/share/ur_robot_driver/local_setup.dsv
[4.390s] -- Installing: /home/adela/TFM_AdelaJimenez/install/ur_robot_driver/share/ur_robot_driver/package.dsv
[4.390s] -- Up-to-date: /home/adela/TFM_AdelaJimenez/install/ur_robot_driver/share/ament_index/resource_index/packages/ur_robot_driver
[4.390s] -- Up-to-date: /home/adela/TFM_AdelaJimenez/install/ur_robot_driver/share/ament_index/resource_index/hardware_interface__pluginlib__plugin/ur_robot_driver
[4.390s] -- Up-to-date: /home/adela/TFM_AdelaJimenez/install/ur_robot_driver/share/ur_robot_driver/cmake/ament_cmake_export_include_directories-extras.cmake
[4.390s] -- Up-to-date: /home/adela/TFM_AdelaJimenez/install/ur_robot_driver/share/ur_robot_driver/cmake/ament_cmake_export_libraries-extras.cmake
[4.390s] -- Up-to-date: /home/adela/TFM_AdelaJimenez/install/ur_robot_driver/share/ur_robot_driver/cmake/ament_cmake_export_dependencies-extras.cmake
[4.391s] -- Up-to-date: /home/adela/TFM_AdelaJimenez/install/ur_robot_driver/share/ur_robot_driver/cmake/ur_robot_driverConfig.cmake
[4.401s] -- Up-to-date: /home/adela/TFM_AdelaJimenez/install/ur_robot_driver/share/ur_robot_driver/cmake/ur_robot_driverConfig-version.cmake
[4.401s] -- Up-to-date: /home/adela/TFM_AdelaJimenez/install/ur_robot_driver/share/ur_robot_driver/package.xml
[4.402s] Invoked command in '/home/adela/TFM_AdelaJimenez/build/ur_robot_driver' returned '0': AMENT_PREFIX_PATH=/home/adela/TFM_AdelaJimenez/install/ur_controllers:/home/adela/TFM_AdelaJimenez/install/ur_description:/home/adela/TFM_AdelaJimenez/install/ur_dashboard_msgs:${AMENT_PREFIX_PATH} CMAKE_PREFIX_PATH=/home/adela/TFM_AdelaJimenez/install/ur_controllers:/home/adela/TFM_AdelaJimenez/install/ur_description:/home/adela/TFM_AdelaJimenez/install/ur_dashboard_msgs:/home/adela/TFM_AdelaJimenez/workspace/ros_ur_driver/install/ur:/home/adela/TFM_AdelaJimenez/workspace/ros_ur_driver/install/ur_calibration:/home/adela/TFM_AdelaJimenez/workspace/ros_ur_driver/install/ur_robot_driver:/home/adela/TFM_AdelaJimenez/workspace/ros_ur_driver/install/ur_moveit_config:/home/adela/TFM_AdelaJimenez/workspace/ros_ur_driver/install/ur_bringup:/home/adela/TFM_AdelaJimenez/workspace/ros_ur_driver/install/ur_description:/home/adela/TFM_AdelaJimenez/workspace/ros_ur_driver/install/ur_controllers:/home/adela/TFM_AdelaJimenez/workspace/ros_ur_driver/install/ur_dashboard_msgs:/home/adela/TFM_MiguelLerinAlonso/workspace/ros_ur_driver/install/ur:/home/adela/TFM_MiguelLerinAlonso/workspace/ros_ur_driver/install/ur_calibration:/home/adela/TFM_MiguelLerinAlonso/workspace/ros_ur_driver/install/ur_robot_driver:/home/adela/TFM_MiguelLerinAlonso/workspace/ros_ur_driver/install/ur_moveit_config:/home/adela/TFM_MiguelLerinAlonso/workspace/ros_ur_driver/install/ur_bringup:/home/adela/TFM_MiguelLerinAlonso/workspace/ros_ur_driver/install/ur_description:/home/adela/TFM_MiguelLerinAlonso/workspace/ros_ur_driver/install/ur_controllers:/home/adela/TFM_MiguelLerinAlonso/workspace/ros_ur_driver/install/ur_dashboard_msgs:/home/adela/workspace/ros_ur_driver/install/ur:/home/adela/workspace/ros_ur_driver/install/ur_calibration:/home/adela/workspace/ros_ur_driver/install/ur_robot_driver:/home/adela/workspace/ros_ur_driver/install/ur_moveit_config:/home/adela/workspace/ros_ur_driver/install/ur_bringup:/home/adela/workspace/ros_ur_driver/install/ur_description:/home/adela/workspace/ros_ur_driver/install/ur_controllers:/home/adela/workspace/ros_ur_driver/install/ur_dashboard_msgs:/home/adela/TFM_AdelaJimenez/workspace/ros_ur_driver/install/trayectories:/home/adela/TFM_AdelaJimenez/workspace/ros_ur_driver/install/rutine_launcher:/home/adela/TFM_AdelaJimenez/workspace/ros_ur_driver/install/data_logger:/home/adela/TFM_AdelaJimenez/workspace/ros_ur_driver/install/conversion_datos:/home/adela/TFM_AdelaJimenez/workspace/ros_ur_driver/install/build_platform:/home/adela/TFM_MiguelLerinAlonso/workspace/ros_ur_driver/install/trayectories:/home/adela/TFM_MiguelLerinAlonso/workspace/ros_ur_driver/install/rutine_launcher:/home/adela/TFM_MiguelLerinAlonso/workspace/ros_ur_driver/install/data_logger:/home/adela/TFM_MiguelLerinAlonso/workspace/ros_ur_driver/install/build_platform:/opt/ros/humble LD_LIBRARY_PATH=/home/adela/TFM_AdelaJimenez/install/ur_controllers/lib:/home/adela/TFM_AdelaJimenez/install/ur_dashboard_msgs/lib:${LD_LIBRARY_PATH} PYTHONPATH=/home/adela/TFM_AdelaJimenez/install/ur_dashboard_msgs/local/lib/python3.10/dist-packages:${PYTHONPATH} /usr/bin/cmake --install /home/adela/TFM_AdelaJimenez/build/ur_robot_driver
