[0.218s] Invoking command in '/home/adela/TFM_AdelaJimenez/build/ur_robot_driver': AMENT_PREFIX_PATH=/home/adela/TFM_AdelaJimenez/install/ur_controllers:/home/adela/TFM_AdelaJimenez/install/ur_description:/home/adela/TFM_AdelaJimenez/install/ur_dashboard_msgs:${AMENT_PREFIX_PATH} CMAKE_PREFIX_PATH=/home/adela/TFM_AdelaJimenez/install/ur_controllers:/home/adela/TFM_AdelaJimenez/install/ur_description:/home/adela/TFM_AdelaJimenez/install/ur_dashboard_msgs:/home/adela/TFM_AdelaJimenez/workspace/ros_ur_driver/install/ur:/home/adela/TFM_AdelaJimenez/workspace/ros_ur_driver/install/ur_calibration:/home/adela/TFM_AdelaJimenez/workspace/ros_ur_driver/install/ur_robot_driver:/home/adela/TFM_AdelaJimenez/workspace/ros_ur_driver/install/ur_moveit_config:/home/adela/TFM_AdelaJimenez/workspace/ros_ur_driver/install/ur_bringup:/home/adela/TFM_AdelaJimenez/workspace/ros_ur_driver/install/ur_description:/home/adela/TFM_AdelaJimenez/workspace/ros_ur_driver/install/ur_controllers:/home/adela/TFM_AdelaJimenez/workspace/ros_ur_driver/install/ur_dashboard_msgs:/home/adela/TFM_MiguelLerinAlonso/workspace/ros_ur_driver/install/ur:/home/adela/TFM_MiguelLerinAlonso/workspace/ros_ur_driver/install/ur_calibration:/home/adela/TFM_MiguelLerinAlonso/workspace/ros_ur_driver/install/ur_robot_driver:/home/adela/TFM_MiguelLerinAlonso/workspace/ros_ur_driver/install/ur_moveit_config:/home/adela/TFM_MiguelLerinAlonso/workspace/ros_ur_driver/install/ur_bringup:/home/adela/TFM_MiguelLerinAlonso/workspace/ros_ur_driver/install/ur_description:/home/adela/TFM_MiguelLerinAlonso/workspace/ros_ur_driver/install/ur_controllers:/home/adela/TFM_MiguelLerinAlonso/workspace/ros_ur_driver/install/ur_dashboard_msgs:/home/adela/workspace/ros_ur_driver/install/ur:/home/adela/workspace/ros_ur_driver/install/ur_calibration:/home/adela/workspace/ros_ur_driver/install/ur_robot_driver:/home/adela/workspace/ros_ur_driver/install/ur_moveit_config:/home/adela/workspace/ros_ur_driver/install/ur_bringup:/home/adela/workspace/ros_ur_driver/install/ur_description:/home/adela/workspace/ros_ur_driver/install/ur_controllers:/home/adela/workspace/ros_ur_driver/install/ur_dashboard_msgs:/home/adela/TFM_AdelaJimenez/workspace/ros_ur_driver/install/trayectories:/home/adela/TFM_AdelaJimenez/workspace/ros_ur_driver/install/rutine_launcher:/home/adela/TFM_AdelaJimenez/workspace/ros_ur_driver/install/data_logger:/home/adela/TFM_AdelaJimenez/workspace/ros_ur_driver/install/build_platform:/home/adela/TFM_MiguelLerinAlonso/workspace/ros_ur_driver/install/trayectories:/home/adela/TFM_MiguelLerinAlonso/workspace/ros_ur_driver/install/rutine_launcher:/home/adela/TFM_MiguelLerinAlonso/workspace/ros_ur_driver/install/data_logger:/home/adela/TFM_MiguelLerinAlonso/workspace/ros_ur_driver/install/build_platform:/opt/ros/humble LD_LIBRARY_PATH=/home/adela/TFM_AdelaJimenez/install/ur_controllers/lib:/home/adela/TFM_AdelaJimenez/install/ur_dashboard_msgs/lib:${LD_LIBRARY_PATH} PYTHONPATH=/home/adela/TFM_AdelaJimenez/install/ur_dashboard_msgs/local/lib/python3.10/dist-packages:${PYTHONPATH} /usr/bin/cmake --build /home/adela/TFM_AdelaJimenez/build/ur_robot_driver -- -j2 -l2
[1.053s] [ 26%] Built target ur_robot_driver_plugin
[1.260s] [ 53%] Built target dashboard_client
[1.468s] [ 66%] Built target ur_ros2_control_node
[1.729s] [ 86%] Built target controller_stopper_node
[1.910s] [100%] Built target urscript_interface
[2.122s] [100%] Built target ament_cmake_python_copy_ur_robot_driver
[3.962s] running egg_info
[3.976s] writing ur_robot_driver.egg-info/PKG-INFO
[3.981s] writing dependency_links to ur_robot_driver.egg-info/dependency_links.txt
[3.987s] writing top-level names to ur_robot_driver.egg-info/top_level.txt
[4.003s] reading manifest file 'ur_robot_driver.egg-info/SOURCES.txt'
[4.010s] writing manifest file 'ur_robot_driver.egg-info/SOURCES.txt'
[4.145s] [100%] Built target ament_cmake_python_build_ur_robot_driver_egg
[4.227s] Invoked command in '/home/adela/TFM_AdelaJimenez/build/ur_robot_driver' returned '0': AMENT_PREFIX_PATH=/home/adela/TFM_AdelaJimenez/install/ur_controllers:/home/adela/TFM_AdelaJimenez/install/ur_description:/home/adela/TFM_AdelaJimenez/install/ur_dashboard_msgs:${AMENT_PREFIX_PATH} CMAKE_PREFIX_PATH=/home/adela/TFM_AdelaJimenez/install/ur_controllers:/home/adela/TFM_AdelaJimenez/install/ur_description:/home/adela/TFM_AdelaJimenez/install/ur_dashboard_msgs:/home/adela/TFM_AdelaJimenez/workspace/ros_ur_driver/install/ur:/home/adela/TFM_AdelaJimenez/workspace/ros_ur_driver/install/ur_calibration:/home/adela/TFM_AdelaJimenez/workspace/ros_ur_driver/install/ur_robot_driver:/home/adela/TFM_AdelaJimenez/workspace/ros_ur_driver/install/ur_moveit_config:/home/adela/TFM_AdelaJimenez/workspace/ros_ur_driver/install/ur_bringup:/home/adela/TFM_AdelaJimenez/workspace/ros_ur_driver/install/ur_description:/home/adela/TFM_AdelaJimenez/workspace/ros_ur_driver/install/ur_controllers:/home/adela/TFM_AdelaJimenez/workspace/ros_ur_driver/install/ur_dashboard_msgs:/home/adela/TFM_MiguelLerinAlonso/workspace/ros_ur_driver/install/ur:/home/adela/TFM_MiguelLerinAlonso/workspace/ros_ur_driver/install/ur_calibration:/home/adela/TFM_MiguelLerinAlonso/workspace/ros_ur_driver/install/ur_robot_driver:/home/adela/TFM_MiguelLerinAlonso/workspace/ros_ur_driver/install/ur_moveit_config:/home/adela/TFM_MiguelLerinAlonso/workspace/ros_ur_driver/install/ur_bringup:/home/adela/TFM_MiguelLerinAlonso/workspace/ros_ur_driver/install/ur_description:/home/adela/TFM_MiguelLerinAlonso/workspace/ros_ur_driver/install/ur_controllers:/home/adela/TFM_MiguelLerinAlonso/workspace/ros_ur_driver/install/ur_dashboard_msgs:/home/adela/workspace/ros_ur_driver/install/ur:/home/adela/workspace/ros_ur_driver/install/ur_calibration:/home/adela/workspace/ros_ur_driver/install/ur_robot_driver:/home/adela/workspace/ros_ur_driver/install/ur_moveit_config:/home/adela/workspace/ros_ur_driver/install/ur_bringup:/home/adela/workspace/ros_ur_driver/install/ur_description:/home/adela/workspace/ros_ur_driver/install/ur_controllers:/home/adela/workspace/ros_ur_driver/install/ur_dashboard_msgs:/home/adela/TFM_AdelaJimenez/workspace/ros_ur_driver/install/trayectories:/home/adela/TFM_AdelaJimenez/workspace/ros_ur_driver/install/rutine_launcher:/home/adela/TFM_AdelaJimenez/workspace/ros_ur_driver/install/data_logger:/home/adela/TFM_AdelaJimenez/workspace/ros_ur_driver/install/build_platform:/home/adela/TFM_MiguelLerinAlonso/workspace/ros_ur_driver/install/trayectories:/home/adela/TFM_MiguelLerinAlonso/workspace/ros_ur_driver/install/rutine_launcher:/home/adela/TFM_MiguelLerinAlonso/workspace/ros_ur_driver/install/data_logger:/home/adela/TFM_MiguelLerinAlonso/workspace/ros_ur_driver/install/build_platform:/opt/ros/humble LD_LIBRARY_PATH=/home/adela/TFM_AdelaJimenez/install/ur_controllers/lib:/home/adela/TFM_AdelaJimenez/install/ur_dashboard_msgs/lib:${LD_LIBRARY_PATH} PYTHONPATH=/home/adela/TFM_AdelaJimenez/install/ur_dashboard_msgs/local/lib/python3.10/dist-packages:${PYTHONPATH} /usr/bin/cmake --build /home/adela/TFM_AdelaJimenez/build/ur_robot_driver -- -j2 -l2
[4.593s] Invoking command in '/home/adela/TFM_AdelaJimenez/build/ur_robot_driver': AMENT_PREFIX_PATH=/home/adela/TFM_AdelaJimenez/install/ur_controllers:/home/adela/TFM_AdelaJimenez/install/ur_description:/home/adela/TFM_AdelaJimenez/install/ur_dashboard_msgs:${AMENT_PREFIX_PATH} CMAKE_PREFIX_PATH=/home/adela/TFM_AdelaJimenez/install/ur_controllers:/home/adela/TFM_AdelaJimenez/install/ur_description:/home/adela/TFM_AdelaJimenez/install/ur_dashboard_msgs:/home/adela/TFM_AdelaJimenez/workspace/ros_ur_driver/install/ur:/home/adela/TFM_AdelaJimenez/workspace/ros_ur_driver/install/ur_calibration:/home/adela/TFM_AdelaJimenez/workspace/ros_ur_driver/install/ur_robot_driver:/home/adela/TFM_AdelaJimenez/workspace/ros_ur_driver/install/ur_moveit_config:/home/adela/TFM_AdelaJimenez/workspace/ros_ur_driver/install/ur_bringup:/home/adela/TFM_AdelaJimenez/workspace/ros_ur_driver/install/ur_description:/home/adela/TFM_AdelaJimenez/workspace/ros_ur_driver/install/ur_controllers:/home/adela/TFM_AdelaJimenez/workspace/ros_ur_driver/install/ur_dashboard_msgs:/home/adela/TFM_MiguelLerinAlonso/workspace/ros_ur_driver/install/ur:/home/adela/TFM_MiguelLerinAlonso/workspace/ros_ur_driver/install/ur_calibration:/home/adela/TFM_MiguelLerinAlonso/workspace/ros_ur_driver/install/ur_robot_driver:/home/adela/TFM_MiguelLerinAlonso/workspace/ros_ur_driver/install/ur_moveit_config:/home/adela/TFM_MiguelLerinAlonso/workspace/ros_ur_driver/install/ur_bringup:/home/adela/TFM_MiguelLerinAlonso/workspace/ros_ur_driver/install/ur_description:/home/adela/TFM_MiguelLerinAlonso/workspace/ros_ur_driver/install/ur_controllers:/home/adela/TFM_MiguelLerinAlonso/workspace/ros_ur_driver/install/ur_dashboard_msgs:/home/adela/workspace/ros_ur_driver/install/ur:/home/adela/workspace/ros_ur_driver/install/ur_calibration:/home/adela/workspace/ros_ur_driver/install/ur_robot_driver:/home/adela/workspace/ros_ur_driver/install/ur_moveit_config:/home/adela/workspace/ros_ur_driver/install/ur_bringup:/home/adela/workspace/ros_ur_driver/install/ur_description:/home/adela/workspace/ros_ur_driver/install/ur_controllers:/home/adela/workspace/ros_ur_driver/install/ur_dashboard_msgs:/home/adela/TFM_AdelaJimenez/workspace/ros_ur_driver/install/trayectories:/home/adela/TFM_AdelaJimenez/workspace/ros_ur_driver/install/rutine_launcher:/home/adela/TFM_AdelaJimenez/workspace/ros_ur_driver/install/data_logger:/home/adela/TFM_AdelaJimenez/workspace/ros_ur_driver/install/build_platform:/home/adela/TFM_MiguelLerinAlonso/workspace/ros_ur_driver/install/trayectories:/home/adela/TFM_MiguelLerinAlonso/workspace/ros_ur_driver/install/rutine_launcher:/home/adela/TFM_MiguelLerinAlonso/workspace/ros_ur_driver/install/data_logger:/home/adela/TFM_MiguelLerinAlonso/workspace/ros_ur_driver/install/build_platform:/opt/ros/humble LD_LIBRARY_PATH=/home/adela/TFM_AdelaJimenez/install/ur_controllers/lib:/home/adela/TFM_AdelaJimenez/install/ur_dashboard_msgs/lib:${LD_LIBRARY_PATH} PYTHONPATH=/home/adela/TFM_AdelaJimenez/install/ur_dashboard_msgs/local/lib/python3.10/dist-packages:${PYTHONPATH} /usr/bin/cmake --install /home/adela/TFM_AdelaJimenez/build/ur_robot_driver
[4.665s] -- Install configuration: "RelWithDebInfo"
[4.665s] -- Up-to-date: /home/adela/TFM_AdelaJimenez/install/ur_robot_driver/share/ur_robot_driver/hardware_interface_plugin.xml
[4.665s] -- Up-to-date: /home/adela/TFM_AdelaJimenez/install/ur_robot_driver/lib/ur_robot_driver/dashboard_client
[4.669s] -- Up-to-date: /home/adela/TFM_AdelaJimenez/install/ur_robot_driver/lib/ur_robot_driver/ur_ros2_control_node
[4.679s] -- Up-to-date: /home/adela/TFM_AdelaJimenez/install/ur_robot_driver/lib/ur_robot_driver/controller_stopper_node
[4.686s] -- Up-to-date: /home/adela/TFM_AdelaJimenez/install/ur_robot_driver/lib/ur_robot_driver/urscript_interface
[4.697s] -- Up-to-date: /home/adela/TFM_AdelaJimenez/install/ur_robot_driver/lib/libur_robot_driver_plugin.so
[4.697s] -- Up-to-date: /home/adela/TFM_AdelaJimenez/install/ur_robot_driver/include
[4.698s] -- Up-to-date: /home/adela/TFM_AdelaJimenez/install/ur_robot_driver/include/ur_robot_driver
[4.699s] -- Up-to-date: /home/adela/TFM_AdelaJimenez/install/ur_robot_driver/include/ur_robot_driver/hardware_interface.hpp
[4.699s] -- Up-to-date: /home/adela/TFM_AdelaJimenez/install/ur_robot_driver/include/ur_robot_driver/urcl_log_handler.hpp
[4.699s] -- Up-to-date: /home/adela/TFM_AdelaJimenez/install/ur_robot_driver/include/ur_robot_driver/controller_stopper.hpp
[4.699s] -- Up-to-date: /home/adela/TFM_AdelaJimenez/install/ur_robot_driver/include/ur_robot_driver/dashboard_client_ros.hpp
[4.699s] -- Up-to-date: /home/adela/TFM_AdelaJimenez/install/ur_robot_driver/share/ur_robot_driver/environment/library_path.sh
[4.699s] -- Up-to-date: /home/adela/TFM_AdelaJimenez/install/ur_robot_driver/share/ur_robot_driver/environment/library_path.dsv
[4.699s] -- Up-to-date: /home/adela/TFM_AdelaJimenez/install/ur_robot_driver/share/ur_robot_driver/resources
[4.701s] -- Up-to-date: /home/adela/TFM_AdelaJimenez/install/ur_robot_driver/share/ur_robot_driver/resources/rtde_output_recipe.txt
[4.701s] -- Up-to-date: /home/adela/TFM_AdelaJimenez/install/ur_robot_driver/share/ur_robot_driver/resources/ros_control.urscript
[4.701s] -- Up-to-date: /home/adela/TFM_AdelaJimenez/install/ur_robot_driver/share/ur_robot_driver/resources/rs485-1.0.urcap
[4.701s] -- Up-to-date: /home/adela/TFM_AdelaJimenez/install/ur_robot_driver/share/ur_robot_driver/resources/rtde_input_recipe.txt
[4.701s] -- Up-to-date: /home/adela/TFM_AdelaJimenez/install/ur_robot_driver/share/ur_robot_driver/resources/externalcontrol-1.0.5.urcap
[4.702s] -- Up-to-date: /home/adela/TFM_AdelaJimenez/install/ur_robot_driver/include
[4.702s] -- Up-to-date: /home/adela/TFM_AdelaJimenez/install/ur_robot_driver/include/ur_robot_driver
[4.702s] -- Up-to-date: /home/adela/TFM_AdelaJimenez/install/ur_robot_driver/include/ur_robot_driver/hardware_interface.hpp
[4.702s] -- Up-to-date: /home/adela/TFM_AdelaJimenez/install/ur_robot_driver/include/ur_robot_driver/urcl_log_handler.hpp
[4.708s] -- Up-to-date: /home/adela/TFM_AdelaJimenez/install/ur_robot_driver/include/ur_robot_driver/controller_stopper.hpp
[4.708s] -- Up-to-date: /home/adela/TFM_AdelaJimenez/install/ur_robot_driver/include/ur_robot_driver/dashboard_client_ros.hpp
[4.708s] -- Up-to-date: /home/adela/TFM_AdelaJimenez/install/ur_robot_driver/share/ur_robot_driver/environment/pythonpath.sh
[4.708s] -- Up-to-date: /home/adela/TFM_AdelaJimenez/install/ur_robot_driver/share/ur_robot_driver/environment/pythonpath.dsv
[4.708s] -- Up-to-date: /home/adela/TFM_AdelaJimenez/install/ur_robot_driver/local/lib/python3.10/dist-packages/ur_robot_driver-2.2.10-py3.10.egg-info
[4.709s] -- Installing: /home/adela/TFM_AdelaJimenez/install/ur_robot_driver/local/lib/python3.10/dist-packages/ur_robot_driver-2.2.10-py3.10.egg-info/dependency_links.txt
[4.709s] -- Installing: /home/adela/TFM_AdelaJimenez/install/ur_robot_driver/local/lib/python3.10/dist-packages/ur_robot_driver-2.2.10-py3.10.egg-info/PKG-INFO
[4.721s] -- Installing: /home/adela/TFM_AdelaJimenez/install/ur_robot_driver/local/lib/python3.10/dist-packages/ur_robot_driver-2.2.10-py3.10.egg-info/top_level.txt
[4.722s] -- Installing: /home/adela/TFM_AdelaJimenez/install/ur_robot_driver/local/lib/python3.10/dist-packages/ur_robot_driver-2.2.10-py3.10.egg-info/SOURCES.txt
[4.722s] -- Up-to-date: /home/adela/TFM_AdelaJimenez/install/ur_robot_driver/local/lib/python3.10/dist-packages/ur_robot_driver
[4.722s] -- Up-to-date: /home/adela/TFM_AdelaJimenez/install/ur_robot_driver/local/lib/python3.10/dist-packages/ur_robot_driver/__init__.py
[5.079s] Listing '/home/adela/TFM_AdelaJimenez/install/ur_robot_driver/local/lib/python3.10/dist-packages/ur_robot_driver'...
[5.100s] -- Up-to-date: /home/adela/TFM_AdelaJimenez/install/ur_robot_driver/lib/ur_robot_driver/tool_communication.py
[5.100s] -- Up-to-date: /home/adela/TFM_AdelaJimenez/install/ur_robot_driver/bin/wait_dashboard_server.sh
[5.100s] -- Up-to-date: /home/adela/TFM_AdelaJimenez/install/ur_robot_driver/lib/ur_robot_driver/start_ursim.sh
[5.100s] -- Up-to-date: /home/adela/TFM_AdelaJimenez/install/ur_robot_driver/share/ur_robot_driver/config
[5.101s] -- Up-to-date: /home/adela/TFM_AdelaJimenez/install/ur_robot_driver/share/ur_robot_driver/config/ur20_update_rate.yaml
[5.101s] -- Up-to-date: /home/adela/TFM_AdelaJimenez/install/ur_robot_driver/share/ur_robot_driver/config/ur3e_update_rate.yaml
[5.101s] -- Up-to-date: /home/adela/TFM_AdelaJimenez/install/ur_robot_driver/share/ur_robot_driver/config/ur10e_update_rate.yaml
[5.101s] -- Up-to-date: /home/adela/TFM_AdelaJimenez/install/ur_robot_driver/share/ur_robot_driver/config/ur3_update_rate.yaml
[5.101s] -- Up-to-date: /home/adela/TFM_AdelaJimenez/install/ur_robot_driver/share/ur_robot_driver/config/test_velocity_goal_publishers_config.yaml
[5.101s] -- Up-to-date: /home/adela/TFM_AdelaJimenez/install/ur_robot_driver/share/ur_robot_driver/config/ur16e_update_rate.yaml
[5.101s] -- Up-to-date: /home/adela/TFM_AdelaJimenez/install/ur_robot_driver/share/ur_robot_driver/config/ur_controllers.yaml
[5.101s] -- Up-to-date: /home/adela/TFM_AdelaJimenez/install/ur_robot_driver/share/ur_robot_driver/config/test_goal_publishers_config.yaml
[5.102s] -- Up-to-date: /home/adela/TFM_AdelaJimenez/install/ur_robot_driver/share/ur_robot_driver/config/ur5_update_rate.yaml
[5.102s] -- Up-to-date: /home/adela/TFM_AdelaJimenez/install/ur_robot_driver/share/ur_robot_driver/config/ur5e_update_rate.yaml
[5.102s] -- Up-to-date: /home/adela/TFM_AdelaJimenez/install/ur_robot_driver/share/ur_robot_driver/config/ur10_update_rate.yaml
[5.102s] -- Up-to-date: /home/adela/TFM_AdelaJimenez/install/ur_robot_driver/share/ur_robot_driver/launch
[5.103s] -- Up-to-date: /home/adela/TFM_AdelaJimenez/install/ur_robot_driver/share/ur_robot_driver/launch/test_joint_trajectory_controller.launch.py
[5.103s] -- Up-to-date: /home/adela/TFM_AdelaJimenez/install/ur_robot_driver/share/ur_robot_driver/launch/ur20.launch.py
[5.103s] -- Up-to-date: /home/adela/TFM_AdelaJimenez/install/ur_robot_driver/share/ur_robot_driver/launch/ur10.launch.py
[5.103s] -- Up-to-date: /home/adela/TFM_AdelaJimenez/install/ur_robot_driver/share/ur_robot_driver/launch/ur16e.launch.py
[5.103s] -- Up-to-date: /home/adela/TFM_AdelaJimenez/install/ur_robot_driver/share/ur_robot_driver/launch/ur_control.launch.py
[5.103s] -- Up-to-date: /home/adela/TFM_AdelaJimenez/install/ur_robot_driver/share/ur_robot_driver/launch/test_forward_velocity_controller.launch.py
[5.103s] -- Up-to-date: /home/adela/TFM_AdelaJimenez/install/ur_robot_driver/share/ur_robot_driver/launch/ur_dashboard_client.launch.py
[5.120s] -- Up-to-date: /home/adela/TFM_AdelaJimenez/install/ur_robot_driver/share/ur_robot_driver/launch/ur3e.launch.py
[5.121s] -- Up-to-date: /home/adela/TFM_AdelaJimenez/install/ur_robot_driver/share/ur_robot_driver/launch/ur10e.launch.py
[5.121s] -- Up-to-date: /home/adela/TFM_AdelaJimenez/install/ur_robot_driver/share/ur_robot_driver/launch/ur5.launch.py
[5.121s] -- Up-to-date: /home/adela/TFM_AdelaJimenez/install/ur_robot_driver/share/ur_robot_driver/launch/ur3.launch.py
[5.121s] -- Up-to-date: /home/adela/TFM_AdelaJimenez/install/ur_robot_driver/share/ur_robot_driver/launch/ur5e.launch.py
[5.121s] -- Up-to-date: /home/adela/TFM_AdelaJimenez/install/ur_robot_driver/share/ur_robot_driver/launch/test_scaled_joint_trajectory_controller.launch.py
[5.121s] -- Up-to-date: /home/adela/TFM_AdelaJimenez/install/ur_robot_driver/share/ament_index/resource_index/package_run_dependencies/ur_robot_driver
[5.122s] -- Up-to-date: /home/adela/TFM_AdelaJimenez/install/ur_robot_driver/share/ament_index/resource_index/parent_prefix_path/ur_robot_driver
[5.122s] -- Up-to-date: /home/adela/TFM_AdelaJimenez/install/ur_robot_driver/share/ur_robot_driver/environment/ament_prefix_path.sh
[5.122s] -- Up-to-date: /home/adela/TFM_AdelaJimenez/install/ur_robot_driver/share/ur_robot_driver/environment/ament_prefix_path.dsv
[5.122s] -- Up-to-date: /home/adela/TFM_AdelaJimenez/install/ur_robot_driver/share/ur_robot_driver/environment/path.sh
[5.122s] -- Up-to-date: /home/adela/TFM_AdelaJimenez/install/ur_robot_driver/share/ur_robot_driver/environment/path.dsv
[5.122s] -- Up-to-date: /home/adela/TFM_AdelaJimenez/install/ur_robot_driver/share/ur_robot_driver/local_setup.bash
[5.122s] -- Up-to-date: /home/adela/TFM_AdelaJimenez/install/ur_robot_driver/share/ur_robot_driver/local_setup.sh
[5.122s] -- Up-to-date: /home/adela/TFM_AdelaJimenez/install/ur_robot_driver/share/ur_robot_driver/local_setup.zsh
[5.132s] -- Up-to-date: /home/adela/TFM_AdelaJimenez/install/ur_robot_driver/share/ur_robot_driver/local_setup.dsv
[5.132s] -- Installing: /home/adela/TFM_AdelaJimenez/install/ur_robot_driver/share/ur_robot_driver/package.dsv
[5.132s] -- Up-to-date: /home/adela/TFM_AdelaJimenez/install/ur_robot_driver/share/ament_index/resource_index/packages/ur_robot_driver
[5.132s] -- Up-to-date: /home/adela/TFM_AdelaJimenez/install/ur_robot_driver/share/ament_index/resource_index/hardware_interface__pluginlib__plugin/ur_robot_driver
[5.133s] -- Up-to-date: /home/adela/TFM_AdelaJimenez/install/ur_robot_driver/share/ur_robot_driver/cmake/ament_cmake_export_include_directories-extras.cmake
[5.133s] -- Up-to-date: /home/adela/TFM_AdelaJimenez/install/ur_robot_driver/share/ur_robot_driver/cmake/ament_cmake_export_libraries-extras.cmake
[5.133s] -- Up-to-date: /home/adela/TFM_AdelaJimenez/install/ur_robot_driver/share/ur_robot_driver/cmake/ament_cmake_export_dependencies-extras.cmake
[5.153s] -- Up-to-date: /home/adela/TFM_AdelaJimenez/install/ur_robot_driver/share/ur_robot_driver/cmake/ur_robot_driverConfig.cmake
[5.154s] -- Up-to-date: /home/adela/TFM_AdelaJimenez/install/ur_robot_driver/share/ur_robot_driver/cmake/ur_robot_driverConfig-version.cmake
[5.154s] -- Up-to-date: /home/adela/TFM_AdelaJimenez/install/ur_robot_driver/share/ur_robot_driver/package.xml
[5.154s] Invoked command in '/home/adela/TFM_AdelaJimenez/build/ur_robot_driver' returned '0': AMENT_PREFIX_PATH=/home/adela/TFM_AdelaJimenez/install/ur_controllers:/home/adela/TFM_AdelaJimenez/install/ur_description:/home/adela/TFM_AdelaJimenez/install/ur_dashboard_msgs:${AMENT_PREFIX_PATH} CMAKE_PREFIX_PATH=/home/adela/TFM_AdelaJimenez/install/ur_controllers:/home/adela/TFM_AdelaJimenez/install/ur_description:/home/adela/TFM_AdelaJimenez/install/ur_dashboard_msgs:/home/adela/TFM_AdelaJimenez/workspace/ros_ur_driver/install/ur:/home/adela/TFM_AdelaJimenez/workspace/ros_ur_driver/install/ur_calibration:/home/adela/TFM_AdelaJimenez/workspace/ros_ur_driver/install/ur_robot_driver:/home/adela/TFM_AdelaJimenez/workspace/ros_ur_driver/install/ur_moveit_config:/home/adela/TFM_AdelaJimenez/workspace/ros_ur_driver/install/ur_bringup:/home/adela/TFM_AdelaJimenez/workspace/ros_ur_driver/install/ur_description:/home/adela/TFM_AdelaJimenez/workspace/ros_ur_driver/install/ur_controllers:/home/adela/TFM_AdelaJimenez/workspace/ros_ur_driver/install/ur_dashboard_msgs:/home/adela/TFM_MiguelLerinAlonso/workspace/ros_ur_driver/install/ur:/home/adela/TFM_MiguelLerinAlonso/workspace/ros_ur_driver/install/ur_calibration:/home/adela/TFM_MiguelLerinAlonso/workspace/ros_ur_driver/install/ur_robot_driver:/home/adela/TFM_MiguelLerinAlonso/workspace/ros_ur_driver/install/ur_moveit_config:/home/adela/TFM_MiguelLerinAlonso/workspace/ros_ur_driver/install/ur_bringup:/home/adela/TFM_MiguelLerinAlonso/workspace/ros_ur_driver/install/ur_description:/home/adela/TFM_MiguelLerinAlonso/workspace/ros_ur_driver/install/ur_controllers:/home/adela/TFM_MiguelLerinAlonso/workspace/ros_ur_driver/install/ur_dashboard_msgs:/home/adela/workspace/ros_ur_driver/install/ur:/home/adela/workspace/ros_ur_driver/install/ur_calibration:/home/adela/workspace/ros_ur_driver/install/ur_robot_driver:/home/adela/workspace/ros_ur_driver/install/ur_moveit_config:/home/adela/workspace/ros_ur_driver/install/ur_bringup:/home/adela/workspace/ros_ur_driver/install/ur_description:/home/adela/workspace/ros_ur_driver/install/ur_controllers:/home/adela/workspace/ros_ur_driver/install/ur_dashboard_msgs:/home/adela/TFM_AdelaJimenez/workspace/ros_ur_driver/install/trayectories:/home/adela/TFM_AdelaJimenez/workspace/ros_ur_driver/install/rutine_launcher:/home/adela/TFM_AdelaJimenez/workspace/ros_ur_driver/install/data_logger:/home/adela/TFM_AdelaJimenez/workspace/ros_ur_driver/install/build_platform:/home/adela/TFM_MiguelLerinAlonso/workspace/ros_ur_driver/install/trayectories:/home/adela/TFM_MiguelLerinAlonso/workspace/ros_ur_driver/install/rutine_launcher:/home/adela/TFM_MiguelLerinAlonso/workspace/ros_ur_driver/install/data_logger:/home/adela/TFM_MiguelLerinAlonso/workspace/ros_ur_driver/install/build_platform:/opt/ros/humble LD_LIBRARY_PATH=/home/adela/TFM_AdelaJimenez/install/ur_controllers/lib:/home/adela/TFM_AdelaJimenez/install/ur_dashboard_msgs/lib:${LD_LIBRARY_PATH} PYTHONPATH=/home/adela/TFM_AdelaJimenez/install/ur_dashboard_msgs/local/lib/python3.10/dist-packages:${PYTHONPATH} /usr/bin/cmake --install /home/adela/TFM_AdelaJimenez/build/ur_robot_driver
