[0.113s] Invoking command in '/home/adela/TFM_AdelaJimenez/build/ur_robot_driver': AMENT_PREFIX_PATH=/home/adela/TFM_AdelaJimenez/install/ur_controllers:/home/adela/TFM_AdelaJimenez/install/ur_description:/home/adela/TFM_AdelaJimenez/install/ur_dashboard_msgs:${AMENT_PREFIX_PATH} CMAKE_PREFIX_PATH=/home/adela/TFM_AdelaJimenez/install/ur_controllers:/home/adela/TFM_AdelaJimenez/install/ur_description:/home/adela/TFM_AdelaJimenez/install/ur_dashboard_msgs:/home/adela/TFM_AdelaJimenez/workspace/ros_ur_driver/install/ur:/home/adela/TFM_AdelaJimenez/workspace/ros_ur_driver/install/ur_calibration:/home/adela/TFM_AdelaJimenez/workspace/ros_ur_driver/install/ur_robot_driver:/home/adela/TFM_AdelaJimenez/workspace/ros_ur_driver/install/ur_moveit_config:/home/adela/TFM_AdelaJimenez/workspace/ros_ur_driver/install/ur_bringup:/home/adela/TFM_AdelaJimenez/workspace/ros_ur_driver/install/ur_description:/home/adela/TFM_AdelaJimenez/workspace/ros_ur_driver/install/ur_controllers:/home/adela/TFM_AdelaJimenez/workspace/ros_ur_driver/install/ur_dashboard_msgs:/home/adela/TFM_MiguelLerinAlonso/workspace/ros_ur_driver/install/ur:/home/adela/TFM_MiguelLerinAlonso/workspace/ros_ur_driver/install/ur_calibration:/home/adela/TFM_MiguelLerinAlonso/workspace/ros_ur_driver/install/ur_robot_driver:/home/adela/TFM_MiguelLerinAlonso/workspace/ros_ur_driver/install/ur_moveit_config:/home/adela/TFM_MiguelLerinAlonso/workspace/ros_ur_driver/install/ur_bringup:/home/adela/TFM_MiguelLerinAlonso/workspace/ros_ur_driver/install/ur_description:/home/adela/TFM_MiguelLerinAlonso/workspace/ros_ur_driver/install/ur_controllers:/home/adela/TFM_MiguelLerinAlonso/workspace/ros_ur_driver/install/ur_dashboard_msgs:/home/adela/workspace/ros_ur_driver/install/ur:/home/adela/workspace/ros_ur_driver/install/ur_calibration:/home/adela/workspace/ros_ur_driver/install/ur_robot_driver:/home/adela/workspace/ros_ur_driver/install/ur_moveit_config:/home/adela/workspace/ros_ur_driver/install/ur_bringup:/home/adela/workspace/ros_ur_driver/install/ur_description:/home/adela/workspace/ros_ur_driver/install/ur_controllers:/home/adela/workspace/ros_ur_driver/install/ur_dashboard_msgs:/home/adela/TFM_AdelaJimenez/workspace/ros_ur_driver/install/trayectories:/home/adela/TFM_AdelaJimenez/workspace/ros_ur_driver/install/rutine_launcher:/home/adela/TFM_AdelaJimenez/workspace/ros_ur_driver/install/data_logger:/home/adela/TFM_AdelaJimenez/workspace/ros_ur_driver/install/build_platform:/home/adela/TFM_MiguelLerinAlonso/workspace/ros_ur_driver/install/trayectories:/home/adela/TFM_MiguelLerinAlonso/workspace/ros_ur_driver/install/rutine_launcher:/home/adela/TFM_MiguelLerinAlonso/workspace/ros_ur_driver/install/data_logger:/home/adela/TFM_MiguelLerinAlonso/workspace/ros_ur_driver/install/build_platform:/opt/ros/humble LD_LIBRARY_PATH=/home/adela/TFM_AdelaJimenez/install/ur_controllers/lib:/home/adela/TFM_AdelaJimenez/install/ur_dashboard_msgs/lib:${LD_LIBRARY_PATH} PYTHONPATH=/home/adela/TFM_AdelaJimenez/install/ur_dashboard_msgs/local/lib/python3.10/dist-packages:${PYTHONPATH} /usr/bin/cmake --build /home/adela/TFM_AdelaJimenez/build/ur_robot_driver -- -j2 -l2
[0.374s] [35m[1mConsolidate compiler generated dependencies of target ur_robot_driver_plugin[0m
[0.567s] [ 26%] Built target ur_robot_driver_plugin
[0.668s] [35m[1mConsolidate compiler generated dependencies of target dashboard_client[0m
[0.786s] [ 53%] Built target dashboard_client
[0.902s] [35m[1mConsolidate compiler generated dependencies of target ur_ros2_control_node[0m
[1.065s] [ 66%] Built target ur_ros2_control_node
[1.136s] [35m[1mConsolidate compiler generated dependencies of target controller_stopper_node[0m
[1.383s] [ 86%] Built target controller_stopper_node
[1.484s] [35m[1mConsolidate compiler generated dependencies of target urscript_interface[0m
[1.650s] [100%] Built target urscript_interface
[1.907s] [100%] Built target ament_cmake_python_copy_ur_robot_driver
[3.728s] running egg_info
[3.739s] writing ur_robot_driver.egg-info/PKG-INFO
[3.746s] writing dependency_links to ur_robot_driver.egg-info/dependency_links.txt
[3.749s] writing top-level names to ur_robot_driver.egg-info/top_level.txt
[3.792s] reading manifest file 'ur_robot_driver.egg-info/SOURCES.txt'
[3.797s] writing manifest file 'ur_robot_driver.egg-info/SOURCES.txt'
[4.086s] [100%] Built target ament_cmake_python_build_ur_robot_driver_egg
[4.188s] Invoked command in '/home/adela/TFM_AdelaJimenez/build/ur_robot_driver' returned '0': AMENT_PREFIX_PATH=/home/adela/TFM_AdelaJimenez/install/ur_controllers:/home/adela/TFM_AdelaJimenez/install/ur_description:/home/adela/TFM_AdelaJimenez/install/ur_dashboard_msgs:${AMENT_PREFIX_PATH} CMAKE_PREFIX_PATH=/home/adela/TFM_AdelaJimenez/install/ur_controllers:/home/adela/TFM_AdelaJimenez/install/ur_description:/home/adela/TFM_AdelaJimenez/install/ur_dashboard_msgs:/home/adela/TFM_AdelaJimenez/workspace/ros_ur_driver/install/ur:/home/adela/TFM_AdelaJimenez/workspace/ros_ur_driver/install/ur_calibration:/home/adela/TFM_AdelaJimenez/workspace/ros_ur_driver/install/ur_robot_driver:/home/adela/TFM_AdelaJimenez/workspace/ros_ur_driver/install/ur_moveit_config:/home/adela/TFM_AdelaJimenez/workspace/ros_ur_driver/install/ur_bringup:/home/adela/TFM_AdelaJimenez/workspace/ros_ur_driver/install/ur_description:/home/adela/TFM_AdelaJimenez/workspace/ros_ur_driver/install/ur_controllers:/home/adela/TFM_AdelaJimenez/workspace/ros_ur_driver/install/ur_dashboard_msgs:/home/adela/TFM_MiguelLerinAlonso/workspace/ros_ur_driver/install/ur:/home/adela/TFM_MiguelLerinAlonso/workspace/ros_ur_driver/install/ur_calibration:/home/adela/TFM_MiguelLerinAlonso/workspace/ros_ur_driver/install/ur_robot_driver:/home/adela/TFM_MiguelLerinAlonso/workspace/ros_ur_driver/install/ur_moveit_config:/home/adela/TFM_MiguelLerinAlonso/workspace/ros_ur_driver/install/ur_bringup:/home/adela/TFM_MiguelLerinAlonso/workspace/ros_ur_driver/install/ur_description:/home/adela/TFM_MiguelLerinAlonso/workspace/ros_ur_driver/install/ur_controllers:/home/adela/TFM_MiguelLerinAlonso/workspace/ros_ur_driver/install/ur_dashboard_msgs:/home/adela/workspace/ros_ur_driver/install/ur:/home/adela/workspace/ros_ur_driver/install/ur_calibration:/home/adela/workspace/ros_ur_driver/install/ur_robot_driver:/home/adela/workspace/ros_ur_driver/install/ur_moveit_config:/home/adela/workspace/ros_ur_driver/install/ur_bringup:/home/adela/workspace/ros_ur_driver/install/ur_description:/home/adela/workspace/ros_ur_driver/install/ur_controllers:/home/adela/workspace/ros_ur_driver/install/ur_dashboard_msgs:/home/adela/TFM_AdelaJimenez/workspace/ros_ur_driver/install/trayectories:/home/adela/TFM_AdelaJimenez/workspace/ros_ur_driver/install/rutine_launcher:/home/adela/TFM_AdelaJimenez/workspace/ros_ur_driver/install/data_logger:/home/adela/TFM_AdelaJimenez/workspace/ros_ur_driver/install/build_platform:/home/adela/TFM_MiguelLerinAlonso/workspace/ros_ur_driver/install/trayectories:/home/adela/TFM_MiguelLerinAlonso/workspace/ros_ur_driver/install/rutine_launcher:/home/adela/TFM_MiguelLerinAlonso/workspace/ros_ur_driver/install/data_logger:/home/adela/TFM_MiguelLerinAlonso/workspace/ros_ur_driver/install/build_platform:/opt/ros/humble LD_LIBRARY_PATH=/home/adela/TFM_AdelaJimenez/install/ur_controllers/lib:/home/adela/TFM_AdelaJimenez/install/ur_dashboard_msgs/lib:${LD_LIBRARY_PATH} PYTHONPATH=/home/adela/TFM_AdelaJimenez/install/ur_dashboard_msgs/local/lib/python3.10/dist-packages:${PYTHONPATH} /usr/bin/cmake --build /home/adela/TFM_AdelaJimenez/build/ur_robot_driver -- -j2 -l2
[4.508s] Invoking command in '/home/adela/TFM_AdelaJimenez/build/ur_robot_driver': AMENT_PREFIX_PATH=/home/adela/TFM_AdelaJimenez/install/ur_controllers:/home/adela/TFM_AdelaJimenez/install/ur_description:/home/adela/TFM_AdelaJimenez/install/ur_dashboard_msgs:${AMENT_PREFIX_PATH} CMAKE_PREFIX_PATH=/home/adela/TFM_AdelaJimenez/install/ur_controllers:/home/adela/TFM_AdelaJimenez/install/ur_description:/home/adela/TFM_AdelaJimenez/install/ur_dashboard_msgs:/home/adela/TFM_AdelaJimenez/workspace/ros_ur_driver/install/ur:/home/adela/TFM_AdelaJimenez/workspace/ros_ur_driver/install/ur_calibration:/home/adela/TFM_AdelaJimenez/workspace/ros_ur_driver/install/ur_robot_driver:/home/adela/TFM_AdelaJimenez/workspace/ros_ur_driver/install/ur_moveit_config:/home/adela/TFM_AdelaJimenez/workspace/ros_ur_driver/install/ur_bringup:/home/adela/TFM_AdelaJimenez/workspace/ros_ur_driver/install/ur_description:/home/adela/TFM_AdelaJimenez/workspace/ros_ur_driver/install/ur_controllers:/home/adela/TFM_AdelaJimenez/workspace/ros_ur_driver/install/ur_dashboard_msgs:/home/adela/TFM_MiguelLerinAlonso/workspace/ros_ur_driver/install/ur:/home/adela/TFM_MiguelLerinAlonso/workspace/ros_ur_driver/install/ur_calibration:/home/adela/TFM_MiguelLerinAlonso/workspace/ros_ur_driver/install/ur_robot_driver:/home/adela/TFM_MiguelLerinAlonso/workspace/ros_ur_driver/install/ur_moveit_config:/home/adela/TFM_MiguelLerinAlonso/workspace/ros_ur_driver/install/ur_bringup:/home/adela/TFM_MiguelLerinAlonso/workspace/ros_ur_driver/install/ur_description:/home/adela/TFM_MiguelLerinAlonso/workspace/ros_ur_driver/install/ur_controllers:/home/adela/TFM_MiguelLerinAlonso/workspace/ros_ur_driver/install/ur_dashboard_msgs:/home/adela/workspace/ros_ur_driver/install/ur:/home/adela/workspace/ros_ur_driver/install/ur_calibration:/home/adela/workspace/ros_ur_driver/install/ur_robot_driver:/home/adela/workspace/ros_ur_driver/install/ur_moveit_config:/home/adela/workspace/ros_ur_driver/install/ur_bringup:/home/adela/workspace/ros_ur_driver/install/ur_description:/home/adela/workspace/ros_ur_driver/install/ur_controllers:/home/adela/workspace/ros_ur_driver/install/ur_dashboard_msgs:/home/adela/TFM_AdelaJimenez/workspace/ros_ur_driver/install/trayectories:/home/adela/TFM_AdelaJimenez/workspace/ros_ur_driver/install/rutine_launcher:/home/adela/TFM_AdelaJimenez/workspace/ros_ur_driver/install/data_logger:/home/adela/TFM_AdelaJimenez/workspace/ros_ur_driver/install/build_platform:/home/adela/TFM_MiguelLerinAlonso/workspace/ros_ur_driver/install/trayectories:/home/adela/TFM_MiguelLerinAlonso/workspace/ros_ur_driver/install/rutine_launcher:/home/adela/TFM_MiguelLerinAlonso/workspace/ros_ur_driver/install/data_logger:/home/adela/TFM_MiguelLerinAlonso/workspace/ros_ur_driver/install/build_platform:/opt/ros/humble LD_LIBRARY_PATH=/home/adela/TFM_AdelaJimenez/install/ur_controllers/lib:/home/adela/TFM_AdelaJimenez/install/ur_dashboard_msgs/lib:${LD_LIBRARY_PATH} PYTHONPATH=/home/adela/TFM_AdelaJimenez/install/ur_dashboard_msgs/local/lib/python3.10/dist-packages:${PYTHONPATH} /usr/bin/cmake --install /home/adela/TFM_AdelaJimenez/build/ur_robot_driver
[4.544s] -- Install configuration: "RelWithDebInfo"
[4.544s] -- Up-to-date: /home/adela/TFM_AdelaJimenez/install/ur_robot_driver/share/ur_robot_driver/hardware_interface_plugin.xml
[4.549s] -- Up-to-date: /home/adela/TFM_AdelaJimenez/install/ur_robot_driver/lib/ur_robot_driver/dashboard_client
[4.550s] -- Up-to-date: /home/adela/TFM_AdelaJimenez/install/ur_robot_driver/lib/ur_robot_driver/ur_ros2_control_node
[4.557s] -- Up-to-date: /home/adela/TFM_AdelaJimenez/install/ur_robot_driver/lib/ur_robot_driver/controller_stopper_node
[4.559s] -- Up-to-date: /home/adela/TFM_AdelaJimenez/install/ur_robot_driver/lib/ur_robot_driver/urscript_interface
[4.563s] -- Up-to-date: /home/adela/TFM_AdelaJimenez/install/ur_robot_driver/lib/libur_robot_driver_plugin.so
[4.563s] -- Up-to-date: /home/adela/TFM_AdelaJimenez/install/ur_robot_driver/include
[4.565s] -- Up-to-date: /home/adela/TFM_AdelaJimenez/install/ur_robot_driver/include/ur_robot_driver
[4.579s] -- Up-to-date: /home/adela/TFM_AdelaJimenez/install/ur_robot_driver/include/ur_robot_driver/hardware_interface.hpp
[4.580s] -- Up-to-date: /home/adela/TFM_AdelaJimenez/install/ur_robot_driver/include/ur_robot_driver/urcl_log_handler.hpp
[4.580s] -- Up-to-date: /home/adela/TFM_AdelaJimenez/install/ur_robot_driver/include/ur_robot_driver/controller_stopper.hpp
[4.580s] -- Up-to-date: /home/adela/TFM_AdelaJimenez/install/ur_robot_driver/include/ur_robot_driver/dashboard_client_ros.hpp
[4.580s] -- Up-to-date: /home/adela/TFM_AdelaJimenez/install/ur_robot_driver/share/ur_robot_driver/environment/library_path.sh
[4.580s] -- Up-to-date: /home/adela/TFM_AdelaJimenez/install/ur_robot_driver/share/ur_robot_driver/environment/library_path.dsv
[4.580s] -- Up-to-date: /home/adela/TFM_AdelaJimenez/install/ur_robot_driver/share/ur_robot_driver/resources
[4.581s] -- Up-to-date: /home/adela/TFM_AdelaJimenez/install/ur_robot_driver/share/ur_robot_driver/resources/rtde_output_recipe.txt
[4.581s] -- Up-to-date: /home/adela/TFM_AdelaJimenez/install/ur_robot_driver/share/ur_robot_driver/resources/ros_control.urscript
[4.581s] -- Up-to-date: /home/adela/TFM_AdelaJimenez/install/ur_robot_driver/share/ur_robot_driver/resources/rs485-1.0.urcap
[4.581s] -- Up-to-date: /home/adela/TFM_AdelaJimenez/install/ur_robot_driver/share/ur_robot_driver/resources/rtde_input_recipe.txt
[4.581s] -- Up-to-date: /home/adela/TFM_AdelaJimenez/install/ur_robot_driver/share/ur_robot_driver/resources/externalcontrol-1.0.5.urcap
[4.581s] -- Up-to-date: /home/adela/TFM_AdelaJimenez/install/ur_robot_driver/include
[4.581s] -- Up-to-date: /home/adela/TFM_AdelaJimenez/install/ur_robot_driver/include/ur_robot_driver
[4.581s] -- Up-to-date: /home/adela/TFM_AdelaJimenez/install/ur_robot_driver/include/ur_robot_driver/hardware_interface.hpp
[4.581s] -- Up-to-date: /home/adela/TFM_AdelaJimenez/install/ur_robot_driver/include/ur_robot_driver/urcl_log_handler.hpp
[4.582s] -- Up-to-date: /home/adela/TFM_AdelaJimenez/install/ur_robot_driver/include/ur_robot_driver/controller_stopper.hpp
[4.582s] -- Up-to-date: /home/adela/TFM_AdelaJimenez/install/ur_robot_driver/include/ur_robot_driver/dashboard_client_ros.hpp
[4.582s] -- Up-to-date: /home/adela/TFM_AdelaJimenez/install/ur_robot_driver/share/ur_robot_driver/environment/pythonpath.sh
[4.582s] -- Up-to-date: /home/adela/TFM_AdelaJimenez/install/ur_robot_driver/share/ur_robot_driver/environment/pythonpath.dsv
[4.582s] -- Up-to-date: /home/adela/TFM_AdelaJimenez/install/ur_robot_driver/local/lib/python3.10/dist-packages/ur_robot_driver-2.2.10-py3.10.egg-info
[4.582s] -- Installing: /home/adela/TFM_AdelaJimenez/install/ur_robot_driver/local/lib/python3.10/dist-packages/ur_robot_driver-2.2.10-py3.10.egg-info/dependency_links.txt
[4.582s] -- Installing: /home/adela/TFM_AdelaJimenez/install/ur_robot_driver/local/lib/python3.10/dist-packages/ur_robot_driver-2.2.10-py3.10.egg-info/PKG-INFO
[4.582s] -- Installing: /home/adela/TFM_AdelaJimenez/install/ur_robot_driver/local/lib/python3.10/dist-packages/ur_robot_driver-2.2.10-py3.10.egg-info/top_level.txt
[4.582s] -- Installing: /home/adela/TFM_AdelaJimenez/install/ur_robot_driver/local/lib/python3.10/dist-packages/ur_robot_driver-2.2.10-py3.10.egg-info/SOURCES.txt
[4.582s] -- Up-to-date: /home/adela/TFM_AdelaJimenez/install/ur_robot_driver/local/lib/python3.10/dist-packages/ur_robot_driver
[4.582s] -- Up-to-date: /home/adela/TFM_AdelaJimenez/install/ur_robot_driver/local/lib/python3.10/dist-packages/ur_robot_driver/__init__.py
[4.983s] Listing '/home/adela/TFM_AdelaJimenez/install/ur_robot_driver/local/lib/python3.10/dist-packages/ur_robot_driver'...
[5.031s] -- Up-to-date: /home/adela/TFM_AdelaJimenez/install/ur_robot_driver/lib/ur_robot_driver/tool_communication.py
[5.031s] -- Up-to-date: /home/adela/TFM_AdelaJimenez/install/ur_robot_driver/bin/wait_dashboard_server.sh
[5.031s] -- Up-to-date: /home/adela/TFM_AdelaJimenez/install/ur_robot_driver/lib/ur_robot_driver/start_ursim.sh
[5.035s] -- Up-to-date: /home/adela/TFM_AdelaJimenez/install/ur_robot_driver/share/ur_robot_driver/config
[5.045s] -- Up-to-date: /home/adela/TFM_AdelaJimenez/install/ur_robot_driver/share/ur_robot_driver/config/ur20_update_rate.yaml
[5.045s] -- Up-to-date: /home/adela/TFM_AdelaJimenez/install/ur_robot_driver/share/ur_robot_driver/config/ur3e_update_rate.yaml
[5.045s] -- Up-to-date: /home/adela/TFM_AdelaJimenez/install/ur_robot_driver/share/ur_robot_driver/config/ur10e_update_rate.yaml
[5.046s] -- Up-to-date: /home/adela/TFM_AdelaJimenez/install/ur_robot_driver/share/ur_robot_driver/config/ur3_update_rate.yaml
[5.046s] -- Up-to-date: /home/adela/TFM_AdelaJimenez/install/ur_robot_driver/share/ur_robot_driver/config/test_velocity_goal_publishers_config.yaml
[5.047s] -- Up-to-date: /home/adela/TFM_AdelaJimenez/install/ur_robot_driver/share/ur_robot_driver/config/ur16e_update_rate.yaml
[5.060s] -- Up-to-date: /home/adela/TFM_AdelaJimenez/install/ur_robot_driver/share/ur_robot_driver/config/ur_controllers.yaml
[5.060s] -- Up-to-date: /home/adela/TFM_AdelaJimenez/install/ur_robot_driver/share/ur_robot_driver/config/test_goal_publishers_config.yaml
[5.060s] -- Up-to-date: /home/adela/TFM_AdelaJimenez/install/ur_robot_driver/share/ur_robot_driver/config/ur5_update_rate.yaml
[5.060s] -- Up-to-date: /home/adela/TFM_AdelaJimenez/install/ur_robot_driver/share/ur_robot_driver/config/ur5e_update_rate.yaml
[5.060s] -- Up-to-date: /home/adela/TFM_AdelaJimenez/install/ur_robot_driver/share/ur_robot_driver/config/ur10_update_rate.yaml
[5.060s] -- Up-to-date: /home/adela/TFM_AdelaJimenez/install/ur_robot_driver/share/ur_robot_driver/launch
[5.060s] -- Up-to-date: /home/adela/TFM_AdelaJimenez/install/ur_robot_driver/share/ur_robot_driver/launch/test_joint_trajectory_controller.launch.py
[5.060s] -- Up-to-date: /home/adela/TFM_AdelaJimenez/install/ur_robot_driver/share/ur_robot_driver/launch/ur20.launch.py
[5.060s] -- Up-to-date: /home/adela/TFM_AdelaJimenez/install/ur_robot_driver/share/ur_robot_driver/launch/ur10.launch.py
[5.061s] -- Up-to-date: /home/adela/TFM_AdelaJimenez/install/ur_robot_driver/share/ur_robot_driver/launch/ur16e.launch.py
[5.061s] -- Up-to-date: /home/adela/TFM_AdelaJimenez/install/ur_robot_driver/share/ur_robot_driver/launch/ur_control.launch.py
[5.061s] -- Up-to-date: /home/adela/TFM_AdelaJimenez/install/ur_robot_driver/share/ur_robot_driver/launch/test_forward_velocity_controller.launch.py
[5.061s] -- Up-to-date: /home/adela/TFM_AdelaJimenez/install/ur_robot_driver/share/ur_robot_driver/launch/ur_dashboard_client.launch.py
[5.061s] -- Up-to-date: /home/adela/TFM_AdelaJimenez/install/ur_robot_driver/share/ur_robot_driver/launch/ur3e.launch.py
[5.061s] -- Up-to-date: /home/adela/TFM_AdelaJimenez/install/ur_robot_driver/share/ur_robot_driver/launch/ur10e.launch.py
[5.061s] -- Up-to-date: /home/adela/TFM_AdelaJimenez/install/ur_robot_driver/share/ur_robot_driver/launch/ur5.launch.py
[5.061s] -- Up-to-date: /home/adela/TFM_AdelaJimenez/install/ur_robot_driver/share/ur_robot_driver/launch/ur3.launch.py
[5.063s] -- Up-to-date: /home/adela/TFM_AdelaJimenez/install/ur_robot_driver/share/ur_robot_driver/launch/ur5e.launch.py
[5.064s] -- Up-to-date: /home/adela/TFM_AdelaJimenez/install/ur_robot_driver/share/ur_robot_driver/launch/test_scaled_joint_trajectory_controller.launch.py
[5.064s] -- Up-to-date: /home/adela/TFM_AdelaJimenez/install/ur_robot_driver/share/ament_index/resource_index/package_run_dependencies/ur_robot_driver
[5.064s] -- Up-to-date: /home/adela/TFM_AdelaJimenez/install/ur_robot_driver/share/ament_index/resource_index/parent_prefix_path/ur_robot_driver
[5.064s] -- Up-to-date: /home/adela/TFM_AdelaJimenez/install/ur_robot_driver/share/ur_robot_driver/environment/ament_prefix_path.sh
[5.064s] -- Up-to-date: /home/adela/TFM_AdelaJimenez/install/ur_robot_driver/share/ur_robot_driver/environment/ament_prefix_path.dsv
[5.064s] -- Up-to-date: /home/adela/TFM_AdelaJimenez/install/ur_robot_driver/share/ur_robot_driver/environment/path.sh
[5.064s] -- Up-to-date: /home/adela/TFM_AdelaJimenez/install/ur_robot_driver/share/ur_robot_driver/environment/path.dsv
[5.064s] -- Up-to-date: /home/adela/TFM_AdelaJimenez/install/ur_robot_driver/share/ur_robot_driver/local_setup.bash
[5.064s] -- Up-to-date: /home/adela/TFM_AdelaJimenez/install/ur_robot_driver/share/ur_robot_driver/local_setup.sh
[5.064s] -- Up-to-date: /home/adela/TFM_AdelaJimenez/install/ur_robot_driver/share/ur_robot_driver/local_setup.zsh
[5.064s] -- Up-to-date: /home/adela/TFM_AdelaJimenez/install/ur_robot_driver/share/ur_robot_driver/local_setup.dsv
[5.065s] -- Installing: /home/adela/TFM_AdelaJimenez/install/ur_robot_driver/share/ur_robot_driver/package.dsv
[5.065s] -- Up-to-date: /home/adela/TFM_AdelaJimenez/install/ur_robot_driver/share/ament_index/resource_index/packages/ur_robot_driver
[5.065s] -- Up-to-date: /home/adela/TFM_AdelaJimenez/install/ur_robot_driver/share/ament_index/resource_index/hardware_interface__pluginlib__plugin/ur_robot_driver
[5.065s] -- Up-to-date: /home/adela/TFM_AdelaJimenez/install/ur_robot_driver/share/ur_robot_driver/cmake/ament_cmake_export_include_directories-extras.cmake
[5.065s] -- Up-to-date: /home/adela/TFM_AdelaJimenez/install/ur_robot_driver/share/ur_robot_driver/cmake/ament_cmake_export_libraries-extras.cmake
[5.065s] -- Up-to-date: /home/adela/TFM_AdelaJimenez/install/ur_robot_driver/share/ur_robot_driver/cmake/ament_cmake_export_dependencies-extras.cmake
[5.065s] -- Up-to-date: /home/adela/TFM_AdelaJimenez/install/ur_robot_driver/share/ur_robot_driver/cmake/ur_robot_driverConfig.cmake
[5.065s] -- Up-to-date: /home/adela/TFM_AdelaJimenez/install/ur_robot_driver/share/ur_robot_driver/cmake/ur_robot_driverConfig-version.cmake
[5.065s] -- Up-to-date: /home/adela/TFM_AdelaJimenez/install/ur_robot_driver/share/ur_robot_driver/package.xml
[6.952s] Invoked command in '/home/adela/TFM_AdelaJimenez/build/ur_robot_driver' returned '0': AMENT_PREFIX_PATH=/home/adela/TFM_AdelaJimenez/install/ur_controllers:/home/adela/TFM_AdelaJimenez/install/ur_description:/home/adela/TFM_AdelaJimenez/install/ur_dashboard_msgs:${AMENT_PREFIX_PATH} CMAKE_PREFIX_PATH=/home/adela/TFM_AdelaJimenez/install/ur_controllers:/home/adela/TFM_AdelaJimenez/install/ur_description:/home/adela/TFM_AdelaJimenez/install/ur_dashboard_msgs:/home/adela/TFM_AdelaJimenez/workspace/ros_ur_driver/install/ur:/home/adela/TFM_AdelaJimenez/workspace/ros_ur_driver/install/ur_calibration:/home/adela/TFM_AdelaJimenez/workspace/ros_ur_driver/install/ur_robot_driver:/home/adela/TFM_AdelaJimenez/workspace/ros_ur_driver/install/ur_moveit_config:/home/adela/TFM_AdelaJimenez/workspace/ros_ur_driver/install/ur_bringup:/home/adela/TFM_AdelaJimenez/workspace/ros_ur_driver/install/ur_description:/home/adela/TFM_AdelaJimenez/workspace/ros_ur_driver/install/ur_controllers:/home/adela/TFM_AdelaJimenez/workspace/ros_ur_driver/install/ur_dashboard_msgs:/home/adela/TFM_MiguelLerinAlonso/workspace/ros_ur_driver/install/ur:/home/adela/TFM_MiguelLerinAlonso/workspace/ros_ur_driver/install/ur_calibration:/home/adela/TFM_MiguelLerinAlonso/workspace/ros_ur_driver/install/ur_robot_driver:/home/adela/TFM_MiguelLerinAlonso/workspace/ros_ur_driver/install/ur_moveit_config:/home/adela/TFM_MiguelLerinAlonso/workspace/ros_ur_driver/install/ur_bringup:/home/adela/TFM_MiguelLerinAlonso/workspace/ros_ur_driver/install/ur_description:/home/adela/TFM_MiguelLerinAlonso/workspace/ros_ur_driver/install/ur_controllers:/home/adela/TFM_MiguelLerinAlonso/workspace/ros_ur_driver/install/ur_dashboard_msgs:/home/adela/workspace/ros_ur_driver/install/ur:/home/adela/workspace/ros_ur_driver/install/ur_calibration:/home/adela/workspace/ros_ur_driver/install/ur_robot_driver:/home/adela/workspace/ros_ur_driver/install/ur_moveit_config:/home/adela/workspace/ros_ur_driver/install/ur_bringup:/home/adela/workspace/ros_ur_driver/install/ur_description:/home/adela/workspace/ros_ur_driver/install/ur_controllers:/home/adela/workspace/ros_ur_driver/install/ur_dashboard_msgs:/home/adela/TFM_AdelaJimenez/workspace/ros_ur_driver/install/trayectories:/home/adela/TFM_AdelaJimenez/workspace/ros_ur_driver/install/rutine_launcher:/home/adela/TFM_AdelaJimenez/workspace/ros_ur_driver/install/data_logger:/home/adela/TFM_AdelaJimenez/workspace/ros_ur_driver/install/build_platform:/home/adela/TFM_MiguelLerinAlonso/workspace/ros_ur_driver/install/trayectories:/home/adela/TFM_MiguelLerinAlonso/workspace/ros_ur_driver/install/rutine_launcher:/home/adela/TFM_MiguelLerinAlonso/workspace/ros_ur_driver/install/data_logger:/home/adela/TFM_MiguelLerinAlonso/workspace/ros_ur_driver/install/build_platform:/opt/ros/humble LD_LIBRARY_PATH=/home/adela/TFM_AdelaJimenez/install/ur_controllers/lib:/home/adela/TFM_AdelaJimenez/install/ur_dashboard_msgs/lib:${LD_LIBRARY_PATH} PYTHONPATH=/home/adela/TFM_AdelaJimenez/install/ur_dashboard_msgs/local/lib/python3.10/dist-packages:${PYTHONPATH} /usr/bin/cmake --install /home/adela/TFM_AdelaJimenez/build/ur_robot_driver
