[5.467s] Invoking command in '/home/adela/TFM_AdelaJimenez/workspace/ros_ur_driver/src/data_logger': PYTHONPATH=/home/adela/TFM_AdelaJimenez/build/data_logger/prefix_override:/home/adela/TFM_AdelaJimenez/install/data_logger/lib/python3.10/site-packages:${PYTHONPATH} /usr/bin/python3 -W ignore:setup.py install is deprecated setup.py egg_info --egg-base ../../../../build/data_logger build --build-base /home/adela/TFM_AdelaJimenez/build/data_logger/build install --record /home/adela/TFM_AdelaJimenez/build/data_logger/install.log --single-version-externally-managed install_data
[7.838s] running egg_info
[7.845s] writing ../../../../build/data_logger/data_logger.egg-info/PKG-INFO
[7.850s] writing dependency_links to ../../../../build/data_logger/data_logger.egg-info/dependency_links.txt
[7.850s] writing entry points to ../../../../build/data_logger/data_logger.egg-info/entry_points.txt
[7.850s] writing requirements to ../../../../build/data_logger/data_logger.egg-info/requires.txt
[7.854s] writing top-level names to ../../../../build/data_logger/data_logger.egg-info/top_level.txt
[7.884s] reading manifest file '../../../../build/data_logger/data_logger.egg-info/SOURCES.txt'
[7.894s] writing manifest file '../../../../build/data_logger/data_logger.egg-info/SOURCES.txt'
[7.900s] running build
[7.901s] running build_py
[7.905s] running install
[7.905s] running install_lib
[7.928s] running install_data
[7.929s] running install_egg_info
[7.952s] removing '/home/adela/TFM_AdelaJimenez/install/data_logger/lib/python3.10/site-packages/data_logger-0.0.0-py3.10.egg-info' (and everything under it)
[7.967s] Copying ../../../../build/data_logger/data_logger.egg-info to /home/adela/TFM_AdelaJimenez/install/data_logger/lib/python3.10/site-packages/data_logger-0.0.0-py3.10.egg-info
[7.973s] running install_scripts
[8.195s] Installing analog_reader script to /home/adela/TFM_AdelaJimenez/install/data_logger/lib/data_logger
[8.209s] Installing data_emitter script to /home/adela/TFM_AdelaJimenez/install/data_logger/lib/data_logger
[8.209s] Installing data_reader script to /home/adela/TFM_AdelaJimenez/install/data_logger/lib/data_logger
[8.209s] Installing digital_reader script to /home/adela/TFM_AdelaJimenez/install/data_logger/lib/data_logger
[8.209s] Installing joint_reader script to /home/adela/TFM_AdelaJimenez/install/data_logger/lib/data_logger
[8.209s] Installing multi_logger script to /home/adela/TFM_AdelaJimenez/install/data_logger/lib/data_logger
[8.245s] Installing super_logger script to /home/adela/TFM_AdelaJimenez/install/data_logger/lib/data_logger
[8.245s] writing list of installed files to '/home/adela/TFM_AdelaJimenez/build/data_logger/install.log'
[8.346s] Invoked command in '/home/adela/TFM_AdelaJimenez/workspace/ros_ur_driver/src/data_logger' returned '0': PYTHONPATH=/home/adela/TFM_AdelaJimenez/build/data_logger/prefix_override:/home/adela/TFM_AdelaJimenez/install/data_logger/lib/python3.10/site-packages:${PYTHONPATH} /usr/bin/python3 -W ignore:setup.py install is deprecated setup.py egg_info --egg-base ../../../../build/data_logger build --build-base /home/adela/TFM_AdelaJimenez/build/data_logger/build install --record /home/adela/TFM_AdelaJimenez/build/data_logger/install.log --single-version-externally-managed install_data
