[9.037s] Invoking command in '/home/adela/TFM_AdelaJimenez/workspace/ros_ur_driver/src/data_logger': PYTHONPATH=/home/adela/TFM_AdelaJimenez/build/data_logger/prefix_override:/home/adela/TFM_AdelaJimenez/install/data_logger/lib/python3.10/site-packages:${PYTHONPATH} /usr/bin/python3 -W ignore:setup.py install is deprecated setup.py egg_info --egg-base ../../../../build/data_logger build --build-base /home/adela/TFM_AdelaJimenez/build/data_logger/build install --record /home/adela/TFM_AdelaJimenez/build/data_logger/install.log --single-version-externally-managed install_data
[11.879s] running egg_info
[11.915s] writing ../../../../build/data_logger/data_logger.egg-info/PKG-INFO
[11.917s] writing dependency_links to ../../../../build/data_logger/data_logger.egg-info/dependency_links.txt
[11.917s] writing entry points to ../../../../build/data_logger/data_logger.egg-info/entry_points.txt
[11.917s] writing requirements to ../../../../build/data_logger/data_logger.egg-info/requires.txt
[11.918s] writing top-level names to ../../../../build/data_logger/data_logger.egg-info/top_level.txt
[11.943s] reading manifest file '../../../../build/data_logger/data_logger.egg-info/SOURCES.txt'
[11.960s] writing manifest file '../../../../build/data_logger/data_logger.egg-info/SOURCES.txt'
[11.961s] running build
[11.962s] running build_py
[11.976s] running install
[11.979s] running install_lib
[12.006s] running install_data
[12.010s] running install_egg_info
[12.031s] removing '/home/adela/TFM_AdelaJimenez/install/data_logger/lib/python3.10/site-packages/data_logger-0.0.0-py3.10.egg-info' (and everything under it)
[12.040s] Copying ../../../../build/data_logger/data_logger.egg-info to /home/adela/TFM_AdelaJimenez/install/data_logger/lib/python3.10/site-packages/data_logger-0.0.0-py3.10.egg-info
[12.049s] running install_scripts
[12.442s] Installing analog_reader script to /home/adela/TFM_AdelaJimenez/install/data_logger/lib/data_logger
[12.443s] Installing data_emitter script to /home/adela/TFM_AdelaJimenez/install/data_logger/lib/data_logger
[12.443s] Installing data_reader script to /home/adela/TFM_AdelaJimenez/install/data_logger/lib/data_logger
[12.443s] Installing digital_reader script to /home/adela/TFM_AdelaJimenez/install/data_logger/lib/data_logger
[12.453s] Installing joint_reader script to /home/adela/TFM_AdelaJimenez/install/data_logger/lib/data_logger
[12.453s] Installing multi_logger script to /home/adela/TFM_AdelaJimenez/install/data_logger/lib/data_logger
[12.453s] Installing super_logger script to /home/adela/TFM_AdelaJimenez/install/data_logger/lib/data_logger
[12.479s] writing list of installed files to '/home/adela/TFM_AdelaJimenez/build/data_logger/install.log'
[14.556s] Invoked command in '/home/adela/TFM_AdelaJimenez/workspace/ros_ur_driver/src/data_logger' returned '0': PYTHONPATH=/home/adela/TFM_AdelaJimenez/build/data_logger/prefix_override:/home/adela/TFM_AdelaJimenez/install/data_logger/lib/python3.10/site-packages:${PYTHONPATH} /usr/bin/python3 -W ignore:setup.py install is deprecated setup.py egg_info --egg-base ../../../../build/data_logger build --build-base /home/adela/TFM_AdelaJimenez/build/data_logger/build install --record /home/adela/TFM_AdelaJimenez/build/data_logger/install.log --single-version-externally-managed install_data
