[5.954s] Invoking command in '/home/adela/TFM_AdelaJimenez/workspace/ros_ur_driver/src/build_platform': PYTHONPATH=/home/adela/TFM_AdelaJimenez/build/build_platform/prefix_override:/home/adela/TFM_AdelaJimenez/install/build_platform/lib/python3.10/site-packages:${PYTHONPATH} /usr/bin/python3 -W ignore:setup.py install is deprecated setup.py egg_info --egg-base ../../../../build/build_platform build --build-base /home/adela/TFM_AdelaJimenez/build/build_platform/build install --record /home/adela/TFM_AdelaJimenez/build/build_platform/install.log --single-version-externally-managed install_data
[8.628s] running egg_info
[8.639s] writing ../../../../build/build_platform/build_platform.egg-info/PKG-INFO
[8.650s] writing dependency_links to ../../../../build/build_platform/build_platform.egg-info/dependency_links.txt
[8.664s] writing entry points to ../../../../build/build_platform/build_platform.egg-info/entry_points.txt
[8.664s] writing requirements to ../../../../build/build_platform/build_platform.egg-info/requires.txt
[8.664s] writing top-level names to ../../../../build/build_platform/build_platform.egg-info/top_level.txt
[8.679s] reading manifest file '../../../../build/build_platform/build_platform.egg-info/SOURCES.txt'
[8.685s] writing manifest file '../../../../build/build_platform/build_platform.egg-info/SOURCES.txt'
[8.689s] running build
[8.692s] running build_py
[8.701s] running install
[8.701s] running install_lib
[8.725s] running install_data
[8.726s] running install_egg_info
[8.730s] removing '/home/adela/TFM_AdelaJimenez/install/build_platform/lib/python3.10/site-packages/build_platform-0.0.0-py3.10.egg-info' (and everything under it)
[8.745s] Copying ../../../../build/build_platform/build_platform.egg-info to /home/adela/TFM_AdelaJimenez/install/build_platform/lib/python3.10/site-packages/build_platform-0.0.0-py3.10.egg-info
[8.759s] running install_scripts
[8.870s] Installing arduino_communicator_v2 script to /home/adela/TFM_AdelaJimenez/install/build_platform/lib/build_platform
[8.872s] Installing messages script to /home/adela/TFM_AdelaJimenez/install/build_platform/lib/build_platform
[8.874s] Installing serial_reader_v2 script to /home/adela/TFM_AdelaJimenez/install/build_platform/lib/build_platform
[8.894s] writing list of installed files to '/home/adela/TFM_AdelaJimenez/build/build_platform/install.log'
[9.113s] Invoked command in '/home/adela/TFM_AdelaJimenez/workspace/ros_ur_driver/src/build_platform' returned '0': PYTHONPATH=/home/adela/TFM_AdelaJimenez/build/build_platform/prefix_override:/home/adela/TFM_AdelaJimenez/install/build_platform/lib/python3.10/site-packages:${PYTHONPATH} /usr/bin/python3 -W ignore:setup.py install is deprecated setup.py egg_info --egg-base ../../../../build/build_platform build --build-base /home/adela/TFM_AdelaJimenez/build/build_platform/build install --record /home/adela/TFM_AdelaJimenez/build/build_platform/install.log --single-version-externally-managed install_data
