[5.630s] Invoking command in '/home/adela/TFM_AdelaJimenez/workspace/ros_ur_driver/src/conversion_datos': PYTHONPATH=/home/adela/TFM_AdelaJimenez/build/conversion_datos/prefix_override:/home/adela/TFM_AdelaJimenez/install/conversion_datos/lib/python3.10/site-packages:${PYTHONPATH} /usr/bin/python3 -W ignore:setup.py install is deprecated setup.py egg_info --egg-base ../../../../build/conversion_datos build --build-base /home/adela/TFM_AdelaJimenez/build/conversion_datos/build install --record /home/adela/TFM_AdelaJimenez/build/conversion_datos/install.log --single-version-externally-managed install_data
[7.965s] running egg_info
[7.986s] writing ../../../../build/conversion_datos/conversion_datos.egg-info/PKG-INFO
[7.987s] writing dependency_links to ../../../../build/conversion_datos/conversion_datos.egg-info/dependency_links.txt
[7.992s] writing entry points to ../../../../build/conversion_datos/conversion_datos.egg-info/entry_points.txt
[7.998s] writing requirements to ../../../../build/conversion_datos/conversion_datos.egg-info/requires.txt
[7.999s] writing top-level names to ../../../../build/conversion_datos/conversion_datos.egg-info/top_level.txt
[8.026s] reading manifest file '../../../../build/conversion_datos/conversion_datos.egg-info/SOURCES.txt'
[8.048s] writing manifest file '../../../../build/conversion_datos/conversion_datos.egg-info/SOURCES.txt'
[8.049s] running build
[8.050s] running build_py
[8.050s] copying conversion_datos/convertir_en_gcode.py -> /home/adela/TFM_AdelaJimenez/build/conversion_datos/build/lib/conversion_datos
[8.055s] copying conversion_datos/convertir_en_articulares.py -> /home/adela/TFM_AdelaJimenez/build/conversion_datos/build/lib/conversion_datos
[8.059s] running install
[8.067s] running install_lib
[8.087s] copying /home/adela/TFM_AdelaJimenez/build/conversion_datos/build/lib/conversion_datos/convertir_en_gcode.py -> /home/adela/TFM_AdelaJimenez/install/conversion_datos/lib/python3.10/site-packages/conversion_datos
[8.090s] copying /home/adela/TFM_AdelaJimenez/build/conversion_datos/build/lib/conversion_datos/convertir_en_articulares.py -> /home/adela/TFM_AdelaJimenez/install/conversion_datos/lib/python3.10/site-packages/conversion_datos
[8.102s] byte-compiling /home/adela/TFM_AdelaJimenez/install/conversion_datos/lib/python3.10/site-packages/conversion_datos/convertir_en_gcode.py to convertir_en_gcode.cpython-310.pyc
[8.113s] byte-compiling /home/adela/TFM_AdelaJimenez/install/conversion_datos/lib/python3.10/site-packages/conversion_datos/convertir_en_articulares.py to convertir_en_articulares.cpython-310.pyc
[8.129s] running install_data
[8.131s] running install_egg_info
[8.171s] removing '/home/adela/TFM_AdelaJimenez/install/conversion_datos/lib/python3.10/site-packages/conversion_datos-0.0.0-py3.10.egg-info' (and everything under it)
[8.179s] Copying ../../../../build/conversion_datos/conversion_datos.egg-info to /home/adela/TFM_AdelaJimenez/install/conversion_datos/lib/python3.10/site-packages/conversion_datos-0.0.0-py3.10.egg-info
[8.179s] running install_scripts
[8.405s] Installing convertir_en_articulares script to /home/adela/TFM_AdelaJimenez/install/conversion_datos/lib/conversion_datos
[8.407s] Installing convertir_en_gcode script to /home/adela/TFM_AdelaJimenez/install/conversion_datos/lib/conversion_datos
[8.407s] writing list of installed files to '/home/adela/TFM_AdelaJimenez/build/conversion_datos/install.log'
[8.687s] Invoked command in '/home/adela/TFM_AdelaJimenez/workspace/ros_ur_driver/src/conversion_datos' returned '0': PYTHONPATH=/home/adela/TFM_AdelaJimenez/build/conversion_datos/prefix_override:/home/adela/TFM_AdelaJimenez/install/conversion_datos/lib/python3.10/site-packages:${PYTHONPATH} /usr/bin/python3 -W ignore:setup.py install is deprecated setup.py egg_info --egg-base ../../../../build/conversion_datos build --build-base /home/adela/TFM_AdelaJimenez/build/conversion_datos/build install --record /home/adela/TFM_AdelaJimenez/build/conversion_datos/install.log --single-version-externally-managed install_data
