[5.763s] Invoking command in '/home/adela/TFM_AdelaJimenez/workspace/ros_ur_driver/src/trayectories': PYTHONPATH=/home/adela/TFM_AdelaJimenez/build/trayectories/prefix_override:/home/adela/TFM_AdelaJimenez/install/trayectories/lib/python3.10/site-packages:${PYTHONPATH} /usr/bin/python3 -W ignore:setup.py install is deprecated setup.py egg_info --egg-base ../../../../build/trayectories build --build-base /home/adela/TFM_AdelaJimenez/build/trayectories/build install --record /home/adela/TFM_AdelaJimenez/build/trayectories/install.log --single-version-externally-managed install_data
[7.872s] running egg_info
[7.892s] writing ../../../../build/trayectories/trayectories.egg-info/PKG-INFO
[7.893s] writing dependency_links to ../../../../build/trayectories/trayectories.egg-info/dependency_links.txt
[7.894s] writing entry points to ../../../../build/trayectories/trayectories.egg-info/entry_points.txt
[7.904s] writing requirements to ../../../../build/trayectories/trayectories.egg-info/requires.txt
[7.906s] writing top-level names to ../../../../build/trayectories/trayectories.egg-info/top_level.txt
[7.939s] reading manifest file '../../../../build/trayectories/trayectories.egg-info/SOURCES.txt'
[7.966s] writing manifest file '../../../../build/trayectories/trayectories.egg-info/SOURCES.txt'
[7.977s] running build
[7.977s] running build_py
[7.984s] running install
[7.984s] running install_lib
[8.008s] running install_data
[8.011s] running install_egg_info
[8.043s] removing '/home/adela/TFM_AdelaJimenez/install/trayectories/lib/python3.10/site-packages/trayectories-0.0.0-py3.10.egg-info' (and everything under it)
[8.059s] Copying ../../../../build/trayectories/trayectories.egg-info to /home/adela/TFM_AdelaJimenez/install/trayectories/lib/python3.10/site-packages/trayectories-0.0.0-py3.10.egg-info
[8.067s] running install_scripts
[8.431s] Installing move_joints script to /home/adela/TFM_AdelaJimenez/install/trayectories/lib/trayectories
[8.440s] Installing move_l script to /home/adela/TFM_AdelaJimenez/install/trayectories/lib/trayectories
[8.444s] Installing move_l_gcode script to /home/adela/TFM_AdelaJimenez/install/trayectories/lib/trayectories
[8.453s] Installing move_l_nodes script to /home/adela/TFM_AdelaJimenez/install/trayectories/lib/trayectories
[8.461s] Installing move_l_original script to /home/adela/TFM_AdelaJimenez/install/trayectories/lib/trayectories
[8.472s] writing list of installed files to '/home/adela/TFM_AdelaJimenez/build/trayectories/install.log'
[8.842s] Invoked command in '/home/adela/TFM_AdelaJimenez/workspace/ros_ur_driver/src/trayectories' returned '0': PYTHONPATH=/home/adela/TFM_AdelaJimenez/build/trayectories/prefix_override:/home/adela/TFM_AdelaJimenez/install/trayectories/lib/python3.10/site-packages:${PYTHONPATH} /usr/bin/python3 -W ignore:setup.py install is deprecated setup.py egg_info --egg-base ../../../../build/trayectories build --build-base /home/adela/TFM_AdelaJimenez/build/trayectories/build install --record /home/adela/TFM_AdelaJimenez/build/trayectories/install.log --single-version-externally-managed install_data
