[7.433s] Invoking command in '/home/adela/TFM_AdelaJimenez/workspace/ros_ur_driver/src/trayectories': PYTHONPATH=/home/adela/TFM_AdelaJimenez/build/trayectories/prefix_override:/home/adela/TFM_AdelaJimenez/install/trayectories/lib/python3.10/site-packages:${PYTHONPATH} /usr/bin/python3 -W ignore:setup.py install is deprecated setup.py egg_info --egg-base ../../../../build/trayectories build --build-base /home/adela/TFM_AdelaJimenez/build/trayectories/build install --record /home/adela/TFM_AdelaJimenez/build/trayectories/install.log --single-version-externally-managed install_data
[9.886s] running egg_info
[9.898s] writing ../../../../build/trayectories/trayectories.egg-info/PKG-INFO
[9.898s] writing dependency_links to ../../../../build/trayectories/trayectories.egg-info/dependency_links.txt
[9.899s] writing entry points to ../../../../build/trayectories/trayectories.egg-info/entry_points.txt
[9.904s] writing requirements to ../../../../build/trayectories/trayectories.egg-info/requires.txt
[9.905s] writing top-level names to ../../../../build/trayectories/trayectories.egg-info/top_level.txt
[9.924s] reading manifest file '../../../../build/trayectories/trayectories.egg-info/SOURCES.txt'
[9.936s] writing manifest file '../../../../build/trayectories/trayectories.egg-info/SOURCES.txt'
[9.936s] running build
[9.936s] running build_py
[9.957s] copying trayectories/move_l_nodes.py -> /home/adela/TFM_AdelaJimenez/build/trayectories/build/lib/trayectories
[9.957s] running install
[9.978s] running install_lib
[9.978s] copying /home/adela/TFM_AdelaJimenez/build/trayectories/build/lib/trayectories/move_l_nodes.py -> /home/adela/TFM_AdelaJimenez/install/trayectories/lib/python3.10/site-packages/trayectories
[9.995s] byte-compiling /home/adela/TFM_AdelaJimenez/install/trayectories/lib/python3.10/site-packages/trayectories/move_l_nodes.py to move_l_nodes.cpython-310.pyc
[10.008s] running install_data
[10.018s] running install_egg_info
[10.066s] removing '/home/adela/TFM_AdelaJimenez/install/trayectories/lib/python3.10/site-packages/trayectories-0.0.0-py3.10.egg-info' (and everything under it)
[10.067s] Copying ../../../../build/trayectories/trayectories.egg-info to /home/adela/TFM_AdelaJimenez/install/trayectories/lib/python3.10/site-packages/trayectories-0.0.0-py3.10.egg-info
[10.073s] running install_scripts
[10.298s] Installing move_joints script to /home/adela/TFM_AdelaJimenez/install/trayectories/lib/trayectories
[10.299s] Installing move_l script to /home/adela/TFM_AdelaJimenez/install/trayectories/lib/trayectories
[10.302s] Installing move_l_gcode script to /home/adela/TFM_AdelaJimenez/install/trayectories/lib/trayectories
[10.310s] Installing move_l_nodes script to /home/adela/TFM_AdelaJimenez/install/trayectories/lib/trayectories
[10.310s] Installing move_l_original script to /home/adela/TFM_AdelaJimenez/install/trayectories/lib/trayectories
[10.310s] writing list of installed files to '/home/adela/TFM_AdelaJimenez/build/trayectories/install.log'
[10.546s] Invoked command in '/home/adela/TFM_AdelaJimenez/workspace/ros_ur_driver/src/trayectories' returned '0': PYTHONPATH=/home/adela/TFM_AdelaJimenez/build/trayectories/prefix_override:/home/adela/TFM_AdelaJimenez/install/trayectories/lib/python3.10/site-packages:${PYTHONPATH} /usr/bin/python3 -W ignore:setup.py install is deprecated setup.py egg_info --egg-base ../../../../build/trayectories build --build-base /home/adela/TFM_AdelaJimenez/build/trayectories/build install --record /home/adela/TFM_AdelaJimenez/build/trayectories/install.log --single-version-externally-managed install_data
