running egg_info
writing ../../../../build/build_platform/build_platform.egg-info/PKG-INFO
writing dependency_links to ../../../../build/build_platform/build_platform.egg-info/dependency_links.txt
writing entry points to ../../../../build/build_platform/build_platform.egg-info/entry_points.txt
writing requirements to ../../../../build/build_platform/build_platform.egg-info/requires.txt
writing top-level names to ../../../../build/build_platform/build_platform.egg-info/top_level.txt
reading manifest file '../../../../build/build_platform/build_platform.egg-info/SOURCES.txt'
writing manifest file '../../../../build/build_platform/build_platform.egg-info/SOURCES.txt'
running build
running build_py
running install
running install_lib
running install_data
running install_egg_info
removing '/home/adela/TFM_AdelaJimenez/install/build_platform/lib/python3.10/site-packages/build_platform-0.0.0-py3.10.egg-info' (and everything under it)
Copying ../../../../build/build_platform/build_platform.egg-info to /home/adela/TFM_AdelaJimenez/install/build_platform/lib/python3.10/site-packages/build_platform-0.0.0-py3.10.egg-info
running install_scripts
Installing arduino_communicator_v2 script to /home/adela/TFM_AdelaJimenez/install/build_platform/lib/build_platform
Installing messages script to /home/adela/TFM_AdelaJimenez/install/build_platform/lib/build_platform
Installing serial_reader_v2 script to /home/adela/TFM_AdelaJimenez/install/build_platform/lib/build_platform
writing list of installed files to '/home/adela/TFM_AdelaJimenez/build/build_platform/install.log'
