[2.718s] Invoking command in '/home/adela/TFM_AdelaJimenez/workspace/ros_ur_driver/src/build_platform': PYTHONPATH=/home/adela/TFM_AdelaJimenez/build/build_platform/prefix_override:/home/adela/TFM_AdelaJimenez/install/build_platform/lib/python3.10/site-packages:${PYTHONPATH} /usr/bin/python3 -W ignore:setup.py install is deprecated setup.py egg_info --egg-base ../../../../build/build_platform build --build-base /home/adela/TFM_AdelaJimenez/build/build_platform/build install --record /home/adela/TFM_AdelaJimenez/build/build_platform/install.log --single-version-externally-managed install_data
[4.248s] running egg_info
[4.256s] writing ../../../../build/build_platform/build_platform.egg-info/PKG-INFO
[4.261s] writing dependency_links to ../../../../build/build_platform/build_platform.egg-info/dependency_links.txt
[4.263s] writing entry points to ../../../../build/build_platform/build_platform.egg-info/entry_points.txt
[4.265s] writing requirements to ../../../../build/build_platform/build_platform.egg-info/requires.txt
[4.265s] writing top-level names to ../../../../build/build_platform/build_platform.egg-info/top_level.txt
[4.309s] reading manifest file '../../../../build/build_platform/build_platform.egg-info/SOURCES.txt'
[4.309s] writing manifest file '../../../../build/build_platform/build_platform.egg-info/SOURCES.txt'
[4.309s] running build
[4.309s] running build_py
[4.309s] running install
[4.309s] running install_lib
[4.316s] running install_data
[4.316s] running install_egg_info
[4.330s] removing '/home/adela/TFM_AdelaJimenez/install/build_platform/lib/python3.10/site-packages/build_platform-0.0.0-py3.10.egg-info' (and everything under it)
[4.332s] Copying ../../../../build/build_platform/build_platform.egg-info to /home/adela/TFM_AdelaJimenez/install/build_platform/lib/python3.10/site-packages/build_platform-0.0.0-py3.10.egg-info
[4.333s] running install_scripts
[4.518s] Installing arduino_communicator_v2 script to /home/adela/TFM_AdelaJimenez/install/build_platform/lib/build_platform
[4.519s] Installing messages script to /home/adela/TFM_AdelaJimenez/install/build_platform/lib/build_platform
[4.519s] Installing serial_reader_v2 script to /home/adela/TFM_AdelaJimenez/install/build_platform/lib/build_platform
[4.521s] writing list of installed files to '/home/adela/TFM_AdelaJimenez/build/build_platform/install.log'
[4.759s] Invoked command in '/home/adela/TFM_AdelaJimenez/workspace/ros_ur_driver/src/build_platform' returned '0': PYTHONPATH=/home/adela/TFM_AdelaJimenez/build/build_platform/prefix_override:/home/adela/TFM_AdelaJimenez/install/build_platform/lib/python3.10/site-packages:${PYTHONPATH} /usr/bin/python3 -W ignore:setup.py install is deprecated setup.py egg_info --egg-base ../../../../build/build_platform build --build-base /home/adela/TFM_AdelaJimenez/build/build_platform/build install --record /home/adela/TFM_AdelaJimenez/build/build_platform/install.log --single-version-externally-managed install_data
