[0.054s] Invoking command in '/home/adela/TFM_AdelaJimenez/build/ur_dashboard_msgs': CMAKE_PREFIX_PATH=${CMAKE_PREFIX_PATH}:/home/adela/TFM_AdelaJimenez/workspace/ros_ur_driver/install/trayectories:/home/adela/TFM_AdelaJimenez/workspace/ros_ur_driver/install/rutine_launcher:/home/adela/TFM_AdelaJimenez/workspace/ros_ur_driver/install/data_logger:/home/adela/TFM_AdelaJimenez/workspace/ros_ur_driver/install/build_platform:/home/adela/TFM_MiguelLerinAlonso/workspace/ros_ur_driver/install/trayectories:/home/adela/TFM_MiguelLerinAlonso/workspace/ros_ur_driver/install/rutine_launcher:/home/adela/TFM_MiguelLerinAlonso/workspace/ros_ur_driver/install/data_logger:/home/adela/TFM_MiguelLerinAlonso/workspace/ros_ur_driver/install/build_platform:/opt/ros/humble /usr/bin/cmake --build /home/adela/TFM_AdelaJimenez/build/ur_dashboard_msgs -- -j2 -l2
[0.339s] [  0%] Built target ur_dashboard_msgs__cpp
[0.377s] [ 12%] Built target ur_dashboard_msgs__rosidl_generator_c
[0.516s] [ 12%] Built target ament_cmake_python_copy_ur_dashboard_msgs
[0.522s] [ 24%] Built target ur_dashboard_msgs__rosidl_typesupport_cpp
[0.666s] [ 36%] Built target ur_dashboard_msgs__rosidl_typesupport_introspection_c
[0.700s] [ 48%] Built target ur_dashboard_msgs__rosidl_typesupport_fastrtps_c
[0.831s] [ 60%] Built target ur_dashboard_msgs__rosidl_typesupport_c
[0.866s] [ 72%] Built target ur_dashboard_msgs__rosidl_typesupport_fastrtps_cpp
[1.021s] [ 84%] Built target ur_dashboard_msgs__rosidl_typesupport_introspection_cpp
[1.110s] [ 84%] Built target ur_dashboard_msgs
[1.271s] [ 85%] Built target ur_dashboard_msgs__py
[1.439s] [ 96%] Built target ur_dashboard_msgs__rosidl_generator_py
[1.659s] [ 97%] Built target ur_dashboard_msgs__rosidl_typesupport_fastrtps_c__pyext
[1.782s] [ 99%] Built target ur_dashboard_msgs__rosidl_typesupport_introspection_c__pyext
[1.889s] [100%] Built target ur_dashboard_msgs__rosidl_typesupport_c__pyext
[2.098s] running egg_info
[2.098s] writing ur_dashboard_msgs.egg-info/PKG-INFO
[2.102s] writing dependency_links to ur_dashboard_msgs.egg-info/dependency_links.txt
[2.108s] writing top-level names to ur_dashboard_msgs.egg-info/top_level.txt
[2.115s] reading manifest file 'ur_dashboard_msgs.egg-info/SOURCES.txt'
[2.119s] writing manifest file 'ur_dashboard_msgs.egg-info/SOURCES.txt'
[2.253s] [100%] Built target ament_cmake_python_build_ur_dashboard_msgs_egg
[2.304s] Invoked command in '/home/adela/TFM_AdelaJimenez/build/ur_dashboard_msgs' returned '0': CMAKE_PREFIX_PATH=${CMAKE_PREFIX_PATH}:/home/adela/TFM_AdelaJimenez/workspace/ros_ur_driver/install/trayectories:/home/adela/TFM_AdelaJimenez/workspace/ros_ur_driver/install/rutine_launcher:/home/adela/TFM_AdelaJimenez/workspace/ros_ur_driver/install/data_logger:/home/adela/TFM_AdelaJimenez/workspace/ros_ur_driver/install/build_platform:/home/adela/TFM_MiguelLerinAlonso/workspace/ros_ur_driver/install/trayectories:/home/adela/TFM_MiguelLerinAlonso/workspace/ros_ur_driver/install/rutine_launcher:/home/adela/TFM_MiguelLerinAlonso/workspace/ros_ur_driver/install/data_logger:/home/adela/TFM_MiguelLerinAlonso/workspace/ros_ur_driver/install/build_platform:/opt/ros/humble /usr/bin/cmake --build /home/adela/TFM_AdelaJimenez/build/ur_dashboard_msgs -- -j2 -l2
[4.953s] Invoking command in '/home/adela/TFM_AdelaJimenez/build/ur_dashboard_msgs': CMAKE_PREFIX_PATH=${CMAKE_PREFIX_PATH}:/home/adela/TFM_AdelaJimenez/workspace/ros_ur_driver/install/trayectories:/home/adela/TFM_AdelaJimenez/workspace/ros_ur_driver/install/rutine_launcher:/home/adela/TFM_AdelaJimenez/workspace/ros_ur_driver/install/data_logger:/home/adela/TFM_AdelaJimenez/workspace/ros_ur_driver/install/build_platform:/home/adela/TFM_MiguelLerinAlonso/workspace/ros_ur_driver/install/trayectories:/home/adela/TFM_MiguelLerinAlonso/workspace/ros_ur_driver/install/rutine_launcher:/home/adela/TFM_MiguelLerinAlonso/workspace/ros_ur_driver/install/data_logger:/home/adela/TFM_MiguelLerinAlonso/workspace/ros_ur_driver/install/build_platform:/opt/ros/humble /usr/bin/cmake --install /home/adela/TFM_AdelaJimenez/build/ur_dashboard_msgs
[5.044s] -- Install configuration: ""
[5.045s] -- Up-to-date: /home/adela/TFM_AdelaJimenez/install/ur_dashboard_msgs/share/ament_index/resource_index/rosidl_interfaces/ur_dashboard_msgs
[5.045s] -- Up-to-date: /home/adela/TFM_AdelaJimenez/install/ur_dashboard_msgs/include/ur_dashboard_msgs/ur_dashboard_msgs
[5.045s] -- Up-to-date: /home/adela/TFM_AdelaJimenez/install/ur_dashboard_msgs/include/ur_dashboard_msgs/ur_dashboard_msgs/action
[5.045s] -- Up-to-date: /home/adela/TFM_AdelaJimenez/install/ur_dashboard_msgs/include/ur_dashboard_msgs/ur_dashboard_msgs/action/detail
[5.045s] -- Up-to-date: /home/adela/TFM_AdelaJimenez/install/ur_dashboard_msgs/include/ur_dashboard_msgs/ur_dashboard_msgs/action/detail/set_mode__functions.h
[5.045s] -- Up-to-date: /home/adela/TFM_AdelaJimenez/install/ur_dashboard_msgs/include/ur_dashboard_msgs/ur_dashboard_msgs/action/detail/set_mode__type_support.h
[5.045s] -- Up-to-date: /home/adela/TFM_AdelaJimenez/install/ur_dashboard_msgs/include/ur_dashboard_msgs/ur_dashboard_msgs/action/detail/set_mode__functions.c
[5.045s] -- Up-to-date: /home/adela/TFM_AdelaJimenez/install/ur_dashboard_msgs/include/ur_dashboard_msgs/ur_dashboard_msgs/action/detail/set_mode__struct.h
[5.045s] -- Up-to-date: /home/adela/TFM_AdelaJimenez/install/ur_dashboard_msgs/include/ur_dashboard_msgs/ur_dashboard_msgs/action/set_mode.h
[5.045s] -- Up-to-date: /home/adela/TFM_AdelaJimenez/install/ur_dashboard_msgs/include/ur_dashboard_msgs/ur_dashboard_msgs/msg
[5.046s] -- Up-to-date: /home/adela/TFM_AdelaJimenez/install/ur_dashboard_msgs/include/ur_dashboard_msgs/ur_dashboard_msgs/msg/robot_mode.h
[5.046s] -- Up-to-date: /home/adela/TFM_AdelaJimenez/install/ur_dashboard_msgs/include/ur_dashboard_msgs/ur_dashboard_msgs/msg/program_state.h
[5.050s] -- Up-to-date: /home/adela/TFM_AdelaJimenez/install/ur_dashboard_msgs/include/ur_dashboard_msgs/ur_dashboard_msgs/msg/safety_mode.h
[5.050s] -- Up-to-date: /home/adela/TFM_AdelaJimenez/install/ur_dashboard_msgs/include/ur_dashboard_msgs/ur_dashboard_msgs/msg/detail
[5.050s] -- Up-to-date: /home/adela/TFM_AdelaJimenez/install/ur_dashboard_msgs/include/ur_dashboard_msgs/ur_dashboard_msgs/msg/detail/program_state__type_support.h
[5.050s] -- Up-to-date: /home/adela/TFM_AdelaJimenez/install/ur_dashboard_msgs/include/ur_dashboard_msgs/ur_dashboard_msgs/msg/detail/program_state__functions.h
[5.050s] -- Up-to-date: /home/adela/TFM_AdelaJimenez/install/ur_dashboard_msgs/include/ur_dashboard_msgs/ur_dashboard_msgs/msg/detail/program_state__functions.c
[5.050s] -- Up-to-date: /home/adela/TFM_AdelaJimenez/install/ur_dashboard_msgs/include/ur_dashboard_msgs/ur_dashboard_msgs/msg/detail/robot_mode__type_support.h
[5.051s] -- Up-to-date: /home/adela/TFM_AdelaJimenez/install/ur_dashboard_msgs/include/ur_dashboard_msgs/ur_dashboard_msgs/msg/detail/safety_mode__functions.h
[5.051s] -- Up-to-date: /home/adela/TFM_AdelaJimenez/install/ur_dashboard_msgs/include/ur_dashboard_msgs/ur_dashboard_msgs/msg/detail/safety_mode__struct.h
[5.051s] -- Up-to-date: /home/adela/TFM_AdelaJimenez/install/ur_dashboard_msgs/include/ur_dashboard_msgs/ur_dashboard_msgs/msg/detail/robot_mode__functions.h
[5.051s] -- Up-to-date: /home/adela/TFM_AdelaJimenez/install/ur_dashboard_msgs/include/ur_dashboard_msgs/ur_dashboard_msgs/msg/detail/program_state__struct.h
[5.051s] -- Up-to-date: /home/adela/TFM_AdelaJimenez/install/ur_dashboard_msgs/include/ur_dashboard_msgs/ur_dashboard_msgs/msg/detail/robot_mode__struct.h
[5.051s] -- Up-to-date: /home/adela/TFM_AdelaJimenez/install/ur_dashboard_msgs/include/ur_dashboard_msgs/ur_dashboard_msgs/msg/detail/safety_mode__type_support.h
[5.052s] -- Up-to-date: /home/adela/TFM_AdelaJimenez/install/ur_dashboard_msgs/include/ur_dashboard_msgs/ur_dashboard_msgs/msg/detail/safety_mode__functions.c
[5.052s] -- Up-to-date: /home/adela/TFM_AdelaJimenez/install/ur_dashboard_msgs/include/ur_dashboard_msgs/ur_dashboard_msgs/msg/detail/robot_mode__functions.c
[5.064s] -- Up-to-date: /home/adela/TFM_AdelaJimenez/install/ur_dashboard_msgs/include/ur_dashboard_msgs/ur_dashboard_msgs/msg/rosidl_generator_c__visibility_control.h
[5.065s] -- Up-to-date: /home/adela/TFM_AdelaJimenez/install/ur_dashboard_msgs/include/ur_dashboard_msgs/ur_dashboard_msgs/srv
[5.065s] -- Up-to-date: /home/adela/TFM_AdelaJimenez/install/ur_dashboard_msgs/include/ur_dashboard_msgs/ur_dashboard_msgs/srv/get_loaded_program.h
[5.065s] -- Up-to-date: /home/adela/TFM_AdelaJimenez/install/ur_dashboard_msgs/include/ur_dashboard_msgs/ur_dashboard_msgs/srv/is_program_running.h
[5.065s] -- Up-to-date: /home/adela/TFM_AdelaJimenez/install/ur_dashboard_msgs/include/ur_dashboard_msgs/ur_dashboard_msgs/srv/add_to_log.h
[5.065s] -- Up-to-date: /home/adela/TFM_AdelaJimenez/install/ur_dashboard_msgs/include/ur_dashboard_msgs/ur_dashboard_msgs/srv/is_program_saved.h
[5.065s] -- Up-to-date: /home/adela/TFM_AdelaJimenez/install/ur_dashboard_msgs/include/ur_dashboard_msgs/ur_dashboard_msgs/srv/get_program_state.h
[5.065s] -- Up-to-date: /home/adela/TFM_AdelaJimenez/install/ur_dashboard_msgs/include/ur_dashboard_msgs/ur_dashboard_msgs/srv/get_robot_mode.h
[5.065s] -- Up-to-date: /home/adela/TFM_AdelaJimenez/install/ur_dashboard_msgs/include/ur_dashboard_msgs/ur_dashboard_msgs/srv/raw_request.h
[5.066s] -- Up-to-date: /home/adela/TFM_AdelaJimenez/install/ur_dashboard_msgs/include/ur_dashboard_msgs/ur_dashboard_msgs/srv/load.h
[5.066s] -- Up-to-date: /home/adela/TFM_AdelaJimenez/install/ur_dashboard_msgs/include/ur_dashboard_msgs/ur_dashboard_msgs/srv/detail
[5.066s] -- Up-to-date: /home/adela/TFM_AdelaJimenez/install/ur_dashboard_msgs/include/ur_dashboard_msgs/ur_dashboard_msgs/srv/detail/raw_request__struct.h
[5.066s] -- Up-to-date: /home/adela/TFM_AdelaJimenez/install/ur_dashboard_msgs/include/ur_dashboard_msgs/ur_dashboard_msgs/srv/detail/add_to_log__struct.h
[5.066s] -- Up-to-date: /home/adela/TFM_AdelaJimenez/install/ur_dashboard_msgs/include/ur_dashboard_msgs/ur_dashboard_msgs/srv/detail/is_program_saved__functions.c
[5.066s] -- Up-to-date: /home/adela/TFM_AdelaJimenez/install/ur_dashboard_msgs/include/ur_dashboard_msgs/ur_dashboard_msgs/srv/detail/get_robot_mode__functions.c
[5.066s] -- Up-to-date: /home/adela/TFM_AdelaJimenez/install/ur_dashboard_msgs/include/ur_dashboard_msgs/ur_dashboard_msgs/srv/detail/get_program_state__type_support.h
[5.066s] -- Up-to-date: /home/adela/TFM_AdelaJimenez/install/ur_dashboard_msgs/include/ur_dashboard_msgs/ur_dashboard_msgs/srv/detail/add_to_log__functions.c
[5.066s] -- Up-to-date: /home/adela/TFM_AdelaJimenez/install/ur_dashboard_msgs/include/ur_dashboard_msgs/ur_dashboard_msgs/srv/detail/add_to_log__type_support.h
[5.066s] -- Up-to-date: /home/adela/TFM_AdelaJimenez/install/ur_dashboard_msgs/include/ur_dashboard_msgs/ur_dashboard_msgs/srv/detail/popup__functions.h
[5.066s] -- Up-to-date: /home/adela/TFM_AdelaJimenez/install/ur_dashboard_msgs/include/ur_dashboard_msgs/ur_dashboard_msgs/srv/detail/get_safety_mode__type_support.h
[5.067s] -- Up-to-date: /home/adela/TFM_AdelaJimenez/install/ur_dashboard_msgs/include/ur_dashboard_msgs/ur_dashboard_msgs/srv/detail/get_robot_mode__type_support.h
[5.067s] -- Up-to-date: /home/adela/TFM_AdelaJimenez/install/ur_dashboard_msgs/include/ur_dashboard_msgs/ur_dashboard_msgs/srv/detail/load__type_support.h
[5.067s] -- Up-to-date: /home/adela/TFM_AdelaJimenez/install/ur_dashboard_msgs/include/ur_dashboard_msgs/ur_dashboard_msgs/srv/detail/is_program_running__type_support.h
[5.067s] -- Up-to-date: /home/adela/TFM_AdelaJimenez/install/ur_dashboard_msgs/include/ur_dashboard_msgs/ur_dashboard_msgs/srv/detail/get_program_state__struct.h
[5.067s] -- Up-to-date: /home/adela/TFM_AdelaJimenez/install/ur_dashboard_msgs/include/ur_dashboard_msgs/ur_dashboard_msgs/srv/detail/get_loaded_program__struct.h
[5.067s] -- Up-to-date: /home/adela/TFM_AdelaJimenez/install/ur_dashboard_msgs/include/ur_dashboard_msgs/ur_dashboard_msgs/srv/detail/load__functions.c
[5.067s] -- Up-to-date: /home/adela/TFM_AdelaJimenez/install/ur_dashboard_msgs/include/ur_dashboard_msgs/ur_dashboard_msgs/srv/detail/add_to_log__functions.h
[5.067s] -- Up-to-date: /home/adela/TFM_AdelaJimenez/install/ur_dashboard_msgs/include/ur_dashboard_msgs/ur_dashboard_msgs/srv/detail/load__struct.h
[5.067s] -- Up-to-date: /home/adela/TFM_AdelaJimenez/install/ur_dashboard_msgs/include/ur_dashboard_msgs/ur_dashboard_msgs/srv/detail/is_program_running__struct.h
[5.067s] -- Up-to-date: /home/adela/TFM_AdelaJimenez/install/ur_dashboard_msgs/include/ur_dashboard_msgs/ur_dashboard_msgs/srv/detail/popup__struct.h
[5.067s] -- Up-to-date: /home/adela/TFM_AdelaJimenez/install/ur_dashboard_msgs/include/ur_dashboard_msgs/ur_dashboard_msgs/srv/detail/is_program_running__functions.c
[5.068s] -- Up-to-date: /home/adela/TFM_AdelaJimenez/install/ur_dashboard_msgs/include/ur_dashboard_msgs/ur_dashboard_msgs/srv/detail/get_robot_mode__functions.h
[5.068s] -- Up-to-date: /home/adela/TFM_AdelaJimenez/install/ur_dashboard_msgs/include/ur_dashboard_msgs/ur_dashboard_msgs/srv/detail/get_safety_mode__struct.h
[5.068s] -- Up-to-date: /home/adela/TFM_AdelaJimenez/install/ur_dashboard_msgs/include/ur_dashboard_msgs/ur_dashboard_msgs/srv/detail/get_loaded_program__type_support.h
[5.068s] -- Up-to-date: /home/adela/TFM_AdelaJimenez/install/ur_dashboard_msgs/include/ur_dashboard_msgs/ur_dashboard_msgs/srv/detail/get_robot_mode__struct.h
[5.068s] -- Up-to-date: /home/adela/TFM_AdelaJimenez/install/ur_dashboard_msgs/include/ur_dashboard_msgs/ur_dashboard_msgs/srv/detail/get_safety_mode__functions.c
[5.068s] -- Up-to-date: /home/adela/TFM_AdelaJimenez/install/ur_dashboard_msgs/include/ur_dashboard_msgs/ur_dashboard_msgs/srv/detail/get_loaded_program__functions.h
[5.068s] -- Up-to-date: /home/adela/TFM_AdelaJimenez/install/ur_dashboard_msgs/include/ur_dashboard_msgs/ur_dashboard_msgs/srv/detail/get_safety_mode__functions.h
[5.068s] -- Up-to-date: /home/adela/TFM_AdelaJimenez/install/ur_dashboard_msgs/include/ur_dashboard_msgs/ur_dashboard_msgs/srv/detail/raw_request__functions.c
[5.068s] -- Up-to-date: /home/adela/TFM_AdelaJimenez/install/ur_dashboard_msgs/include/ur_dashboard_msgs/ur_dashboard_msgs/srv/detail/get_program_state__functions.c
[5.068s] -- Up-to-date: /home/adela/TFM_AdelaJimenez/install/ur_dashboard_msgs/include/ur_dashboard_msgs/ur_dashboard_msgs/srv/detail/load__functions.h
[5.068s] -- Up-to-date: /home/adela/TFM_AdelaJimenez/install/ur_dashboard_msgs/include/ur_dashboard_msgs/ur_dashboard_msgs/srv/detail/popup__functions.c
[5.068s] -- Up-to-date: /home/adela/TFM_AdelaJimenez/install/ur_dashboard_msgs/include/ur_dashboard_msgs/ur_dashboard_msgs/srv/detail/is_program_running__functions.h
[5.117s] -- Up-to-date: /home/adela/TFM_AdelaJimenez/install/ur_dashboard_msgs/include/ur_dashboard_msgs/ur_dashboard_msgs/srv/detail/get_program_state__functions.h
[5.117s] -- Up-to-date: /home/adela/TFM_AdelaJimenez/install/ur_dashboard_msgs/include/ur_dashboard_msgs/ur_dashboard_msgs/srv/detail/is_program_saved__struct.h
[5.117s] -- Up-to-date: /home/adela/TFM_AdelaJimenez/install/ur_dashboard_msgs/include/ur_dashboard_msgs/ur_dashboard_msgs/srv/detail/get_loaded_program__functions.c
[5.117s] -- Up-to-date: /home/adela/TFM_AdelaJimenez/install/ur_dashboard_msgs/include/ur_dashboard_msgs/ur_dashboard_msgs/srv/detail/popup__type_support.h
[5.117s] -- Up-to-date: /home/adela/TFM_AdelaJimenez/install/ur_dashboard_msgs/include/ur_dashboard_msgs/ur_dashboard_msgs/srv/detail/is_program_saved__functions.h
[5.117s] -- Up-to-date: /home/adela/TFM_AdelaJimenez/install/ur_dashboard_msgs/include/ur_dashboard_msgs/ur_dashboard_msgs/srv/detail/raw_request__functions.h
[5.117s] -- Up-to-date: /home/adela/TFM_AdelaJimenez/install/ur_dashboard_msgs/include/ur_dashboard_msgs/ur_dashboard_msgs/srv/detail/raw_request__type_support.h
[5.117s] -- Up-to-date: /home/adela/TFM_AdelaJimenez/install/ur_dashboard_msgs/include/ur_dashboard_msgs/ur_dashboard_msgs/srv/detail/is_program_saved__type_support.h
[5.117s] -- Up-to-date: /home/adela/TFM_AdelaJimenez/install/ur_dashboard_msgs/include/ur_dashboard_msgs/ur_dashboard_msgs/srv/get_safety_mode.h
[5.118s] -- Up-to-date: /home/adela/TFM_AdelaJimenez/install/ur_dashboard_msgs/include/ur_dashboard_msgs/ur_dashboard_msgs/srv/popup.h
[5.118s] -- Up-to-date: /home/adela/TFM_AdelaJimenez/install/ur_dashboard_msgs/share/ur_dashboard_msgs/environment/library_path.sh
[5.118s] -- Up-to-date: /home/adela/TFM_AdelaJimenez/install/ur_dashboard_msgs/share/ur_dashboard_msgs/environment/library_path.dsv
[5.118s] -- Up-to-date: /home/adela/TFM_AdelaJimenez/install/ur_dashboard_msgs/lib/libur_dashboard_msgs__rosidl_generator_c.so
[5.118s] -- Up-to-date: /home/adela/TFM_AdelaJimenez/install/ur_dashboard_msgs/include/ur_dashboard_msgs/ur_dashboard_msgs
[5.118s] -- Up-to-date: /home/adela/TFM_AdelaJimenez/install/ur_dashboard_msgs/include/ur_dashboard_msgs/ur_dashboard_msgs/action
[5.118s] -- Up-to-date: /home/adela/TFM_AdelaJimenez/install/ur_dashboard_msgs/include/ur_dashboard_msgs/ur_dashboard_msgs/action/detail
[5.118s] -- Up-to-date: /home/adela/TFM_AdelaJimenez/install/ur_dashboard_msgs/include/ur_dashboard_msgs/ur_dashboard_msgs/action/detail/set_mode__rosidl_typesupport_fastrtps_c.h
[5.118s] -- Up-to-date: /home/adela/TFM_AdelaJimenez/install/ur_dashboard_msgs/include/ur_dashboard_msgs/ur_dashboard_msgs/msg
[5.118s] -- Up-to-date: /home/adela/TFM_AdelaJimenez/install/ur_dashboard_msgs/include/ur_dashboard_msgs/ur_dashboard_msgs/msg/detail
[5.118s] -- Up-to-date: /home/adela/TFM_AdelaJimenez/install/ur_dashboard_msgs/include/ur_dashboard_msgs/ur_dashboard_msgs/msg/detail/safety_mode__rosidl_typesupport_fastrtps_c.h
[5.118s] -- Up-to-date: /home/adela/TFM_AdelaJimenez/install/ur_dashboard_msgs/include/ur_dashboard_msgs/ur_dashboard_msgs/msg/detail/program_state__rosidl_typesupport_fastrtps_c.h
[5.118s] -- Up-to-date: /home/adela/TFM_AdelaJimenez/install/ur_dashboard_msgs/include/ur_dashboard_msgs/ur_dashboard_msgs/msg/detail/robot_mode__rosidl_typesupport_fastrtps_c.h
[5.119s] -- Up-to-date: /home/adela/TFM_AdelaJimenez/install/ur_dashboard_msgs/include/ur_dashboard_msgs/ur_dashboard_msgs/msg/rosidl_typesupport_fastrtps_c__visibility_control.h
[5.119s] -- Up-to-date: /home/adela/TFM_AdelaJimenez/install/ur_dashboard_msgs/include/ur_dashboard_msgs/ur_dashboard_msgs/srv
[5.119s] -- Up-to-date: /home/adela/TFM_AdelaJimenez/install/ur_dashboard_msgs/include/ur_dashboard_msgs/ur_dashboard_msgs/srv/detail
[5.119s] -- Up-to-date: /home/adela/TFM_AdelaJimenez/install/ur_dashboard_msgs/include/ur_dashboard_msgs/ur_dashboard_msgs/srv/detail/is_program_saved__rosidl_typesupport_fastrtps_c.h
[5.121s] -- Up-to-date: /home/adela/TFM_AdelaJimenez/install/ur_dashboard_msgs/include/ur_dashboard_msgs/ur_dashboard_msgs/srv/detail/popup__rosidl_typesupport_fastrtps_c.h
[5.121s] -- Up-to-date: /home/adela/TFM_AdelaJimenez/install/ur_dashboard_msgs/include/ur_dashboard_msgs/ur_dashboard_msgs/srv/detail/raw_request__rosidl_typesupport_fastrtps_c.h
[5.128s] -- Up-to-date: /home/adela/TFM_AdelaJimenez/install/ur_dashboard_msgs/include/ur_dashboard_msgs/ur_dashboard_msgs/srv/detail/get_robot_mode__rosidl_typesupport_fastrtps_c.h
[5.128s] -- Up-to-date: /home/adela/TFM_AdelaJimenez/install/ur_dashboard_msgs/include/ur_dashboard_msgs/ur_dashboard_msgs/srv/detail/add_to_log__rosidl_typesupport_fastrtps_c.h
[5.128s] -- Up-to-date: /home/adela/TFM_AdelaJimenez/install/ur_dashboard_msgs/include/ur_dashboard_msgs/ur_dashboard_msgs/srv/detail/get_program_state__rosidl_typesupport_fastrtps_c.h
[5.128s] -- Up-to-date: /home/adela/TFM_AdelaJimenez/install/ur_dashboard_msgs/include/ur_dashboard_msgs/ur_dashboard_msgs/srv/detail/is_program_running__rosidl_typesupport_fastrtps_c.h
[5.128s] -- Up-to-date: /home/adela/TFM_AdelaJimenez/install/ur_dashboard_msgs/include/ur_dashboard_msgs/ur_dashboard_msgs/srv/detail/get_safety_mode__rosidl_typesupport_fastrtps_c.h
[5.128s] -- Up-to-date: /home/adela/TFM_AdelaJimenez/install/ur_dashboard_msgs/include/ur_dashboard_msgs/ur_dashboard_msgs/srv/detail/get_loaded_program__rosidl_typesupport_fastrtps_c.h
[5.128s] -- Up-to-date: /home/adela/TFM_AdelaJimenez/install/ur_dashboard_msgs/include/ur_dashboard_msgs/ur_dashboard_msgs/srv/detail/load__rosidl_typesupport_fastrtps_c.h
[5.129s] -- Up-to-date: /home/adela/TFM_AdelaJimenez/install/ur_dashboard_msgs/lib/libur_dashboard_msgs__rosidl_typesupport_fastrtps_c.so
[5.129s] -- Up-to-date: /home/adela/TFM_AdelaJimenez/install/ur_dashboard_msgs/include/ur_dashboard_msgs/ur_dashboard_msgs
[5.129s] -- Up-to-date: /home/adela/TFM_AdelaJimenez/install/ur_dashboard_msgs/include/ur_dashboard_msgs/ur_dashboard_msgs/action
[5.129s] -- Up-to-date: /home/adela/TFM_AdelaJimenez/install/ur_dashboard_msgs/include/ur_dashboard_msgs/ur_dashboard_msgs/action/detail
[5.129s] -- Up-to-date: /home/adela/TFM_AdelaJimenez/install/ur_dashboard_msgs/include/ur_dashboard_msgs/ur_dashboard_msgs/action/detail/set_mode__rosidl_typesupport_introspection_c.h
[5.129s] -- Up-to-date: /home/adela/TFM_AdelaJimenez/install/ur_dashboard_msgs/include/ur_dashboard_msgs/ur_dashboard_msgs/action/detail/set_mode__type_support.c
[5.129s] -- Up-to-date: /home/adela/TFM_AdelaJimenez/install/ur_dashboard_msgs/include/ur_dashboard_msgs/ur_dashboard_msgs/msg
[5.129s] -- Up-to-date: /home/adela/TFM_AdelaJimenez/install/ur_dashboard_msgs/include/ur_dashboard_msgs/ur_dashboard_msgs/msg/rosidl_typesupport_introspection_c__visibility_control.h
[5.129s] -- Up-to-date: /home/adela/TFM_AdelaJimenez/install/ur_dashboard_msgs/include/ur_dashboard_msgs/ur_dashboard_msgs/msg/detail
[5.129s] -- Up-to-date: /home/adela/TFM_AdelaJimenez/install/ur_dashboard_msgs/include/ur_dashboard_msgs/ur_dashboard_msgs/msg/detail/robot_mode__rosidl_typesupport_introspection_c.h
[5.129s] -- Up-to-date: /home/adela/TFM_AdelaJimenez/install/ur_dashboard_msgs/include/ur_dashboard_msgs/ur_dashboard_msgs/msg/detail/program_state__rosidl_typesupport_introspection_c.h
[5.129s] -- Up-to-date: /home/adela/TFM_AdelaJimenez/install/ur_dashboard_msgs/include/ur_dashboard_msgs/ur_dashboard_msgs/msg/detail/safety_mode__rosidl_typesupport_introspection_c.h
[5.129s] -- Up-to-date: /home/adela/TFM_AdelaJimenez/install/ur_dashboard_msgs/include/ur_dashboard_msgs/ur_dashboard_msgs/msg/detail/program_state__type_support.c
[5.130s] -- Up-to-date: /home/adela/TFM_AdelaJimenez/install/ur_dashboard_msgs/include/ur_dashboard_msgs/ur_dashboard_msgs/msg/detail/safety_mode__type_support.c
[5.130s] -- Up-to-date: /home/adela/TFM_AdelaJimenez/install/ur_dashboard_msgs/include/ur_dashboard_msgs/ur_dashboard_msgs/msg/detail/robot_mode__type_support.c
[5.130s] -- Up-to-date: /home/adela/TFM_AdelaJimenez/install/ur_dashboard_msgs/include/ur_dashboard_msgs/ur_dashboard_msgs/srv
[5.130s] -- Up-to-date: /home/adela/TFM_AdelaJimenez/install/ur_dashboard_msgs/include/ur_dashboard_msgs/ur_dashboard_msgs/srv/detail
[5.130s] -- Up-to-date: /home/adela/TFM_AdelaJimenez/install/ur_dashboard_msgs/include/ur_dashboard_msgs/ur_dashboard_msgs/srv/detail/get_program_state__rosidl_typesupport_introspection_c.h
[5.130s] -- Up-to-date: /home/adela/TFM_AdelaJimenez/install/ur_dashboard_msgs/include/ur_dashboard_msgs/ur_dashboard_msgs/srv/detail/get_robot_mode__rosidl_typesupport_introspection_c.h
[5.130s] -- Up-to-date: /home/adela/TFM_AdelaJimenez/install/ur_dashboard_msgs/include/ur_dashboard_msgs/ur_dashboard_msgs/srv/detail/load__rosidl_typesupport_introspection_c.h
[5.130s] -- Up-to-date: /home/adela/TFM_AdelaJimenez/install/ur_dashboard_msgs/include/ur_dashboard_msgs/ur_dashboard_msgs/srv/detail/is_program_running__type_support.c
[5.130s] -- Up-to-date: /home/adela/TFM_AdelaJimenez/install/ur_dashboard_msgs/include/ur_dashboard_msgs/ur_dashboard_msgs/srv/detail/get_robot_mode__type_support.c
[5.130s] -- Up-to-date: /home/adela/TFM_AdelaJimenez/install/ur_dashboard_msgs/include/ur_dashboard_msgs/ur_dashboard_msgs/srv/detail/get_loaded_program__type_support.c
[5.130s] -- Up-to-date: /home/adela/TFM_AdelaJimenez/install/ur_dashboard_msgs/include/ur_dashboard_msgs/ur_dashboard_msgs/srv/detail/popup__type_support.c
[5.130s] -- Up-to-date: /home/adela/TFM_AdelaJimenez/install/ur_dashboard_msgs/include/ur_dashboard_msgs/ur_dashboard_msgs/srv/detail/add_to_log__rosidl_typesupport_introspection_c.h
[5.131s] -- Up-to-date: /home/adela/TFM_AdelaJimenez/install/ur_dashboard_msgs/include/ur_dashboard_msgs/ur_dashboard_msgs/srv/detail/add_to_log__type_support.c
[5.131s] -- Up-to-date: /home/adela/TFM_AdelaJimenez/install/ur_dashboard_msgs/include/ur_dashboard_msgs/ur_dashboard_msgs/srv/detail/get_program_state__type_support.c
[5.131s] -- Up-to-date: /home/adela/TFM_AdelaJimenez/install/ur_dashboard_msgs/include/ur_dashboard_msgs/ur_dashboard_msgs/srv/detail/is_program_running__rosidl_typesupport_introspection_c.h
[5.131s] -- Up-to-date: /home/adela/TFM_AdelaJimenez/install/ur_dashboard_msgs/include/ur_dashboard_msgs/ur_dashboard_msgs/srv/detail/is_program_saved__rosidl_typesupport_introspection_c.h
[5.131s] -- Up-to-date: /home/adela/TFM_AdelaJimenez/install/ur_dashboard_msgs/include/ur_dashboard_msgs/ur_dashboard_msgs/srv/detail/is_program_saved__type_support.c
[5.131s] -- Up-to-date: /home/adela/TFM_AdelaJimenez/install/ur_dashboard_msgs/include/ur_dashboard_msgs/ur_dashboard_msgs/srv/detail/get_safety_mode__rosidl_typesupport_introspection_c.h
[5.131s] -- Up-to-date: /home/adela/TFM_AdelaJimenez/install/ur_dashboard_msgs/include/ur_dashboard_msgs/ur_dashboard_msgs/srv/detail/raw_request__rosidl_typesupport_introspection_c.h
[5.131s] -- Up-to-date: /home/adela/TFM_AdelaJimenez/install/ur_dashboard_msgs/include/ur_dashboard_msgs/ur_dashboard_msgs/srv/detail/load__type_support.c
[5.131s] -- Up-to-date: /home/adela/TFM_AdelaJimenez/install/ur_dashboard_msgs/include/ur_dashboard_msgs/ur_dashboard_msgs/srv/detail/get_loaded_program__rosidl_typesupport_introspection_c.h
[5.131s] -- Up-to-date: /home/adela/TFM_AdelaJimenez/install/ur_dashboard_msgs/include/ur_dashboard_msgs/ur_dashboard_msgs/srv/detail/raw_request__type_support.c
[5.131s] -- Up-to-date: /home/adela/TFM_AdelaJimenez/install/ur_dashboard_msgs/include/ur_dashboard_msgs/ur_dashboard_msgs/srv/detail/popup__rosidl_typesupport_introspection_c.h
[5.131s] -- Up-to-date: /home/adela/TFM_AdelaJimenez/install/ur_dashboard_msgs/include/ur_dashboard_msgs/ur_dashboard_msgs/srv/detail/get_safety_mode__type_support.c
[5.131s] -- Up-to-date: /home/adela/TFM_AdelaJimenez/install/ur_dashboard_msgs/lib/libur_dashboard_msgs__rosidl_typesupport_introspection_c.so
[5.132s] -- Up-to-date: /home/adela/TFM_AdelaJimenez/install/ur_dashboard_msgs/lib/libur_dashboard_msgs__rosidl_typesupport_c.so
[5.132s] -- Up-to-date: /home/adela/TFM_AdelaJimenez/install/ur_dashboard_msgs/include/ur_dashboard_msgs/ur_dashboard_msgs
[5.132s] -- Up-to-date: /home/adela/TFM_AdelaJimenez/install/ur_dashboard_msgs/include/ur_dashboard_msgs/ur_dashboard_msgs/action
[5.132s] -- Up-to-date: /home/adela/TFM_AdelaJimenez/install/ur_dashboard_msgs/include/ur_dashboard_msgs/ur_dashboard_msgs/action/set_mode.hpp
[5.132s] -- Up-to-date: /home/adela/TFM_AdelaJimenez/install/ur_dashboard_msgs/include/ur_dashboard_msgs/ur_dashboard_msgs/action/detail
[5.132s] -- Up-to-date: /home/adela/TFM_AdelaJimenez/install/ur_dashboard_msgs/include/ur_dashboard_msgs/ur_dashboard_msgs/action/detail/set_mode__traits.hpp
[5.132s] -- Up-to-date: /home/adela/TFM_AdelaJimenez/install/ur_dashboard_msgs/include/ur_dashboard_msgs/ur_dashboard_msgs/action/detail/set_mode__struct.hpp
[5.132s] -- Up-to-date: /home/adela/TFM_AdelaJimenez/install/ur_dashboard_msgs/include/ur_dashboard_msgs/ur_dashboard_msgs/action/detail/set_mode__builder.hpp
[5.132s] -- Up-to-date: /home/adela/TFM_AdelaJimenez/install/ur_dashboard_msgs/include/ur_dashboard_msgs/ur_dashboard_msgs/msg
[5.132s] -- Up-to-date: /home/adela/TFM_AdelaJimenez/install/ur_dashboard_msgs/include/ur_dashboard_msgs/ur_dashboard_msgs/msg/program_state.hpp
[5.132s] -- Up-to-date: /home/adela/TFM_AdelaJimenez/install/ur_dashboard_msgs/include/ur_dashboard_msgs/ur_dashboard_msgs/msg/robot_mode.hpp
[5.132s] -- Up-to-date: /home/adela/TFM_AdelaJimenez/install/ur_dashboard_msgs/include/ur_dashboard_msgs/ur_dashboard_msgs/msg/detail
[5.133s] -- Up-to-date: /home/adela/TFM_AdelaJimenez/install/ur_dashboard_msgs/include/ur_dashboard_msgs/ur_dashboard_msgs/msg/detail/robot_mode__struct.hpp
[5.139s] -- Up-to-date: /home/adela/TFM_AdelaJimenez/install/ur_dashboard_msgs/include/ur_dashboard_msgs/ur_dashboard_msgs/msg/detail/safety_mode__builder.hpp
[5.139s] -- Up-to-date: /home/adela/TFM_AdelaJimenez/install/ur_dashboard_msgs/include/ur_dashboard_msgs/ur_dashboard_msgs/msg/detail/program_state__traits.hpp
[5.139s] -- Up-to-date: /home/adela/TFM_AdelaJimenez/install/ur_dashboard_msgs/include/ur_dashboard_msgs/ur_dashboard_msgs/msg/detail/robot_mode__builder.hpp
[5.139s] -- Up-to-date: /home/adela/TFM_AdelaJimenez/install/ur_dashboard_msgs/include/ur_dashboard_msgs/ur_dashboard_msgs/msg/detail/program_state__struct.hpp
[5.139s] -- Up-to-date: /home/adela/TFM_AdelaJimenez/install/ur_dashboard_msgs/include/ur_dashboard_msgs/ur_dashboard_msgs/msg/detail/program_state__builder.hpp
[5.139s] -- Up-to-date: /home/adela/TFM_AdelaJimenez/install/ur_dashboard_msgs/include/ur_dashboard_msgs/ur_dashboard_msgs/msg/detail/robot_mode__traits.hpp
[5.139s] -- Up-to-date: /home/adela/TFM_AdelaJimenez/install/ur_dashboard_msgs/include/ur_dashboard_msgs/ur_dashboard_msgs/msg/detail/safety_mode__traits.hpp
[5.139s] -- Up-to-date: /home/adela/TFM_AdelaJimenez/install/ur_dashboard_msgs/include/ur_dashboard_msgs/ur_dashboard_msgs/msg/detail/safety_mode__struct.hpp
[5.140s] -- Up-to-date: /home/adela/TFM_AdelaJimenez/install/ur_dashboard_msgs/include/ur_dashboard_msgs/ur_dashboard_msgs/msg/safety_mode.hpp
[5.140s] -- Up-to-date: /home/adela/TFM_AdelaJimenez/install/ur_dashboard_msgs/include/ur_dashboard_msgs/ur_dashboard_msgs/srv
[5.140s] -- Up-to-date: /home/adela/TFM_AdelaJimenez/install/ur_dashboard_msgs/include/ur_dashboard_msgs/ur_dashboard_msgs/srv/add_to_log.hpp
[5.140s] -- Up-to-date: /home/adela/TFM_AdelaJimenez/install/ur_dashboard_msgs/include/ur_dashboard_msgs/ur_dashboard_msgs/srv/get_loaded_program.hpp
[5.140s] -- Up-to-date: /home/adela/TFM_AdelaJimenez/install/ur_dashboard_msgs/include/ur_dashboard_msgs/ur_dashboard_msgs/srv/popup.hpp
[5.140s] -- Up-to-date: /home/adela/TFM_AdelaJimenez/install/ur_dashboard_msgs/include/ur_dashboard_msgs/ur_dashboard_msgs/srv/load.hpp
[5.140s] -- Up-to-date: /home/adela/TFM_AdelaJimenez/install/ur_dashboard_msgs/include/ur_dashboard_msgs/ur_dashboard_msgs/srv/is_program_running.hpp
[5.140s] -- Up-to-date: /home/adela/TFM_AdelaJimenez/install/ur_dashboard_msgs/include/ur_dashboard_msgs/ur_dashboard_msgs/srv/raw_request.hpp
[5.140s] -- Up-to-date: /home/adela/TFM_AdelaJimenez/install/ur_dashboard_msgs/include/ur_dashboard_msgs/ur_dashboard_msgs/srv/detail
[5.140s] -- Up-to-date: /home/adela/TFM_AdelaJimenez/install/ur_dashboard_msgs/include/ur_dashboard_msgs/ur_dashboard_msgs/srv/detail/raw_request__traits.hpp
[5.140s] -- Up-to-date: /home/adela/TFM_AdelaJimenez/install/ur_dashboard_msgs/include/ur_dashboard_msgs/ur_dashboard_msgs/srv/detail/is_program_saved__struct.hpp
[5.141s] -- Up-to-date: /home/adela/TFM_AdelaJimenez/install/ur_dashboard_msgs/include/ur_dashboard_msgs/ur_dashboard_msgs/srv/detail/get_robot_mode__struct.hpp
[5.141s] -- Up-to-date: /home/adela/TFM_AdelaJimenez/install/ur_dashboard_msgs/include/ur_dashboard_msgs/ur_dashboard_msgs/srv/detail/get_safety_mode__builder.hpp
[5.141s] -- Up-to-date: /home/adela/TFM_AdelaJimenez/install/ur_dashboard_msgs/include/ur_dashboard_msgs/ur_dashboard_msgs/srv/detail/get_robot_mode__traits.hpp
[5.141s] -- Up-to-date: /home/adela/TFM_AdelaJimenez/install/ur_dashboard_msgs/include/ur_dashboard_msgs/ur_dashboard_msgs/srv/detail/get_robot_mode__builder.hpp
[5.141s] -- Up-to-date: /home/adela/TFM_AdelaJimenez/install/ur_dashboard_msgs/include/ur_dashboard_msgs/ur_dashboard_msgs/srv/detail/get_program_state__struct.hpp
[5.141s] -- Up-to-date: /home/adela/TFM_AdelaJimenez/install/ur_dashboard_msgs/include/ur_dashboard_msgs/ur_dashboard_msgs/srv/detail/popup__traits.hpp
[5.141s] -- Up-to-date: /home/adela/TFM_AdelaJimenez/install/ur_dashboard_msgs/include/ur_dashboard_msgs/ur_dashboard_msgs/srv/detail/is_program_running__struct.hpp
[5.141s] -- Up-to-date: /home/adela/TFM_AdelaJimenez/install/ur_dashboard_msgs/include/ur_dashboard_msgs/ur_dashboard_msgs/srv/detail/get_safety_mode__traits.hpp
[5.141s] -- Up-to-date: /home/adela/TFM_AdelaJimenez/install/ur_dashboard_msgs/include/ur_dashboard_msgs/ur_dashboard_msgs/srv/detail/add_to_log__builder.hpp
[5.141s] -- Up-to-date: /home/adela/TFM_AdelaJimenez/install/ur_dashboard_msgs/include/ur_dashboard_msgs/ur_dashboard_msgs/srv/detail/get_loaded_program__struct.hpp
[5.141s] -- Up-to-date: /home/adela/TFM_AdelaJimenez/install/ur_dashboard_msgs/include/ur_dashboard_msgs/ur_dashboard_msgs/srv/detail/load__builder.hpp
[5.141s] -- Up-to-date: /home/adela/TFM_AdelaJimenez/install/ur_dashboard_msgs/include/ur_dashboard_msgs/ur_dashboard_msgs/srv/detail/add_to_log__traits.hpp
[5.142s] -- Up-to-date: /home/adela/TFM_AdelaJimenez/install/ur_dashboard_msgs/include/ur_dashboard_msgs/ur_dashboard_msgs/srv/detail/get_program_state__builder.hpp
[5.142s] -- Up-to-date: /home/adela/TFM_AdelaJimenez/install/ur_dashboard_msgs/include/ur_dashboard_msgs/ur_dashboard_msgs/srv/detail/add_to_log__struct.hpp
[5.142s] -- Up-to-date: /home/adela/TFM_AdelaJimenez/install/ur_dashboard_msgs/include/ur_dashboard_msgs/ur_dashboard_msgs/srv/detail/is_program_saved__traits.hpp
[5.142s] -- Up-to-date: /home/adela/TFM_AdelaJimenez/install/ur_dashboard_msgs/include/ur_dashboard_msgs/ur_dashboard_msgs/srv/detail/is_program_saved__builder.hpp
[5.142s] -- Up-to-date: /home/adela/TFM_AdelaJimenez/install/ur_dashboard_msgs/include/ur_dashboard_msgs/ur_dashboard_msgs/srv/detail/get_program_state__traits.hpp
[5.142s] -- Up-to-date: /home/adela/TFM_AdelaJimenez/install/ur_dashboard_msgs/include/ur_dashboard_msgs/ur_dashboard_msgs/srv/detail/is_program_running__builder.hpp
[5.142s] -- Up-to-date: /home/adela/TFM_AdelaJimenez/install/ur_dashboard_msgs/include/ur_dashboard_msgs/ur_dashboard_msgs/srv/detail/is_program_running__traits.hpp
[5.142s] -- Up-to-date: /home/adela/TFM_AdelaJimenez/install/ur_dashboard_msgs/include/ur_dashboard_msgs/ur_dashboard_msgs/srv/detail/load__struct.hpp
[5.142s] -- Up-to-date: /home/adela/TFM_AdelaJimenez/install/ur_dashboard_msgs/include/ur_dashboard_msgs/ur_dashboard_msgs/srv/detail/get_safety_mode__struct.hpp
[5.142s] -- Up-to-date: /home/adela/TFM_AdelaJimenez/install/ur_dashboard_msgs/include/ur_dashboard_msgs/ur_dashboard_msgs/srv/detail/load__traits.hpp
[5.142s] -- Up-to-date: /home/adela/TFM_AdelaJimenez/install/ur_dashboard_msgs/include/ur_dashboard_msgs/ur_dashboard_msgs/srv/detail/get_loaded_program__traits.hpp
[5.143s] -- Up-to-date: /home/adela/TFM_AdelaJimenez/install/ur_dashboard_msgs/include/ur_dashboard_msgs/ur_dashboard_msgs/srv/detail/raw_request__struct.hpp
[5.143s] -- Up-to-date: /home/adela/TFM_AdelaJimenez/install/ur_dashboard_msgs/include/ur_dashboard_msgs/ur_dashboard_msgs/srv/detail/raw_request__builder.hpp
[5.143s] -- Up-to-date: /home/adela/TFM_AdelaJimenez/install/ur_dashboard_msgs/include/ur_dashboard_msgs/ur_dashboard_msgs/srv/detail/popup__struct.hpp
[5.143s] -- Up-to-date: /home/adela/TFM_AdelaJimenez/install/ur_dashboard_msgs/include/ur_dashboard_msgs/ur_dashboard_msgs/srv/detail/get_loaded_program__builder.hpp
[5.143s] -- Up-to-date: /home/adela/TFM_AdelaJimenez/install/ur_dashboard_msgs/include/ur_dashboard_msgs/ur_dashboard_msgs/srv/detail/popup__builder.hpp
[5.143s] -- Up-to-date: /home/adela/TFM_AdelaJimenez/install/ur_dashboard_msgs/include/ur_dashboard_msgs/ur_dashboard_msgs/srv/is_program_saved.hpp
[5.143s] -- Up-to-date: /home/adela/TFM_AdelaJimenez/install/ur_dashboard_msgs/include/ur_dashboard_msgs/ur_dashboard_msgs/srv/get_safety_mode.hpp
[5.143s] -- Up-to-date: /home/adela/TFM_AdelaJimenez/install/ur_dashboard_msgs/include/ur_dashboard_msgs/ur_dashboard_msgs/srv/get_program_state.hpp
[5.143s] -- Up-to-date: /home/adela/TFM_AdelaJimenez/install/ur_dashboard_msgs/include/ur_dashboard_msgs/ur_dashboard_msgs/srv/get_robot_mode.hpp
[5.143s] -- Up-to-date: /home/adela/TFM_AdelaJimenez/install/ur_dashboard_msgs/include/ur_dashboard_msgs/ur_dashboard_msgs
[5.143s] -- Up-to-date: /home/adela/TFM_AdelaJimenez/install/ur_dashboard_msgs/include/ur_dashboard_msgs/ur_dashboard_msgs/action
[5.143s] -- Up-to-date: /home/adela/TFM_AdelaJimenez/install/ur_dashboard_msgs/include/ur_dashboard_msgs/ur_dashboard_msgs/action/detail
[5.143s] -- Up-to-date: /home/adela/TFM_AdelaJimenez/install/ur_dashboard_msgs/include/ur_dashboard_msgs/ur_dashboard_msgs/action/detail/dds_fastrtps
[5.144s] -- Up-to-date: /home/adela/TFM_AdelaJimenez/install/ur_dashboard_msgs/include/ur_dashboard_msgs/ur_dashboard_msgs/action/detail/set_mode__rosidl_typesupport_fastrtps_cpp.hpp
[5.144s] -- Up-to-date: /home/adela/TFM_AdelaJimenez/install/ur_dashboard_msgs/include/ur_dashboard_msgs/ur_dashboard_msgs/msg
[5.144s] -- Up-to-date: /home/adela/TFM_AdelaJimenez/install/ur_dashboard_msgs/include/ur_dashboard_msgs/ur_dashboard_msgs/msg/rosidl_typesupport_fastrtps_cpp__visibility_control.h
[5.144s] -- Up-to-date: /home/adela/TFM_AdelaJimenez/install/ur_dashboard_msgs/include/ur_dashboard_msgs/ur_dashboard_msgs/msg/detail
[5.144s] -- Up-to-date: /home/adela/TFM_AdelaJimenez/install/ur_dashboard_msgs/include/ur_dashboard_msgs/ur_dashboard_msgs/msg/detail/dds_fastrtps
[5.144s] -- Up-to-date: /home/adela/TFM_AdelaJimenez/install/ur_dashboard_msgs/include/ur_dashboard_msgs/ur_dashboard_msgs/msg/detail/safety_mode__rosidl_typesupport_fastrtps_cpp.hpp
[5.144s] -- Up-to-date: /home/adela/TFM_AdelaJimenez/install/ur_dashboard_msgs/include/ur_dashboard_msgs/ur_dashboard_msgs/msg/detail/robot_mode__rosidl_typesupport_fastrtps_cpp.hpp
[5.144s] -- Up-to-date: /home/adela/TFM_AdelaJimenez/install/ur_dashboard_msgs/include/ur_dashboard_msgs/ur_dashboard_msgs/msg/detail/program_state__rosidl_typesupport_fastrtps_cpp.hpp
[5.144s] -- Up-to-date: /home/adela/TFM_AdelaJimenez/install/ur_dashboard_msgs/include/ur_dashboard_msgs/ur_dashboard_msgs/srv
[5.144s] -- Up-to-date: /home/adela/TFM_AdelaJimenez/install/ur_dashboard_msgs/include/ur_dashboard_msgs/ur_dashboard_msgs/srv/detail
[5.144s] -- Up-to-date: /home/adela/TFM_AdelaJimenez/install/ur_dashboard_msgs/include/ur_dashboard_msgs/ur_dashboard_msgs/srv/detail/load__rosidl_typesupport_fastrtps_cpp.hpp
[5.144s] -- Up-to-date: /home/adela/TFM_AdelaJimenez/install/ur_dashboard_msgs/include/ur_dashboard_msgs/ur_dashboard_msgs/srv/detail/dds_fastrtps
[5.145s] -- Up-to-date: /home/adela/TFM_AdelaJimenez/install/ur_dashboard_msgs/include/ur_dashboard_msgs/ur_dashboard_msgs/srv/detail/get_loaded_program__rosidl_typesupport_fastrtps_cpp.hpp
[5.145s] -- Up-to-date: /home/adela/TFM_AdelaJimenez/install/ur_dashboard_msgs/include/ur_dashboard_msgs/ur_dashboard_msgs/srv/detail/is_program_saved__rosidl_typesupport_fastrtps_cpp.hpp
[5.145s] -- Up-to-date: /home/adela/TFM_AdelaJimenez/install/ur_dashboard_msgs/include/ur_dashboard_msgs/ur_dashboard_msgs/srv/detail/get_safety_mode__rosidl_typesupport_fastrtps_cpp.hpp
[5.145s] -- Up-to-date: /home/adela/TFM_AdelaJimenez/install/ur_dashboard_msgs/include/ur_dashboard_msgs/ur_dashboard_msgs/srv/detail/raw_request__rosidl_typesupport_fastrtps_cpp.hpp
[5.145s] -- Up-to-date: /home/adela/TFM_AdelaJimenez/install/ur_dashboard_msgs/include/ur_dashboard_msgs/ur_dashboard_msgs/srv/detail/get_robot_mode__rosidl_typesupport_fastrtps_cpp.hpp
[5.145s] -- Up-to-date: /home/adela/TFM_AdelaJimenez/install/ur_dashboard_msgs/include/ur_dashboard_msgs/ur_dashboard_msgs/srv/detail/popup__rosidl_typesupport_fastrtps_cpp.hpp
[5.145s] -- Up-to-date: /home/adela/TFM_AdelaJimenez/install/ur_dashboard_msgs/include/ur_dashboard_msgs/ur_dashboard_msgs/srv/detail/is_program_running__rosidl_typesupport_fastrtps_cpp.hpp
[5.145s] -- Up-to-date: /home/adela/TFM_AdelaJimenez/install/ur_dashboard_msgs/include/ur_dashboard_msgs/ur_dashboard_msgs/srv/detail/add_to_log__rosidl_typesupport_fastrtps_cpp.hpp
[5.145s] -- Up-to-date: /home/adela/TFM_AdelaJimenez/install/ur_dashboard_msgs/include/ur_dashboard_msgs/ur_dashboard_msgs/srv/detail/get_program_state__rosidl_typesupport_fastrtps_cpp.hpp
[5.197s] -- Up-to-date: /home/adela/TFM_AdelaJimenez/install/ur_dashboard_msgs/lib/libur_dashboard_msgs__rosidl_typesupport_fastrtps_cpp.so
[5.197s] -- Up-to-date: /home/adela/TFM_AdelaJimenez/install/ur_dashboard_msgs/include/ur_dashboard_msgs/ur_dashboard_msgs
[5.198s] -- Up-to-date: /home/adela/TFM_AdelaJimenez/install/ur_dashboard_msgs/include/ur_dashboard_msgs/ur_dashboard_msgs/action
[5.198s] -- Up-to-date: /home/adela/TFM_AdelaJimenez/install/ur_dashboard_msgs/include/ur_dashboard_msgs/ur_dashboard_msgs/action/detail
[5.198s] -- Up-to-date: /home/adela/TFM_AdelaJimenez/install/ur_dashboard_msgs/include/ur_dashboard_msgs/ur_dashboard_msgs/action/detail/set_mode__rosidl_typesupport_introspection_cpp.hpp
[5.198s] -- Up-to-date: /home/adela/TFM_AdelaJimenez/install/ur_dashboard_msgs/include/ur_dashboard_msgs/ur_dashboard_msgs/action/detail/set_mode__type_support.cpp
[5.198s] -- Up-to-date: /home/adela/TFM_AdelaJimenez/install/ur_dashboard_msgs/include/ur_dashboard_msgs/ur_dashboard_msgs/msg
[5.198s] -- Up-to-date: /home/adela/TFM_AdelaJimenez/install/ur_dashboard_msgs/include/ur_dashboard_msgs/ur_dashboard_msgs/msg/detail
[5.198s] -- Up-to-date: /home/adela/TFM_AdelaJimenez/install/ur_dashboard_msgs/include/ur_dashboard_msgs/ur_dashboard_msgs/msg/detail/safety_mode__type_support.cpp
[5.198s] -- Up-to-date: /home/adela/TFM_AdelaJimenez/install/ur_dashboard_msgs/include/ur_dashboard_msgs/ur_dashboard_msgs/msg/detail/robot_mode__type_support.cpp
[5.198s] -- Up-to-date: /home/adela/TFM_AdelaJimenez/install/ur_dashboard_msgs/include/ur_dashboard_msgs/ur_dashboard_msgs/msg/detail/safety_mode__rosidl_typesupport_introspection_cpp.hpp
[5.198s] -- Up-to-date: /home/adela/TFM_AdelaJimenez/install/ur_dashboard_msgs/include/ur_dashboard_msgs/ur_dashboard_msgs/msg/detail/robot_mode__rosidl_typesupport_introspection_cpp.hpp
[5.199s] -- Up-to-date: /home/adela/TFM_AdelaJimenez/install/ur_dashboard_msgs/include/ur_dashboard_msgs/ur_dashboard_msgs/msg/detail/program_state__rosidl_typesupport_introspection_cpp.hpp
[5.203s] -- Up-to-date: /home/adela/TFM_AdelaJimenez/install/ur_dashboard_msgs/include/ur_dashboard_msgs/ur_dashboard_msgs/msg/detail/program_state__type_support.cpp
[5.203s] -- Up-to-date: /home/adela/TFM_AdelaJimenez/install/ur_dashboard_msgs/include/ur_dashboard_msgs/ur_dashboard_msgs/srv
[5.204s] -- Up-to-date: /home/adela/TFM_AdelaJimenez/install/ur_dashboard_msgs/include/ur_dashboard_msgs/ur_dashboard_msgs/srv/detail
[5.204s] -- Up-to-date: /home/adela/TFM_AdelaJimenez/install/ur_dashboard_msgs/include/ur_dashboard_msgs/ur_dashboard_msgs/srv/detail/get_loaded_program__rosidl_typesupport_introspection_cpp.hpp
[5.204s] -- Up-to-date: /home/adela/TFM_AdelaJimenez/install/ur_dashboard_msgs/include/ur_dashboard_msgs/ur_dashboard_msgs/srv/detail/load__type_support.cpp
[5.204s] -- Up-to-date: /home/adela/TFM_AdelaJimenez/install/ur_dashboard_msgs/include/ur_dashboard_msgs/ur_dashboard_msgs/srv/detail/get_program_state__rosidl_typesupport_introspection_cpp.hpp
[5.204s] -- Up-to-date: /home/adela/TFM_AdelaJimenez/install/ur_dashboard_msgs/include/ur_dashboard_msgs/ur_dashboard_msgs/srv/detail/raw_request__rosidl_typesupport_introspection_cpp.hpp
[5.204s] -- Up-to-date: /home/adela/TFM_AdelaJimenez/install/ur_dashboard_msgs/include/ur_dashboard_msgs/ur_dashboard_msgs/srv/detail/load__rosidl_typesupport_introspection_cpp.hpp
[5.204s] -- Up-to-date: /home/adela/TFM_AdelaJimenez/install/ur_dashboard_msgs/include/ur_dashboard_msgs/ur_dashboard_msgs/srv/detail/popup__rosidl_typesupport_introspection_cpp.hpp
[5.204s] -- Up-to-date: /home/adela/TFM_AdelaJimenez/install/ur_dashboard_msgs/include/ur_dashboard_msgs/ur_dashboard_msgs/srv/detail/is_program_saved__type_support.cpp
[5.204s] -- Up-to-date: /home/adela/TFM_AdelaJimenez/install/ur_dashboard_msgs/include/ur_dashboard_msgs/ur_dashboard_msgs/srv/detail/add_to_log__type_support.cpp
[5.204s] -- Up-to-date: /home/adela/TFM_AdelaJimenez/install/ur_dashboard_msgs/include/ur_dashboard_msgs/ur_dashboard_msgs/srv/detail/get_loaded_program__type_support.cpp
[5.205s] -- Up-to-date: /home/adela/TFM_AdelaJimenez/install/ur_dashboard_msgs/include/ur_dashboard_msgs/ur_dashboard_msgs/srv/detail/is_program_saved__rosidl_typesupport_introspection_cpp.hpp
[5.205s] -- Up-to-date: /home/adela/TFM_AdelaJimenez/install/ur_dashboard_msgs/include/ur_dashboard_msgs/ur_dashboard_msgs/srv/detail/raw_request__type_support.cpp
[5.205s] -- Up-to-date: /home/adela/TFM_AdelaJimenez/install/ur_dashboard_msgs/include/ur_dashboard_msgs/ur_dashboard_msgs/srv/detail/get_program_state__type_support.cpp
[5.205s] -- Up-to-date: /home/adela/TFM_AdelaJimenez/install/ur_dashboard_msgs/include/ur_dashboard_msgs/ur_dashboard_msgs/srv/detail/is_program_running__type_support.cpp
[5.205s] -- Up-to-date: /home/adela/TFM_AdelaJimenez/install/ur_dashboard_msgs/include/ur_dashboard_msgs/ur_dashboard_msgs/srv/detail/popup__type_support.cpp
[5.205s] -- Up-to-date: /home/adela/TFM_AdelaJimenez/install/ur_dashboard_msgs/include/ur_dashboard_msgs/ur_dashboard_msgs/srv/detail/get_robot_mode__type_support.cpp
[5.205s] -- Up-to-date: /home/adela/TFM_AdelaJimenez/install/ur_dashboard_msgs/include/ur_dashboard_msgs/ur_dashboard_msgs/srv/detail/add_to_log__rosidl_typesupport_introspection_cpp.hpp
[5.205s] -- Up-to-date: /home/adela/TFM_AdelaJimenez/install/ur_dashboard_msgs/include/ur_dashboard_msgs/ur_dashboard_msgs/srv/detail/is_program_running__rosidl_typesupport_introspection_cpp.hpp
[5.205s] -- Up-to-date: /home/adela/TFM_AdelaJimenez/install/ur_dashboard_msgs/include/ur_dashboard_msgs/ur_dashboard_msgs/srv/detail/get_safety_mode__type_support.cpp
[5.205s] -- Up-to-date: /home/adela/TFM_AdelaJimenez/install/ur_dashboard_msgs/include/ur_dashboard_msgs/ur_dashboard_msgs/srv/detail/get_robot_mode__rosidl_typesupport_introspection_cpp.hpp
[5.205s] -- Up-to-date: /home/adela/TFM_AdelaJimenez/install/ur_dashboard_msgs/include/ur_dashboard_msgs/ur_dashboard_msgs/srv/detail/get_safety_mode__rosidl_typesupport_introspection_cpp.hpp
[5.206s] -- Up-to-date: /home/adela/TFM_AdelaJimenez/install/ur_dashboard_msgs/lib/libur_dashboard_msgs__rosidl_typesupport_introspection_cpp.so
[5.206s] -- Up-to-date: /home/adela/TFM_AdelaJimenez/install/ur_dashboard_msgs/lib/libur_dashboard_msgs__rosidl_typesupport_cpp.so
[5.206s] -- Up-to-date: /home/adela/TFM_AdelaJimenez/install/ur_dashboard_msgs/share/ur_dashboard_msgs/environment/pythonpath.sh
[5.206s] -- Up-to-date: /home/adela/TFM_AdelaJimenez/install/ur_dashboard_msgs/share/ur_dashboard_msgs/environment/pythonpath.dsv
[5.206s] -- Up-to-date: /home/adela/TFM_AdelaJimenez/install/ur_dashboard_msgs/local/lib/python3.10/dist-packages/ur_dashboard_msgs-2.2.10-py3.10.egg-info
[5.206s] -- Installing: /home/adela/TFM_AdelaJimenez/install/ur_dashboard_msgs/local/lib/python3.10/dist-packages/ur_dashboard_msgs-2.2.10-py3.10.egg-info/dependency_links.txt
[5.206s] -- Installing: /home/adela/TFM_AdelaJimenez/install/ur_dashboard_msgs/local/lib/python3.10/dist-packages/ur_dashboard_msgs-2.2.10-py3.10.egg-info/PKG-INFO
[5.206s] -- Installing: /home/adela/TFM_AdelaJimenez/install/ur_dashboard_msgs/local/lib/python3.10/dist-packages/ur_dashboard_msgs-2.2.10-py3.10.egg-info/top_level.txt
[5.206s] -- Installing: /home/adela/TFM_AdelaJimenez/install/ur_dashboard_msgs/local/lib/python3.10/dist-packages/ur_dashboard_msgs-2.2.10-py3.10.egg-info/SOURCES.txt
[5.206s] -- Up-to-date: /home/adela/TFM_AdelaJimenez/install/ur_dashboard_msgs/local/lib/python3.10/dist-packages/ur_dashboard_msgs
[5.206s] -- Up-to-date: /home/adela/TFM_AdelaJimenez/install/ur_dashboard_msgs/local/lib/python3.10/dist-packages/ur_dashboard_msgs/_ur_dashboard_msgs_s.ep.rosidl_typesupport_fastrtps_c.c
[5.206s] -- Up-to-date: /home/adela/TFM_AdelaJimenez/install/ur_dashboard_msgs/local/lib/python3.10/dist-packages/ur_dashboard_msgs/action
[5.207s] -- Up-to-date: /home/adela/TFM_AdelaJimenez/install/ur_dashboard_msgs/local/lib/python3.10/dist-packages/ur_dashboard_msgs/action/_set_mode.py
[5.207s] -- Up-to-date: /home/adela/TFM_AdelaJimenez/install/ur_dashboard_msgs/local/lib/python3.10/dist-packages/ur_dashboard_msgs/action/__init__.py
[5.207s] -- Up-to-date: /home/adela/TFM_AdelaJimenez/install/ur_dashboard_msgs/local/lib/python3.10/dist-packages/ur_dashboard_msgs/action/_set_mode_s.c
[5.207s] -- Up-to-date: /home/adela/TFM_AdelaJimenez/install/ur_dashboard_msgs/local/lib/python3.10/dist-packages/ur_dashboard_msgs/msg
[5.207s] -- Up-to-date: /home/adela/TFM_AdelaJimenez/install/ur_dashboard_msgs/local/lib/python3.10/dist-packages/ur_dashboard_msgs/msg/_safety_mode.py
[5.207s] -- Up-to-date: /home/adela/TFM_AdelaJimenez/install/ur_dashboard_msgs/local/lib/python3.10/dist-packages/ur_dashboard_msgs/msg/_program_state_s.c
[5.207s] -- Up-to-date: /home/adela/TFM_AdelaJimenez/install/ur_dashboard_msgs/local/lib/python3.10/dist-packages/ur_dashboard_msgs/msg/__init__.py
[5.207s] -- Up-to-date: /home/adela/TFM_AdelaJimenez/install/ur_dashboard_msgs/local/lib/python3.10/dist-packages/ur_dashboard_msgs/msg/_safety_mode_s.c
[5.207s] -- Up-to-date: /home/adela/TFM_AdelaJimenez/install/ur_dashboard_msgs/local/lib/python3.10/dist-packages/ur_dashboard_msgs/msg/_program_state.py
[5.207s] -- Up-to-date: /home/adela/TFM_AdelaJimenez/install/ur_dashboard_msgs/local/lib/python3.10/dist-packages/ur_dashboard_msgs/msg/_robot_mode_s.c
[5.207s] -- Up-to-date: /home/adela/TFM_AdelaJimenez/install/ur_dashboard_msgs/local/lib/python3.10/dist-packages/ur_dashboard_msgs/msg/_robot_mode.py
[5.207s] -- Up-to-date: /home/adela/TFM_AdelaJimenez/install/ur_dashboard_msgs/local/lib/python3.10/dist-packages/ur_dashboard_msgs/ur_dashboard_msgs_s__rosidl_typesupport_fastrtps_c.cpython-310-x86_64-linux-gnu.so
[5.208s] -- Up-to-date: /home/adela/TFM_AdelaJimenez/install/ur_dashboard_msgs/local/lib/python3.10/dist-packages/ur_dashboard_msgs/_ur_dashboard_msgs_s.ep.rosidl_typesupport_introspection_c.c
[5.208s] -- Up-to-date: /home/adela/TFM_AdelaJimenez/install/ur_dashboard_msgs/local/lib/python3.10/dist-packages/ur_dashboard_msgs/_ur_dashboard_msgs_s.ep.rosidl_typesupport_c.c
[5.208s] -- Up-to-date: /home/adela/TFM_AdelaJimenez/install/ur_dashboard_msgs/local/lib/python3.10/dist-packages/ur_dashboard_msgs/__init__.py
[5.208s] -- Up-to-date: /home/adela/TFM_AdelaJimenez/install/ur_dashboard_msgs/local/lib/python3.10/dist-packages/ur_dashboard_msgs/libur_dashboard_msgs__rosidl_generator_py.so
[5.208s] -- Up-to-date: /home/adela/TFM_AdelaJimenez/install/ur_dashboard_msgs/local/lib/python3.10/dist-packages/ur_dashboard_msgs/srv
[5.208s] -- Up-to-date: /home/adela/TFM_AdelaJimenez/install/ur_dashboard_msgs/local/lib/python3.10/dist-packages/ur_dashboard_msgs/srv/_load_s.c
[5.208s] -- Up-to-date: /home/adela/TFM_AdelaJimenez/install/ur_dashboard_msgs/local/lib/python3.10/dist-packages/ur_dashboard_msgs/srv/_get_program_state.py
[5.208s] -- Up-to-date: /home/adela/TFM_AdelaJimenez/install/ur_dashboard_msgs/local/lib/python3.10/dist-packages/ur_dashboard_msgs/srv/_is_program_saved.py
[5.208s] -- Up-to-date: /home/adela/TFM_AdelaJimenez/install/ur_dashboard_msgs/local/lib/python3.10/dist-packages/ur_dashboard_msgs/srv/_add_to_log_s.c
[5.208s] -- Up-to-date: /home/adela/TFM_AdelaJimenez/install/ur_dashboard_msgs/local/lib/python3.10/dist-packages/ur_dashboard_msgs/srv/_popup.py
[5.222s] -- Up-to-date: /home/adela/TFM_AdelaJimenez/install/ur_dashboard_msgs/local/lib/python3.10/dist-packages/ur_dashboard_msgs/srv/_popup_s.c
[5.222s] -- Up-to-date: /home/adela/TFM_AdelaJimenez/install/ur_dashboard_msgs/local/lib/python3.10/dist-packages/ur_dashboard_msgs/srv/_get_robot_mode.py
[5.222s] -- Up-to-date: /home/adela/TFM_AdelaJimenez/install/ur_dashboard_msgs/local/lib/python3.10/dist-packages/ur_dashboard_msgs/srv/_is_program_running_s.c
[5.222s] -- Up-to-date: /home/adela/TFM_AdelaJimenez/install/ur_dashboard_msgs/local/lib/python3.10/dist-packages/ur_dashboard_msgs/srv/_get_robot_mode_s.c
[5.222s] -- Up-to-date: /home/adela/TFM_AdelaJimenez/install/ur_dashboard_msgs/local/lib/python3.10/dist-packages/ur_dashboard_msgs/srv/_get_loaded_program_s.c
[5.239s] -- Up-to-date: /home/adela/TFM_AdelaJimenez/install/ur_dashboard_msgs/local/lib/python3.10/dist-packages/ur_dashboard_msgs/srv/_is_program_saved_s.c
[5.239s] -- Up-to-date: /home/adela/TFM_AdelaJimenez/install/ur_dashboard_msgs/local/lib/python3.10/dist-packages/ur_dashboard_msgs/srv/_is_program_running.py
[5.240s] -- Up-to-date: /home/adela/TFM_AdelaJimenez/install/ur_dashboard_msgs/local/lib/python3.10/dist-packages/ur_dashboard_msgs/srv/_get_loaded_program.py
[5.240s] -- Up-to-date: /home/adela/TFM_AdelaJimenez/install/ur_dashboard_msgs/local/lib/python3.10/dist-packages/ur_dashboard_msgs/srv/_raw_request.py
[5.240s] -- Up-to-date: /home/adela/TFM_AdelaJimenez/install/ur_dashboard_msgs/local/lib/python3.10/dist-packages/ur_dashboard_msgs/srv/_get_program_state_s.c
[5.240s] -- Up-to-date: /home/adela/TFM_AdelaJimenez/install/ur_dashboard_msgs/local/lib/python3.10/dist-packages/ur_dashboard_msgs/srv/__init__.py
[5.240s] -- Up-to-date: /home/adela/TFM_AdelaJimenez/install/ur_dashboard_msgs/local/lib/python3.10/dist-packages/ur_dashboard_msgs/srv/_get_safety_mode.py
[5.240s] -- Up-to-date: /home/adela/TFM_AdelaJimenez/install/ur_dashboard_msgs/local/lib/python3.10/dist-packages/ur_dashboard_msgs/srv/_get_safety_mode_s.c
[5.240s] -- Up-to-date: /home/adela/TFM_AdelaJimenez/install/ur_dashboard_msgs/local/lib/python3.10/dist-packages/ur_dashboard_msgs/srv/_raw_request_s.c
[5.241s] -- Up-to-date: /home/adela/TFM_AdelaJimenez/install/ur_dashboard_msgs/local/lib/python3.10/dist-packages/ur_dashboard_msgs/srv/_load.py
[5.241s] -- Up-to-date: /home/adela/TFM_AdelaJimenez/install/ur_dashboard_msgs/local/lib/python3.10/dist-packages/ur_dashboard_msgs/srv/_add_to_log.py
[5.241s] -- Up-to-date: /home/adela/TFM_AdelaJimenez/install/ur_dashboard_msgs/local/lib/python3.10/dist-packages/ur_dashboard_msgs/ur_dashboard_msgs_s__rosidl_typesupport_c.cpython-310-x86_64-linux-gnu.so
[5.241s] -- Up-to-date: /home/adela/TFM_AdelaJimenez/install/ur_dashboard_msgs/local/lib/python3.10/dist-packages/ur_dashboard_msgs/ur_dashboard_msgs_s__rosidl_typesupport_introspection_c.cpython-310-x86_64-linux-gnu.so
[5.502s] Listing '/home/adela/TFM_AdelaJimenez/install/ur_dashboard_msgs/local/lib/python3.10/dist-packages/ur_dashboard_msgs'...
[5.502s] Listing '/home/adela/TFM_AdelaJimenez/install/ur_dashboard_msgs/local/lib/python3.10/dist-packages/ur_dashboard_msgs/action'...
[5.502s] Listing '/home/adela/TFM_AdelaJimenez/install/ur_dashboard_msgs/local/lib/python3.10/dist-packages/ur_dashboard_msgs/msg'...
[5.502s] Listing '/home/adela/TFM_AdelaJimenez/install/ur_dashboard_msgs/local/lib/python3.10/dist-packages/ur_dashboard_msgs/srv'...
[5.560s] -- Up-to-date: /home/adela/TFM_AdelaJimenez/install/ur_dashboard_msgs/local/lib/python3.10/dist-packages/ur_dashboard_msgs/ur_dashboard_msgs_s__rosidl_typesupport_fastrtps_c.cpython-310-x86_64-linux-gnu.so
[5.585s] -- Up-to-date: /home/adela/TFM_AdelaJimenez/install/ur_dashboard_msgs/local/lib/python3.10/dist-packages/ur_dashboard_msgs/ur_dashboard_msgs_s__rosidl_typesupport_introspection_c.cpython-310-x86_64-linux-gnu.so
[5.594s] -- Up-to-date: /home/adela/TFM_AdelaJimenez/install/ur_dashboard_msgs/local/lib/python3.10/dist-packages/ur_dashboard_msgs/ur_dashboard_msgs_s__rosidl_typesupport_c.cpython-310-x86_64-linux-gnu.so
[5.596s] -- Up-to-date: /home/adela/TFM_AdelaJimenez/install/ur_dashboard_msgs/lib/libur_dashboard_msgs__rosidl_generator_py.so
[5.597s] -- Up-to-date: /home/adela/TFM_AdelaJimenez/install/ur_dashboard_msgs/share/ur_dashboard_msgs/msg/ProgramState.idl
[5.597s] -- Up-to-date: /home/adela/TFM_AdelaJimenez/install/ur_dashboard_msgs/share/ur_dashboard_msgs/msg/RobotMode.idl
[5.597s] -- Up-to-date: /home/adela/TFM_AdelaJimenez/install/ur_dashboard_msgs/share/ur_dashboard_msgs/msg/SafetyMode.idl
[5.597s] -- Up-to-date: /home/adela/TFM_AdelaJimenez/install/ur_dashboard_msgs/share/ur_dashboard_msgs/srv/AddToLog.idl
[5.597s] -- Up-to-date: /home/adela/TFM_AdelaJimenez/install/ur_dashboard_msgs/share/ur_dashboard_msgs/srv/GetLoadedProgram.idl
[5.597s] -- Up-to-date: /home/adela/TFM_AdelaJimenez/install/ur_dashboard_msgs/share/ur_dashboard_msgs/srv/GetProgramState.idl
[5.597s] -- Up-to-date: /home/adela/TFM_AdelaJimenez/install/ur_dashboard_msgs/share/ur_dashboard_msgs/srv/GetRobotMode.idl
[5.597s] -- Up-to-date: /home/adela/TFM_AdelaJimenez/install/ur_dashboard_msgs/share/ur_dashboard_msgs/srv/GetSafetyMode.idl
[5.598s] -- Up-to-date: /home/adela/TFM_AdelaJimenez/install/ur_dashboard_msgs/share/ur_dashboard_msgs/srv/IsProgramRunning.idl
[5.598s] -- Up-to-date: /home/adela/TFM_AdelaJimenez/install/ur_dashboard_msgs/share/ur_dashboard_msgs/srv/IsProgramSaved.idl
[5.598s] -- Up-to-date: /home/adela/TFM_AdelaJimenez/install/ur_dashboard_msgs/share/ur_dashboard_msgs/srv/Load.idl
[5.598s] -- Up-to-date: /home/adela/TFM_AdelaJimenez/install/ur_dashboard_msgs/share/ur_dashboard_msgs/srv/Popup.idl
[5.598s] -- Up-to-date: /home/adela/TFM_AdelaJimenez/install/ur_dashboard_msgs/share/ur_dashboard_msgs/srv/RawRequest.idl
[5.598s] -- Up-to-date: /home/adela/TFM_AdelaJimenez/install/ur_dashboard_msgs/share/ur_dashboard_msgs/action/SetMode.idl
[5.598s] -- Up-to-date: /home/adela/TFM_AdelaJimenez/install/ur_dashboard_msgs/share/ur_dashboard_msgs/msg/ProgramState.msg
[5.598s] -- Up-to-date: /home/adela/TFM_AdelaJimenez/install/ur_dashboard_msgs/share/ur_dashboard_msgs/msg/RobotMode.msg
[5.598s] -- Up-to-date: /home/adela/TFM_AdelaJimenez/install/ur_dashboard_msgs/share/ur_dashboard_msgs/msg/SafetyMode.msg
[5.599s] -- Up-to-date: /home/adela/TFM_AdelaJimenez/install/ur_dashboard_msgs/share/ur_dashboard_msgs/srv/AddToLog.srv
[5.599s] -- Up-to-date: /home/adela/TFM_AdelaJimenez/install/ur_dashboard_msgs/share/ur_dashboard_msgs/srv/AddToLog_Request.msg
[5.599s] -- Up-to-date: /home/adela/TFM_AdelaJimenez/install/ur_dashboard_msgs/share/ur_dashboard_msgs/srv/AddToLog_Response.msg
[5.599s] -- Up-to-date: /home/adela/TFM_AdelaJimenez/install/ur_dashboard_msgs/share/ur_dashboard_msgs/srv/GetLoadedProgram.srv
[5.599s] -- Up-to-date: /home/adela/TFM_AdelaJimenez/install/ur_dashboard_msgs/share/ur_dashboard_msgs/srv/GetLoadedProgram_Request.msg
[5.599s] -- Up-to-date: /home/adela/TFM_AdelaJimenez/install/ur_dashboard_msgs/share/ur_dashboard_msgs/srv/GetLoadedProgram_Response.msg
[5.599s] -- Up-to-date: /home/adela/TFM_AdelaJimenez/install/ur_dashboard_msgs/share/ur_dashboard_msgs/srv/GetProgramState.srv
[5.599s] -- Up-to-date: /home/adela/TFM_AdelaJimenez/install/ur_dashboard_msgs/share/ur_dashboard_msgs/srv/GetProgramState_Request.msg
[5.599s] -- Up-to-date: /home/adela/TFM_AdelaJimenez/install/ur_dashboard_msgs/share/ur_dashboard_msgs/srv/GetProgramState_Response.msg
[5.599s] -- Up-to-date: /home/adela/TFM_AdelaJimenez/install/ur_dashboard_msgs/share/ur_dashboard_msgs/srv/GetRobotMode.srv
[5.600s] -- Up-to-date: /home/adela/TFM_AdelaJimenez/install/ur_dashboard_msgs/share/ur_dashboard_msgs/srv/GetRobotMode_Request.msg
[5.613s] -- Up-to-date: /home/adela/TFM_AdelaJimenez/install/ur_dashboard_msgs/share/ur_dashboard_msgs/srv/GetRobotMode_Response.msg
[5.613s] -- Up-to-date: /home/adela/TFM_AdelaJimenez/install/ur_dashboard_msgs/share/ur_dashboard_msgs/srv/GetSafetyMode.srv
[5.613s] -- Up-to-date: /home/adela/TFM_AdelaJimenez/install/ur_dashboard_msgs/share/ur_dashboard_msgs/srv/GetSafetyMode_Request.msg
[5.613s] -- Up-to-date: /home/adela/TFM_AdelaJimenez/install/ur_dashboard_msgs/share/ur_dashboard_msgs/srv/GetSafetyMode_Response.msg
[5.613s] -- Up-to-date: /home/adela/TFM_AdelaJimenez/install/ur_dashboard_msgs/share/ur_dashboard_msgs/srv/IsProgramRunning.srv
[5.613s] -- Up-to-date: /home/adela/TFM_AdelaJimenez/install/ur_dashboard_msgs/share/ur_dashboard_msgs/srv/IsProgramRunning_Request.msg
[5.613s] -- Up-to-date: /home/adela/TFM_AdelaJimenez/install/ur_dashboard_msgs/share/ur_dashboard_msgs/srv/IsProgramRunning_Response.msg
[5.614s] -- Up-to-date: /home/adela/TFM_AdelaJimenez/install/ur_dashboard_msgs/share/ur_dashboard_msgs/srv/IsProgramSaved.srv
[5.614s] -- Up-to-date: /home/adela/TFM_AdelaJimenez/install/ur_dashboard_msgs/share/ur_dashboard_msgs/srv/IsProgramSaved_Request.msg
[5.614s] -- Up-to-date: /home/adela/TFM_AdelaJimenez/install/ur_dashboard_msgs/share/ur_dashboard_msgs/srv/IsProgramSaved_Response.msg
[5.614s] -- Up-to-date: /home/adela/TFM_AdelaJimenez/install/ur_dashboard_msgs/share/ur_dashboard_msgs/srv/Load.srv
[5.614s] -- Up-to-date: /home/adela/TFM_AdelaJimenez/install/ur_dashboard_msgs/share/ur_dashboard_msgs/srv/Load_Request.msg
[5.614s] -- Up-to-date: /home/adela/TFM_AdelaJimenez/install/ur_dashboard_msgs/share/ur_dashboard_msgs/srv/Load_Response.msg
[5.614s] -- Up-to-date: /home/adela/TFM_AdelaJimenez/install/ur_dashboard_msgs/share/ur_dashboard_msgs/srv/Popup.srv
[5.614s] -- Up-to-date: /home/adela/TFM_AdelaJimenez/install/ur_dashboard_msgs/share/ur_dashboard_msgs/srv/Popup_Request.msg
[5.614s] -- Up-to-date: /home/adela/TFM_AdelaJimenez/install/ur_dashboard_msgs/share/ur_dashboard_msgs/srv/Popup_Response.msg
[5.614s] -- Up-to-date: /home/adela/TFM_AdelaJimenez/install/ur_dashboard_msgs/share/ur_dashboard_msgs/srv/RawRequest.srv
[5.615s] -- Up-to-date: /home/adela/TFM_AdelaJimenez/install/ur_dashboard_msgs/share/ur_dashboard_msgs/srv/RawRequest_Request.msg
[5.615s] -- Up-to-date: /home/adela/TFM_AdelaJimenez/install/ur_dashboard_msgs/share/ur_dashboard_msgs/srv/RawRequest_Response.msg
[5.615s] -- Up-to-date: /home/adela/TFM_AdelaJimenez/install/ur_dashboard_msgs/share/ur_dashboard_msgs/action/SetMode.action
[5.615s] -- Up-to-date: /home/adela/TFM_AdelaJimenez/install/ur_dashboard_msgs/share/ament_index/resource_index/package_run_dependencies/ur_dashboard_msgs
[5.615s] -- Up-to-date: /home/adela/TFM_AdelaJimenez/install/ur_dashboard_msgs/share/ament_index/resource_index/parent_prefix_path/ur_dashboard_msgs
[5.615s] -- Up-to-date: /home/adela/TFM_AdelaJimenez/install/ur_dashboard_msgs/share/ur_dashboard_msgs/environment/ament_prefix_path.sh
[5.615s] -- Up-to-date: /home/adela/TFM_AdelaJimenez/install/ur_dashboard_msgs/share/ur_dashboard_msgs/environment/ament_prefix_path.dsv
[5.628s] -- Up-to-date: /home/adela/TFM_AdelaJimenez/install/ur_dashboard_msgs/share/ur_dashboard_msgs/environment/path.sh
[5.628s] -- Up-to-date: /home/adela/TFM_AdelaJimenez/install/ur_dashboard_msgs/share/ur_dashboard_msgs/environment/path.dsv
[5.629s] -- Up-to-date: /home/adela/TFM_AdelaJimenez/install/ur_dashboard_msgs/share/ur_dashboard_msgs/local_setup.bash
[5.629s] -- Up-to-date: /home/adela/TFM_AdelaJimenez/install/ur_dashboard_msgs/share/ur_dashboard_msgs/local_setup.sh
[5.629s] -- Up-to-date: /home/adela/TFM_AdelaJimenez/install/ur_dashboard_msgs/share/ur_dashboard_msgs/local_setup.zsh
[5.629s] -- Up-to-date: /home/adela/TFM_AdelaJimenez/install/ur_dashboard_msgs/share/ur_dashboard_msgs/local_setup.dsv
[5.629s] -- Installing: /home/adela/TFM_AdelaJimenez/install/ur_dashboard_msgs/share/ur_dashboard_msgs/package.dsv
[5.629s] -- Up-to-date: /home/adela/TFM_AdelaJimenez/install/ur_dashboard_msgs/share/ament_index/resource_index/packages/ur_dashboard_msgs
[5.629s] -- Up-to-date: /home/adela/TFM_AdelaJimenez/install/ur_dashboard_msgs/share/ur_dashboard_msgs/cmake/export_ur_dashboard_msgs__rosidl_generator_cExport.cmake
[5.629s] -- Up-to-date: /home/adela/TFM_AdelaJimenez/install/ur_dashboard_msgs/share/ur_dashboard_msgs/cmake/export_ur_dashboard_msgs__rosidl_generator_cExport-noconfig.cmake
[5.629s] -- Up-to-date: /home/adela/TFM_AdelaJimenez/install/ur_dashboard_msgs/share/ur_dashboard_msgs/cmake/export_ur_dashboard_msgs__rosidl_typesupport_fastrtps_cExport.cmake
[5.630s] -- Up-to-date: /home/adela/TFM_AdelaJimenez/install/ur_dashboard_msgs/share/ur_dashboard_msgs/cmake/export_ur_dashboard_msgs__rosidl_typesupport_fastrtps_cExport-noconfig.cmake
[5.631s] -- Up-to-date: /home/adela/TFM_AdelaJimenez/install/ur_dashboard_msgs/share/ur_dashboard_msgs/cmake/ur_dashboard_msgs__rosidl_typesupport_introspection_cExport.cmake
[5.631s] -- Up-to-date: /home/adela/TFM_AdelaJimenez/install/ur_dashboard_msgs/share/ur_dashboard_msgs/cmake/ur_dashboard_msgs__rosidl_typesupport_introspection_cExport-noconfig.cmake
[5.632s] -- Up-to-date: /home/adela/TFM_AdelaJimenez/install/ur_dashboard_msgs/share/ur_dashboard_msgs/cmake/ur_dashboard_msgs__rosidl_typesupport_cExport.cmake
[5.632s] -- Up-to-date: /home/adela/TFM_AdelaJimenez/install/ur_dashboard_msgs/share/ur_dashboard_msgs/cmake/ur_dashboard_msgs__rosidl_typesupport_cExport-noconfig.cmake
[5.633s] -- Up-to-date: /home/adela/TFM_AdelaJimenez/install/ur_dashboard_msgs/share/ur_dashboard_msgs/cmake/export_ur_dashboard_msgs__rosidl_generator_cppExport.cmake
[5.634s] -- Up-to-date: /home/adela/TFM_AdelaJimenez/install/ur_dashboard_msgs/share/ur_dashboard_msgs/cmake/export_ur_dashboard_msgs__rosidl_typesupport_fastrtps_cppExport.cmake
[5.645s] -- Up-to-date: /home/adela/TFM_AdelaJimenez/install/ur_dashboard_msgs/share/ur_dashboard_msgs/cmake/export_ur_dashboard_msgs__rosidl_typesupport_fastrtps_cppExport-noconfig.cmake
[5.645s] -- Up-to-date: /home/adela/TFM_AdelaJimenez/install/ur_dashboard_msgs/share/ur_dashboard_msgs/cmake/ur_dashboard_msgs__rosidl_typesupport_introspection_cppExport.cmake
[5.645s] -- Up-to-date: /home/adela/TFM_AdelaJimenez/install/ur_dashboard_msgs/share/ur_dashboard_msgs/cmake/ur_dashboard_msgs__rosidl_typesupport_introspection_cppExport-noconfig.cmake
[5.645s] -- Up-to-date: /home/adela/TFM_AdelaJimenez/install/ur_dashboard_msgs/share/ur_dashboard_msgs/cmake/ur_dashboard_msgs__rosidl_typesupport_cppExport.cmake
[5.646s] -- Up-to-date: /home/adela/TFM_AdelaJimenez/install/ur_dashboard_msgs/share/ur_dashboard_msgs/cmake/ur_dashboard_msgs__rosidl_typesupport_cppExport-noconfig.cmake
[5.646s] -- Up-to-date: /home/adela/TFM_AdelaJimenez/install/ur_dashboard_msgs/share/ur_dashboard_msgs/cmake/export_ur_dashboard_msgs__rosidl_generator_pyExport.cmake
[5.646s] -- Up-to-date: /home/adela/TFM_AdelaJimenez/install/ur_dashboard_msgs/share/ur_dashboard_msgs/cmake/export_ur_dashboard_msgs__rosidl_generator_pyExport-noconfig.cmake
[5.646s] -- Up-to-date: /home/adela/TFM_AdelaJimenez/install/ur_dashboard_msgs/share/ur_dashboard_msgs/cmake/rosidl_cmake-extras.cmake
[5.646s] -- Up-to-date: /home/adela/TFM_AdelaJimenez/install/ur_dashboard_msgs/share/ur_dashboard_msgs/cmake/ament_cmake_export_dependencies-extras.cmake
[5.646s] -- Up-to-date: /home/adela/TFM_AdelaJimenez/install/ur_dashboard_msgs/share/ur_dashboard_msgs/cmake/ament_cmake_export_include_directories-extras.cmake
[5.646s] -- Up-to-date: /home/adela/TFM_AdelaJimenez/install/ur_dashboard_msgs/share/ur_dashboard_msgs/cmake/ament_cmake_export_libraries-extras.cmake
[5.646s] -- Up-to-date: /home/adela/TFM_AdelaJimenez/install/ur_dashboard_msgs/share/ur_dashboard_msgs/cmake/ament_cmake_export_targets-extras.cmake
[5.646s] -- Up-to-date: /home/adela/TFM_AdelaJimenez/install/ur_dashboard_msgs/share/ur_dashboard_msgs/cmake/rosidl_cmake_export_typesupport_targets-extras.cmake
[5.647s] -- Up-to-date: /home/adela/TFM_AdelaJimenez/install/ur_dashboard_msgs/share/ur_dashboard_msgs/cmake/rosidl_cmake_export_typesupport_libraries-extras.cmake
[5.651s] -- Up-to-date: /home/adela/TFM_AdelaJimenez/install/ur_dashboard_msgs/share/ur_dashboard_msgs/cmake/ur_dashboard_msgsConfig.cmake
[5.652s] -- Up-to-date: /home/adela/TFM_AdelaJimenez/install/ur_dashboard_msgs/share/ur_dashboard_msgs/cmake/ur_dashboard_msgsConfig-version.cmake
[5.652s] -- Up-to-date: /home/adela/TFM_AdelaJimenez/install/ur_dashboard_msgs/share/ur_dashboard_msgs/package.xml
[5.683s] Invoked command in '/home/adela/TFM_AdelaJimenez/build/ur_dashboard_msgs' returned '0': CMAKE_PREFIX_PATH=${CMAKE_PREFIX_PATH}:/home/adela/TFM_AdelaJimenez/workspace/ros_ur_driver/install/trayectories:/home/adela/TFM_AdelaJimenez/workspace/ros_ur_driver/install/rutine_launcher:/home/adela/TFM_AdelaJimenez/workspace/ros_ur_driver/install/data_logger:/home/adela/TFM_AdelaJimenez/workspace/ros_ur_driver/install/build_platform:/home/adela/TFM_MiguelLerinAlonso/workspace/ros_ur_driver/install/trayectories:/home/adela/TFM_MiguelLerinAlonso/workspace/ros_ur_driver/install/rutine_launcher:/home/adela/TFM_MiguelLerinAlonso/workspace/ros_ur_driver/install/data_logger:/home/adela/TFM_MiguelLerinAlonso/workspace/ros_ur_driver/install/build_platform:/opt/ros/humble /usr/bin/cmake --install /home/adela/TFM_AdelaJimenez/build/ur_dashboard_msgs
