[7.080s] Invoking command in '/home/adela/TFM_AdelaJimenez/workspace/ros_ur_driver/src/trayectories': PYTHONPATH=/home/adela/TFM_AdelaJimenez/build/trayectories/prefix_override:/home/adela/TFM_AdelaJimenez/install/trayectories/lib/python3.10/site-packages:${PYTHONPATH} /usr/bin/python3 -W ignore:setup.py install is deprecated setup.py egg_info --egg-base ../../../../build/trayectories build --build-base /home/adela/TFM_AdelaJimenez/build/trayectories/build install --record /home/adela/TFM_AdelaJimenez/build/trayectories/install.log --single-version-externally-managed install_data
[9.751s] running egg_info
[9.764s] writing ../../../../build/trayectories/trayectories.egg-info/PKG-INFO
[9.764s] writing dependency_links to ../../../../build/trayectories/trayectories.egg-info/dependency_links.txt
[9.769s] writing entry points to ../../../../build/trayectories/trayectories.egg-info/entry_points.txt
[9.775s] writing requirements to ../../../../build/trayectories/trayectories.egg-info/requires.txt
[9.775s] writing top-level names to ../../../../build/trayectories/trayectories.egg-info/top_level.txt
[9.799s] reading manifest file '../../../../build/trayectories/trayectories.egg-info/SOURCES.txt'
[9.812s] writing manifest file '../../../../build/trayectories/trayectories.egg-info/SOURCES.txt'
[9.812s] running build
[9.812s] running build_py
[9.815s] running install
[9.816s] running install_lib
[9.841s] running install_data
[9.841s] running install_egg_info
[9.841s] removing '/home/adela/TFM_AdelaJimenez/install/trayectories/lib/python3.10/site-packages/trayectories-0.0.0-py3.10.egg-info' (and everything under it)
[9.852s] Copying ../../../../build/trayectories/trayectories.egg-info to /home/adela/TFM_AdelaJimenez/install/trayectories/lib/python3.10/site-packages/trayectories-0.0.0-py3.10.egg-info
[9.859s] running install_scripts
[9.992s] Installing move_joints script to /home/adela/TFM_AdelaJimenez/install/trayectories/lib/trayectories
[9.995s] Installing move_l script to /home/adela/TFM_AdelaJimenez/install/trayectories/lib/trayectories
[9.995s] Installing move_l_gcode script to /home/adela/TFM_AdelaJimenez/install/trayectories/lib/trayectories
[9.998s] Installing move_l_nodes script to /home/adela/TFM_AdelaJimenez/install/trayectories/lib/trayectories
[9.999s] Installing move_l_original script to /home/adela/TFM_AdelaJimenez/install/trayectories/lib/trayectories
[10.001s] writing list of installed files to '/home/adela/TFM_AdelaJimenez/build/trayectories/install.log'
[10.163s] Invoked command in '/home/adela/TFM_AdelaJimenez/workspace/ros_ur_driver/src/trayectories' returned '0': PYTHONPATH=/home/adela/TFM_AdelaJimenez/build/trayectories/prefix_override:/home/adela/TFM_AdelaJimenez/install/trayectories/lib/python3.10/site-packages:${PYTHONPATH} /usr/bin/python3 -W ignore:setup.py install is deprecated setup.py egg_info --egg-base ../../../../build/trayectories build --build-base /home/adela/TFM_AdelaJimenez/build/trayectories/build install --record /home/adela/TFM_AdelaJimenez/build/trayectories/install.log --single-version-externally-managed install_data
