[2.177s] Invoking command in '/home/adela/TFM_AdelaJimenez/workspace/ros_ur_driver/src/build_platform': PYTHONPATH=/home/adela/TFM_AdelaJimenez/build/build_platform/prefix_override:/home/adela/TFM_AdelaJimenez/install/build_platform/lib/python3.10/site-packages:${PYTHONPATH} /usr/bin/python3 -W ignore:setup.py install is deprecated setup.py egg_info --egg-base ../../../../build/build_platform build --build-base /home/adela/TFM_AdelaJimenez/build/build_platform/build install --record /home/adela/TFM_AdelaJimenez/build/build_platform/install.log --single-version-externally-managed install_data
[3.135s] running egg_info
[3.144s] writing ../../../../build/build_platform/build_platform.egg-info/PKG-INFO
[3.151s] writing dependency_links to ../../../../build/build_platform/build_platform.egg-info/dependency_links.txt
[3.152s] writing entry points to ../../../../build/build_platform/build_platform.egg-info/entry_points.txt
[3.152s] writing requirements to ../../../../build/build_platform/build_platform.egg-info/requires.txt
[3.152s] writing top-level names to ../../../../build/build_platform/build_platform.egg-info/top_level.txt
[3.166s] reading manifest file '../../../../build/build_platform/build_platform.egg-info/SOURCES.txt'
[3.170s] writing manifest file '../../../../build/build_platform/build_platform.egg-info/SOURCES.txt'
[3.172s] running build
[3.172s] running build_py
[3.182s] running install
[3.182s] running install_lib
[3.188s] running install_data
[3.188s] running install_egg_info
[3.203s] removing '/home/adela/TFM_AdelaJimenez/install/build_platform/lib/python3.10/site-packages/build_platform-0.0.0-py3.10.egg-info' (and everything under it)
[3.204s] Copying ../../../../build/build_platform/build_platform.egg-info to /home/adela/TFM_AdelaJimenez/install/build_platform/lib/python3.10/site-packages/build_platform-0.0.0-py3.10.egg-info
[3.206s] running install_scripts
[3.364s] Installing arduino_communicator_v2 script to /home/adela/TFM_AdelaJimenez/install/build_platform/lib/build_platform
[3.365s] Installing messages script to /home/adela/TFM_AdelaJimenez/install/build_platform/lib/build_platform
[3.365s] Installing serial_reader_v2 script to /home/adela/TFM_AdelaJimenez/install/build_platform/lib/build_platform
[3.366s] writing list of installed files to '/home/adela/TFM_AdelaJimenez/build/build_platform/install.log'
[3.515s] Invoked command in '/home/adela/TFM_AdelaJimenez/workspace/ros_ur_driver/src/build_platform' returned '0': PYTHONPATH=/home/adela/TFM_AdelaJimenez/build/build_platform/prefix_override:/home/adela/TFM_AdelaJimenez/install/build_platform/lib/python3.10/site-packages:${PYTHONPATH} /usr/bin/python3 -W ignore:setup.py install is deprecated setup.py egg_info --egg-base ../../../../build/build_platform build --build-base /home/adela/TFM_AdelaJimenez/build/build_platform/build install --record /home/adela/TFM_AdelaJimenez/build/build_platform/install.log --single-version-externally-managed install_data
