[5.112s] Invoking command in '/home/adela/TFM_AdelaJimenez/workspace/ros_ur_driver/src/build_platform': PYTHONPATH=/home/adela/TFM_AdelaJimenez/build/build_platform/prefix_override:/home/adela/TFM_AdelaJimenez/install/build_platform/lib/python3.10/site-packages:${PYTHONPATH} /usr/bin/python3 -W ignore:setup.py install is deprecated setup.py egg_info --egg-base ../../../../build/build_platform build --build-base /home/adela/TFM_AdelaJimenez/build/build_platform/build install --record /home/adela/TFM_AdelaJimenez/build/build_platform/install.log --single-version-externally-managed install_data
[7.250s] running egg_info
[7.250s] writing ../../../../build/build_platform/build_platform.egg-info/PKG-INFO
[7.260s] writing dependency_links to ../../../../build/build_platform/build_platform.egg-info/dependency_links.txt
[7.260s] writing entry points to ../../../../build/build_platform/build_platform.egg-info/entry_points.txt
[7.260s] writing requirements to ../../../../build/build_platform/build_platform.egg-info/requires.txt
[7.260s] writing top-level names to ../../../../build/build_platform/build_platform.egg-info/top_level.txt
[7.281s] reading manifest file '../../../../build/build_platform/build_platform.egg-info/SOURCES.txt'
[7.289s] writing manifest file '../../../../build/build_platform/build_platform.egg-info/SOURCES.txt'
[7.289s] running build
[7.290s] running build_py
[7.293s] running install
[7.300s] running install_lib
[7.313s] running install_data
[7.313s] running install_egg_info
[7.322s] removing '/home/adela/TFM_AdelaJimenez/install/build_platform/lib/python3.10/site-packages/build_platform-0.0.0-py3.10.egg-info' (and everything under it)
[7.327s] Copying ../../../../build/build_platform/build_platform.egg-info to /home/adela/TFM_AdelaJimenez/install/build_platform/lib/python3.10/site-packages/build_platform-0.0.0-py3.10.egg-info
[7.339s] running install_scripts
[7.489s] Installing arduino_communicator_v2 script to /home/adela/TFM_AdelaJimenez/install/build_platform/lib/build_platform
[7.490s] Installing messages script to /home/adela/TFM_AdelaJimenez/install/build_platform/lib/build_platform
[7.490s] Installing serial_reader_v2 script to /home/adela/TFM_AdelaJimenez/install/build_platform/lib/build_platform
[7.492s] writing list of installed files to '/home/adela/TFM_AdelaJimenez/build/build_platform/install.log'
[7.679s] Invoked command in '/home/adela/TFM_AdelaJimenez/workspace/ros_ur_driver/src/build_platform' returned '0': PYTHONPATH=/home/adela/TFM_AdelaJimenez/build/build_platform/prefix_override:/home/adela/TFM_AdelaJimenez/install/build_platform/lib/python3.10/site-packages:${PYTHONPATH} /usr/bin/python3 -W ignore:setup.py install is deprecated setup.py egg_info --egg-base ../../../../build/build_platform build --build-base /home/adela/TFM_AdelaJimenez/build/build_platform/build install --record /home/adela/TFM_AdelaJimenez/build/build_platform/install.log --single-version-externally-managed install_data
