[5.817s] Invoking command in '/home/adela/TFM_AdelaJimenez/workspace/ros_ur_driver/src/data_logger': PYTHONPATH=/home/adela/TFM_AdelaJimenez/build/data_logger/prefix_override:/home/adela/TFM_AdelaJimenez/install/data_logger/lib/python3.10/site-packages:${PYTHONPATH} /usr/bin/python3 -W ignore:setup.py install is deprecated setup.py egg_info --egg-base ../../../../build/data_logger build --build-base /home/adela/TFM_AdelaJimenez/build/data_logger/build install --record /home/adela/TFM_AdelaJimenez/build/data_logger/install.log --single-version-externally-managed install_data
[8.396s] running egg_info
[8.414s] writing ../../../../build/data_logger/data_logger.egg-info/PKG-INFO
[8.420s] writing dependency_links to ../../../../build/data_logger/data_logger.egg-info/dependency_links.txt
[8.431s] writing entry points to ../../../../build/data_logger/data_logger.egg-info/entry_points.txt
[8.431s] writing requirements to ../../../../build/data_logger/data_logger.egg-info/requires.txt
[8.434s] writing top-level names to ../../../../build/data_logger/data_logger.egg-info/top_level.txt
[8.469s] reading manifest file '../../../../build/data_logger/data_logger.egg-info/SOURCES.txt'
[8.485s] writing manifest file '../../../../build/data_logger/data_logger.egg-info/SOURCES.txt'
[8.485s] running build
[8.487s] running build_py
[8.495s] running install
[8.505s] running install_lib
[8.525s] running install_data
[8.529s] running install_egg_info
[8.560s] removing '/home/adela/TFM_AdelaJimenez/install/data_logger/lib/python3.10/site-packages/data_logger-0.0.0-py3.10.egg-info' (and everything under it)
[8.563s] Copying ../../../../build/data_logger/data_logger.egg-info to /home/adela/TFM_AdelaJimenez/install/data_logger/lib/python3.10/site-packages/data_logger-0.0.0-py3.10.egg-info
[8.601s] running install_scripts
[8.868s] Installing analog_reader script to /home/adela/TFM_AdelaJimenez/install/data_logger/lib/data_logger
[8.870s] Installing data_emitter script to /home/adela/TFM_AdelaJimenez/install/data_logger/lib/data_logger
[8.870s] Installing data_reader script to /home/adela/TFM_AdelaJimenez/install/data_logger/lib/data_logger
[8.875s] Installing digital_reader script to /home/adela/TFM_AdelaJimenez/install/data_logger/lib/data_logger
[8.875s] Installing joint_reader script to /home/adela/TFM_AdelaJimenez/install/data_logger/lib/data_logger
[8.884s] Installing multi_logger script to /home/adela/TFM_AdelaJimenez/install/data_logger/lib/data_logger
[8.889s] Installing super_logger script to /home/adela/TFM_AdelaJimenez/install/data_logger/lib/data_logger
[8.897s] writing list of installed files to '/home/adela/TFM_AdelaJimenez/build/data_logger/install.log'
[9.154s] Invoked command in '/home/adela/TFM_AdelaJimenez/workspace/ros_ur_driver/src/data_logger' returned '0': PYTHONPATH=/home/adela/TFM_AdelaJimenez/build/data_logger/prefix_override:/home/adela/TFM_AdelaJimenez/install/data_logger/lib/python3.10/site-packages:${PYTHONPATH} /usr/bin/python3 -W ignore:setup.py install is deprecated setup.py egg_info --egg-base ../../../../build/data_logger build --build-base /home/adela/TFM_AdelaJimenez/build/data_logger/build install --record /home/adela/TFM_AdelaJimenez/build/data_logger/install.log --single-version-externally-managed install_data
