[3.627s] Invoking command in '/home/adela/TFM_AdelaJimenez/workspace/ros_ur_driver/src/data_logger': PYTHONPATH=/home/adela/TFM_AdelaJimenez/build/data_logger/prefix_override:/home/adela/TFM_AdelaJimenez/install/data_logger/lib/python3.10/site-packages:${PYTHONPATH} /usr/bin/python3 -W ignore:setup.py install is deprecated setup.py egg_info --egg-base ../../../../build/data_logger build --build-base /home/adela/TFM_AdelaJimenez/build/data_logger/build install --record /home/adela/TFM_AdelaJimenez/build/data_logger/install.log --single-version-externally-managed install_data
[4.861s] running egg_info
[4.869s] writing ../../../../build/data_logger/data_logger.egg-info/PKG-INFO
[4.873s] writing dependency_links to ../../../../build/data_logger/data_logger.egg-info/dependency_links.txt
[4.874s] writing entry points to ../../../../build/data_logger/data_logger.egg-info/entry_points.txt
[4.874s] writing requirements to ../../../../build/data_logger/data_logger.egg-info/requires.txt
[4.874s] writing top-level names to ../../../../build/data_logger/data_logger.egg-info/top_level.txt
[4.881s] reading manifest file '../../../../build/data_logger/data_logger.egg-info/SOURCES.txt'
[4.885s] writing manifest file '../../../../build/data_logger/data_logger.egg-info/SOURCES.txt'
[4.885s] running build
[4.885s] running build_py
[4.885s] running install
[4.888s] running install_lib
[4.895s] running install_data
[4.896s] running install_egg_info
[4.908s] removing '/home/adela/TFM_AdelaJimenez/install/data_logger/lib/python3.10/site-packages/data_logger-0.0.0-py3.10.egg-info' (and everything under it)
[4.911s] Copying ../../../../build/data_logger/data_logger.egg-info to /home/adela/TFM_AdelaJimenez/install/data_logger/lib/python3.10/site-packages/data_logger-0.0.0-py3.10.egg-info
[4.918s] running install_scripts
[5.037s] Installing analog_reader script to /home/adela/TFM_AdelaJimenez/install/data_logger/lib/data_logger
[5.042s] Installing data_emitter script to /home/adela/TFM_AdelaJimenez/install/data_logger/lib/data_logger
[5.042s] Installing data_reader script to /home/adela/TFM_AdelaJimenez/install/data_logger/lib/data_logger
[5.043s] Installing digital_reader script to /home/adela/TFM_AdelaJimenez/install/data_logger/lib/data_logger
[5.043s] Installing joint_reader script to /home/adela/TFM_AdelaJimenez/install/data_logger/lib/data_logger
[5.043s] Installing multi_logger script to /home/adela/TFM_AdelaJimenez/install/data_logger/lib/data_logger
[5.047s] Installing super_logger script to /home/adela/TFM_AdelaJimenez/install/data_logger/lib/data_logger
[5.048s] writing list of installed files to '/home/adela/TFM_AdelaJimenez/build/data_logger/install.log'
[5.271s] Invoked command in '/home/adela/TFM_AdelaJimenez/workspace/ros_ur_driver/src/data_logger' returned '0': PYTHONPATH=/home/adela/TFM_AdelaJimenez/build/data_logger/prefix_override:/home/adela/TFM_AdelaJimenez/install/data_logger/lib/python3.10/site-packages:${PYTHONPATH} /usr/bin/python3 -W ignore:setup.py install is deprecated setup.py egg_info --egg-base ../../../../build/data_logger build --build-base /home/adela/TFM_AdelaJimenez/build/data_logger/build install --record /home/adela/TFM_AdelaJimenez/build/data_logger/install.log --single-version-externally-managed install_data
