[4.165s] Invoking command in '/home/adela/TFM_AdelaJimenez/workspace/ros_ur_driver/src/trayectories': PYTHONPATH=/home/adela/TFM_AdelaJimenez/build/trayectories/prefix_override:/home/adela/TFM_AdelaJimenez/install/trayectories/lib/python3.10/site-packages:${PYTHONPATH} /usr/bin/python3 -W ignore:setup.py install is deprecated setup.py egg_info --egg-base ../../../../build/trayectories build --build-base /home/adela/TFM_AdelaJimenez/build/trayectories/build install --record /home/adela/TFM_AdelaJimenez/build/trayectories/install.log --single-version-externally-managed install_data
[5.835s] running egg_info
[5.836s] writing ../../../../build/trayectories/trayectories.egg-info/PKG-INFO
[5.837s] writing dependency_links to ../../../../build/trayectories/trayectories.egg-info/dependency_links.txt
[5.842s] writing entry points to ../../../../build/trayectories/trayectories.egg-info/entry_points.txt
[5.842s] writing requirements to ../../../../build/trayectories/trayectories.egg-info/requires.txt
[5.842s] writing top-level names to ../../../../build/trayectories/trayectories.egg-info/top_level.txt
[5.874s] reading manifest file '../../../../build/trayectories/trayectories.egg-info/SOURCES.txt'
[5.879s] writing manifest file '../../../../build/trayectories/trayectories.egg-info/SOURCES.txt'
[5.879s] running build
[5.879s] running build_py
[5.900s] running install
[5.900s] running install_lib
[5.905s] running install_data
[5.905s] running install_egg_info
[5.932s] removing '/home/adela/TFM_AdelaJimenez/install/trayectories/lib/python3.10/site-packages/trayectories-0.0.0-py3.10.egg-info' (and everything under it)
[5.932s] Copying ../../../../build/trayectories/trayectories.egg-info to /home/adela/TFM_AdelaJimenez/install/trayectories/lib/python3.10/site-packages/trayectories-0.0.0-py3.10.egg-info
[5.947s] running install_scripts
[6.028s] Installing move_joints script to /home/adela/TFM_AdelaJimenez/install/trayectories/lib/trayectories
[6.031s] Installing move_l script to /home/adela/TFM_AdelaJimenez/install/trayectories/lib/trayectories
[6.033s] Installing move_l_gcode script to /home/adela/TFM_AdelaJimenez/install/trayectories/lib/trayectories
[6.038s] Installing move_l_nodes script to /home/adela/TFM_AdelaJimenez/install/trayectories/lib/trayectories
[6.039s] Installing move_l_original script to /home/adela/TFM_AdelaJimenez/install/trayectories/lib/trayectories
[6.042s] writing list of installed files to '/home/adela/TFM_AdelaJimenez/build/trayectories/install.log'
[6.192s] Invoked command in '/home/adela/TFM_AdelaJimenez/workspace/ros_ur_driver/src/trayectories' returned '0': PYTHONPATH=/home/adela/TFM_AdelaJimenez/build/trayectories/prefix_override:/home/adela/TFM_AdelaJimenez/install/trayectories/lib/python3.10/site-packages:${PYTHONPATH} /usr/bin/python3 -W ignore:setup.py install is deprecated setup.py egg_info --egg-base ../../../../build/trayectories build --build-base /home/adela/TFM_AdelaJimenez/build/trayectories/build install --record /home/adela/TFM_AdelaJimenez/build/trayectories/install.log --single-version-externally-managed install_data
