[0.107s] Invoking command in '/home/adela/TFM_AdelaJimenez/build/ur_moveit_config': AMENT_PREFIX_PATH=/home/adela/TFM_AdelaJimenez/install/ur_description:${AMENT_PREFIX_PATH} CMAKE_PREFIX_PATH=/home/adela/TFM_AdelaJimenez/install/ur_description:/home/adela/TFM_MiguelLerinAlonso/workspace/ros_ur_driver/install/ur:/home/adela/TFM_MiguelLerinAlonso/workspace/ros_ur_driver/install/ur_calibration:/home/adela/TFM_MiguelLerinAlonso/workspace/ros_ur_driver/install/ur_robot_driver:/home/adela/TFM_MiguelLerinAlonso/workspace/ros_ur_driver/install/ur_moveit_config:/home/adela/TFM_MiguelLerinAlonso/workspace/ros_ur_driver/install/ur_bringup:/home/adela/TFM_MiguelLerinAlonso/workspace/ros_ur_driver/install/ur_description:/home/adela/TFM_MiguelLerinAlonso/workspace/ros_ur_driver/install/ur_controllers:/home/adela/TFM_MiguelLerinAlonso/workspace/ros_ur_driver/install/ur_dashboard_msgs:/home/adela/workspace/ros_ur_driver/install/ur:/home/adela/workspace/ros_ur_driver/install/ur_calibration:/home/adela/workspace/ros_ur_driver/install/ur_robot_driver:/home/adela/workspace/ros_ur_driver/install/ur_moveit_config:/home/adela/workspace/ros_ur_driver/install/ur_bringup:/home/adela/workspace/ros_ur_driver/install/ur_description:/home/adela/workspace/ros_ur_driver/install/ur_controllers:/home/adela/workspace/ros_ur_driver/install/ur_dashboard_msgs:/home/adela/TFM_AdelaJimenez/workspace/ros_ur_driver/install/trayectories:/home/adela/TFM_AdelaJimenez/workspace/ros_ur_driver/install/conversion_datos:/home/adela/TFM_MiguelLerinAlonso/workspace/ros_ur_driver/install/trayectories:/home/adela/TFM_MiguelLerinAlonso/workspace/ros_ur_driver/install/rutine_launcher:/home/adela/TFM_MiguelLerinAlonso/workspace/ros_ur_driver/install/data_logger:/home/adela/TFM_MiguelLerinAlonso/workspace/ros_ur_driver/install/build_platform:/opt/ros/humble /usr/bin/cmake --build /home/adela/TFM_AdelaJimenez/build/ur_moveit_config -- -j2 -l2
[0.647s] Built target ament_cmake_python_copy_ur_moveit_config
[2.763s] running egg_info
[2.767s] writing ur_moveit_config.egg-info/PKG-INFO
[2.768s] writing dependency_links to ur_moveit_config.egg-info/dependency_links.txt
[2.768s] writing top-level names to ur_moveit_config.egg-info/top_level.txt
[2.798s] reading manifest file 'ur_moveit_config.egg-info/SOURCES.txt'
[2.805s] writing manifest file 'ur_moveit_config.egg-info/SOURCES.txt'
[3.031s] Built target ament_cmake_python_build_ur_moveit_config_egg
[3.134s] Invoked command in '/home/adela/TFM_AdelaJimenez/build/ur_moveit_config' returned '0': AMENT_PREFIX_PATH=/home/adela/TFM_AdelaJimenez/install/ur_description:${AMENT_PREFIX_PATH} CMAKE_PREFIX_PATH=/home/adela/TFM_AdelaJimenez/install/ur_description:/home/adela/TFM_MiguelLerinAlonso/workspace/ros_ur_driver/install/ur:/home/adela/TFM_MiguelLerinAlonso/workspace/ros_ur_driver/install/ur_calibration:/home/adela/TFM_MiguelLerinAlonso/workspace/ros_ur_driver/install/ur_robot_driver:/home/adela/TFM_MiguelLerinAlonso/workspace/ros_ur_driver/install/ur_moveit_config:/home/adela/TFM_MiguelLerinAlonso/workspace/ros_ur_driver/install/ur_bringup:/home/adela/TFM_MiguelLerinAlonso/workspace/ros_ur_driver/install/ur_description:/home/adela/TFM_MiguelLerinAlonso/workspace/ros_ur_driver/install/ur_controllers:/home/adela/TFM_MiguelLerinAlonso/workspace/ros_ur_driver/install/ur_dashboard_msgs:/home/adela/workspace/ros_ur_driver/install/ur:/home/adela/workspace/ros_ur_driver/install/ur_calibration:/home/adela/workspace/ros_ur_driver/install/ur_robot_driver:/home/adela/workspace/ros_ur_driver/install/ur_moveit_config:/home/adela/workspace/ros_ur_driver/install/ur_bringup:/home/adela/workspace/ros_ur_driver/install/ur_description:/home/adela/workspace/ros_ur_driver/install/ur_controllers:/home/adela/workspace/ros_ur_driver/install/ur_dashboard_msgs:/home/adela/TFM_AdelaJimenez/workspace/ros_ur_driver/install/trayectories:/home/adela/TFM_AdelaJimenez/workspace/ros_ur_driver/install/conversion_datos:/home/adela/TFM_MiguelLerinAlonso/workspace/ros_ur_driver/install/trayectories:/home/adela/TFM_MiguelLerinAlonso/workspace/ros_ur_driver/install/rutine_launcher:/home/adela/TFM_MiguelLerinAlonso/workspace/ros_ur_driver/install/data_logger:/home/adela/TFM_MiguelLerinAlonso/workspace/ros_ur_driver/install/build_platform:/opt/ros/humble /usr/bin/cmake --build /home/adela/TFM_AdelaJimenez/build/ur_moveit_config -- -j2 -l2
[3.431s] Invoking command in '/home/adela/TFM_AdelaJimenez/build/ur_moveit_config': AMENT_PREFIX_PATH=/home/adela/TFM_AdelaJimenez/install/ur_description:${AMENT_PREFIX_PATH} CMAKE_PREFIX_PATH=/home/adela/TFM_AdelaJimenez/install/ur_description:/home/adela/TFM_MiguelLerinAlonso/workspace/ros_ur_driver/install/ur:/home/adela/TFM_MiguelLerinAlonso/workspace/ros_ur_driver/install/ur_calibration:/home/adela/TFM_MiguelLerinAlonso/workspace/ros_ur_driver/install/ur_robot_driver:/home/adela/TFM_MiguelLerinAlonso/workspace/ros_ur_driver/install/ur_moveit_config:/home/adela/TFM_MiguelLerinAlonso/workspace/ros_ur_driver/install/ur_bringup:/home/adela/TFM_MiguelLerinAlonso/workspace/ros_ur_driver/install/ur_description:/home/adela/TFM_MiguelLerinAlonso/workspace/ros_ur_driver/install/ur_controllers:/home/adela/TFM_MiguelLerinAlonso/workspace/ros_ur_driver/install/ur_dashboard_msgs:/home/adela/workspace/ros_ur_driver/install/ur:/home/adela/workspace/ros_ur_driver/install/ur_calibration:/home/adela/workspace/ros_ur_driver/install/ur_robot_driver:/home/adela/workspace/ros_ur_driver/install/ur_moveit_config:/home/adela/workspace/ros_ur_driver/install/ur_bringup:/home/adela/workspace/ros_ur_driver/install/ur_description:/home/adela/workspace/ros_ur_driver/install/ur_controllers:/home/adela/workspace/ros_ur_driver/install/ur_dashboard_msgs:/home/adela/TFM_AdelaJimenez/workspace/ros_ur_driver/install/trayectories:/home/adela/TFM_AdelaJimenez/workspace/ros_ur_driver/install/conversion_datos:/home/adela/TFM_MiguelLerinAlonso/workspace/ros_ur_driver/install/trayectories:/home/adela/TFM_MiguelLerinAlonso/workspace/ros_ur_driver/install/rutine_launcher:/home/adela/TFM_MiguelLerinAlonso/workspace/ros_ur_driver/install/data_logger:/home/adela/TFM_MiguelLerinAlonso/workspace/ros_ur_driver/install/build_platform:/opt/ros/humble /usr/bin/cmake --install /home/adela/TFM_AdelaJimenez/build/ur_moveit_config
[3.482s] -- Install configuration: ""
[3.483s] -- Up-to-date: /home/adela/TFM_AdelaJimenez/install/ur_moveit_config/share/ur_moveit_config/config
[3.483s] -- Up-to-date: /home/adela/TFM_AdelaJimenez/install/ur_moveit_config/share/ur_moveit_config/config/kinematics.yaml
[3.483s] -- Up-to-date: /home/adela/TFM_AdelaJimenez/install/ur_moveit_config/share/ur_moveit_config/config/ompl_planning.yaml
[3.483s] -- Up-to-date: /home/adela/TFM_AdelaJimenez/install/ur_moveit_config/share/ur_moveit_config/config/controllers.yaml
[3.483s] -- Up-to-date: /home/adela/TFM_AdelaJimenez/install/ur_moveit_config/share/ur_moveit_config/config/ur_servo.yaml
[3.483s] -- Up-to-date: /home/adela/TFM_AdelaJimenez/install/ur_moveit_config/share/ur_moveit_config/launch
[3.483s] -- Up-to-date: /home/adela/TFM_AdelaJimenez/install/ur_moveit_config/share/ur_moveit_config/launch/ur_moveit.launch.py
[3.485s] -- Up-to-date: /home/adela/TFM_AdelaJimenez/install/ur_moveit_config/share/ur_moveit_config/rviz
[3.485s] -- Up-to-date: /home/adela/TFM_AdelaJimenez/install/ur_moveit_config/share/ur_moveit_config/rviz/view_robot.rviz
[3.485s] -- Up-to-date: /home/adela/TFM_AdelaJimenez/install/ur_moveit_config/share/ur_moveit_config/srdf
[3.485s] -- Up-to-date: /home/adela/TFM_AdelaJimenez/install/ur_moveit_config/share/ur_moveit_config/srdf/ur_macro.srdf.xacro
[3.485s] -- Up-to-date: /home/adela/TFM_AdelaJimenez/install/ur_moveit_config/share/ur_moveit_config/srdf/ur.srdf.xacro
[3.485s] -- Up-to-date: /home/adela/TFM_AdelaJimenez/install/ur_moveit_config/share/ur_moveit_config/environment/pythonpath.sh
[3.485s] -- Up-to-date: /home/adela/TFM_AdelaJimenez/install/ur_moveit_config/share/ur_moveit_config/environment/pythonpath.dsv
[3.485s] -- Up-to-date: /home/adela/TFM_AdelaJimenez/install/ur_moveit_config/local/lib/python3.10/dist-packages/ur_moveit_config-2.2.10-py3.10.egg-info
[3.485s] -- Installing: /home/adela/TFM_AdelaJimenez/install/ur_moveit_config/local/lib/python3.10/dist-packages/ur_moveit_config-2.2.10-py3.10.egg-info/dependency_links.txt
[3.485s] -- Installing: /home/adela/TFM_AdelaJimenez/install/ur_moveit_config/local/lib/python3.10/dist-packages/ur_moveit_config-2.2.10-py3.10.egg-info/PKG-INFO
[3.485s] -- Installing: /home/adela/TFM_AdelaJimenez/install/ur_moveit_config/local/lib/python3.10/dist-packages/ur_moveit_config-2.2.10-py3.10.egg-info/top_level.txt
[3.486s] -- Installing: /home/adela/TFM_AdelaJimenez/install/ur_moveit_config/local/lib/python3.10/dist-packages/ur_moveit_config-2.2.10-py3.10.egg-info/SOURCES.txt
[3.486s] -- Up-to-date: /home/adela/TFM_AdelaJimenez/install/ur_moveit_config/local/lib/python3.10/dist-packages/ur_moveit_config
[3.486s] -- Up-to-date: /home/adela/TFM_AdelaJimenez/install/ur_moveit_config/local/lib/python3.10/dist-packages/ur_moveit_config/__init__.py
[3.486s] -- Up-to-date: /home/adela/TFM_AdelaJimenez/install/ur_moveit_config/local/lib/python3.10/dist-packages/ur_moveit_config/launch_common.py
[3.827s] Listing '/home/adela/TFM_AdelaJimenez/install/ur_moveit_config/local/lib/python3.10/dist-packages/ur_moveit_config'...
[3.892s] -- Up-to-date: /home/adela/TFM_AdelaJimenez/install/ur_moveit_config/local/lib/python3.10/dist-packages/launch_common.py
[4.237s] -- Up-to-date: /home/adela/TFM_AdelaJimenez/install/ur_moveit_config/share/ament_index/resource_index/package_run_dependencies/ur_moveit_config
[4.237s] -- Up-to-date: /home/adela/TFM_AdelaJimenez/install/ur_moveit_config/share/ament_index/resource_index/parent_prefix_path/ur_moveit_config
[4.237s] -- Up-to-date: /home/adela/TFM_AdelaJimenez/install/ur_moveit_config/share/ur_moveit_config/environment/ament_prefix_path.sh
[4.237s] -- Up-to-date: /home/adela/TFM_AdelaJimenez/install/ur_moveit_config/share/ur_moveit_config/environment/ament_prefix_path.dsv
[4.237s] -- Up-to-date: /home/adela/TFM_AdelaJimenez/install/ur_moveit_config/share/ur_moveit_config/environment/path.sh
[4.237s] -- Up-to-date: /home/adela/TFM_AdelaJimenez/install/ur_moveit_config/share/ur_moveit_config/environment/path.dsv
[4.238s] -- Up-to-date: /home/adela/TFM_AdelaJimenez/install/ur_moveit_config/share/ur_moveit_config/local_setup.bash
[4.238s] -- Up-to-date: /home/adela/TFM_AdelaJimenez/install/ur_moveit_config/share/ur_moveit_config/local_setup.sh
[4.238s] -- Up-to-date: /home/adela/TFM_AdelaJimenez/install/ur_moveit_config/share/ur_moveit_config/local_setup.zsh
[4.238s] -- Up-to-date: /home/adela/TFM_AdelaJimenez/install/ur_moveit_config/share/ur_moveit_config/local_setup.dsv
[4.238s] -- Installing: /home/adela/TFM_AdelaJimenez/install/ur_moveit_config/share/ur_moveit_config/package.dsv
[4.238s] -- Up-to-date: /home/adela/TFM_AdelaJimenez/install/ur_moveit_config/share/ament_index/resource_index/packages/ur_moveit_config
[4.238s] -- Up-to-date: /home/adela/TFM_AdelaJimenez/install/ur_moveit_config/share/ur_moveit_config/cmake/ur_moveit_configConfig.cmake
[4.239s] -- Up-to-date: /home/adela/TFM_AdelaJimenez/install/ur_moveit_config/share/ur_moveit_config/cmake/ur_moveit_configConfig-version.cmake
[4.239s] -- Up-to-date: /home/adela/TFM_AdelaJimenez/install/ur_moveit_config/share/ur_moveit_config/package.xml
[4.252s] Invoked command in '/home/adela/TFM_AdelaJimenez/build/ur_moveit_config' returned '0': AMENT_PREFIX_PATH=/home/adela/TFM_AdelaJimenez/install/ur_description:${AMENT_PREFIX_PATH} CMAKE_PREFIX_PATH=/home/adela/TFM_AdelaJimenez/install/ur_description:/home/adela/TFM_MiguelLerinAlonso/workspace/ros_ur_driver/install/ur:/home/adela/TFM_MiguelLerinAlonso/workspace/ros_ur_driver/install/ur_calibration:/home/adela/TFM_MiguelLerinAlonso/workspace/ros_ur_driver/install/ur_robot_driver:/home/adela/TFM_MiguelLerinAlonso/workspace/ros_ur_driver/install/ur_moveit_config:/home/adela/TFM_MiguelLerinAlonso/workspace/ros_ur_driver/install/ur_bringup:/home/adela/TFM_MiguelLerinAlonso/workspace/ros_ur_driver/install/ur_description:/home/adela/TFM_MiguelLerinAlonso/workspace/ros_ur_driver/install/ur_controllers:/home/adela/TFM_MiguelLerinAlonso/workspace/ros_ur_driver/install/ur_dashboard_msgs:/home/adela/workspace/ros_ur_driver/install/ur:/home/adela/workspace/ros_ur_driver/install/ur_calibration:/home/adela/workspace/ros_ur_driver/install/ur_robot_driver:/home/adela/workspace/ros_ur_driver/install/ur_moveit_config:/home/adela/workspace/ros_ur_driver/install/ur_bringup:/home/adela/workspace/ros_ur_driver/install/ur_description:/home/adela/workspace/ros_ur_driver/install/ur_controllers:/home/adela/workspace/ros_ur_driver/install/ur_dashboard_msgs:/home/adela/TFM_AdelaJimenez/workspace/ros_ur_driver/install/trayectories:/home/adela/TFM_AdelaJimenez/workspace/ros_ur_driver/install/conversion_datos:/home/adela/TFM_MiguelLerinAlonso/workspace/ros_ur_driver/install/trayectories:/home/adela/TFM_MiguelLerinAlonso/workspace/ros_ur_driver/install/rutine_launcher:/home/adela/TFM_MiguelLerinAlonso/workspace/ros_ur_driver/install/data_logger:/home/adela/TFM_MiguelLerinAlonso/workspace/ros_ur_driver/install/build_platform:/opt/ros/humble /usr/bin/cmake --install /home/adela/TFM_AdelaJimenez/build/ur_moveit_config
